07-16 06:55:30.707  2629  2760 D PluginActionManager: queryPkg com.ton_keeper com.android.systemui.action.PEOPLE_HUB_PERSON_EXTRACTOR
07-16 06:55:30.708  2629  2760 D PluginActionManager: Found 0 plugins
07-16 06:55:30.708  2629  2760 D PluginActionManager: queryPkg com.ton_keeper com.android.systemui.action.PLUGIN_NOTIFICATION_MENU_ROW
07-16 06:55:30.708  2629  2760 D PluginActionManager: Found 0 plugins
07-16 06:55:30.708  2629  2760 D PluginActionManager: queryPkg com.ton_keeper com.android.systemui.action.PLUGIN_NOTIFICATION_MENU_ROW
07-16 06:55:30.709   820   865 I mtkpower_client: ret_hdl:8926
07-16 06:55:30.710   820   865 I HYPER-HAL: [RequestManager.cpp]releaseLocked(): Released ID : 948773
07-16 06:55:30.710  2629  2760 D PluginActionManager: Found 0 plugins
07-16 06:55:30.710  2629  2760 D PluginActionManager: queryPkg com.ton_keeper com.android.systemui.action.PLUGIN_GLOBAL_ACTIONS
07-16 06:55:30.710  2629  2760 D PluginActionManager: Found 0 plugins
07-16 06:55:30.710  2629  2760 D PluginActionManager: queryPkg com.ton_keeper com.android.systemui.action.PLUGIN_TOAST
07-16 06:55:30.710  2629  2760 D PluginActionManager: Found 0 plugins
07-16 06:55:30.711  2629  2760 D PluginActionManager: queryPkg com.ton_keeper com.android.systemui.action.PLUGIN_NOTIFICATION_MENU_ROW
07-16 06:55:30.711  2629  2760 D PluginActionManager: Found 0 plugins
07-16 06:55:30.711   830   892 I libPowerHal: [perfLockAcq] idx:1 hdl:8926 hint:-1 pid:820 duration:0 lock_user:vendor.samsung. => ret_hdl:8926
07-16 06:55:30.711  2629  2760 D PluginActionManager: queryPkg com.ton_keeper com.android.systemui.action.PLUGIN_NOTIFICATION_MENU_ROW
07-16 06:55:30.711  5650 13412 I HBD     : l Write selected lang for DE
07-16 06:55:30.711  5650 13412 I HBD     : l writeToFile path : /data/user_de/0/com.samsung.android.honeyboard/files/selected.json
07-16 06:55:30.711  5650 13412 I HBD     : l writeToFile json : {"version":"4.1","currentLanguageOrder":0,"selected":[{"activeOptionList":["auto_replace","auto_spacing","writing_assistant"],"engName":"English","id":65537,"inputType":"qwerty","isUsed":true},{"activeOptionList":["auto_replace","auto_spacing"],"engName":"Russian","id":3342336,"inputType":"qwerty","isUsed":true}]}
07-16 06:55:30.711   830   892 I libPowerHal: vendor.samsung.: cpu_ctrl set cpu freq: -1 -1 1354000 -1
07-16 06:55:30.711  2629  2760 D PluginActionManager: Found 0 plugins
07-16 06:55:30.711  2629  2760 D PluginActionManager: queryPkg com.ton_keeper com.android.systemui.action.PLUGIN_QS_FACTORY
07-16 06:55:30.711  1357  1408 D PkgPredictorService-SecIpmManagerServiceImpl: bg information pid:3210 uid:10102 pkgName:com.sec.android.app.launcher
07-16 06:55:30.712  2629  2720 I gralloc4: @set_metadata: update dataspace from GM (0x00000000 -> 0x08010000)
07-16 06:55:30.712  5650  5650 I HBD     : g isCoverDisplay : false, cached selected json info : SelectedLanguageInfo(languageVersion=4.1, currentLanguageOrder=0, selectedLanguageList=[SelectedLanguage(id=65537, isUsed=true, engName=English, inputType=qwerty, activeOptionList=[auto_replace, auto_spacing, writing_assistant]), SelectedLanguage(id=3342336, isUsed=true, engName=Russian, inputType=qwerty, activeOptionList=[auto_replace, auto_spacing])])
07-16 06:55:30.712  5650  5650 I HBD     : n updateActionOptionFromPreference
07-16 06:55:30.712  5650  5650 I HBD     : n before lang.activeOptionList =  [Ljava.lang.String;@28e74b9
07-16 06:55:30.712  5650  5650 I HBD     : n after lang.activeOptionList = [Ljava.lang.String;@b848fb0
07-16 06:55:30.713  2629  2720 D SurfaceView: 218510689 windowPositionLost, frameNr = 0
07-16 06:55:30.713  5650  5650 I HBD     : l writeToFile path : /data/user/0/com.samsung.android.honeyboard/files/selected.json
07-16 06:55:30.713  5650  5650 I HBD     : l writeToFile json : {"version":"4.1","currentLanguageOrder":0,"selected":[{"activeOptionList":["auto_replace","auto_spacing","writing_assistant"],"engName":"English","id":65537,"inputType":"qwerty","isUsed":true},{"activeOptionList":["auto_replace","auto_spacing"],"engName":"Russian","id":3342336,"inputType":"qwerty","isUsed":true}]}
07-16 06:55:30.713  2629  2720 I SurfaceView@a2c6dc2: aOrMT: ViewRootImpl@c5dce4e[ton_keeper] t = android.view.SurfaceControl$Transaction@9ee7886 fN = 0 android.view.SurfaceView.-$$Nest$mapplyOrMergeTransaction:0 android.view.SurfaceView$SurfaceViewPositionUpdateListener.positionLost:1696 android.graphics.RenderNode$CompositePositionUpdateListener.positionLost:376
07-16 06:55:30.714  2629  2720 I ViewRootImpl@c5dce4e[ton_keeper]: mWNT: t=0xb400007d5e615300 mBlastBufferQueue=0xb400007d5e8c6200 fn= 0 mRenderHdrSdrRatio=1.0 caller= android.view.SurfaceView.applyOrMergeTransaction:1598 android.view.SurfaceView.-$$Nest$mapplyOrMergeTransaction:0 android.view.SurfaceView$SurfaceViewPositionUpdateListener.positionLost:1696
07-16 06:55:30.714  2629  2760 D PluginActionManager: Found 0 plugins
07-16 06:55:30.714   853  1685 I SurfaceFlinger: id=8257 Removed com.sec.android.app.launcher/com.sec.android.app.launcher.activities.LauncherActivity$_3210#8257 (130)
07-16 06:55:30.716  5650  5650 I HBD     : l writeToFile complete
07-16 06:55:30.716  5650 13412 I HBD     : l writeToFile complete
07-16 06:55:30.717  5650  5650 I HBD     : m normal : updateLanguage : English
07-16 06:55:30.718  5650  5650 I HBD     : g isCoverDisplay : false, cached selected json info : SelectedLanguageInfo(languageVersion=4.1, currentLanguageOrder=0, selectedLanguageList=[SelectedLanguage(id=65537, isUsed=true, engName=English, inputType=qwerty, activeOptionList=[auto_replace, auto_spacing, writing_assistant]), SelectedLanguage(id=3342336, isUsed=true, engName=Russian, inputType=qwerty, activeOptionList=[auto_replace, auto_spacing])])
07-16 06:55:30.718  5650  5650 I HBD     : g isCoverDisplay : false, cached selected json info : SelectedLanguageInfo(languageVersion=4.1, currentLanguageOrder=0, selectedLanguageList=[SelectedLanguage(id=65537, isUsed=true, engName=English, inputType=qwerty, activeOptionList=[auto_replace, auto_spacing, writing_assistant]), SelectedLanguage(id=3342336, isUsed=true, engName=Russian, inputType=qwerty, activeOptionList=[auto_replace, auto_spacing])])
07-16 06:55:30.718  5650  5650 I HBD     : n updateActionOptionFromPreference
07-16 06:55:30.718  5650  5650 I HBD     : n before lang.activeOptionList =  [Ljava.lang.String;@b848fb0
07-16 06:55:30.718  5650  5650 I HBD     : n after lang.activeOptionList = [Ljava.lang.String;@90ae5ae
07-16 06:55:30.719  5650  5650 I HBD     : l writeToFile path : /data/user/0/com.samsung.android.honeyboard/files/selected.json
07-16 06:55:30.719  5650  5650 I HBD     : l writeToFile json : {"version":"4.1","currentLanguageOrder":0,"selected":[{"activeOptionList":["auto_replace","auto_spacing","writing_assistant"],"engName":"English","id":65537,"inputType":"qwerty","isUsed":true},{"activeOptionList":["auto_replace","auto_spacing"],"engName":"Russian","id":3342336,"inputType":"qwerty","isUsed":true}]}
07-16 06:55:30.720   853   853 I BufferQueueDebug: [com.sec.android.app.launcher/com.sec.android.app.launcher.activities.LauncherActivity$_3210#8257](this:0xb4000070b39e8790,id:-1,api:0,p:-1,c:853) onDestructor()
07-16 06:55:30.720   853   853 I Layer   : id=8257 Destroyed com.sec.android.app.launcher/com.sec.android.app.launcher.activities.LauncherActivity$_3210#8257
07-16 06:55:30.720   853   853 I BufferQueueDebug: [Surface(name=58e8aa0 InputMethod)/@0x15cfc82 - animation-leash of insets_animation#8262](this:0xb4000070b3a21790,id:-1,api:0,p:-1,c:853) onDestructor()
07-16 06:55:30.720   853   853 I Layer   : id=8262 Destroyed Surface(name=58e8aa0 InputMethod)/@0x15cfc82 - animation-leash of insets_animation#8262
07-16 06:55:30.720  2629  2715 I SurfaceView@a2c6dc2: onWindowVisibilityChanged(8) false android.view.SurfaceView{a2c6dc2 V.E...... ......ID 270,934-810,1474} of ViewRootImpl@c5dce4e[ton_keeper]
07-16 06:55:30.720  2629  2715 I SurfaceView: 170683842 Changes: creating=false format=false size=false visible=true alpha=false hint=false visible=true left=false top=false z=false attached=true lifecycleStrategy=false
07-16 06:55:30.720  2629  2715 I SurfaceView@a2c6dc2: 170683842 Cur surface: Surface(name=null)/@0x128bc3
07-16 06:55:30.721  2629  2715 I SurfaceView@a2c6dc2: pST: sr = Rect(270, 934 - 810, 1474) sw = 540 sh = 540
07-16 06:55:30.721  2629  2715 I SurfaceView@a2c6dc2: onSSPAndSRT: pl = 270 pt = 934 sx = 1.0 sy = 1.0
07-16 06:55:30.721  2629  2715 D SurfaceView@a2c6dc2: 170683842 performSurfaceTransaction UI Thread position = [270, 934, 810, 1474] surfaceSize = 540x540
07-16 06:55:30.721  5650  5650 I HBD     : l writeToFile complete
07-16 06:55:30.722  2629  2715 I SurfaceView: 170683842 surfaceDestroyed
07-16 06:55:30.722  2629  2715 I SurfaceView@a2c6dc2: surfaceDestroyed callback.size 0 #2 android.view.SurfaceView{a2c6dc2 V.E...... ......ID 270,934-810,1474}
07-16 06:55:30.722  2629  2715 I SurfaceView@a2c6dc2: updateSurface: mVisible = false mSurface.isValid() = true
07-16 06:55:30.722  2629  2715 D BLASTBufferQueue: [SurfaceView[Splash Screen com.ton_keeper]@0#650](f:0,a:0) destructor()
07-16 06:55:30.722  2629  2715 D BufferQueueConsumer: [SurfaceView[Splash Screen com.ton_keeper]@0#650(BLAST Consumer)650](id:a450000028a,api:0,p:-1,c:2629) disconnect
07-16 06:55:30.722  2629  2715 I SurfaceView@a2c6dc2: releaseSurfaces: viewRoot = ViewRootImpl@c5dce4e[ton_keeper]
07-16 06:55:30.723  5650  5650 I HBD     : m normal : updateLanguage : English
07-16 06:55:30.723  5650  5650 I HBD     : g isCoverDisplay : false, cached selected json info : SelectedLanguageInfo(languageVersion=4.1, currentLanguageOrder=0, selectedLanguageList=[SelectedLanguage(id=65537, isUsed=true, engName=English, inputType=qwerty, activeOptionList=[auto_replace, auto_spacing, writing_assistant]), SelectedLanguage(id=3342336, isUsed=true, engName=Russian, inputType=qwerty, activeOptionList=[auto_replace, auto_spacing])])
07-16 06:55:30.723  5650  5650 I HBD     : g isCoverDisplay : false, cached selected json info : SelectedLanguageInfo(languageVersion=4.1, currentLanguageOrder=0, selectedLanguageList=[SelectedLanguage(id=65537, isUsed=true, engName=English, inputType=qwerty, activeOptionList=[auto_replace, auto_spacing, writing_assistant]), SelectedLanguage(id=3342336, isUsed=true, engName=Russian, inputType=qwerty, activeOptionList=[auto_replace, auto_spacing])])
07-16 06:55:30.723  5650  5650 I HBD     : g updateSelectedLanguageCache is succeeded. English
07-16 06:55:30.724  2629  2715 V SurfaceView@a2c6dc2: Layout: x=270 y=934 w=540 h=540, frame=Rect(0, 0 - 540, 540)
07-16 06:55:30.724  1357  1422 W libprocessgroup: SetCgroup::ExecuteForProcess: failed to open /dev/blkio//cgroup.procs: No such file or directory
07-16 06:55:30.724  5650  5650 I HBD     : l writeToFile path : /data/user/0/com.samsung.android.honeyboard/files/selected.json
07-16 06:55:30.724  5650  5650 I HBD     : l writeToFile json : {"version":"4.1","currentLanguageOrder":0,"selected":[{"activeOptionList":["auto_replace","auto_spacing","writing_assistant"],"engName":"English","id":65537,"inputType":"qwerty","isUsed":true},{"activeOptionList":["auto_replace","auto_spacing"],"engName":"Russian","id":3342336,"inputType":"qwerty","isUsed":true}]}
07-16 06:55:30.724  1357  4959 V WindowManager: Relayout Window{cd3c080 u0 Splash Screen com.ton_keeper}: viewVisibility=8 req=1080x2408 ty=3 d0
07-16 06:55:30.727  5650  5650 I HBD     : l writeToFile complete
07-16 06:55:30.727   853   853 D SurfaceFlinger: Display 0 HWC layers:
07-16 06:55:30.727   853   853 D SurfaceFlinger:      DEVICE | 0xb4000070ba9ffc00 | 0100 | RGBA_8888    |    0.0    0.0 1080.0 2408.0 |    0    0 1080 2408 | com.ton_keeper/com.tonapps.tonkeeper.ui.screen.root.RootActivity$_13219#8281
07-16 06:55:30.727   853   853 D SurfaceFlinger:      DEVICE | 0xb4000070da457b00 | 0100 | RGBA_8888    |    0.0    0.0 1080.0 2408.0 |    0    0 1080 2408 | Splash Screen com.ton_keeper$_2629#8271
07-16 06:55:30.727   853   853 D SurfaceFlinger:      DEVICE | 0xb4000070bc099b80 | 0100 | RGBA_8888    |    0.0    0.0 1080.0   64.0 |    0    0 1080   64 | StatusBar$_2629#111
07-16 06:55:30.727   853   853 D SurfaceFlinger:      DEVICE | 0xb4000070dc029080 | 0100 | RGBA_8888    |    0.0    0.0 1080.0  135.0 |    0 2273 1080 2408 | NavigationBar0$_2629#101
07-16 06:55:30.727   853   853 D SurfaceFlinger:
07-16 06:55:30.728  5650  5650 I HBD     : g isCoverDisplay : false, cached selected json info : SelectedLanguageInfo(languageVersion=4.1, currentLanguageOrder=0, selectedLanguageList=[SelectedLanguage(id=65537, isUsed=true, engName=English, inputType=qwerty, activeOptionList=[auto_replace, auto_spacing, writing_assistant]), SelectedLanguage(id=3342336, isUsed=true, engName=Russian, inputType=qwerty, activeOptionList=[auto_replace, auto_spacing])])
07-16 06:55:30.728  5650  5650 I HBD     : g updateSelectedLanguageCache is succeeded. English
07-16 06:55:30.729  5650  5650 I HBD     : l writeToFile path : /data/user/0/com.samsung.android.honeyboard/files/selected.json
07-16 06:55:30.729  5650  5650 I HBD     : l writeToFile json : {"version":"4.1","currentLanguageOrder":0,"selected":[{"activeOptionList":["auto_replace","auto_spacing","writing_assistant"],"engName":"English","id":65537,"inputType":"qwerty","isUsed":true},{"activeOptionList":["auto_replace","auto_spacing"],"engName":"Russian","id":3342336,"inputType":"qwerty","isUsed":true}]}
07-16 06:55:30.730  1357  1375 D SecContentProvider: query(), uri = 17 selection = isSettingsChangesAllowed
07-16 06:55:30.730  4781  5661 I MediaProvider: Invalidating LocalCallingIdentity cache for package com.tonapps.main.baselineprofile. Reason: owned_database_row_deleted:/storage/emulated/0/Android/media/com.tonapps.main.baselineprofile/temporaryScript3570286603407556507.tmp
07-16 06:55:30.731  5650  5650 I HBD     : l writeToFile complete
07-16 06:55:30.732  5650  5650 I HBD     : a [UpdatePolicy] [post] a: 32 cl: 65537 kit: [0/0] vt: 0 ir: 1
07-16 06:55:30.732  4781  5661 I MediaProvider: Deleted 1 0 0 0 0 0 0 items on external_primary due to com.android.shell
07-16 06:55:30.733  5650  5650 I HBD     : HoneyBoardService [PF_OP][onStartInput]  41 ms
07-16 06:55:30.733  1357  4959 V WindowManager: Relayout hash=cd3c080, pid=2629, syncId=-1: mAttrs={(0,0)(fillxfill) sim={adjust=pan} layoutInDisplayCutoutMode=shortEdges ty=APPLICATION_STARTING fmt=TRANSLUCENT wanim=0x10302f2 alpha=0.0
07-16 06:55:30.733  1357  4959 V WindowManager:   fl=81030118
07-16 06:55:30.733  1357  4959 V WindowManager:   pfl=16000010
07-16 06:55:30.733  1357  4959 V WindowManager:   bhv=DEFAULT
07-16 06:55:30.733  1357  4959 V WindowManager:   fitSides= naviIconColor=0}
07-16 06:55:30.733  1357  6988 D SecContentProvider: query(), uri = 17 selection = isSettingsChangesAllowed
07-16 06:55:30.735  2629  2715 I InsetsController: onStateChanged: host=Splash Screen com.ton_keeper, from=android.view.ViewRootImpl.relayoutWindow:10072, state=InsetsState: {mDisplayFrame=Rect(0, 0 - 1080, 2408), mDisplayCutout=DisplayCutout{insets=Rect(0, 64 - 0, 0) waterfall=Insets{left=0, top=0, right=0, bottom=0} boundingRect={Bounds=[Rect(0, 0 - 0, 0), Rect(468, 0 - 612, 64), Rect(0, 0 - 0, 0), Rect(0, 0 - 0, 0)]} cutoutPathParserInfo={CutoutPathParserInfo{displayWidth=1080 displayHeight=2408 physicalDisplayWidth=1080 physicalDisplayHeight=2408 density={2.8125} cutoutSpec={M 0,0 H -25.6 V 22.75555555555556 H 25.6 V 0 H 0 Z @dp} rotation={0} scale={1.0} physicalPixelDisplaySizeRatio={1.0}}}}, mRoundedCorners=RoundedCorners{[RoundedCorner{position=TopLeft, radius=0, center=Point(0, 0)}, RoundedCorner{position=TopRight, radius=0, center=Point(0, 0)}, RoundedCorner{position=BottomRight, radius=0, center=Point(0, 0)}, RoundedCorner{position=BottomLeft, radius=0, center=Point(0, 0)}]}  mRoundedCornerFrame=Rect(0, 0 - 1080, 2408), mPrivacyIndicatorBounds=PrivacyIndicatorBounds {static bounds=Rect(956, 0 - 1080, 64) rotation=0}, mDisplayShape=DisplayShape{ spec=-311912193 displayWidth=1080 displayHeight=2408 physicalPixelDisplaySizeRatio=1.0 rotation=0 offsetX=0 offsetY=0 scale=1.0}, mSources= { InsetsSource: {3 mType=ime mFrame=[0,0][0,0] mVisible=false mFlags=[]}, InsetsSource: {27 mType=displayCutout mFrame=[0,0][1080,64] mVisible=true mFlags=[]}, InsetsSource: {7e40000 mType=statusBars mFrame=[0,0][1080,64] mVisible=true mFlags=[]}, InsetsSource: {7e40005 mType=mandatorySystemGestures mFrame=[0,0][1080,98] mVisible=true mFlags=[]}, InsetsSource: {7e40006 mType=tappableElement mFrame=[0,0][1080,64] mVisible=true mFlags=[]}, InsetsSource: {29140001 mType=navigationBars mFrame=[0,2366][1080,2408] mVisible=true mFlags=[SUPPRESS_SCRIM]}, InsetsSource: {29140004 mType=systemGestures mFrame=[0,0][84,2408] mVisible=true mFlags=[]}, InsetsSource: {29140005 mType=mandatorySystemGestures mFrame=[0,2318][1080,2408] mVisible=true mFlags=[]}, InsetsSource: {29140006 mType=tappableElement mFrame=[0,0][0,0] mVisible=true mFlags=[]}, InsetsSource: {29140024 mType=systemGestures mFrame=[996,0][1080,2408] mVisible=true mFlags=[]} }
07-16 06:55:30.735  4579  4715 I [SC]SyncAuthority: com.ton_keeper: authority not found!
07-16 06:55:30.736  5650  5650 I HBD     : c currentConnectionState : false
07-16 06:55:30.736  5650  5650 I HBD     : c currentConnectionState : false
07-16 06:55:30.736  5650 13413 I HBD     : l Write selected lang for DE
07-16 06:55:30.736   979 12608 I CameraService: onUidStateChanged: uid=10046, procState is changed. (1 -> 0)
07-16 06:55:30.736  5650  5650 I HBD     : c currentConnectionState : false
07-16 06:55:30.736  5650  5650 I HBD     : c currentConnectionState : false
07-16 06:55:30.736  5650 13413 I HBD     : l writeToFile path : /data/user_de/0/com.samsung.android.honeyboard/files/selected.json
07-16 06:55:30.736  5650 13413 I HBD     : l writeToFile json : {"version":"4.1","currentLanguageOrder":0,"selected":[{"activeOptionList":["auto_replace","auto_spacing","writing_assistant"],"engName":"English","id":65537,"inputType":"qwerty","isUsed":true},{"activeOptionList":["auto_replace","auto_spacing"],"engName":"Russian","id":3342336,"inputType":"qwerty","isUsed":true}]}
07-16 06:55:30.736  5650  5650 I InputMethodService: scheduleImeSurfaceRemoval: removeImeSurface is posted.
07-16 06:55:30.737   853   853 I Layer   : id=8275 removeFromCurrentState Background for SurfaceView[Splash Screen com.ton_keeper]@0#8275 (128)
07-16 06:55:30.737   853   853 I Layer   : id=8274 removeFromCurrentState SurfaceView[Splash Screen com.ton_keeper]@0(BLAST)#8274 (128)
07-16 06:55:30.737   853   853 I Layer   : id=8268 removeFromCurrentState SurfaceControlViewHost#8268 (128)
07-16 06:55:30.737   853   853 I Layer   : id=8269 removeFromCurrentState Leash#8269 (128)
07-16 06:55:30.737   853   853 I Layer   : id=8270 removeFromCurrentState #8270 (128)
07-16 06:55:30.737  2629  2715 D BLASTBufferQueue: [ViewRootImpl@c5dce4e[ton_keeper]#649](f:0,a:1) destructor()
07-16 06:55:30.737   853   853 I Layer   : id=8273 removeFromCurrentState SurfaceView[Splash Screen com.ton_keeper]@0#8273 (128)
07-16 06:55:30.737   853   853 I Layer   : Layer [Splash Screen com.ton_keeper$_2629#8271] hidden!! flag(1)
07-16 06:55:30.737  2629  2715 D BufferQueueConsumer: [ViewRootImpl@c5dce4e[ton_keeper]#649(BLAST Consumer)649](id:a4500000289,api:0,p:-1,c:2629) disconnect
07-16 06:55:30.738   853   853 I Layer   : id=8272 removeFromCurrentState Bounds for - Splash Screen com.ton_keeper@0#8272 (128)
07-16 06:55:30.738  2629  2715 I ViewRootImpl@c5dce4e[ton_keeper]: Relayout returned: old=(0,0,1080,2408) new=(0,0,1080,2408) relayoutAsync=false req=(1080,2408)8 dur=11 res=0x402 s={false 0x0} ch=true seqId=0
07-16 06:55:30.738  2629  2715 I SurfaceView@a2c6dc2: windowStopped(true) false android.view.SurfaceView{a2c6dc2 V.E...... ......ID 270,934-810,1474} of ViewRootImpl@c5dce4e[ton_keeper]
07-16 06:55:30.739  2629  2715 D SurfaceView@a2c6dc2: updateSurface: surface is not valid
07-16 06:55:30.739  2629  2715 I SurfaceView@a2c6dc2: releaseSurfaces: viewRoot = ViewRootImpl@c5dce4e[ton_keeper]
07-16 06:55:30.739  1357  5315 D SyncManager: userId - 0 auto - true
07-16 06:55:30.739   853   853 I SurfaceFlinger: id=8272 Removed Bounds for - Splash Screen com.ton_keeper@0#8272 (128)
07-16 06:55:30.739   853   853 I SurfaceFlinger: id=8274 Removed SurfaceView[Splash Screen com.ton_keeper]@0(BLAST)#8274 (128)
07-16 06:55:30.740  2629  2715 D SurfaceView@a2c6dc2: updateSurface: surface is not valid
07-16 06:55:30.740  2629  2715 I SurfaceView@a2c6dc2: releaseSurfaces: viewRoot = ViewRootImpl@c5dce4e[ton_keeper]
07-16 06:55:30.740 12939 12963 D Benchmark: Result: Starting: Intent { act=android.intent.action.MAIN cat=[android.intent.category.LAUNCHER] flg=0x10008000 pkg=com.ton_keeper cmp=com.ton_keeper/com.tonapps.tonkeeper.ui.screen.root.RootActivity }
07-16 06:55:30.740 12939 12963 D Benchmark: Status: ok
07-16 06:55:30.740 12939 12963 D Benchmark: LaunchState: COLD
07-16 06:55:30.740 12939 12963 D Benchmark: Activity: com.ton_keeper/com.tonapps.tonkeeper.ui.screen.root.RootActivity
07-16 06:55:30.740 12939 12963 D Benchmark: TotalTime: 2526
07-16 06:55:30.740 12939 12963 D Benchmark: WaitTime: 2531
07-16 06:55:30.740 12939 12963 D Benchmark: Complete
07-16 06:55:30.740  2629  2715 I SurfaceView: 170683842 Detaching SV
07-16 06:55:30.740  2629  2715 D SurfaceView@a2c6dc2: updateSurface: surface is not valid
07-16 06:55:30.741  2629  2715 I SurfaceView@a2c6dc2: releaseSurfaces: viewRoot = ViewRootImpl@c5dce4e[ton_keeper]
07-16 06:55:30.741  1357  5308 D SecContentProvider: query(), uri = 17 selection = isSettingsChangesAllowed
07-16 06:55:30.743  5650 13414 I HBD     : l Write selected lang for DE
07-16 06:55:30.743  5650 13414 I HBD     : l writeToFile path : /data/user_de/0/com.samsung.android.honeyboard/files/selected.json
07-16 06:55:30.743  5650 13414 I HBD     : l writeToFile json : {"version":"4.1","currentLanguageOrder":0,"selected":[{"activeOptionList":["auto_replace","auto_spacing","writing_assistant"],"engName":"English","id":65537,"inputType":"qwerty","isUsed":true},{"activeOptionList":["auto_replace","auto_spacing"],"engName":"Russian","id":3342336,"inputType":"qwerty","isUsed":true}]}
07-16 06:55:30.743  2629  2715 I SurfaceView@a2c6dc2: onDetachedFromWindow: tryReleaseSurfaces()
07-16 06:55:30.743  2629  2715 I SurfaceView@a2c6dc2: releaseSurfaces: viewRoot = ViewRootImpl@c5dce4e[ton_keeper]
07-16 06:55:30.743  5650  6389 I HBD     : p updated Sub Types. English
07-16 06:55:30.744   853   853 D SurfaceFlinger: Display 0 HWC layers:
07-16 06:55:30.744   853   853 D SurfaceFlinger:      DEVICE | 0xb4000070ba9ffc00 | 0100 | RGBA_8888    |    0.0    0.0 1080.0 2408.0 |    0    0 1080 2408 | com.ton_keeper/com.tonapps.tonkeeper.ui.screen.root.RootActivity$_13219#8281
07-16 06:55:30.744   853   853 D SurfaceFlinger:      DEVICE | 0xb4000070bc099b80 | 0100 | RGBA_8888    |    0.0    0.0 1080.0   64.0 |    0    0 1080   64 | StatusBar$_2629#111
07-16 06:55:30.744   853   853 D SurfaceFlinger:      DEVICE | 0xb4000070dc029080 | 0100 | RGBA_8888    |    0.0    0.0 1080.0  135.0 |    0 2273 1080 2408 | NavigationBar0$_2629#101
07-16 06:55:30.744   853   853 D SurfaceFlinger:
07-16 06:55:30.744  5650 13416 I HBD     : l Write selected lang for DE
07-16 06:55:30.744  5650 13416 I HBD     : l writeToFile path : /data/user_de/0/com.samsung.android.honeyboard/files/selected.json
07-16 06:55:30.744  5650 13416 I HBD     : l writeToFile json : {"version":"4.1","currentLanguageOrder":0,"selected":[{"activeOptionList":["auto_replace","auto_spacing","writing_assistant"],"engName":"English","id":65537,"inputType":"qwerty","isUsed":true},{"activeOptionList":["auto_replace","auto_spacing"],"engName":"Russian","id":3342336,"inputType":"qwerty","isUsed":true}]}
07-16 06:55:30.745  3876  3905 I PermissionControllerServiceImpl: Updating user sensitive for uid 10699
07-16 06:55:30.745  5650 13415 I HBD     : l Write selected lang for DE
07-16 06:55:30.745  1357  7029 D SecContentProvider: query(), uri = 17 selection = isSettingsChangesAllowed
07-16 06:55:30.745  5650 13415 I HBD     : l writeToFile path : /data/user_de/0/com.samsung.android.honeyboard/files/selected.json
07-16 06:55:30.745  5650 13415 I HBD     : l writeToFile json : {"version":"4.1","currentLanguageOrder":0,"selected":[{"activeOptionList":["auto_replace","auto_spacing","writing_assistant"],"engName":"English","id":65537,"inputType":"qwerty","isUsed":true},{"activeOptionList":["auto_replace","auto_spacing"],"engName":"Russian","id":3342336,"inputType":"qwerty","isUsed":true}]}
07-16 06:55:30.747  5650  6004 I HBD     : p updated Sub Types. English
07-16 06:55:30.750  5650 13419 I HBD     : b InputMethodSubtype is set as local:en_US
07-16 06:55:30.750  3876 12662 E RoleControllerServiceImpl: Default/fallback role holder package doesn't qualify for the role, package: com.google.android.gms.supervision, role: android.app.role.SYSTEM_SUPERVISION
07-16 06:55:30.751  2629  2720 I gralloc4: @set_metadata: update dataspace from GM (0x00000000 -> 0x08010000)
07-16 06:55:30.753   853   853 I BufferQueueDebug: [Bounds for - Splash Screen com.ton_keeper@0#8272](this:0xb4000070b3d4e790,id:-1,api:0,p:-1,c:853) onDestructor()
07-16 06:55:30.753   853   853 I Layer   : id=8272 Destroyed Bounds for - Splash Screen com.ton_keeper@0#8272
07-16 06:55:30.753  5650 13413 I HBD     : l writeToFile complete
07-16 06:55:30.753   853   853 I BufferQueueDebug: [SurfaceView[Splash Screen com.ton_keeper]@0(BLAST)#8274](this:0xb4000070b3d51790,id:-1,api:0,p:-1,c:853) onDestructor()
07-16 06:55:30.753   853   853 I Layer   : id=8274 Destroyed SurfaceView[Splash Screen com.ton_keeper]@0(BLAST)#8274
07-16 06:55:30.753  5650 13416 E AtomicFile: Failed to rename /data/user_de/0/com.samsung.android.honeyboard/files/selected.json.new to /data/user_de/0/com.samsung.android.honeyboard/files/selected.json
07-16 06:55:30.753  5650 13416 I HBD     : l writeToFile complete
07-16 06:55:30.753  5650 13414 E AtomicFile: Failed to rename /data/user_de/0/com.samsung.android.honeyboard/files/selected.json.new to /data/user_de/0/com.samsung.android.honeyboard/files/selected.json
07-16 06:55:30.753  5650 13414 I HBD     : l writeToFile complete
07-16 06:55:30.755  2629  2715 I ViewRootImpl@2dfcf10[]: dispatchDetachedFromWindow
07-16 06:55:30.757 26176 26232 I Icing   : IndexChimeraService.getServiceInterface callingPackage=com.google.android.gms componentName=null serviceId=30
07-16 06:55:30.757  2629  3862 D BLASTBufferQueue: [ViewRootImpl@2dfcf10[]#651](f:0,a:1) destructor()
07-16 06:55:30.757  2629  3862 D BufferQueueConsumer: [ViewRootImpl@2dfcf10[]#651(BLAST Consumer)651](id:a450000028b,api:0,p:-1,c:2629) disconnect
07-16 06:55:30.760  1357  6988 D InputTransport: Input channel destroyed: 'Embedde', fd=1028
07-16 06:55:30.760  1357  6988 W InputManager-JNI: Input channel object 'Embedded{} (client)' was disposed without first being removed with the input manager!
07-16 06:55:30.760  1357  6988 D InputTransport: Input channel destroyed: 'Embedde', fd=1030
07-16 06:55:30.763  2629  2715 D InputTransport: Input channel destroyed: 'Embedde', fd=595
07-16 06:55:30.765  2629  2715 I ViewRootImpl@c5dce4e[ton_keeper]: dispatchDetachedFromWindow
07-16 06:55:30.765   853   953 E RenderEngine: updatePQFlag: get gralloc GRALLOC_EXTRA_GET_AI_PQ_INFO fail, return
07-16 06:55:30.766  5650 13415 E AtomicFile: Failed to rename /data/user_de/0/com.samsung.android.honeyboard/files/selected.json.new to /data/user_de/0/com.samsung.android.honeyboard/files/selected.json
07-16 06:55:30.766  5650 13415 I HBD     : l writeToFile complete
07-16 06:55:30.766  1357  5024 D InputTransport: Input channel destroyed: 'cd3c080', fd=1019
07-16 06:55:30.766  1357  5024 W InputManager-JNI: Input channel object 'cd3c080 Splash Screen com.ton_keeper (client)' was disposed without first being removed with the input manager!
07-16 06:55:30.766  1357  5024 D InputTransport: Input channel destroyed: 'cd3c080', fd=1025
07-16 06:55:30.770   853   853 I Layer   : id=8270 removeFromCurrentState #8270 (126)
07-16 06:55:30.770   853   853 I Layer   : id=8269 removeFromCurrentState Leash#8269 (126)
07-16 06:55:30.771   853   853 I SurfaceFlinger: id=8269 Removed Leash#8269 (126)
07-16 06:55:30.771   853   853 I SurfaceFlinger: id=8270 Removed #8270 (126)
07-16 06:55:30.772  3876 12662 W Role    : Default holder doesn't have required signing certificate: com.google.android.apps.work.clouddpc:23962F4B43B9857638EA66F4D419518EAE282491ACDA4B94707BD59003C45E58
07-16 06:55:30.772  2629  2715 D InputTransport: Input channel destroyed: 'cd3c080', fd=594
07-16 06:55:30.773  2629  2629 D NavigationBar: setImeWindowStatus displayId=0 vis=0 backDisposition=0 showImeSwitcher=false imeShown=false
07-16 06:55:30.780  1357  2483 I SemExecuteManagerService: onShortcutChanged: com.ton_keeper0
07-16 06:55:30.785   853   853 I Layer   : id=8267 removeFromCurrentState cd3c080 Splash Screen com.ton_keeper#8267 (126)
07-16 06:55:30.785   853   853 I Layer   : id=8271 removeFromCurrentState Splash Screen com.ton_keeper$_2629#8271 (126)
07-16 06:55:30.786   853   853 I Layer   : id=8284 removeFromCurrentState Surface(name=11e4eba com.ton_keeper/com.tonapps.tonkeeper.ui.screen.root.RootActivity)/@0xcdf06cd - animation-leash of starting_reveal#8284 (126)
07-16 06:55:30.786   853   853 I Layer   : id=8271 removeFromCurrentState Splash Screen com.ton_keeper$_2629#8271 (126)
07-16 06:55:30.786   853   853 I BufferQueueDebug: [Leash#8269](this:0xb4000070b1616790,id:-1,api:0,p:-1,c:853) onDestructor()
07-16 06:55:30.786   853   853 I Layer   : id=8269 Destroyed Leash#8269
07-16 06:55:30.786   853   853 I BufferQueueDebug: [#8270](this:0xb4000070b1619790,id:-1,api:0,p:-1,c:853) onDestructor()
07-16 06:55:30.786   853   853 I Layer   : id=8270 Destroyed #8270
07-16 06:55:30.788   853   853 I SurfaceFlinger: id=8273 Removed SurfaceView[Splash Screen com.ton_keeper]@0#8273 (124)
07-16 06:55:30.788   853   853 I SurfaceFlinger: id=8275 Removed Background for SurfaceView[Splash Screen com.ton_keeper]@0#8275 (124)
07-16 06:55:30.788   853   853 I SurfaceFlinger: id=8271 Removed Splash Screen com.ton_keeper$_2629#8271 (124)
07-16 06:55:30.788   853   853 I SurfaceFlinger: id=8267 Removed cd3c080 Splash Screen com.ton_keeper#8267 (124)
07-16 06:55:30.790  2629  2715 W FrameTracker: Missed App frame:UNKNOWN: 136, 7139781, 30768873, CUJ=J<SPLASHSCREEN_EXIT_ANIM>
07-16 06:55:30.790  2629  2715 W FrameTracker: Missing SF jank callback for vsyncId: 7139803, CUJ=J<SPLASHSCREEN_EXIT_ANIM>
07-16 06:55:30.790  2629  2715 W FrameTracker: Missing SF jank callback for vsyncId: 7139846, CUJ=J<SPLASHSCREEN_EXIT_ANIM>
07-16 06:55:30.794  5650 13422 I HBD     : b InputMethodSubtype is set as local:en_US
07-16 06:55:30.798  2629  2717 D LauncherApps: onPackageChanged 0,com.ton_keeper
07-16 06:55:30.798  4825  5374 D LauncherApps: onPackageChanged 0,com.ton_keeper
07-16 06:55:30.798  3210  3210 I HoneySpace.PackageOperationTracker: onPackageChanged - com.ton_keeper UserHandle{0}
07-16 06:55:30.799  1357  1416 I SemExecuteManagerService: onPackageModified
07-16 06:55:30.802   853   853 I BufferQueueDebug: [Splash Screen com.ton_keeper$_2629#8271](this:0xb4000070b161c790,id:-1,api:0,p:-1,c:853) onDestructor()
07-16 06:55:30.802   853   853 I Layer   : id=8271 Destroyed Splash Screen com.ton_keeper$_2629#8271
07-16 06:55:30.802  3210 12700 I HoneySpace.PackageSourceImpl: addActivityToList [ADD] : com.ton_keeper/com.tonapps.tonkeeper.ui.screen.root.RootActivity#UserHandle{0}
07-16 06:55:30.802   853   853 I BufferQueueDebug: [SurfaceView[Splash Screen com.ton_keeper]@0#8273](this:0xb4000070b161f790,id:-1,api:0,p:-1,c:853) onDestructor()
07-16 06:55:30.802   853   853 I Layer   : id=8273 Destroyed SurfaceView[Splash Screen com.ton_keeper]@0#8273
07-16 06:55:30.802   853   853 I BufferQueueDebug: [Background for SurfaceView[Splash Screen com.ton_keeper]@0#8275](this:0xb4000070b1622790,id:-1,api:0,p:-1,c:853) onDestructor()
07-16 06:55:30.802   853   853 I Layer   : id=8275 Destroyed Background for SurfaceView[Splash Screen com.ton_keeper]@0#8275
07-16 06:55:30.802   853   853 I BufferQueueDebug: [cd3c080 Splash Screen com.ton_keeper#8267](this:0xb4000070b3d4b790,id:-1,api:0,p:-1,c:853) onDestructor()
07-16 06:55:30.802   853   853 I Layer   : id=8267 Destroyed cd3c080 Splash Screen com.ton_keeper#8267
07-16 06:55:30.803  3210 12700 I HoneySpace.IconCache: remove icon cache & DB : com.ton_keeper UserHandle{0}
07-16 06:55:30.803   853   853 I gralloc4: @set_metadata: update dataspace from GM (0x00000000 -> 0x08010000)
07-16 06:55:30.812  3210  3210 I HoneySpace.PackageOperationTracker: onShortcutsChanged com.ton_keeper - 0 UserHandle{0}
07-16 06:55:30.814 26176 12754 I Icing   : Usage reports ok 1, Failed Usage reports 0, indexed 0, rejected 0
07-16 06:55:30.820  3210 12700 I AppIconSolution: getThemeIconWithBG called with public API, pkg = com.ton_keeper, mode = 48
07-16 06:55:30.821  3210 12700 I AppIconSolution: return adaptive icon for com.ton_keeper, isNight = false
07-16 06:55:30.821  3210 12700 I LauncherActivityInfo: packageName: com.ton_keeper, useThemeIcon: false, height: 202, width: 202, density: 640
07-16 06:55:30.830  3210  9192 I HoneySpace.IconCache: add icon DB: [com.ton_keeper/com.tonapps.tonkeeper.ui.screen.root.RootActivity#UserHandle{0}] - IconAndLabel(icon=android.graphics.Bitmap@5858684, label=Tonkeeper X) | false | 640 | false
07-16 06:55:30.833  3210 12700 I HoneySpace.PackageSourceImpl: addWidgetToList make key:com.ton_keeper/.#UserHandle{0}  info:AppWidgetProviderInfo(UserHandle{0}/ComponentInfo{com.ton_keeper/com.tonapps.tonkeeper.core.widget.balance.WidgetBalanceProvider})
07-16 06:55:30.833  3210 12700 I HoneySpace.PackageSourceImpl: addWidgetToList add key:com.ton_keeper/.#UserHandle{0}  info:AppWidgetProviderInfo(UserHandle{0}/ComponentInfo{com.ton_keeper/com.tonapps.tonkeeper.core.widget.rate.WidgetRateProvider})
07-16 06:55:30.834  3210 12700 I HoneySpace.PackageSourceImpl: package changed info list size : 1
07-16 06:55:30.834  3210  3210 I HoneySpace.HoneySpaceManagerContainer: packageUpdateEvent - com.honeyspace.sdk.source.entity.PackageOperation$Changed@6eeae6d
07-16 06:55:30.834  3210  3210 I HoneySpace.HoneySpaceManagerContainer: refreshHoneyPlugin, packageName: com.ton_keeper
07-16 06:55:30.834  3210  9190 I HoneySpace.HoneySpacePackageSourceImpl: Package changed : com.ton_keeper
07-16 06:55:30.834  3210  9190 I HoneySpace.HoneySpacePackageSourceImpl: getHiddenItems : 7
07-16 06:55:30.834  3210 12191 E HoneySpace.PackageUtils: com.samsung.android.app.spage is not installed
07-16 06:55:30.834  3210 12191 I HoneySpace.MinusOnePageUtils: ComponentInfo{com.samsung.android.app.spage/com.samsung.android.app.spage.main.MainActivity} package not installed
07-16 06:55:30.835  3210  3210 I HoneySpace.HoneySpacePackageSourceImpl: getHiddenItems : 7
07-16 06:55:30.835  3210  3210 I HoneySpace.HoneySpacePackageSourceImpl: getHiddenItems : 7
07-16 06:55:30.835  3210 12087 I SearchableManager: invalidate: com.ton_keeper
07-16 06:55:30.837  3210  9190 I HoneySpace.HoneySpacePackageSourceImpl: addActiveItem [ADD] : com.ton_keeper/com.tonapps.tonkeeper.ui.screen.root.RootActivity#UserHandle{0}
07-16 06:55:30.840  3210  3210 I HoneySpace.HoneySpaceManagerContainer: packageUpdateEvent - com.honeyspace.sdk.source.entity.PackageOperation$ShortcutChanged@11686f0
07-16 06:55:30.843  3210  9192 I HoneySpace.InstallSessionHelper: install session made by com.android.vending
07-16 06:55:30.845  3210  9192 I HoneySpace.InstallSessionHelper: install session made by com.android.vending
07-16 06:55:30.847  3210  9192 I HoneySpace.InstallSessionHelper: install session made by com.android.vending
07-16 06:55:30.848  3210  9192 I HoneySpace.InstallSessionHelper: install session made by com.android.vending
07-16 06:55:30.851  3210  9192 I HoneySpace.InstallSessionHelper: install session made by com.android.vending
07-16 06:55:30.851  3210  9192 I HoneySpace.InstallSessionHelper: getActiveSessions : {PackageKey(packageName=com.google.mainline.telemetry, user=UserHandle{0})=android.content.pm.PackageInstaller$SessionInfo@154c469, PackageKey(packageName=com.google.mainline.adservices, user=UserHandle{0})=android.content.pm.PackageInstaller$SessionInfo@725ceee, PackageKey(packageName=mainline_train_primary, user=UserHandle{0})=android.content.pm.PackageInstaller$SessionInfo@a39cf8f}
07-16 06:55:30.865   853   953 E RenderEngine: updatePQFlag: get gralloc GRALLOC_EXTRA_GET_AI_PQ_INFO fail, return
07-16 06:55:30.907 26254 12546 I NetworkScheduler.Stats: (REDACTED) Task %s/%s started execution. cause:%s exec_start_elapsed_seconds: %s
07-16 06:55:30.916 26254 13014 I NetworkScheduler.Stats: (REDACTED) Task %s/%s finished executing. cause:%s result: %s elapsed_millis: %s uptime_millis: %s exec_start_elapsed_seconds: %s
07-16 06:55:30.926  4781  7783 W MediaProvider: isAppCloneUserPair for user 0: false
07-16 06:55:30.932  1357  7029 D SyncManager: userId - 0 auto - true
07-16 06:55:30.951  1015  1015 I thermal_repeater: socket -1
07-16 06:55:30.990   820 13402 I mtkpower_client: perf_lock_rel, hdl:8924, tid:13402
07-16 06:55:30.991   830   892 I libPowerHal: [perfLockRel] hdl:8924, idx:2
07-16 06:55:30.991   830   892 I libPowerHal: [PD] vendor.samsung. update cmd:1c3c000 param:1
07-16 06:55:30.991   830   892 I libPowerHal: [PD] (more) /proc/mcdi/state set +prefix:enable 1;
07-16 06:55:30.991   820 13402 I mtkpower_client: perf_lock_rel, hdl:8925, tid:13402
07-16 06:55:30.992   830   892 I libPowerHal: [perfLockRel] hdl:8925, idx:0
07-16 06:55:30.992   830   892 I libPowerHal: [PD] vendor.samsung. update cmd:1000000, param:-1
07-16 06:55:30.992   820 13402 I mtkpower_client: perf_lock_rel, hdl:8926, tid:13402
07-16 06:55:30.993   830   892 I libPowerHal: [PD] vendor.samsung. update cmd:1000000 param:-1
07-16 06:55:30.994   820 13402 I HYPER-HAL: [RequestManager.cpp]releaseLocked(): Released ID : 946018
07-16 06:55:30.995   830   892 I libPowerHal: [perfLockRel] hdl:8926, idx:1
07-16 06:55:30.995   830   892 I libPowerHal: vendor.samsung.: cpu_ctrl set cpu freq: -1 -1 -1 -1
07-16 06:55:31.017 26254 12546 I NetworkScheduler.Stats: (REDACTED) Task %s/%s started execution. cause:%s exec_start_elapsed_seconds: %s
07-16 06:55:31.027 26254 12125 I NetworkScheduler.Stats: (REDACTED) Task %s/%s finished executing. cause:%s result: %s elapsed_millis: %s uptime_millis: %s exec_start_elapsed_seconds: %s
07-16 06:55:31.053  4781  5663 I MediaProvider: Invalidating LocalCallingIdentity cache for package com.tonapps.main.baselineprofile. Reason: owned_database_row_deleted:/storage/emulated/0/Android/media/com.tonapps.main.baselineprofile/temporaryScript5150742957167498119.tmp
07-16 06:55:31.053 15312 15322 W earchbox:search: ApkAssets: Deleting an ApkAssets object '<empty> and /data/app/~~rD0BbsYF1pE03eYWw1QOog==/com.android.chrome-K0NxnATN5jed_7unO1rKvQ==/base.apk' with 1 weak references
07-16 06:55:31.054 15312 15322 W earchbox:search: ApkAssets: Deleting an ApkAssets object '<empty> and /data/app/~~rD0BbsYF1pE03eYWw1QOog==/com.android.chrome-K0NxnATN5jed_7unO1rKvQ==/split_auxiliary_search.apk' with 1 weak references
07-16 06:55:31.054 15312 15322 W earchbox:search: ApkAssets: Deleting an ApkAssets object '<empty> and /data/app/~~rD0BbsYF1pE03eYWw1QOog==/com.android.chrome-K0NxnATN5jed_7unO1rKvQ==/split_cablev2_authenticator.apk' with 1 weak references
07-16 06:55:31.054 15312 15322 W earchbox:search: ApkAssets: Deleting an ApkAssets object '<empty> and /data/app/~~rD0BbsYF1pE03eYWw1QOog==/com.android.chrome-K0NxnATN5jed_7unO1rKvQ==/split_chrome.apk' with 1 weak references
07-16 06:55:31.054 15312 15322 W earchbox:search: ApkAssets: Deleting an ApkAssets object '<empty> and /data/app/~~rD0BbsYF1pE03eYWw1QOog==/com.android.chrome-K0NxnATN5jed_7unO1rKvQ==/split_config.en.apk' with 1 weak references
07-16 06:55:31.054 15312 15322 W earchbox:search: ApkAssets: Deleting an ApkAssets object '<empty> and /data/app/~~rD0BbsYF1pE03eYWw1QOog==/com.android.chrome-K0NxnATN5jed_7unO1rKvQ==/split_config.ru.apk' with 1 weak references
07-16 06:55:31.054 15312 15322 W earchbox:search: ApkAssets: Deleting an ApkAssets object '<empty> and /data/app/~~rD0BbsYF1pE03eYWw1QOog==/com.android.chrome-K0NxnATN5jed_7unO1rKvQ==/split_config.uk.apk' with 1 weak references
07-16 06:55:31.054 15312 15322 W earchbox:search: ApkAssets: Deleting an ApkAssets object '<empty> and /data/app/~~rD0BbsYF1pE03eYWw1QOog==/com.android.chrome-K0NxnATN5jed_7unO1rKvQ==/split_dev_ui.apk' with 1 weak references
07-16 06:55:31.054 15312 15322 W earchbox:search: ApkAssets: Deleting an ApkAssets object '<empty> and /data/app/~~rD0BbsYF1pE03eYWw1QOog==/com.android.chrome-K0NxnATN5jed_7unO1rKvQ==/split_feedv2.apk' with 1 weak references
07-16 06:55:31.054 15312 15322 W earchbox:search: ApkAssets: Deleting an ApkAssets object '<empty> and /data/app/~~rD0BbsYF1pE03eYWw1QOog==/com.android.chrome-K0NxnATN5jed_7unO1rKvQ==/split_read_aloud_playback.apk' with 1 weak references
07-16 06:55:31.054 15312 15322 W earchbox:search: ApkAssets: Deleting an ApkAssets object '<empty> and /data/app/~~rD0BbsYF1pE03eYWw1QOog==/com.android.chrome-K0NxnATN5jed_7unO1rKvQ==/split_stack_unwinder.apk' with 1 weak references
07-16 06:55:31.054 15312 15322 W earchbox:search: ApkAssets: Deleting an ApkAssets object '<empty> and /data/app/~~rD0BbsYF1pE03eYWw1QOog==/com.android.chrome-K0NxnATN5jed_7unO1rKvQ==/split_survey.apk' with 1 weak references
07-16 06:55:31.054 15312 15322 W earchbox:search: ApkAssets: Deleting an ApkAssets object '<empty> and /data/app/~~rD0BbsYF1pE03eYWw1QOog==/com.android.chrome-K0NxnATN5jed_7unO1rKvQ==/split_test_dummy.apk' with 1 weak references
07-16 06:55:31.054 15312 15322 W earchbox:search: ApkAssets: Deleting an ApkAssets object '<empty> and /data/app/~~mov4pl0sd38ctdA6kSknnw==/com.google.android.trichromelibrary_647812233-EGg9oKbQsHdpGhe3_XkNhw==/base.apk' with 1 weak references
07-16 06:55:31.055 15312 15322 W earchbox:search: ApkAssets: Deleting an ApkAssets object '<empty> and /data/app/~~wiy7B3muN2M8l_EAHz0HtQ==/com.google.android.youtube-2rQkWuZXqSlRWEigsvZtLQ==/base.apk' with 1 weak references
07-16 06:55:31.055 15312 15322 W earchbox:search: ApkAssets: Deleting an ApkAssets object '<empty> and /data/app/~~wiy7B3muN2M8l_EAHz0HtQ==/com.google.android.youtube-2rQkWuZXqSlRWEigsvZtLQ==/split_config.arm64_v8a.apk' with 1 weak references
07-16 06:55:31.055 15312 15322 W earchbox:search: ApkAssets: Deleting an ApkAssets object '<empty> and /data/app/~~wiy7B3muN2M8l_EAHz0HtQ==/com.google.android.youtube-2rQkWuZXqSlRWEigsvZtLQ==/split_config.en.apk' with 1 weak references
07-16 06:55:31.055 15312 15322 W earchbox:search: ApkAssets: Deleting an ApkAssets object '<empty> and /data/app/~~wiy7B3muN2M8l_EAHz0HtQ==/com.google.android.youtube-2rQkWuZXqSlRWEigsvZtLQ==/split_config.ru.apk' with 1 weak references
07-16 06:55:31.055 15312 15322 W earchbox:search: ApkAssets: Deleting an ApkAssets object '<empty> and /data/app/~~wiy7B3muN2M8l_EAHz0HtQ==/com.google.android.youtube-2rQkWuZXqSlRWEigsvZtLQ==/split_config.uk.apk' with 1 weak references
07-16 06:55:31.055 15312 15322 W earchbox:search: ApkAssets: Deleting an ApkAssets object '<empty> and /data/app/~~wiy7B3muN2M8l_EAHz0HtQ==/com.google.android.youtube-2rQkWuZXqSlRWEigsvZtLQ==/split_config.xxhdpi.apk' with 1 weak references
07-16 06:55:31.055  4781  5663 I MediaProvider: Deleted 1 0 0 0 0 0 0 items on external_primary due to com.android.shell
07-16 06:55:31.056 15312 15322 W earchbox:search: ApkAssets: Deleting an ApkAssets object '<empty> and /data/app/~~WJImf677s-sWmGd0765uzQ==/com.google.android.apps.youtube.music-zr-UNUa711bHMRry8dpPaA==/base.apk' with 1 weak references
07-16 06:55:31.056 15312 15322 W earchbox:search: ApkAssets: Deleting an ApkAssets object '<empty> and /data/app/~~WJImf677s-sWmGd0765uzQ==/com.google.android.apps.youtube.music-zr-UNUa711bHMRry8dpPaA==/split_config.en.apk' with 1 weak references
07-16 06:55:31.056 15312 15322 W earchbox:search: ApkAssets: Deleting an ApkAssets object '<empty> and /data/app/~~WJImf677s-sWmGd0765uzQ==/com.google.android.apps.youtube.music-zr-UNUa711bHMRry8dpPaA==/split_config.ru.apk' with 1 weak references
07-16 06:55:31.056  1357  4971 D SyncManager: userId - 0 auto - true
07-16 06:55:31.056 15312 15322 W earchbox:search: ApkAssets: Deleting an ApkAssets object '<empty> and /data/app/~~WJImf677s-sWmGd0765uzQ==/com.google.android.apps.youtube.music-zr-UNUa711bHMRry8dpPaA==/split_config.uk.apk' with 1 weak references
07-16 06:55:31.056 15312 15322 W earchbox:search: ApkAssets: Deleting an ApkAssets object '<empty> and /data/app/~~1PhHBwWM39TvA8Kar_FkIQ==/com.spotify.music-TGJZPxazrl2YivAX72ilYQ==/base.apk' with 1 weak references
07-16 06:55:31.057 15312 15322 W earchbox:search: ApkAssets: Deleting an ApkAssets object '<empty> and /data/app/~~1PhHBwWM39TvA8Kar_FkIQ==/com.spotify.music-TGJZPxazrl2YivAX72ilYQ==/split_config.arm64_v8a.apk' with 1 weak references
07-16 06:55:31.057 15312 15322 W earchbox:search: ApkAssets: Deleting an ApkAssets object '<empty> and /data/app/~~1PhHBwWM39TvA8Kar_FkIQ==/com.spotify.music-TGJZPxazrl2YivAX72ilYQ==/split_config.en.apk' with 1 weak references
07-16 06:55:31.057 15312 15322 W earchbox:search: ApkAssets: Deleting an ApkAssets object '<empty> and /data/app/~~1PhHBwWM39TvA8Kar_FkIQ==/com.spotify.music-TGJZPxazrl2YivAX72ilYQ==/split_config.ru.apk' with 1 weak references
07-16 06:55:31.057 15312 15322 W earchbox:search: ApkAssets: Deleting an ApkAssets object '<empty> and /data/app/~~1PhHBwWM39TvA8Kar_FkIQ==/com.spotify.music-TGJZPxazrl2YivAX72ilYQ==/split_config.uk.apk' with 1 weak references
07-16 06:55:31.057 15312 15322 W earchbox:search: ApkAssets: Deleting an ApkAssets object '<empty> and /data/app/~~1PhHBwWM39TvA8Kar_FkIQ==/com.spotify.music-TGJZPxazrl2YivAX72ilYQ==/split_config.xxhdpi.apk' with 1 weak references
07-16 06:55:31.057 15312 15322 W earchbox:search: ApkAssets: Deleting an ApkAssets object '<empty> and /data/app/~~seZZBY4yU-18W8vZj6NndA==/com.linkedin.android-GLgieQb_vFHAsMIFrxSUpA==/base.apk' with 1 weak references
07-16 06:55:31.058 15312 15322 W earchbox:search: ApkAssets: Deleting an ApkAssets object '<empty> and /data/app/~~seZZBY4yU-18W8vZj6NndA==/com.linkedin.android-GLgieQb_vFHAsMIFrxSUpA==/split_config.arm64_v8a.apk' with 1 weak references
07-16 06:55:31.058 15312 15322 W earchbox:search: ApkAssets: Deleting an ApkAssets object '<empty> and /data/app/~~seZZBY4yU-18W8vZj6NndA==/com.linkedin.android-GLgieQb_vFHAsMIFrxSUpA==/split_config.en.apk' with 1 weak references
07-16 06:55:31.058 15312 15322 W earchbox:search: ApkAssets: Deleting an ApkAssets object '<empty> and /data/app/~~seZZBY4yU-18W8vZj6NndA==/com.linkedin.android-GLgieQb_vFHAsMIFrxSUpA==/split_config.ru.apk' with 1 weak references
07-16 06:55:31.058 15312 15322 W earchbox:search: ApkAssets: Deleting an ApkAssets object '<empty> and /data/app/~~seZZBY4yU-18W8vZj6NndA==/com.linkedin.android-GLgieQb_vFHAsMIFrxSUpA==/split_config.uk.apk' with 1 weak references
07-16 06:55:31.058 15312 15322 W earchbox:search: ApkAssets: Deleting an ApkAssets object '<empty> and /data/app/~~seZZBY4yU-18W8vZj6NndA==/com.linkedin.android-GLgieQb_vFHAsMIFrxSUpA==/split_config.xxhdpi.apk' with 1 weak references
07-16 06:55:31.058 15312 15322 W earchbox:search: ApkAssets: Deleting an ApkAssets object '<empty> and /data/app/~~pycuppzSlJiVYIagKSyI-Q==/com.vkontakte.android-4m26QFJJKmn9ryx3_eRtYw==/base.apk' with 1 weak references
07-16 06:55:31.059 15312 15322 W earchbox:search: ApkAssets: Deleting an ApkAssets object '<empty> and /data/app/~~pycuppzSlJiVYIagKSyI-Q==/com.vkontakte.android-4m26QFJJKmn9ryx3_eRtYw==/split_config.arm64_v8a.apk' with 1 weak references
07-16 06:55:31.059 15312 15322 W earchbox:search: ApkAssets: Deleting an ApkAssets object '<empty> and /data/app/~~pycuppzSlJiVYIagKSyI-Q==/com.vkontakte.android-4m26QFJJKmn9ryx3_eRtYw==/split_config.ru.apk' with 1 weak references
07-16 06:55:31.059 15312 15322 W earchbox:search: ApkAssets: Deleting an ApkAssets object '<empty> and /data/app/~~pycuppzSlJiVYIagKSyI-Q==/com.vkontakte.android-4m26QFJJKmn9ryx3_eRtYw==/split_config.uk.apk' with 1 weak references
07-16 06:55:31.059 15312 15322 W earchbox:search: ApkAssets: Deleting an ApkAssets object '<empty> and /data/app/~~pycuppzSlJiVYIagKSyI-Q==/com.vkontakte.android-4m26QFJJKmn9ryx3_eRtYw==/split_config.xxhdpi.apk' with 1 weak references
07-16 06:55:31.059 15312 15322 W earchbox:search: ApkAssets: Deleting an ApkAssets object '<empty> and /data/app/~~tfI5cR7u-_bSiFcm5Up6kw==/com.whatsapp-MgPsaEpCw4BJEy6sjRuo-A==/base.apk' with 1 weak references
07-16 06:55:31.059 15312 15322 W earchbox:search: ApkAssets: Deleting an ApkAssets object '<empty> and /data/app/~~du3FtFHlYOwMyx25o_LokQ==/org.telegram.messenger-RMxCc7yA5UOvnE3IohJZiw==/base.apk' with 1 weak references
07-16 06:55:31.060 15312 15322 W earchbox:search: ApkAssets: Deleting an ApkAssets object '<empty> and /data/app/~~du3FtFHlYOwMyx25o_LokQ==/org.telegram.messenger-RMxCc7yA5UOvnE3IohJZiw==/split_config.arm64_v8a.apk' with 1 weak references
07-16 06:55:31.060 15312 15322 W earchbox:search: ApkAssets: Deleting an ApkAssets object '<empty> and /data/app/~~du3FtFHlYOwMyx25o_LokQ==/org.telegram.messenger-RMxCc7yA5UOvnE3IohJZiw==/split_config.en.apk' with 1 weak references
07-16 06:55:31.060 15312 15322 W earchbox:search: ApkAssets: Deleting an ApkAssets object '<empty> and /data/app/~~du3FtFHlYOwMyx25o_LokQ==/org.telegram.messenger-RMxCc7yA5UOvnE3IohJZiw==/split_config.ru.apk' with 1 weak references
07-16 06:55:31.060 15312 15322 W earchbox:search: ApkAssets: Deleting an ApkAssets object '<empty> and /data/app/~~du3FtFHlYOwMyx25o_LokQ==/org.telegram.messenger-RMxCc7yA5UOvnE3IohJZiw==/split_config.uk.apk' with 1 weak references
