07-16 06:55:27.425  3210  3210 I HoneySpace.PackageSourceImpl: addShortcutToList add key:com.samsung.android.app.contacts/.#UserHandle{0}  info:android.content.pm.LauncherActivityInfo@bc415bc
07-16 06:55:27.425  3210  3210 I HoneySpace.PackageSourceImpl: addShortcutToList remove duplicated key:com.samsung.android.app.contacts/.#UserHandle{0}  info:android.content.pm.LauncherActivityInfo@c84b945
07-16 06:55:27.425  3210  3210 I HoneySpace.PackageSourceImpl: addShortcutToList add key:com.samsung.android.app.contacts/.#UserHandle{0}  info:android.content.pm.LauncherActivityInfo@c84b945
07-16 06:55:27.425  3210  3210 I HoneySpace.PackageSourceImpl: addShortcutToList remove duplicated key:com.google.android.apps.docs/.#UserHandle{0}  info:android.content.pm.LauncherActivityInfo@554189a
07-16 06:55:27.425  3210  3210 I HoneySpace.PackageSourceImpl: addShortcutToList add key:com.google.android.apps.docs/.#UserHandle{0}  info:android.content.pm.LauncherActivityInfo@554189a
07-16 06:55:27.425  3210  3210 I HoneySpace.PackageSourceImpl: addShortcutToList remove duplicated key:com.google.android.apps.docs/.#UserHandle{0}  info:android.content.pm.LauncherActivityInfo@56995cb
07-16 06:55:27.425  3210  3210 I HoneySpace.PackageSourceImpl: addShortcutToList add key:com.google.android.apps.docs/.#UserHandle{0}  info:android.content.pm.LauncherActivityInfo@56995cb
07-16 06:55:27.426  3210  3210 I HoneySpace.PackageSourceImpl: addShortcutToList remove duplicated key:com.microsoft.office.outlook/.#UserHandle{0}  info:android.content.pm.LauncherActivityInfo@f9ad1a8
07-16 06:55:27.426  3210  3210 I HoneySpace.PackageSourceImpl: addShortcutToList add key:com.microsoft.office.outlook/.#UserHandle{0}  info:android.content.pm.LauncherActivityInfo@f9ad1a8
07-16 06:55:27.426  3210  3210 I HoneySpace.PackageSourceImpl: addShortcutToList remove duplicated key:com.microsoft.office.outlook/.#UserHandle{0}  info:android.content.pm.LauncherActivityInfo@bca4c1
07-16 06:55:27.426  3210  3210 I HoneySpace.PackageSourceImpl: addShortcutToList add key:com.microsoft.office.outlook/.#UserHandle{0}  info:android.content.pm.LauncherActivityInfo@bca4c1
07-16 06:55:27.426  3210  3210 I HoneySpace.PackageSourceImpl: addShortcutToList remove duplicated key:com.microsoft.skydrive/.#UserHandle{0}  info:android.content.pm.LauncherActivityInfo@8cb2466
07-16 06:55:27.426  3210  3210 I HoneySpace.PackageSourceImpl: addShortcutToList add key:com.microsoft.skydrive/.#UserHandle{0}  info:android.content.pm.LauncherActivityInfo@8cb2466
07-16 06:55:27.426  3210  3210 I HoneySpace.PackageSourceImpl: addShortcutToList remove duplicated key:com.sec.android.widgetapp.webmanual/.#UserHandle{0}  info:android.content.pm.LauncherActivityInfo@79c3a7
07-16 06:55:27.426  3210  3210 I HoneySpace.PackageSourceImpl: addShortcutToList add key:com.sec.android.widgetapp.webmanual/.#UserHandle{0}  info:android.content.pm.LauncherActivityInfo@79c3a7
07-16 06:55:27.426  3210  3210 I HoneySpace.PackageSourceImpl: addShortcutToList remove duplicated key:com.whatsapp/.#UserHandle{0}  info:android.content.pm.LauncherActivityInfo@79f6054
07-16 06:55:27.426  3210  3210 I HoneySpace.PackageSourceImpl: addShortcutToList add key:com.whatsapp/.#UserHandle{0}  info:android.content.pm.LauncherActivityInfo@79f6054
07-16 06:55:27.426  3210  3210 I HoneySpace.PackageSourceImpl: addShortcutToList remove duplicated key:com.whatsapp/.#UserHandle{0}  info:android.content.pm.LauncherActivityInfo@32dcbfd
07-16 06:55:27.426  3210  3210 I HoneySpace.PackageSourceImpl: addShortcutToList add key:com.whatsapp/.#UserHandle{0}  info:android.content.pm.LauncherActivityInfo@32dcbfd
07-16 06:55:27.430  3876 12662 E RoleControllerServiceImpl: Default/fallback role holder package doesn't qualify for the role, package: com.google.android.gms.supervision, role: android.app.role.SYSTEM_SUPERVISION
07-16 06:55:27.457  3876 12662 W Role    : Default holder doesn't have required signing certificate: com.google.android.apps.work.clouddpc:23962F4B43B9857638EA66F4D419518EAE282491ACDA4B94707BD59003C45E58
07-16 06:55:27.471  1357  1416 I SearchManagerService: updateSearchables
07-16 06:55:27.524  4825  5374 D LauncherApps: onPackageChanged 0,com.ton_keeper
07-16 06:55:27.524  2629 19770 D LauncherApps: onPackageChanged 0,com.ton_keeper
07-16 06:55:27.525  3210  3210 I HoneySpace.PackageOperationTracker: onPackageChanged - com.ton_keeper UserHandle{0}
07-16 06:55:27.525  1357  1416 I SemExecuteManagerService: onPackageModified
07-16 06:55:27.527  3210 12705 I HoneySpace.PackageSourceImpl: addActivityToList [ADD] : com.ton_keeper/com.tonapps.tonkeeper.ui.screen.root.RootActivity#UserHandle{0}
07-16 06:55:27.527  3210 12705 I HoneySpace.IconCache: remove icon cache & DB : com.ton_keeper UserHandle{0}
07-16 06:55:27.534  3210 12705 I AppIconSolution: getThemeIconWithBG called with public API, pkg = com.ton_keeper, mode = 48
07-16 06:55:27.534  3210 12705 I AppIconSolution: return adaptive icon for com.ton_keeper, isNight = false
07-16 06:55:27.534  3210 12705 I LauncherActivityInfo: packageName: com.ton_keeper, useThemeIcon: false, height: 202, width: 202, density: 640
07-16 06:55:27.542  3210 12086 I HoneySpace.IconCache: add icon DB: [com.ton_keeper/com.tonapps.tonkeeper.ui.screen.root.RootActivity#UserHandle{0}] - IconAndLabel(icon=android.graphics.Bitmap@e74f343, label=Tonkeeper X) | false | 640 | false
07-16 06:55:27.542  3210 12705 I HoneySpace.PackageSourceImpl: addWidgetToList make key:com.ton_keeper/.#UserHandle{0}  info:AppWidgetProviderInfo(UserHandle{0}/ComponentInfo{com.ton_keeper/com.tonapps.tonkeeper.core.widget.balance.WidgetBalanceProvider})
07-16 06:55:27.542  3210 12705 I HoneySpace.PackageSourceImpl: addWidgetToList add key:com.ton_keeper/.#UserHandle{0}  info:AppWidgetProviderInfo(UserHandle{0}/ComponentInfo{com.ton_keeper/com.tonapps.tonkeeper.core.widget.rate.WidgetRateProvider})
07-16 06:55:27.542  3210 12705 I HoneySpace.PackageSourceImpl: package changed info list size : 1
07-16 06:55:27.543  3210 12702 I HoneySpace.HoneySpacePackageSourceImpl: Package changed : com.ton_keeper
07-16 06:55:27.543  3210  3210 I HoneySpace.HoneySpaceManagerContainer: packageUpdateEvent - com.honeyspace.sdk.source.entity.PackageOperation$Changed@2bc2dc0
07-16 06:55:27.543  3210  3210 I HoneySpace.HoneySpaceManagerContainer: refreshHoneyPlugin, packageName: com.ton_keeper
07-16 06:55:27.543  3210 12702 I HoneySpace.HoneySpacePackageSourceImpl: getHiddenItems : 7
07-16 06:55:27.543  3210  9190 E HoneySpace.PackageUtils: com.samsung.android.app.spage is not installed
07-16 06:55:27.543  3210 12702 I HoneySpace.HoneySpacePackageSourceImpl: addActiveItem [ADD] : com.ton_keeper/com.tonapps.tonkeeper.ui.screen.root.RootActivity#UserHandle{0}
07-16 06:55:27.543  3210  9190 I HoneySpace.MinusOnePageUtils: ComponentInfo{com.samsung.android.app.spage/com.samsung.android.app.spage.main.MainActivity} package not installed
07-16 06:55:27.544  3210 12702 I SearchableManager: invalidate: com.ton_keeper
07-16 06:55:27.544  3210  3210 I HoneySpace.HoneySpacePackageSourceImpl: getHiddenItems : 7
07-16 06:55:27.544  3210  3210 I HoneySpace.HoneySpacePackageSourceImpl: getHiddenItems : 7
07-16 06:55:27.551  3210 12086 I HoneySpace.InstallSessionHelper: install session made by com.android.vending
07-16 06:55:27.551  3210 12086 I HoneySpace.InstallSessionHelper: install session made by com.android.vending
07-16 06:55:27.552  3210 12086 I HoneySpace.InstallSessionHelper: install session made by com.android.vending
07-16 06:55:27.553  3210 12086 I HoneySpace.InstallSessionHelper: install session made by com.android.vending
07-16 06:55:27.554  3210 12086 I HoneySpace.InstallSessionHelper: install session made by com.android.vending
07-16 06:55:27.554  3210 12086 I HoneySpace.InstallSessionHelper: getActiveSessions : {PackageKey(packageName=com.google.mainline.telemetry, user=UserHandle{0})=android.content.pm.PackageInstaller$SessionInfo@e69809f, PackageKey(packageName=com.google.mainline.adservices, user=UserHandle{0})=android.content.pm.PackageInstaller$SessionInfo@21665ec, PackageKey(packageName=mainline_train_primary, user=UserHandle{0})=android.content.pm.PackageInstaller$SessionInfo@71f7db5}
07-16 06:55:27.673  1357  2529 D WifiConnectivityMonitor: called startWcmPoll but already Ongoing
07-16 06:55:27.673  1357  2529 D SemWifiRssiBasePoller: RSSI_BASE_STOP
07-16 06:55:27.715  3876  3895 W ssioncontroller: ApkAssets: Deleting an ApkAssets object '<empty> and /data/app/~~k7434y8bDKyL2Qqb-w0mYQ==/com.google.android.googlequicksearchbox-x3Li_mhA4LmTojeV5_RYFw==/base.apk' with 1 weak references
07-16 06:55:27.715  3876  3895 W ssioncontroller: ApkAssets: Deleting an ApkAssets object '<empty> and /data/app/~~k7434y8bDKyL2Qqb-w0mYQ==/com.google.android.googlequicksearchbox-x3Li_mhA4LmTojeV5_RYFw==/split_config.xxhdpi.apk' with 1 weak references
07-16 06:55:27.764   796 13197 E Netd    : To use pid in case SEC_PRODUCT_FEATURE_KNOX_SUPPORT_NPA is false, to remove build error (unused variable)
07-16 06:55:27.766   796 13198 E Netd    : To use pid in case SEC_PRODUCT_FEATURE_KNOX_SUPPORT_NPA is false, to remove build error (unused variable)
07-16 06:55:27.793  1357  2547 D NetdEventListenerService: DNS Requested by 132, 1000, 29
07-16 06:55:27.857  4772  4772 I AccountReloadObserver: [C] received action: android.intent.action.PACKAGE_CHANGED, dat: package:com.ton_keeper
07-16 06:55:27.857  5025  5025 I SCS@AiSearch user 0: (PackageBroadcastReceiver) onReceive android.intent.action.PACKAGE_CHANGED
07-16 06:55:27.858  4772  4772 I AccountReloadObserver: [C] request reload: 3
07-16 06:55:27.858  5025  5025 I SCS@AiSearch user 0: (PackageBroadcastReceiver) packageName: com.ton_keeper
07-16 06:55:27.858  5025  5025 I SCS@AiSearch user 0: (PackageBroadcastReceiver) Packages changed: [com.ton_keeper]
07-16 06:55:27.858  4772  5022 I AccountTypeModel: [C] account reload start: 3
07-16 06:55:27.858  5025  5025 I SCS@AiSearch user 0: (AppsDataObserver) scheduling worker CMD_UPDATE_LIST
07-16 06:55:27.863  1357  3368 D PackageManager: setEnabledSetting : userId = 0 packageName = com.samsung.android.scs cmp = androidx.work.impl.background.systemalarm.RescheduleReceiver newState = 1 callingPackage = com.samsung.android.scs
07-16 06:55:27.864  1357  7029 D SecContentProvider: query(), uri = 30 selection = isLocalContactStorageAllowed
07-16 06:55:27.864  1357  7029 D RestrictionPolicy: isLocalContactStorageAllowed
07-16 06:55:27.864  1357  7029 D RestrictionPolicy: isLocalContactStorageAllowed(0) : true
07-16 06:55:27.866  1357  3368 D ApplicationPolicy: getApplicationStateEnabled : pkg = com.samsung.android.scs userId : 0
07-16 06:55:27.867  1357  3368 D ApplicationPolicy: getApplicationComponentState : pkg = com.samsung.android.scs userId : 0
07-16 06:55:27.870  4772  5022 I AccountTypeLoader: [C] add secure accounts (Knox:false, table:false)
07-16 06:55:27.877  4772  5022 I AccountTypeLoader: [C] add readonly account (readonly:false, table:false, att:false)
07-16 06:55:27.877  4772  5022 I TelephonyDataSource: [C] isMultiSimModel multiSimConfig : dsds
07-16 06:55:27.877  4772  5022 I SimModel: [C] isMultiSimModel : true
07-16 06:55:27.877  4772  5022 I AccountTypeLoader: [C] add sim1 account(support:true, multi:true)
07-16 06:55:27.877  4772  5022 I EsimUtil: [C] Esim is not supported
07-16 06:55:27.877  4772  5022 I CmcSettingManager: cmc activation : 0
07-16 06:55:27.877  4772  5022 I TelephonyDataSource: [C] isMultiSimModel multiSimConfig : dsds
07-16 06:55:27.877  4772  5022 I SimModel: [C] isMultiSimModel : true
07-16 06:55:27.882  4772  5022 I SimModel: [C] CompleteActiveSubscriptionInfoList : 2
07-16 06:55:27.882  4772  5022 I SimModel: [C] uuid1 : null
07-16 06:55:27.882  4772  5022 I SimModel: [C] opportunistic1 : {[SubscriptionInfo: id=3 iccId=893720380[****] simSlotIndex=0 portIndex=0 isEmbedded=false carrierId=669 displayName=Tele2 EE carrierName=Verizon Wireless | Tele2 EE isOpportunistic=false groupUuid=null groupOwner= isGroupDisabled=false displayNameSource=SIM_SPN iconTint=-16746133 number=[****] dataRoaming=0 mcc=248 mnc=03 ehplmns=[] hplmns=[24803, 24803, 24803] cardString=893720380[****] cardId=2 nativeAccessRules=null carrierConfigAccessRules=null countryIso=ee profileClass=-1 mType=LOCAL_SIM areUiccApplicationsEnabled=true usageSetting=DEFAULT].isOpportunistic}
07-16 06:55:27.882  4772  5022 I SimModel: [C] uuid2 : null
07-16 06:55:27.882  4772  5022 I SimModel: [C] opportunistic2 : false
07-16 06:55:27.882  4772  5022 I SimDataSource: [C] getSimIconIndex() iccTypeSlot : 2,2
07-16 06:55:27.882  4772  5022 I SimDataSource: [C] getSimIconIndex() [0] nIndex : 0
07-16 06:55:27.882  4772  5022 I SimDataSource: [C] getSimIcon(0) simIcon: 2131232028, iconIdx: 0
07-16 06:55:27.883  1357  3368 D SecContentProvider: query(), uri = 30 selection = isLocalContactStorageAllowed
07-16 06:55:27.883  1357  3368 D RestrictionPolicy: isLocalContactStorageAllowed
07-16 06:55:27.883  1357  3368 D RestrictionPolicy: isLocalContactStorageAllowed(0) : true
07-16 06:55:27.885  1357  7029 D SecContentProvider2: query(), uri = 18 selection = isCopyContactToSimAllowed
07-16 06:55:27.886  1357  7029 D SecContentProvider2: isCopyContactToSimAllowed = true
07-16 06:55:27.891  4772  5022 I SimModel: [C] CompleteActiveSubscriptionInfoList : 2
07-16 06:55:27.891  4772  5022 I SimModel: [C] uuid1 : null
07-16 06:55:27.891  4772  5022 I SimModel: [C] opportunistic1 : {[SubscriptionInfo: id=3 iccId=893720380[****] simSlotIndex=0 portIndex=0 isEmbedded=false carrierId=669 displayName=Tele2 EE carrierName=Verizon Wireless | Tele2 EE isOpportunistic=false groupUuid=null groupOwner= isGroupDisabled=false displayNameSource=SIM_SPN iconTint=-16746133 number=[****] dataRoaming=0 mcc=248 mnc=03 ehplmns=[] hplmns=[24803, 24803, 24803] cardString=893720380[****] cardId=2 nativeAccessRules=null carrierConfigAccessRules=null countryIso=ee profileClass=-1 mType=LOCAL_SIM areUiccApplicationsEnabled=true usageSetting=DEFAULT].isOpportunistic}
07-16 06:55:27.891  4772  5022 I SimModel: [C] uuid2 : null
07-16 06:55:27.891  4772  5022 I SimModel: [C] opportunistic2 : false
07-16 06:55:27.891  4772  5022 I AccountTypeLoader: [C] add sim2 account(support:true, opportunistic:false)
07-16 06:55:27.891  4772  5022 I EsimUtil: [C] Esim is not supported
07-16 06:55:27.891  4772  5022 I CmcSettingManager: cmc activation : 0
07-16 06:55:27.891  4772  5022 I TelephonyDataSource: [C] isMultiSimModel multiSimConfig : dsds
07-16 06:55:27.891  4772  5022 I SimModel: [C] isMultiSimModel : true
07-16 06:55:27.895  4772  5022 I SimModel: [C] CompleteActiveSubscriptionInfoList : 2
07-16 06:55:27.895  4772  5022 I SimModel: [C] uuid1 : null
07-16 06:55:27.895  4772  5022 I SimModel: [C] opportunistic1 : {[SubscriptionInfo: id=3 iccId=893720380[****] simSlotIndex=0 portIndex=0 isEmbedded=false carrierId=669 displayName=Tele2 EE carrierName=Verizon Wireless | Tele2 EE isOpportunistic=false groupUuid=null groupOwner= isGroupDisabled=false displayNameSource=SIM_SPN iconTint=-16746133 number=[****] dataRoaming=0 mcc=248 mnc=03 ehplmns=[] hplmns=[24803, 24803, 24803] cardString=893720380[****] cardId=2 nativeAccessRules=null carrierConfigAccessRules=null countryIso=ee profileClass=-1 mType=LOCAL_SIM areUiccApplicationsEnabled=true usageSetting=DEFAULT].isOpportunistic}
07-16 06:55:27.895  4772  5022 I SimModel: [C] uuid2 : null
07-16 06:55:27.895  4772  5022 I SimModel: [C] opportunistic2 : false
07-16 06:55:27.895  4772  5022 I SimDataSource: [C] getSimIconIndex() iccTypeSlot : 2,2
07-16 06:55:27.895  4772  5022 I SimDataSource: [C] getSimIconIndex() [1] nIndex : 1
07-16 06:55:27.895  4772  5022 I SimDataSource: [C] getSimIcon(1) simIcon: 2131232030, iconIdx: 1
07-16 06:55:27.897  1357  5308 D SecContentProvider: query(), uri = 30 selection = isLocalContactStorageAllowed
07-16 06:55:27.897  1357  5308 D RestrictionPolicy: isLocalContactStorageAllowed
07-16 06:55:27.897  1357  5308 D RestrictionPolicy: isLocalContactStorageAllowed(0) : true
07-16 06:55:27.899  1357  3368 D SecContentProvider2: query(), uri = 18 selection = isCopyContactToSimAllowed
07-16 06:55:27.899  1357  3368 D SecContentProvider2: isCopyContactToSimAllowed = true
07-16 06:55:27.900  4772  5022 I AccountTypeLoader: [C] add syncable account types
07-16 06:55:27.922  3876 12662 W Role    : Cannot get ApplicationInfo for default holder: com.android.devicelockcontroller
07-16 06:55:27.944  3210 12851 I SearchEngineAppSuggestion: packageUpdateEvent: com.honeyspace.sdk.source.entity.PackageOperation$Changed@2bc2dc0
07-16 06:55:27.945  3210 12851 I SearchEngineAppSuggestion: package changed: com.ton_keeper
07-16 06:55:27.945  3210 12851 I SearchEngine: query: reTriggered SUGGESTED_APPS 24
07-16 06:55:27.946  3210 12851 I SearchEngine: isComponentInApps() packageName : com.sec.android.app.sbrowser / className : com.sec.android.app.sbrowser.SBrowserMainActivity / userId : 0 / enable true / enabledSetting 0
07-16 06:55:27.947  3210 12851 I SearchEngine: isComponentInApps() packageName : com.samsung.android.messaging / className : com.android.mms.ui.ConversationComposer / userId : 0 / enable true / enabledSetting 0
07-16 06:55:27.947 12939 12963 W InteractionController: Timed out waiting 1000ms for command and events.
07-16 06:55:27.949  3210 12851 I SearchEngine: isComponentInApps() packageName : com.android.chrome / className : com.google.android.apps.chrome.Main / userId : 0 / enable true / enabledSetting 0
07-16 06:55:27.950  3210 12851 I SearchEngine: isComponentInApps() packageName : org.thunderdog.challegram / className : org.thunderdog.challegram.MainActivity / userId : 0 / enable true / enabledSetting 4
07-16 06:55:27.950  3210 12851 I SearchEngine: isComponentInApps() packageName : com.sec.android.app.myfiles / className : com.sec.android.app.myfiles.ui.MainActivity / userId : 0 / enable true / enabledSetting 0
07-16 06:55:27.951  3210 12851 I SearchEngine: isComponentInApps() packageName : org.mytonwallet.app / className : org.mytonwallet.app.MainActivity / userId : 0 / enable true / enabledSetting 0
07-16 06:55:27.951  3210 12851 I HoneySpace.SuggestAppDecor: cellX : 4
07-16 06:55:27.952  3210 12851 I ResultDataManager: Results: keys=SUGGESTED_TIPCARD, SUGGESTED_APPS, SUGGESTED_TAG, SUGGESTED_DIRECTORY, HISTORY_KEYWORD
07-16 06:55:27.952  3210 12087 I HoneySpace.ContentsViewModel: observed com.honeyspace.search.ui.honeypot.presentation.content.ContentsViewModel@126d6ef
07-16 06:55:27.953  3210 12087 I HoneySpace.ContentsViewModel: result onUpdated: SUGGESTED_APPS_
07-16 06:55:27.953  3210 12087 I HoneySpace.ContentsViewModel: result onRemoved: SUGGESTED_APPS_
07-16 06:55:27.953  3210 12087 I HoneySpace.ContentsViewModel: result onAdded: SUGGESTED_APPS_
07-16 06:55:27.955  3210 12087 I ContentsUI: onUpdate: [t9.a@96c0503, t9.a@fb3dc4a, t9.a@bdbea2d, t9.a@9ca9b62, t9.a@66834f3]
07-16 06:55:27.955  3210 12087 I ContentsUI: before Latch : Normal
07-16 06:55:27.955  3210 12087 I ContentsUI: request post
07-16 06:55:27.956  4772  5022 W SyncDataSource: [C] @2131887448
07-16 06:55:27.958  4772  5022 W SyncDataSource: [C] @2131886270
07-16 06:55:27.961  4772  5022 W SyncDataSource: [C] @2131886177
07-16 06:55:27.966  4772  5022 W SyncDataSource: [C] @2131886291
07-16 06:55:27.968  4772  5022 W SyncDataSource: [C] @2131886422
07-16 06:55:27.970  4772  5022 W SyncDataSource: [C] @2131886664
07-16 06:55:27.972  4772  5022 W SyncDataSource: [C] @2131886731
07-16 06:55:27.974  4772  5022 W SyncDataSource: [C] @2131887147
07-16 06:55:27.976  4772  5022 W SyncDataSource: [C] @2131886889
07-16 06:55:28.011 12939 12963 D Benchmark: Starting activity with command: am start  -W "intent:#Intent;action=android.intent.action.MAIN;category=android.intent.category.LAUNCHER;launchFlags=0x10008000;package=com.ton_keeper;component=com.ton_keeper/com.tonapps.tonkeeper.ui.screen.root.RootActivity;end"
07-16 06:55:28.028  4772  5022 I ExternalAccountType: [C] loadContactsXml : com.snapchat.android
07-16 06:55:28.030  4781  5661 W MediaProvider: isAppCloneUserPair for user 0: false
07-16 06:55:28.030  4772  5022 I ExternalAccountType: [C] Metadata loaded from: com.snapchat.android, com.snap.identity.enhancedcontacts.core.EnhancedContactsSyncService, android.provider.CONTACTS_STRUCTURE
07-16 06:55:28.030  4772  5022 I AccountTypeLoader: [C]  > added: resource packageName : com.snapchat.android, sync adapter packageName : com.snapchat.android, isExtension : false
07-16 06:55:28.030  4772  5022 I ExternalAccountType: [C] loadContactsXml : org.thoughtcrime.securesms
07-16 06:55:28.032  4772  5022 I ExternalAccountType: [C] Metadata loaded from: org.thoughtcrime.securesms, org.thoughtcrime.securesms.service.ContactsSyncAdapterService, android.provider.CONTACTS_STRUCTURE
07-16 06:55:28.032  4772  5022 I AccountTypeLoader: [C]  > added: resource packageName : org.thoughtcrime.securesms, sync adapter packageName : org.thoughtcrime.securesms, isExtension : false
07-16 06:55:28.033  4772  5022 I AccountTypeLoader: [C]  > added: accountType : com.google, dataSet : null
07-16 06:55:28.033  4772  5022 I ExternalAccountType: [C] loadContactsXml : com.vkontakte.android
07-16 06:55:28.035  4772  5022 I ExternalAccountType: [C] Metadata loaded from: com.vkontakte.android, com.vk.contacts.ContactSyncAdapterService, android.provider.CONTACTS_STRUCTURE
07-16 06:55:28.036  4772  5022 I AccountTypeLoader: [C]  > added: resource packageName : com.vkontakte.android, sync adapter packageName : com.vkontakte.android, isExtension : false
07-16 06:55:28.036  4772  5022 I ExternalAccountType: [C] loadContactsXml : org.telegram.messenger
07-16 06:55:28.035  1357  7401 D SyncManager: userId - 0 auto - true
07-16 06:55:28.039  4772  5022 I ExternalAccountType: [C] Metadata loaded from: org.telegram.messenger, org.telegram.messenger.ContactsSyncAdapterService, android.provider.CONTACTS_STRUCTURE
07-16 06:55:28.039  4772  5022 I AccountTypeLoader: [C]  > added: resource packageName : org.telegram.messenger, sync adapter packageName : org.telegram.messenger, isExtension : false
07-16 06:55:28.040  4772  5022 I ExternalAccountType: [C] loadContactsXml : com.google.android.apps.tachyon
07-16 06:55:28.042  4772  5022 I ExternalAccountType: [C] Metadata loaded from: com.google.android.apps.tachyon, com.google.android.apps.tachyon.contacts.sync.SyncService, android.provider.CONTACTS_STRUCTURE
07-16 06:55:28.042  4772  5022 I AccountTypeLoader: [C]  > added: resource packageName : com.google.android.apps.tachyon, sync adapter packageName : com.google.android.apps.tachyon, isExtension : false
07-16 06:55:28.042  4772  5022 I ExternalAccountType: [C] loadContactsXml : com.whatsapp
07-16 06:55:28.044  4772  5022 I ExternalAccountType: [C] Metadata loaded from: com.whatsapp, com.whatsapp.contact.sync.ContactsSyncAdapterService, android.provider.CONTACTS_STRUCTURE
07-16 06:55:28.044  4772  5022 I AccountTypeLoader: [C]  > added: resource packageName : com.whatsapp, sync adapter packageName : com.whatsapp, isExtension : false
07-16 06:55:28.046  4772  5022 I AccountTypeLoader: [C]  > added: accountType : com.google.android.gm.exchange, dataSet : null
07-16 06:55:28.048  4772  5022 I AccountTypeLoader: [C]  > added: accountType : com.osp.app.signin, dataSet : null
07-16 06:55:28.049  4772  5022 I AccountTypeLoader: [C]  > added: accountType : com.samsung.android.coreapps, dataSet : null
07-16 06:55:28.049  4772  5022 I ExternalAccountType: [C] loadContactsXml : com.google.android.apps.plus
07-16 06:55:28.050  4772  5022 E ExternalAccountType: [C] Package was found, but that doesn't contain the CONTACTS_STRUCTURE metadata
07-16 06:55:28.050  4772  5022 I AccountTypeLoader: [C] add syncable accounts (table:false, UIM:false, Samsung:false)
07-16 06:55:28.056  4772  5022 I AccountTypeLoader: [C]  > added account: com.whatsapp
07-16 06:55:28.057  4772  5022 I AccountTypeLoader: [C]  > added account: com.google
07-16 06:55:28.059  4772  5022 I AccountTypeLoader: [C]  > added account: com.google.android.apps.tachyon
07-16 06:55:28.060  4772  5022 I AccountTypeLoader: [C]  > added account: com.osp.app.signin
07-16 06:55:28.061  4772  5022 I AccountTypeLoader: [C]  > added account: com.samsung.android.coreapps
07-16 06:55:28.062  4772  5022 I AccountTypeLoader: [C]  > added account: com.vkontakte.account
07-16 06:55:28.064  4772  5022 I AccountTypeLoader: [C]  > added account: com.vkontakte.account
07-16 06:55:28.065  4772  5022 I AccountTypeLoader: [C]  > added account: org.telegram.messenger
07-16 06:55:28.066  4772  5022 I AccountTypeLoader: [C]  > added account: org.telegram.messenger
07-16 06:55:28.067  4772  5022 I AccountTypeLoader: [C]  > added account: org.telegram.messenger
07-16 06:55:28.090  4772  5022 I AccountTypeModel: [C] Accounts change = false, types change = true, loaded = true
07-16 06:55:28.090  4772  5022 I AccountTypeModel: [C] account reload finish: 3
07-16 06:55:28.093 26254 12546 I NetworkScheduler.Stats: (REDACTED) Task %s/%s started execution. cause:%s exec_start_elapsed_seconds: %s
07-16 06:55:28.094  1357  1417 I SemDvfsHyPerManager: acquire hyper - APP_LAUNCH/1357@27, type = -999
07-16 06:55:28.094   820   865 I HYPER-HAL: [RequestManager.cpp]acquire(): Acquired ID : 958447  [1357 / 27]    HINT : APP_LAUNCH    list :
07-16 06:55:28.095  1357  1410 I ChimeraSystemEventListener: appLaunchIntent package name is: com.ton_keeper
07-16 06:55:28.095   820   865 I mtkpower_client: perf_lock_acq, hdl:0, dur:0, num:2, tid:865
07-16 06:55:28.096   820   865 I mtkpower_client: ret_hdl:8896
07-16 06:55:28.096   830   892 I libPowerHal: [perfLockAcq] idx:0 hdl:8896 hint:-1 pid:820 duration:0 lock_user:vendor.samsung. => ret_hdl:8896
07-16 06:55:28.096   820   865 I mtkpower_client: perf_lock_acq, hdl:0, dur:0, num:2, tid:865
07-16 06:55:28.098   830   892 I libPowerHal: [PE] vendor.samsung. update cmd:300c000, param:15
07-16 06:55:28.098   820   865 I mtkpower_client: ret_hdl:8897
07-16 06:55:28.098   830   892 I libPowerHal: [perfLockAcq] idx:1 hdl:8897 hint:-1 pid:820 duration:0 lock_user:vendor.samsung. => ret_hdl:8897
07-16 06:55:28.099   830   892 I libPowerHal: [PE] (more) /proc/mcdi/state set +prefix:enable 0;
07-16 06:55:28.099  1357  2630 W System.err: java.io.FileNotFoundException: /proc/13050/io_record_control: open failed: ENOENT (No such file or directory)
07-16 06:55:28.100  1357  2630 W System.err: 	at libcore.io.IoBridge.open(IoBridge.java:574)
07-16 06:55:28.100  1357  2630 W System.err: 	at java.io.FileOutputStream.<init>(FileOutputStream.java:236)
07-16 06:55:28.100  1357  2630 W System.err: 	at java.io.FileOutputStream.<init>(FileOutputStream.java:186)
07-16 06:55:28.100  1357  2630 W System.err: 	at java.io.FileWriter.<init>(FileWriter.java:96)
07-16 06:55:28.100  1357  2630 W System.err: 	at com.android.server.am.Pageboost$IoRecord.write(Pageboost.java:1711)
07-16 06:55:28.100  1357  2630 W System.err: 	at com.android.server.am.Pageboost$IoRecord.<init>(Pageboost.java:1699)
07-16 06:55:28.100  1357  2630 W System.err: 	at com.android.server.am.Pageboost$PageboostAppCapture.record(Pageboost.java:2109)
07-16 06:55:28.100  1357  2630 W System.err: 	at com.android.server.am.Pageboost$PageboostAppCapture.capture(Pageboost.java:2060)
07-16 06:55:28.100  1357  2630 W System.err: 	at com.android.server.am.Pageboost$PageboostHandler.handleMessage(Pageboost.java:2456)
07-16 06:55:28.100  1357  2630 W System.err: 	at android.os.Handler.dispatchMessage(Handler.java:106)
07-16 06:55:28.100  1357  2630 W System.err: 	at android.os.Looper.loopOnce(Looper.java:230)
07-16 06:55:28.100   820   865 I mtkpower_client: perf_lock_acq, hdl:0, dur:0, num:2, tid:865
07-16 06:55:28.100  1357  2630 W System.err: 	at android.os.Looper.loop(Looper.java:319)
07-16 06:55:28.100  1357  2630 W System.err: 	at android.os.HandlerThread.run(HandlerThread.java:67)
07-16 06:55:28.100  1357  2630 W System.err: 	at com.android.server.ServiceThread.run(ServiceThread.java:46)
07-16 06:55:28.100  1357  2630 W System.err: Caused by: android.system.ErrnoException: open failed: ENOENT (No such file or directory)
07-16 06:55:28.100  1357  2630 W System.err: 	at libcore.io.Linux.open(Native Method)
07-16 06:55:28.100  1357  2630 W System.err: 	at libcore.io.ForwardingOs.open(ForwardingOs.java:563)
07-16 06:55:28.100  1357  2630 W System.err: 	at libcore.io.BlockGuardOs.open(BlockGuardOs.java:274)
07-16 06:55:28.100  1357  2630 W System.err: 	at libcore.io.IoBridge.open(IoBridge.java:560)
07-16 06:55:28.100  1357  2630 W System.err: 	... 13 more
07-16 06:55:28.102   820   865 I mtkpower_client: ret_hdl:8898
07-16 06:55:28.102   820   865 I mtkpower_client: perf_lock_acq, hdl:0, dur:0, num:2, tid:865
07-16 06:55:28.102   830   892 I libPowerHal: [perfLockAcq] idx:2 hdl:8898 hint:-1 pid:820 duration:0 lock_user:vendor.samsung. => ret_hdl:8898
07-16 06:55:28.102  1357  3537 I SemDvfsHyPerManager: acquire hyper - AMS_APP_SWITCH/1357@20, type = -999
07-16 06:55:28.102   830   892 I libPowerHal: vendor.samsung.: cpu_ctrl set cpu freq: 1800000 -1 -1 -1
07-16 06:55:28.104   853  1685 E BufferQueueDebug: [Task=193#8265](this:0xb4000070b3d45790,id:-1,api:0,p:-1,c:-1) id info cannot be read from 'Task=193#8265'
07-16 06:55:28.104   820   865 I mtkpower_client: ret_hdl:8899
07-16 06:55:28.104   820   865 I mtkpower_client: perf_lock_acq, hdl:0, dur:0, num:2, tid:865
07-16 06:55:28.104   853  1685 I BufferQueueDebug: [Task=193#8265](this:0xb4000070b3d45790,id:-1,api:0,p:-1,c:-1) BufferQueue core=(853:/system/bin/surfaceflinger)
07-16 06:55:28.104   820   865 I mtkpower_client: ret_hdl:8900
07-16 06:55:28.104   820   865 I HYPER-HAL: [RequestManager.cpp]acquire(): Acquired ID : 948773  [1357 / 20]    HINT : AMS_ACT_SWITCH    list :
07-16 06:55:28.104   853  1685 I SurfaceFlinger: id=8265 createSurf, flag=24004, Task=193#8265
07-16 06:55:28.105   820   865 I mtkpower_client: perf_lock_rel, hdl:8896, tid:865
07-16 06:55:28.105   820   865 I mtkpower_client: perf_lock_acq, hdl:0, dur:0, num:2, tid:865
07-16 06:55:28.105   830   892 I libPowerHal: [perfLockAcq] idx:3 hdl:8899 hint:-1 pid:820 duration:0 lock_user:vendor.samsung. => ret_hdl:8899
07-16 06:55:28.105  3210  3210 I CardAdapter: setCards: SUGGESTED_TIPCARD, SUGGESTED_APPS, SUGGESTED_TAG, SUGGESTED_DIRECTORY, HISTORY_KEYWORD
07-16 06:55:28.106   830   892 I libPowerHal: [PE] vendor.samsung. update cmd:1000000, param:0
07-16 06:55:28.106   830   892 I libPowerHal: [PE] vendor.samsung. update cmd:1000000 param:0
07-16 06:55:28.106   830   892 I libPowerHal: [perfLockAcq] idx:4 hdl:8900 hint:-1 pid:820 duration:0 lock_user:vendor.samsung. => ret_hdl:8900
07-16 06:55:28.107   830   892 I libPowerHal: vendor.samsung.: cpu_ctrl set cpu freq: 1800000 -1 2000000 -1
07-16 06:55:28.107   830   892 I libPowerHal: [perfLockRel] hdl:8896, idx:0
07-16 06:55:28.107   830   892 I libPowerHal: [PD] vendor.samsung. update cmd:300c000 param:0
07-16 06:55:28.108   853  1685 E BufferQueueDebug: [ActivityRecord{83c513 u0 com.ton_keeper/com.tonapps.tonkeeper.ui.screen.root.RootActivity t193}#8266](this:0xb4000070b3d48790,id:-1,api:0,p:-1,c:-1) id info cannot be read from 'ActivityRecord{83c513 u0 com.ton_keeper/com.tonapps.tonkeeper.ui.screen.root.RootActivity t193}#8266'
07-16 06:55:28.108   820   865 I mtkpower_client: ret_hdl:8901
07-16 06:55:28.108   853  1685 I BufferQueueDebug: [ActivityRecord{83c513 u0 com.ton_keeper/com.tonapps.tonkeeper.ui.screen.root.RootActivity t193}#8266](this:0xb4000070b3d48790,id:-1,api:0,p:-1,c:-1) BufferQueue core=(853:/system/bin/surfaceflinger)
07-16 06:55:28.108   830   892 I libPowerHal: [perfLockAcq] idx:5 hdl:8901 hint:-1 pid:820 duration:0 lock_user:vendor.samsung. => ret_hdl:8901
07-16 06:55:28.108   820   865 I mtkpower_client: perf_lock_rel, hdl:8897, tid:865
07-16 06:55:28.108   853  1685 I SurfaceFlinger: id=8266 createSurf, flag=84004, ActivityRecord{83c513 u0 com.ton_keeper/com.tonapps.tonkeeper.ui.screen.root.RootActivity t193}#8266
07-16 06:55:28.108   830   892 I libPowerHal: [PE] vendor.samsung. update cmd:300c000, param:15
07-16 06:55:28.109   820   865 I mtkpower_client: perf_lock_acq, hdl:0, dur:0, num:2, tid:865
07-16 06:55:28.109   830   892 I libPowerHal: [perfLockRel] hdl:8897, idx:1
07-16 06:55:28.109   830   892 I libPowerHal: [PD] vendor.samsung. update cmd:1c3c000 param:1
07-16 06:55:28.110   830   892 I libPowerHal: [PD] (more) /proc/mcdi/state set +prefix:enable 1;
07-16 06:55:28.110 26254 13014 I NetworkScheduler.Stats: (REDACTED) Task %s/%s finished executing. cause:%s result: %s elapsed_millis: %s uptime_millis: %s exec_start_elapsed_seconds: %s
07-16 06:55:28.110   830   846 I mtkpower@impl: [setMode] type:5, enabled:1
07-16 06:55:28.111   820   865 I mtkpower_client: ret_hdl:8902
07-16 06:55:28.111   820   865 I mtkpower_client: perf_lock_rel, hdl:8898, tid:865
07-16 06:55:28.111   830   892 I libPowerHal: [perfLockAcq] idx:0 hdl:8902 hint:-1 pid:820 duration:0 lock_user:vendor.samsung. => ret_hdl:8902
07-16 06:55:28.111   830   892 I libPowerHal: [PE] (more) /proc/mcdi/state set +prefix:enable 0;
07-16 06:55:28.112   820   865 I mtkpower_client: perf_lock_acq, hdl:0, dur:0, num:2, tid:865
07-16 06:55:28.113   830   892 I libPowerHal: [perfLockRel] hdl:8898, idx:2
07-16 06:55:28.113   830   892 I libPowerHal: vendor.samsung.: cpu_ctrl set cpu freq: -1 -1 2000000 -1
07-16 06:55:28.114  1357  3368 I SemDvfsHyPerManager: acquire hyper - AMS_APP_LAUNCH/1357@17, type = -999
07-16 06:55:28.114   820   865 I mtkpower_client: ret_hdl:8903
07-16 06:55:28.114   820   865 I mtkpower_client: perf_lock_rel, hdl:8899, tid:865
07-16 06:55:28.114  3599  3599 E pageboostd: Received HALT command code 2
07-16 06:55:28.114   830   892 I libPowerHal: [perfLockAcq] idx:1 hdl:8903 hint:-1 pid:820 duration:0 lock_user:vendor.samsung. => ret_hdl:8903
07-16 06:55:28.114   830   892 I libPowerHal: vendor.samsung.: cpu_ctrl set cpu freq: 1800000 -1 2000000 -1
07-16 06:55:28.115   820   865 I mtkpower_client: perf_lock_acq, hdl:0, dur:0, num:2, tid:865
07-16 06:55:28.115   830   892 I libPowerHal: [perfLockRel] hdl:8899, idx:3
07-16 06:55:28.115   830   892 I libPowerHal: [PD] vendor.samsung. update cmd:1000000, param:-1
07-16 06:55:28.115   830   892 I libPowerHal: [PD] vendor.samsung. update cmd:1000000 param:-1
07-16 06:55:28.115  3210  3210 I HoneySpace.BackgroundManagerImpl: capturedBlurView: pause(com.sec.android.app.launcher.Launcher@f2bdab9, 254532281)
07-16 06:55:28.116   820   865 I mtkpower_client: ret_hdl:8904
07-16 06:55:28.116   820   865 I mtkpower_client: perf_lock_rel, hdl:8900, tid:865
07-16 06:55:28.116  3210  3210 I HoneySpace.Launcher: !@Boot_EBS_D: Launcher.onPause()
07-16 06:55:28.116   830   892 I libPowerHal: [perfLockAcq] idx:2 hdl:8904 hint:-1 pid:820 duration:0 lock_user:vendor.samsung. => ret_hdl:8904
07-16 06:55:28.116   830   892 I libPowerHal: [PE] vendor.samsung. update cmd:1000000, param:0
07-16 06:55:28.116   830   892 I libPowerHal: [PE] vendor.samsung. update cmd:1000000 param:0
07-16 06:55:28.116  3210  3210 I HoneySpace.Launcher: updateLauncherShowing true -> false
07-16 06:55:28.116  3210 12196 I HoneySpace.SPayHandler: updateSpayHandler launcher activity is paused false
07-16 06:55:28.117   830   892 I libPowerHal: [perfLockRel] hdl:8900, idx:4
07-16 06:55:28.117   820   865 I mtkpower_client: perf_lock_acq, hdl:0, dur:0, num:2, tid:865
07-16 06:55:28.117   830   892 I libPowerHal: vendor.samsung.: cpu_ctrl set cpu freq: 1800000 -1 -1 -1
07-16 06:55:28.118   830   892 I libPowerHal: [perfLockAcq] idx:3 hdl:8905 hint:-1 pid:820 duration:0 lock_user:vendor.samsung. => ret_hdl:8905
07-16 06:55:28.118   830   892 I libPowerHal: vendor.samsung.: cpu_ctrl set cpu freq: 1800000 -1 2000000 -1
07-16 06:55:28.120   853  1685 D SurfaceFlinger: [SF client] NEW(0xb4000070ba8fda00) for (2629:com.android.systemui)
07-16 06:55:28.121   808   808 I hwcomposer: [HWCDisplay] [Display_0 (type:1)] fps:1.654068,dur:1209.14,max:1175.91,min:33.23
07-16 06:55:28.121   820   865 I mtkpower_client: ret_hdl:8905
07-16 06:55:28.121   820   865 I HYPER-HAL: [RequestManager.cpp]acquire(): Acquired ID : 944642  [1357 / 17]    HINT : AMS_APP_LAUNCH    list :
07-16 06:55:28.122   820   865 I mtkpower_client: perf_lock_rel, hdl:8901, tid:865
07-16 06:55:28.122  2629  2720 D NativeCustomFrequencyManager: [NativeCFMS] BpCustomFrequencyManager::BpCustomFrequencyManager()
07-16 06:55:28.123   853   953 E RenderEngine: updatePQFlag: get gralloc GRALLOC_EXTRA_GET_AI_PQ_INFO fail, return
07-16 06:55:28.124   853   953 E RenderEngine: updatePQFlag: get gralloc GRALLOC_EXTRA_GET_AI_PQ_INFO fail, return
07-16 06:55:28.126   820   865 I mtkpower_client: perf_lock_acq, hdl:0, dur:0, num:2, tid:865
07-16 06:55:28.126   830   892 I libPowerHal: [perfLockRel] hdl:8901, idx:5
07-16 06:55:28.126   830   892 I libPowerHal: [PD] vendor.samsung. update cmd:300c000 param:0
07-16 06:55:28.128  1357  1583 D InputTransport: Input channel constructed: 'cd3c080', fd=1019
07-16 06:55:28.128  1357  1583 D InputTransport: Input channel constructed: 'cd3c080', fd=1025
07-16 06:55:28.128  1357  1583 D InputTransport: Input channel constructed: 'cd3c080', fd=1028
07-16 06:55:28.128  3210  3358 I HoneySpace.TopTaskSource: onTaskMovedToFront : taskId = 193
07-16 06:55:28.128   853  1685 E BufferQueueDebug: [cd3c080 Splash Screen com.ton_keeper#8267](this:0xb4000070b3d4b790,id:-1,api:0,p:-1,c:-1) id info cannot be read from 'cd3c080 Splash Screen com.ton_keeper#8267'
07-16 06:55:28.128   853  1685 I BufferQueueDebug: [cd3c080 Splash Screen com.ton_keeper#8267](this:0xb4000070b3d4b790,id:-1,api:0,p:-1,c:-1) BufferQueue core=(853:/system/bin/surfaceflinger)
07-16 06:55:28.128   853  1685 I SurfaceFlinger: id=8267 createSurf, flag=84004, cd3c080 Splash Screen com.ton_keeper#8267
07-16 06:55:28.129  3210  3361 I HoneySpace.TopTaskUseCase: topTasks 193 ComponentInfo{com.ton_keeper/com.tonapps.tonkeeper.ui.screen.root.RootActivity}
07-16 06:55:28.129   820   865 I mtkpower_client: ret_hdl:8906
07-16 06:55:28.129   820   865 I mtkpower_client: perf_lock_rel, hdl:8902, tid:865
07-16 06:55:28.129   830   892 I libPowerHal: [perfLockAcq] idx:4 hdl:8906 hint:-1 pid:820 duration:0 lock_user:vendor.samsung. => ret_hdl:8906
07-16 06:55:28.129   830   892 I libPowerHal: [PE] vendor.samsung. update cmd:300c000, param:15
07-16 06:55:28.130   830   892 I libPowerHal: [perfLockRel] hdl:8902, idx:0
07-16 06:55:28.130   820   865 I mtkpower_client: perf_lock_acq, hdl:0, dur:0, num:2, tid:865
07-16 06:55:28.130   830   892 I libPowerHal: [PD] vendor.samsung. update cmd:1c3c000 param:1
07-16 06:55:28.130   830   892 I libPowerHal: [PD] (more) /proc/mcdi/state set +prefix:enable 1;
07-16 06:55:28.130  1357  1583 D InputTransport: Input channel destroyed: 'cd3c080', fd=1028
07-16 06:55:28.132   820   865 I mtkpower_client: ret_hdl:8907
07-16 06:55:28.132   830   892 I libPowerHal: [perfLockAcq] idx:0 hdl:8907 hint:-1 pid:820 duration:0 lock_user:vendor.samsung. => ret_hdl:8907
07-16 06:55:28.132   820   865 I mtkpower_client: perf_lock_rel, hdl:8903, tid:865
07-16 06:55:28.132  2629  2715 I InsetsController: onStateChanged: host=Splash Screen com.ton_keeper, from=android.view.ViewRootImpl.setView:1753, state=InsetsState: {mDisplayFrame=Rect(0, 0 - 1080, 2408), mDisplayCutout=DisplayCutout{insets=Rect(0, 64 - 0, 0) waterfall=Insets{left=0, top=0, right=0, bottom=0} boundingRect={Bounds=[Rect(0, 0 - 0, 0), Rect(468, 0 - 612, 64), Rect(0, 0 - 0, 0), Rect(0, 0 - 0, 0)]} cutoutPathParserInfo={CutoutPathParserInfo{displayWidth=1080 displayHeight=2408 physicalDisplayWidth=1080 physicalDisplayHeight=2408 density={2.8125} cutoutSpec={M 0,0 H -25.6 V 22.75555555555556 H 25.6 V 0 H 0 Z @dp} rotation={0} scale={1.0} physicalPixelDisplaySizeRatio={1.0}}}}, mRoundedCorners=RoundedCorners{[RoundedCorner{position=TopLeft, radius=0, center=Point(0, 0)}, RoundedCorner{position=TopRight, radius=0, center=Point(0, 0)}, RoundedCorner{position=BottomRight, radius=0, center=Point(0, 0)}, RoundedCorner{position=BottomLeft, radius=0, center=Point(0, 0)}]}  mRoundedCornerFrame=Rect(0, 0 - 1080, 2408), mPrivacyIndicatorBounds=PrivacyIndicatorBounds {static bounds=Rect(956, 0 - 1080, 64) rotation=0}, mDisplayShape=DisplayShape{ spec=-311912193 displayWidth=1080 displayHeight=2408 physicalPixelDisplaySizeRatio=1.0 rotation=0 offsetX=0 offsetY=0 scale=1.0}, mSources= { InsetsSource: {3 mType=ime mFrame=[0,0][0,0] mVisible=false mFlags=[]}, InsetsSource: {27 mType=displayCutout mFrame=[0,0][1080,64] mVisible=true mFlags=[]}, InsetsSource: {7e40000 mType=statusBars mFrame=[0,0][1080,64] mVisible=true mFlags=[]}, InsetsSource: {7e40005 mType=mandatorySystemGestures mFrame=[0,0][1080,98] mVisible=true mFlags=[]}, InsetsSource: {7e40006 mType=tappableElement mFrame=[0,0][1080,64] mVisible=true mFlags=[]}, InsetsSource: {29140001 mType=navigationBars mFrame=[0,2366][1080,2408] mVisible=true mFlags=[SUPPRESS_SCRIM]}, InsetsSource: {29140004 mType=systemGestures mFrame=[0,0][84,2408] mVisible=true mFlags=[]}, InsetsSource: {29140005 mType=mandatorySystemGestures mFrame=[0,2318][1080,2408] mVisible=true mFlags=[]}, InsetsSource: {29140006 mType=tappableElement mFrame=[0,0][0,0] mVisible=true mFlags=[]}, InsetsSource: {29140024 mType=systemGestures mFrame=[996,0][1080,2408] mVisible=true mFlags=[]} }
07-16 06:55:28.132   830   892 I libPowerHal: [PE] (more) /proc/mcdi/state set +prefix:enable 0;
07-16 06:55:28.132  2629  2715 I ViewRootImpl@c5dce4e[ton_keeper]: synced displayState. AttachInfo displayState=2
07-16 06:55:28.132   820   865 I mtkpower_client: perf_lock_acq, hdl:0, dur:0, num:2, tid:865
07-16 06:55:28.134   830   892 I libPowerHal: [perfLockRel] hdl:8903, idx:1
07-16 06:55:28.134   830   892 I libPowerHal: vendor.samsung.: cpu_ctrl set cpu freq: -1 -1 2000000 -1
07-16 06:55:28.135  2629  2715 I ViewRootImpl@c5dce4e[ton_keeper]: setView = android.widget.FrameLayout@106eb24 TM=true
07-16 06:55:28.135   820   865 I mtkpower_client: ret_hdl:8908
07-16 06:55:28.135   830   892 I libPowerHal: [perfLockAcq] idx:5 hdl:8908 hint:-1 pid:820 duration:0 lock_user:vendor.samsung. => ret_hdl:8908
07-16 06:55:28.135   820   865 I mtkpower_client: perf_lock_rel, hdl:8904, tid:865
07-16 06:55:28.135   830   892 I libPowerHal: vendor.samsung.: cpu_ctrl set cpu freq: 1800000 -1 2000000 -1
07-16 06:55:28.135   820   865 I mtkpower_client: perf_lock_acq, hdl:0, dur:0, num:2, tid:865
07-16 06:55:28.135   830   892 I libPowerHal: [perfLockRel] hdl:8904, idx:2
07-16 06:55:28.135   830   892 I libPowerHal: [PD] vendor.samsung. update cmd:1000000, param:-1
07-16 06:55:28.136   830   892 I libPowerHal: [PD] vendor.samsung. update cmd:1000000 param:-1
07-16 06:55:28.136   820   865 I mtkpower_client: ret_hdl:8909
07-16 06:55:28.136   830   892 I libPowerHal: [perfLockAcq] idx:1 hdl:8909 hint:-1 pid:820 duration:0 lock_user:vendor.samsung. => ret_hdl:8909
07-16 06:55:28.136   820   865 I mtkpower_client: perf_lock_rel, hdl:8905, tid:865
07-16 06:55:28.136   830   892 I libPowerHal: [PE] vendor.samsung. update cmd:1000000, param:0
07-16 06:55:28.136   830   892 I libPowerHal: [PE] vendor.samsung. update cmd:1000000 param:0
07-16 06:55:28.137   830   892 I libPowerHal: [perfLockRel] hdl:8905, idx:3
07-16 06:55:28.137   820   865 I mtkpower_client: perf_lock_acq, hdl:0, dur:0, num:2, tid:865
07-16 06:55:28.137   830   892 I libPowerHal: vendor.samsung.: cpu_ctrl set cpu freq: 1800000 -1 -1 -1
07-16 06:55:28.138   830   892 I libPowerHal: [perfLockAcq] idx:2 hdl:8910 hint:-1 pid:820 duration:0 lock_user:vendor.samsung. => ret_hdl:8910
07-16 06:55:28.138   830   892 I libPowerHal: vendor.samsung.: cpu_ctrl set cpu freq: 1800000 -1 2000000 -1
07-16 06:55:28.138   820   865 I mtkpower_client: ret_hdl:8910
07-16 06:55:28.141   979   979 I CameraService: onUidStateChanged: uid=10046, procState is changed. (0 -> 1)
07-16 06:55:28.142  3210 12087 I HoneySpace.RecentTasks: onRecentTasksChanged
07-16 06:55:28.145   853  1685 D SurfaceFlinger: [SF client] NEW(0xb4000070da4b6000) for (2629:com.android.systemui)
07-16 06:55:28.146   853  1223 E BufferQueueDebug: [SurfaceControlViewHost#8268](this:0xb4000070bbf5f790,id:-1,api:0,p:-1,c:-1) id info cannot be read from 'SurfaceControlViewHost#8268'
07-16 06:55:28.146   853  1223 I BufferQueueDebug: [SurfaceControlViewHost#8268](this:0xb4000070bbf5f790,id:-1,api:0,p:-1,c:-1) BufferQueue core=(853:/system/bin/surfaceflinger)
07-16 06:55:28.146   853  1223 I SurfaceFlinger: id=8268 createSurf, flag=84004, SurfaceControlViewHost#8268
07-16 06:55:28.147  1357  1422 W libprocessgroup: SetCgroup::ExecuteForProcess: failed to open /dev/blkio//cgroup.procs: No such file or directory
07-16 06:55:28.147   853  1685 D SurfaceFlinger: [SF client] NEW(0xb4000070cf29cc00) for (2629:com.android.systemui)
07-16 06:55:28.148   853  3018 D SurfaceFlinger: [SF client] NEW(0xb4000070dc014700) for (2629:com.android.systemui)
07-16 06:55:28.149  2629  2720 D NativeCustomFrequencyManager: [NativeCFMS] BpCustomFrequencyManager::BpCustomFrequencyManager()
07-16 06:55:28.152   853  1223 E BufferQueueDebug: [Leash#8269](this:0xb4000070b1616790,id:-1,api:0,p:-1,c:-1) id info cannot be read from 'Leash#8269'
07-16 06:55:28.152   853  1223 I BufferQueueDebug: [Leash#8269](this:0xb4000070b1616790,id:-1,api:0,p:-1,c:-1) BufferQueue core=(853:/system/bin/surfaceflinger)
07-16 06:55:28.152   853  1223 I SurfaceFlinger: id=8269 createSurf, flag=44004, Leash#8269
07-16 06:55:28.153  1357  1422 W libprocessgroup: SetCgroup::ExecuteForProcess: failed to open /dev/blkio//cgroup.procs: No such file or directory
07-16 06:55:28.153   853   853 I BpBinder: onLastStrongRef automatically unlinking death recipients:
07-16 06:55:28.155   853  1223 E BufferQueueDebug: [#8270](this:0xb4000070b1619790,id:-1,api:0,p:-1,c:-1) id info cannot be read from '#8270'
07-16 06:55:28.156   853  1223 I BufferQueueDebug: [#8270](this:0xb4000070b1619790,id:-1,api:0,p:-1,c:-1) BufferQueue core=(853:/system/bin/surfaceflinger)
07-16 06:55:28.156   853  1223 I SurfaceFlinger: id=8270 createSurf, flag=44000, #8270
07-16 06:55:28.156  1357  1583 D InputDispatcher: Focus left window (0): 9d65f42 com.sec.android.app.launcher/com.sec.android.app.launcher.activities.LauncherActivity
07-16 06:55:28.157  3210  3210 I ViewRootImpl@57ad891[LauncherActivity]: handleWindowFocusChanged: 0 0 call from android.view.ViewRootImpl.-$$Nest$mhandleWindowFocusChanged:0
07-16 06:55:28.157  3210  3210 I ImeFocusController: onPreWindowFocus: skipped, hasWindowFocus=false mHasImeFocus=true
07-16 06:55:28.157  1357  1422 W libprocessgroup: SetCgroup::ExecuteForProcess: failed to open /dev/blkio//cgroup.procs: No such file or directory
07-16 06:55:28.157   797   797 D Zygote  : Forked child process 13219
07-16 06:55:28.158  3210  3210 I ImeFocusController: onPostWindowFocus: skipped, hasWindowFocus=false mHasImeFocus=true
07-16 06:55:28.159  3095  3095 D HidDeviceService: handleMessage(): msg.what=8
07-16 06:55:28.159  1357  1583 D InputTransport: Input channel constructed: 'Embedde', fd=1028
07-16 06:55:28.159  1357  1583 D InputTransport: Input channel constructed: 'Embedde', fd=1030
07-16 06:55:28.161  1357  1583 D InputTransport: Input channel constructed: 'Embedde', fd=1031
07-16 06:55:28.161  1357  1583 D InputTransport: Input channel destroyed: 'Embedde', fd=1031
07-16 06:55:28.161 23299 23456 D tgnet   : time for push ping
07-16 06:55:28.162 23299 23456 D tgnet   : connection(0xb400007d64c4e400, account3, dc2, type 8) send message (session: 0xe5d23e13a320581c, seqno: 0, messageid: 0x669651a02978d400): 24TL_ping_delay_disconnect(0xb400007d96973c10)
07-16 06:55:28.162 23299 23456 D tgnet   : dc2 send ping to push connection
07-16 06:55:28.163  2629  2715 I ViewRootImpl@2dfcf10[]: synced displayState. AttachInfo displayState=2
07-16 06:55:28.165  2629  2715 I ViewRootImpl@2dfcf10[]: setView = android.widget.ImageView@84b6dc5 TM=true
07-16 06:55:28.166  2629  2720 D OpenGLRenderer: HWUI - treat SMPTE_170M as sRGB
07-16 06:55:28.167  2629  2715 I SurfaceView@a2c6dc2: onWindowVisibilityChanged(0) true android.view.SurfaceView{a2c6dc2 V.E...... ......I. 0,0-0,0} of ViewRootImpl@c5dce4e[ton_keeper]
07-16 06:55:28.167  2629  2715 D SurfaceView@a2c6dc2: 170683842 updateSurface: has no frame
07-16 06:55:28.169  1357  1375 V WindowManager: Relayout Window{cd3c080 u0 Splash Screen com.ton_keeper}: viewVisibility=0 req=1080x2408 ty=3 d0
07-16 06:55:28.171   853  1223 E BufferQueueDebug: [Splash Screen com.ton_keeper$_2629#8271](this:0xb4000070b161c790,id:-1,api:0,p:-1,c:-1) id info cannot be read from 'Splash Screen com.ton_keeper$_2629#8271'
07-16 06:55:28.171   853  1223 I BufferQueueDebug: [Splash Screen com.ton_keeper$_2629#8271](this:0xb4000070b161c790,id:-1,api:0,p:-1,c:-1) BufferQueue core=(853:/system/bin/surfaceflinger)
07-16 06:55:28.171   853  1223 I SurfaceFlinger: id=8271 createSurf, flag=44004, Splash Screen com.ton_keeper$_2629#8271
07-16 06:55:28.172 13219 13219 I com.ton_keeper: Using CollectorTypeCC GC.
07-16 06:55:28.177  3701  3732 I adbd    : jdwp connection from 13219
07-16 06:55:28.179  1357  1375 V WindowManager: Relayout hash=cd3c080, pid=2629, syncId=-1: mAttrs={(0,0)(fillxfill) sim={adjust=pan} layoutInDisplayCutoutMode=shortEdges ty=APPLICATION_STARTING fmt=TRANSLUCENT wanim=0x10302f2
07-16 06:55:28.179  1357  1375 V WindowManager:   fl=81030118
07-16 06:55:28.179  1357  1375 V WindowManager:   pfl=16000010
07-16 06:55:28.179  1357  1375 V WindowManager:   bhv=DEFAULT
07-16 06:55:28.179  1357  1375 V WindowManager:   fitSides= naviIconColor=0}
07-16 06:55:28.180  2629  2715 D BufferQueueConsumer: [](id:a4500000289,api:0,p:-1,c:2629) connect: controlledByApp=false
