09-08 06:42:10.375 23588 23624 I DynamiteModule: Considering local module com.google.android.gms.measurement.dynamite:122 and remote module com.google.android.gms.measurement.dynamite:124
09-08 06:42:10.375 23588 23624 I DynamiteModule: Selected remote version of com.google.android.gms.measurement.dynamite, version >= 124
09-08 06:42:10.375 23588 23624 V DynamiteModule: Dynamite loader version >= 2, using loadModule2NoCrashUtils
09-08 06:42:10.380  1080  1080 E audit   : type=1400 audit(1725792130.376:98178): avc:  denied  { ioctl } for  pid=23588 comm="pool-8-thread-1" path="/data/data/com.ton_keeper/databases/com.google.android.datatransport.events" dev="dm-50" ino=162573 ioctlcmd=0xf522 scontext=u:r:untrusted_app:s0:c31,c259,c512,c768 tcontext=u:object_r:app_data_file:s0:c31,c259,c512,c768 tclass=file permissive=0 SEPF_SM-A145R_12_0001 audit_filtered
09-08 06:42:10.386 23588 23625 I FirebaseCrashlytics: Saved version control info
09-08 06:42:10.387 23588 23588 D FirebaseSessions: Initializing Firebase Sessions SDK.
09-08 06:42:10.389 23588 23588 I FirebaseInitProvider: FirebaseApp initialization successful
09-08 06:42:10.395 23588 23588 D WM-WrkMgrInitializer: Initializing WorkManager with default configuration.
09-08 06:42:10.400 23588 23588 D WM-PackageManagerHelper: Skipping component enablement for androidx.work.impl.background.systemjob.SystemJobService
09-08 06:42:10.400 23588 23588 D WM-Schedulers: Created SystemJobScheduler and enabled SystemJobService
09-08 06:42:10.402 23588 23624 W System  : ClassLoader referenced unknown path:
09-08 06:42:10.402 23588 23624 D nativeloader: Configuring clns-5 for other apk . target_sdk_version=34, uses_libraries=, library_path=/data/app/~~UTX3uvHBGUAshsmWXSlabw==/com.google.android.gms-YfotYD6Oc5RtaSr7NsuPKA==/lib/arm64:/data/app/~~UTX3uvHBGUAshsmWXSlabw==/com.google.android.gms-YfotYD6Oc5RtaSr7NsuPKA==/base.apk!/lib/arm64-v8a, permitted_path=/data:/mnt/expand:/data/user/0/com.google.android.gms
09-08 06:42:10.403 23588 23644 D LifecycleServiceBinder: Binding service to application.
09-08 06:42:10.404  1080  1080 E audit   : type=1400 audit(1725792130.400:98179): avc:  denied  { ioctl } for  pid=23588 comm="WM.task-1" path="/data/data/com.ton_keeper/no_backup/androidx.work.workdb" dev="dm-50" ino=113717 ioctlcmd=0xf522 scontext=u:r:untrusted_app:s0:c31,c259,c512,c768 tcontext=u:object_r:app_data_file:s0:c31,c259,c512,c768 tclass=file permissive=0 SEPF_SM-A145R_12_0001 audit_filtered
09-08 06:42:10.410  1080  1080 E audit   : type=1400 audit(1725792130.408:98180): avc:  denied  { ioctl } for  pid=23588 comm="WM.task-1" path="/data/data/com.ton_keeper/no_backup/androidx.work.workdb" dev="dm-50" ino=113717 ioctlcmd=0xf522 scontext=u:r:untrusted_app:s0:c31,c259,c512,c768 tcontext=u:object_r:app_data_file:s0:c31,c259,c512,c768 tclass=file permissive=0 SEPF_SM-A145R_12_0001 audit_filtered
09-08 06:42:10.413  1650  1717 W libprocessgroup: SetCgroup::ExecuteForProcess: failed to open /dev/blkio//cgroup.procs: No such file or directory
09-08 06:42:10.419  1080  1080 E audit   : type=1400 audit(1725792130.416:98181): avc:  denied  { ioctl } for  pid=23588 comm="WM.task-1" path="/data/data/com.ton_keeper/no_backup/androidx.work.workdb" dev="dm-50" ino=113717 ioctlcmd=0xf522 scontext=u:r:untrusted_app:s0:c31,c259,c512,c768 tcontext=u:object_r:app_data_file:s0:c31,c259,c512,c768 tclass=file permissive=0 SEPF_SM-A145R_12_0001 audit_filtered
09-08 06:42:10.427 23588 23652 D CompatibilityChangeReporter: Compat change id reported: 160794467; UID 10799; state: ENABLED
09-08 06:42:10.428 23588 23624 W com.ton_keeper: ClassLoaderContext classpath size mismatch. expected=12, found=5 (DLC[];PCL[base.apk*655571707:base.apk!classes2.dex*1498855786:base.apk!classes3.dex*490929050:base.apk!classes4.dex*1611603995:base.apk!classes5.dex*471123784:base.apk!classes6.dex*137154469:base.apk!classes7.dex*1102601877:base.apk!classes8.dex*2329565478:base.apk!classes9.dex*3036896885:base.apk!classes10.dex*3882078478:base.apk!classes11.dex*2742095993:base.apk!classes12.dex*823082303]{PCL[/system/framework/org.apache.http.legacy.jar*365604908]#PCL[/system/framework/com.android.media.remotedisplay.jar*2114713713]#PCL[/system/framework/com.android.location.provider.jar*3994156536]#PCL[/system/framework/org.apache.http.legacy.jar*365604908]} | DLC[];PCL[/data/app/~~7WKmyaoBfkXMEVW6zg1uog==/com.ton_keeper-ChxegAMSwT--e8bQg0vTbw==/base.apk*3802518011:/data/app/~~7WKmyaoBfkXMEVW6zg1uog==/com.ton_keeper-ChxegAMSwT--e8bQg0vTbw==/base.apk!classes2.dex*2780289643:/data/app/~~7WKmyaoBfkXMEVW6zg1uog==/com.ton_keeper-ChxegAMSwT--e8bQg0vTbw==/base.apk!classes3.dex*508609915:/data/app/~~7WKmyaoBfkXMEVW6zg1uog==/com.ton_keeper-ChxegAMSwT--e8bQg0vTbw==/base.apk!classes4.dex*2397097394:/data/app/~~7WKmyaoBfkXMEVW6zg1uog==/com.ton_keeper-ChxegAMSwT--e8bQg0vTbw==/base.apk!classes5.dex*713992274])
09-08 06:42:10.429  1080  1080 E audit   : type=1400 audit(1725792130.428:98182): avc:  denied  { ioctl } for  pid=23588 comm="DefaultDispatch" path="/data/data/com.ton_keeper/databases/RKStorage" dev="dm-50" ino=170069 ioctlcmd=0xf522 scontext=u:r:untrusted_app:s0:c31,c259,c512,c768 tcontext=u:object_r:app_data_file:s0:c31,c259,c512,c768 tclass=file permissive=0 SEPF_SM-A145R_12_0001 audit_filtered
09-08 06:42:10.435  1080  1080 E audit   : type=1400 audit(1725792130.432:98183): avc:  denied  { ioctl } for  pid=23588 comm="DefaultDispatch" path="/data/data/com.ton_keeper/databases/RKStorage" dev="dm-50" ino=170069 ioctlcmd=0xf522 scontext=u:r:untrusted_app:s0:c31,c259,c512,c768 tcontext=u:object_r:app_data_file:s0:c31,c259,c512,c768 tclass=file permissive=0 SEPF_SM-A145R_12_0001 audit_filtered
09-08 06:42:10.441  1080  1080 E audit   : type=1400 audit(1725792130.440:98184): avc:  denied  { ioctl } for  pid=23588 comm="DefaultDispatch" path="/data/data/com.ton_keeper/databases/RKStorage" dev="dm-50" ino=170069 ioctlcmd=0xf522 scontext=u:r:untrusted_app:s0:c31,c259,c512,c768 tcontext=u:object_r:app_data_file:s0:c31,c259,c512,c768 tclass=file permissive=0 SEPF_SM-A145R_12_0001 audit_filtered
09-08 06:42:10.475  1080  1080 E audit   : type=1400 audit(1725792130.472:98185): avc:  denied  { ioctl } for  pid=23462 comm="IntentService[D" path="/data/data/com.google.android.gms/databases/dg.db" dev="dm-50" ino=7431 ioctlcmd=0xf522 scontext=u:r:gmscore_app:s0:c512,c768 tcontext=u:object_r:privapp_data_file:s0:c512,c768 tclass=file permissive=0 SEPF_SM-A145R_12_0001 audit_filtered
09-08 06:42:10.480  1080  1080 E audit   : type=1400 audit(1725792130.476:98186): avc:  denied  { ioctl } for  pid=23462 comm="IntentService[D" path="/data/data/com.google.android.gms/databases/dgp.db" dev="dm-50" ino=7415 ioctlcmd=0xf522 scontext=u:r:gmscore_app:s0:c512,c768 tcontext=u:object_r:privapp_data_file:s0:c512,c768 tclass=file permissive=0 SEPF_SM-A145R_12_0001 audit_filtered
09-08 06:42:10.519 23588 23588 I EngineFactory: Provider GmsCore_OpenSSL not available
09-08 06:42:10.575  1650  3186 W system_server: Long monitor contention with owner PackageManager (1755) at void com.android.server.pm.permission.LegacyPermissionSettings.writePermissionTrees(com.android.modules.utils.TypedXmlSerializer)(LegacyPermissionSettings.java:150) waiters=0 in com.android.server.pm.Computer com.android.server.pm.PackageManagerService.snapshotComputer(boolean) for 128ms
09-08 06:42:10.581 23588 23588 D ProfileInstaller: RESULT_INSTALL_SKIP_FILE_SUCCESS
09-08 06:42:10.583  1650  1679 I ActivityManager: Broadcast completed: result=10
09-08 06:42:10.586  1650  1717 W libprocessgroup: SetCgroup::ExecuteForProcess: failed to open /dev/blkio//cgroup.procs: No such file or directory
09-08 06:42:10.587 23588 23588 D SessionLifecycleService: Service bound to new client on process 23588
09-08 06:42:10.592 23382 23409 D Benchmark: Killing process com.ton_keeper
09-08 06:42:10.592 23382 23409 D Benchmark: Killing process com.ton_keeper
09-08 06:42:10.592 23588 23668 D SessionLifecycleService: App has not yet foregrounded. Using previously stored session: null
09-08 06:42:10.592 23588 23668 D SessionLifecycleService: Client android.os.Messenger@31e72cf bound at 144625379. Clients: 1
09-08 06:42:10.592 23382 23409 D UiDevice: Executing shell command: am force-stop com.ton_keeper
09-08 06:42:10.594 23588 23650 D TonConnectBridge: SSE: https://keeper.tonapi.io/v2/sse/accounts/transactions?accounts=0:4003cbbfb5d1a9085873f956f92040669990d9d371ce843741b5d7936f231238
09-08 06:42:10.604 23462 23530 D CompatibilityChangeReporter: Compat change id reported: 160794467; UID 10173; state: ENABLED
09-08 06:42:10.606 23588 23588 D SessionLifecycleClient: Connected to SessionLifecycleService. Queue size 0
09-08 06:42:10.606  1650  1903 D SensorService: [SO] -0.319 0.759 9.808
09-08 06:42:10.613  1650  3059 D NetdEventListenerService: DNS Requested by 139, 10799, 2
09-08 06:42:10.613 23588 23650 D TrafficStats: tagSocket(115) with statsTag=0xffffffff, statsUid=-1
09-08 06:42:10.619  1650  3059 D NetdEventListenerService: DNS Requested by 139, 10799, 4
09-08 06:42:10.620 23588 23672 D TrafficStats: tagSocket(108) with statsTag=0xffffffff, statsUid=-1
09-08 06:42:10.625  3460  3460 I EPDG -- SIM1 [SMARTCELLULAR]: onSignalStrengthsChanged: SignalStrength:{mCdma=Invalid,mGsm=CellSignalStrengthGsm: rssi=-85 ber=2147483647 mTa=0 mLevel=4,mWcdma=Invalid,mTdscdma=Invalid,mLte=Invalid,mNr=Invalid,SignalBarInfo{ gsmLevel=4 },rat=16,primary=CellSignalStrengthGsm}
09-08 06:42:10.629  3460  4754 I EPDG -- SIM1 [SMARTCELLULAR]: lastGsmRssi: -83 currentGsmRssi: -85
09-08 06:42:10.628  3107  3107 D StatusBarIconController: ignoring old pipeline callbacks, because the new mobile icons are enabled
09-08 06:42:10.637  3492  3492 D HidDeviceService: handleMessage(): msg.what=8
09-08 06:42:10.648  1650  1714 I libprocessgroup: Successfully killed process cgroup uid 10799 pid 23588 in 11ms
09-08 06:42:10.663 23382 23409 D UiDevice: Pressing home button.
09-08 06:42:10.667  1650  1679 D LocationManagerService: package com.ton_keeper reset
09-08 06:42:10.669  3377  3377 D CarrierSvcBindHelper: onHandleForceStop: [com.ton_keeper]
09-08 06:42:10.670  3377  3377 D CarrierSvcBindHelper: No carrier app for: 0
09-08 06:42:10.671  3377  3377 D CarrierSvcBindHelper: No carrier app for: 1
09-08 06:42:10.671  1091  1091 I Zygote  : Process 23588 exited due to signal 9 (Killed)
09-08 06:42:10.675  3529  3529 D RegisteredNfcFServicesCache: Service unchanged, not updating
09-08 06:42:10.681  1103  1332 I hwcomposer: [HWCDisplay] [Display_0 (type:1)] fps:1.355277,dur:2951.43,max:2898.69,min:16.68
09-08 06:42:10.684  1148  1228 E RenderEngine: updatePQFlag: get gralloc GRALLOC_EXTRA_GET_AI_PQ_INFO fail, return
09-08 06:42:10.685  1148  1228 E RenderEngine: updatePQFlag: get gralloc GRALLOC_EXTRA_GET_AI_PQ_INFO fail, return
09-08 06:42:10.686  1650  7852 D InputDispatcher: Inject key (23350/2000): action=0, f=0x0, d=-1, time=144625455000000
09-08 06:42:10.686  1650  7852 D InputManager-JNI: !@interceptKeyBeforeQueueing(0), action=0, interactive=true
09-08 06:42:10.686  1650  7852 D WindowManager: interceptKeyTq keycode=3 interactive=true keyguardActive=false policyFlags=2b000000
09-08 06:42:10.687  1650  7852 D PhoneWindowManagerExt: setScreenshotEnabled, screenOnFully=true
09-08 06:42:10.688  1650  7852 D SingleKeyGesture: interceptKeyDown, info : KeyCode=KEYCODE_UNKNOWN, size=0
09-08 06:42:10.691  1650  7852 D SingleKeyGesture: reset counter=1 mActiveRule=KeyCode=KEYCODE_POWER, LongPress=true, MaxMultiPressCount=5 Callers(5)=com.android.server.policy.SingleKeyGestureDetector.interceptKeyDown:504 com.android.server.policy.SingleKeyGestureDetector.interceptKey:445 com.android.server.policy.PhoneWindowManager.handleKeyGesture:5683 com.android.server.policy.PhoneWindowManager.interceptKeyBeforeQueueing:5173 com.android.server.wm.InputManagerCallback.interceptKeyBeforeQueueing:163
09-08 06:42:10.691  1650  7852 D PhoneWindowManagerExt: interceptKeyTq code=3 down=true repeatCount=0 displayId=-1 interactive=true
09-08 06:42:10.691  1650  7852 D WindowManager: interceptKeyTq interceptKeyResult=1
09-08 06:42:10.692  1650  7852 D InputManager-JNI: !@handleInterceptActions(0), action=0, wmActions=1
09-08 06:42:10.694  1650  1940 D WindowManager: interceptKeyTi keyCode=3 down=true repeatCount=0 keyguardOn=false canceled=false
09-08 06:42:10.694  1650  1940 D PhoneWindowManagerExt: interceptKeyTi code=3 down=true repeatCount=0 displayId=-1 interactive=true
09-08 06:42:10.703  1650  5288 D InputDispatcher: Inject key (23350/2000): action=1, f=0x0, d=-1, time=144625455000000
09-08 06:42:10.705  1650  5288 D InputManager-JNI: !@interceptKeyBeforeQueueing(0), action=1, interactive=true
09-08 06:42:10.705  1650  5288 D WindowManager: interceptKeyTq keycode=3 interactive=true keyguardActive=false policyFlags=2b000000
09-08 06:42:10.706  1650  5288 D SingleKeyGesture: interceptKeyUp, longPress=false info : KeyCode=KEYCODE_UNKNOWN, size=0
09-08 06:42:10.706  1650  5288 D SingleKeyGesture: interceptKeyUp, mActiveRule is null
09-08 06:42:10.706  1650  5288 D PhoneWindowManagerExt: interceptKeyTq code=3 down=false repeatCount=0 displayId=-1 interactive=true
09-08 06:42:10.706  1650  5288 D WindowManager: interceptKeyTq interceptKeyResult=1
09-08 06:42:10.706  1650  5288 D InputManager-JNI: !@handleInterceptActions(0), action=1, wmActions=1
09-08 06:42:10.706  1650  1940 D WindowManager: interceptKeyTi keyCode=3 down=false repeatCount=0 keyguardOn=false canceled=false
09-08 06:42:10.706  1650  1940 D PhoneWindowManagerExt: interceptKeyTi code=3 down=false repeatCount=0 displayId=-1 interactive=true
09-08 06:42:10.715  3107  3107 D LocationControllerImpl: onReceive() = android.intent.action.CLOSE_SYSTEM_DIALOGS
09-08 06:42:10.715  3107  3107 D QSButtonsContainer: action:android.intent.action.CLOSE_SYSTEM_DIALOGS
09-08 06:42:10.715  3107  3107 D PopupUI.PopupUI: PopupUIReceiver.onReceive() action : android.intent.action.CLOSE_SYSTEM_DIALOGS
09-08 06:42:10.716  3107  3107 D SimTrayProtectionViewModel: dismiss : isFoldedState()falseisRemoveSimtray() : true
09-08 06:42:10.717  3612 20085 I HoneySpace.OneUiSpace: received close system dialog reason=homekey
09-08 06:42:10.717  3107  3107 D SecVolume.VolumePanelStore: dispatch [ACTION_DISMISS_REQUESTED with [STATE_NO_DISPATCH], currentAction={isFromOutside : true}, currentState={activeStream=-1, stream=-1, isSetupWizardComplete : true, isVoiceCapable : true, isHasVibrator : true, earProtectLevel : 909, activeStream : -1, ringerModeInternal : -1, systemTimeNow : 206711}
09-08 06:42:10.717  3107  3107 D SecVolume.VolumePanelStore:   > New State : [STATE_NO_DISPATCH]
09-08 06:42:10.720  1650  1680 D WindowManager: startDockOrHome: startReason= startDockOrHome
09-08 06:42:10.780  1650  1666 I system_server: Background concurrent copying GC freed 259930(14MB) AllocSpace objects, 590(11MB) LOS objects, 21% free, 86MB/110MB, paused 471us,339us total 311.401ms
09-08 06:42:10.785  1148  1228 E RenderEngine: updatePQFlag: get gralloc GRALLOC_EXTRA_GET_AI_PQ_INFO fail, return
09-08 06:42:10.785  1650  1668 W system_server: ApkAssets: Deleting an ApkAssets object '<empty> and /data/app/~~UTX3uvHBGUAshsmWXSlabw==/com.google.android.gms-YfotYD6Oc5RtaSr7NsuPKA==/base.apk' with 2 weak references
09-08 06:42:10.785  1148  1228 E RenderEngine: updatePQFlag: get gralloc GRALLOC_EXTRA_GET_AI_PQ_INFO fail, return
09-08 06:42:10.785  1650  1668 W system_server: ApkAssets: Deleting an ApkAssets object '<empty> and /data/app/~~UTX3uvHBGUAshsmWXSlabw==/com.google.android.gms-YfotYD6Oc5RtaSr7NsuPKA==/split_CronetDynamite_installtime.apk' with 1 weak references
09-08 06:42:10.786  1650  1668 W system_server: ApkAssets: Deleting an ApkAssets object '<empty> and /data/app/~~UTX3uvHBGUAshsmWXSlabw==/com.google.android.gms-YfotYD6Oc5RtaSr7NsuPKA==/split_DynamiteModulesA_installtime.apk' with 1 weak references
09-08 06:42:10.786  1650  1668 W system_server: ApkAssets: Deleting an ApkAssets object '<empty> and /data/app/~~UTX3uvHBGUAshsmWXSlabw==/com.google.android.gms-YfotYD6Oc5RtaSr7NsuPKA==/split_DynamiteModulesC_installtime.apk' with 1 weak references
09-08 06:42:10.786  1650  1668 W system_server: ApkAssets: Deleting an ApkAssets object '<empty> and /data/app/~~UTX3uvHBGUAshsmWXSlabw==/com.google.android.gms-YfotYD6Oc5RtaSr7NsuPKA==/split_GoogleCertificates_installtime.apk' with 1 weak references
09-08 06:42:10.786  1650  1668 W system_server: ApkAssets: Deleting an ApkAssets object '<empty> and /data/app/~~UTX3uvHBGUAshsmWXSlabw==/com.google.android.gms-YfotYD6Oc5RtaSr7NsuPKA==/split_MapsDynamite_installtime.apk' with 1 weak references
09-08 06:42:10.786  1650  1668 W system_server: ApkAssets: Deleting an ApkAssets object '<empty> and /data/app/~~UTX3uvHBGUAshsmWXSlabw==/com.google.android.gms-YfotYD6Oc5RtaSr7NsuPKA==/split_MeasurementDynamite_installtime.apk' with 1 weak references
09-08 06:42:10.786  1650  1668 W system_server: ApkAssets: Deleting an ApkAssets object '<empty> and /data/app/~~UTX3uvHBGUAshsmWXSlabw==/com.google.android.gms-YfotYD6Oc5RtaSr7NsuPKA==/split_config.en.apk' with 2 weak references
09-08 06:42:10.786  1650  1668 W system_server: ApkAssets: Deleting an ApkAssets object '<empty> and /data/app/~~UTX3uvHBGUAshsmWXSlabw==/com.google.android.gms-YfotYD6Oc5RtaSr7NsuPKA==/split_config.ru.apk' with 2 weak references
09-08 06:42:10.786  1650  1668 W system_server: ApkAssets: Deleting an ApkAssets object '<empty> and /data/app/~~UTX3uvHBGUAshsmWXSlabw==/com.google.android.gms-YfotYD6Oc5RtaSr7NsuPKA==/split_config.uk.apk' with 2 weak references
09-08 06:42:10.787  1650  1668 W system_server: ApkAssets: Deleting an ApkAssets object '<empty> and /data/app/~~UTX3uvHBGUAshsmWXSlabw==/com.google.android.gms-YfotYD6Oc5RtaSr7NsuPKA==/split_config.xxhdpi.apk' with 2 weak references
09-08 06:42:10.787  1650  1668 W system_server: ApkAssets: Deleting an ApkAssets object '/product/overlay/GmsQSfastpairOverlay.apk' with 2 weak references
09-08 06:42:10.787  1650  1668 W system_server: ApkAssets: Deleting an ApkAssets object '<empty> and /data/app/~~YZy6eDqe34XgldZnVCkWbA==/com.microsoft.skydrive-qwfZb8TPOth8PQ2rcKQj0g==/base.apk' with 1 weak references
09-08 06:42:10.788  1650  1668 W system_server: ApkAssets: Deleting an ApkAssets object '<empty> and /data/app/~~3s_wPEy3e8BRaWw7_4zBfQ==/com.samsung.android.app.reminder-V_O3hJ8PRV3r05k_KOTLdA==/base.apk' with 1 weak references
09-08 06:42:10.788  1650  1668 W system_server: ApkAssets: Deleting an ApkAssets object '<empty> and /data/app/~~xC6jNHBs8u0tQMxr1OfdRw==/com.sec.android.app.sbrowser-DbFAkzwBeuCcwG-MXopr6Q==/base.apk' with 1 weak references
09-08 06:42:10.789  1650  1668 W system_server: ApkAssets: Deleting an ApkAssets object '<empty> and /system/app/HoneyBoard/HoneyBoard.apk' with 1 weak references
09-08 06:42:10.790  1650  1668 W system_server: ApkAssets: Deleting an ApkAssets object '<empty> and /system/priv-app/SamsungGallery2018/SamsungGallery2018.apk' with 1 weak references
09-08 06:42:10.791  1650  1668 W system_server: ApkAssets: Deleting an ApkAssets object '<empty> and /data/app/~~wiy7B3muN2M8l_EAHz0HtQ==/com.google.android.youtube-2rQkWuZXqSlRWEigsvZtLQ==/base.apk' with 1 weak references
09-08 06:42:10.791  1650  1668 W system_server: ApkAssets: Deleting an ApkAssets object '<empty> and /data/app/~~wiy7B3muN2M8l_EAHz0HtQ==/com.google.android.youtube-2rQkWuZXqSlRWEigsvZtLQ==/split_config.arm64_v8a.apk' with 1 weak references
09-08 06:42:10.791  1650  1668 W system_server: ApkAssets: Deleting an ApkAssets object '<empty> and /data/app/~~wiy7B3muN2M8l_EAHz0HtQ==/com.google.android.youtube-2rQkWuZXqSlRWEigsvZtLQ==/split_config.en.apk' with 1 weak references
09-08 06:42:10.791  1650  1668 W system_server: ApkAssets: Deleting an ApkAssets object '<empty> and /data/app/~~wiy7B3muN2M8l_EAHz0HtQ==/com.google.android.youtube-2rQkWuZXqSlRWEigsvZtLQ==/split_config.ru.apk' with 1 weak references
09-08 06:42:10.791  1650  1668 W system_server: ApkAssets: Deleting an ApkAssets object '<empty> and /data/app/~~wiy7B3muN2M8l_EAHz0HtQ==/com.google.android.youtube-2rQkWuZXqSlRWEigsvZtLQ==/split_config.uk.apk' with 1 weak references
09-08 06:42:10.791  1650  1668 W system_server: ApkAssets: Deleting an ApkAssets object '<empty> and /data/app/~~wiy7B3muN2M8l_EAHz0HtQ==/com.google.android.youtube-2rQkWuZXqSlRWEigsvZtLQ==/split_config.xxhdpi.apk' with 1 weak references
09-08 06:42:10.792  1650  1668 W system_server: ApkAssets: Deleting an ApkAssets object '<empty> and /system/priv-app/SamsungContacts/SamsungContacts.apk' with 1 weak references
09-08 06:42:10.792  1650  1668 W system_server: ApkAssets: Deleting an ApkAssets object '<empty> and /system/app/SoundPicker_U/SoundPicker_U.apk' with 1 weak references
09-08 06:42:10.793  1650  1668 W system_server: ApkAssets: Deleting an ApkAssets object '<empty> and /system/priv-app/SamsungDialer/SamsungDialer.apk' with 1 weak references
09-08 06:42:10.793  1650  1668 W system_server: ApkAssets: Deleting an ApkAssets object '<empty> and /data/app/~~18rF1enW0MWWhWkajdoU9w==/com.samsung.android.forest-_8TI0KoQbyp-oslBq3WKYg==/base.apk' with 1 weak references
09-08 06:42:10.793  1650  1668 W system_server: ApkAssets: Deleting an ApkAssets object '<empty> and /system/priv-app/SamsungMessages/SamsungMessages.apk' with 1 weak references
09-08 06:42:10.794  1650  1668 W system_server: ApkAssets: Deleting an ApkAssets object '<empty> and /data/app/~~KFK_k7u57kNZDDE5ZqiLfA==/com.sec.android.app.myfiles-4nbQoNEzHncQRrgjoHvPtw==/base.apk' with 1 weak references
09-08 06:42:10.794  1650  1668 W system_server: ApkAssets: Deleting an ApkAssets object '<empty> and /system/app/SamsungWeather/SamsungWeather.apk' with 1 weak references
09-08 06:42:10.795  1650  1668 W system_server: ApkAssets: Deleting an ApkAssets object '<empty> and /data/app/~~ZmLySuyoEKxMRkQz_vK85Q==/com.sec.android.app.clockpackage-o3SiJ22uk6CCk3b9LLjw2w==/base.apk' with 1 weak references
09-08 06:42:10.796  1650  1668 W system_server: ApkAssets: Deleting an ApkAssets object '<empty> and /data/app/~~IM3i2HE9HwaMpjahx70LHg==/com.android.chrome-RoMd7dKVklRaffDfMs2D-Q==/base.apk' with 2 weak references
09-08 06:42:10.796  1650  1668 W system_server: ApkAssets: Deleting an ApkAssets object '<empty> and /data/app/~~IM3i2HE9HwaMpjahx70LHg==/com.android.chrome-RoMd7dKVklRaffDfMs2D-Q==/split_auxiliary_search.apk' with 1 weak references
09-08 06:42:10.796  1650  1668 W system_server: ApkAssets: Deleting an ApkAssets object '<empty> and /data/app/~~IM3i2HE9HwaMpjahx70LHg==/com.android.chrome-RoMd7dKVklRaffDfMs2D-Q==/split_cablev2_authenticator.apk' with 1 weak references
09-08 06:42:10.796  1650  1668 W system_server: ApkAssets: Deleting an ApkAssets object '<empty> and /data/app/~~IM3i2HE9HwaMpjahx70LHg==/com.android.chrome-RoMd7dKVklRaffDfMs2D-Q==/split_chrome.apk' with 1 weak references
09-08 06:42:10.796  1650  1668 W system_server: ApkAssets: Deleting an ApkAssets object '<empty> and /data/app/~~IM3i2HE9HwaMpjahx70LHg==/com.android.chrome-RoMd7dKVklRaffDfMs2D-Q==/split_config.en.apk' with 2 weak references
09-08 06:42:10.796  1650  1668 W system_server: ApkAssets: Deleting an ApkAssets object '<empty> and /data/app/~~IM3i2HE9HwaMpjahx70LHg==/com.android.chrome-RoMd7dKVklRaffDfMs2D-Q==/split_config.ru.apk' with 2 weak references
09-08 06:42:10.796  1650  1668 W system_server: ApkAssets: Deleting an ApkAssets object '<empty> and /data/app/~~IM3i2HE9HwaMpjahx70LHg==/com.android.chrome-RoMd7dKVklRaffDfMs2D-Q==/split_config.uk.apk' with 2 weak references
09-08 06:42:10.796  1650  1668 W system_server: ApkAssets: Deleting an ApkAssets object '<empty> and /data/app/~~IM3i2HE9HwaMpjahx70LHg==/com.android.chrome-RoMd7dKVklRaffDfMs2D-Q==/split_dev_ui.apk' with 1 weak references
09-08 06:42:10.796  1650  1668 W system_server: ApkAssets: Deleting an ApkAssets object '<empty> and /data/app/~~IM3i2HE9HwaMpjahx70LHg==/com.android.chrome-RoMd7dKVklRaffDfMs2D-Q==/split_feedv2.apk' with 1 weak references
09-08 06:42:10.796  1650  1668 W system_server: ApkAssets: Deleting an ApkAssets object '<empty> and /data/app/~~IM3i2HE9HwaMpjahx70LHg==/com.android.chrome-RoMd7dKVklRaffDfMs2D-Q==/split_read_aloud_playback.apk' with 1 weak references
09-08 06:42:10.796  1650  1668 W system_server: ApkAssets: Deleting an ApkAssets object '<empty> and /data/app/~~IM3i2HE9HwaMpjahx70LHg==/com.android.chrome-RoMd7dKVklRaffDfMs2D-Q==/split_stack_unwinder.apk' with 1 weak references
09-08 06:42:10.796  1650  1668 W system_server: ApkAssets: Deleting an ApkAssets object '<empty> and /data/app/~~IM3i2HE9HwaMpjahx70LHg==/com.android.chrome-RoMd7dKVklRaffDfMs2D-Q==/split_survey.apk' with 1 weak references
09-08 06:42:10.796  1650  1668 W system_server: ApkAssets: Deleting an ApkAssets object '<empty> and /data/app/~~IM3i2HE9HwaMpjahx70LHg==/com.android.chrome-RoMd7dKVklRaffDfMs2D-Q==/split_test_dummy.apk' with 1 weak references
09-08 06:42:10.797  1650  2960 D AS.MultiSoundManager: mForegroundUid = 10102
09-08 06:42:10.797  1650  1668 W system_server: ApkAssets: Deleting an ApkAssets object '<empty> and /data/app/~~osa5pJkSEzMAh24ervhmNQ==/com.google.android.trichromelibrary_661312733-FhU3q3XcP8T7c5F30JnBhA==/base.apk' with 2 weak references
09-08 06:42:10.798  1650  1668 W system_server: ApkAssets: Deleting an ApkAssets object '<empty> and /system/priv-app/SecSettingsIntelligence/SecSettingsIntelligence.apk' with 1 weak references
09-08 06:42:10.798  1650  1680 D InputDispatcher: Focused application(0): ActivityRecord{cd5a3d4 u0 com.sec.android.app.launcher/.activities.LauncherActivity t6}
09-08 06:42:10.799  1650  1668 W system_server: ApkAssets: Deleting an ApkAssets object '<empty> and /data/app/~~HeetHWJ5gr_1Xf4g2qqC3g==/com.samsung.android.app.notes-WvWk2fl3CrBgyTUOkXhP8g==/base.apk' with 1 weak references
09-08 06:42:10.799  3612  3612 I HoneySpace.BackgroundManagerImpl: capturedBlurView: pause(com.sec.android.app.launcher.Launcher@4623e92, 73547410)
09-08 06:42:10.799  3612  3612 I HoneySpace.Launcher: !@Boot_EBS_D: Launcher.onPause()
09-08 06:42:10.800  3612 20085 I HoneySpace.SPayHandler: updateSpayHandler launcher activity is paused false
09-08 06:42:10.800  1650  1668 W system_server: ApkAssets: Deleting an ApkAssets object '<empty> and /data/app/~~8H0wWidM6w_qnhDtoCRsTg==/com.samsung.android.voc-BA53rJl9r9yPSn8RlXdRkA==/base.apk' with 1 weak references
09-08 06:42:10.801  1650  1668 W system_server: ApkAssets: Deleting an ApkAssets object '<empty> and /data/app/KidsHome/KidsHome.apk' with 1 weak references
09-08 06:42:10.801  3612  3612 I HoneySpace.Launcher: updateLauncherShowing true -> false
09-08 06:42:10.801  1650  2960 D AS.MultiSoundManager: mForegroundUid = 10102
09-08 06:42:10.802  1650  1668 W system_server: ApkAssets: Deleting an ApkAssets object '<empty> and /data/app/~~w2fPGGNxccowvYVSJ_Rqfg==/com.sec.android.app.voicenote-OX1b1leYCEq5JosjD4JIsQ==/base.apk' with 1 weak references
09-08 06:42:10.803  3612  3612 I HoneySpace.OneUiSpace: onNewIntent() intent: Intent { act=android.intent.action.MAIN cat=[android.intent.category.HOME] flg=0x10000100 cmp=com.sec.android.app.launcher/.activities.LauncherActivity (has extras) }
09-08 06:42:10.803  1650  1668 W system_server: ApkAssets: Deleting an ApkAssets object '<empty> and /data/app/~~amoJNFIgYFG27YGd1nizUA==/com.sec.android.app.shealth-WTgqF2F8wGqBu7UuqLhByg==/base.apk' with 1 weak references
09-08 06:42:10.805  1650  1668 W system_server: ApkAssets: Deleting an ApkAssets object '<empty> and /data/app/~~GhSk8yD7nfD9HpwQYHmxGQ==/de.autodoc.gmbh-05nHtjDPlXV9F9-DCA2yiQ==/base.apk' with 1 weak references
09-08 06:42:10.805  1650  1668 W system_server: ApkAssets: Deleting an ApkAssets object '<empty> and /data/app/~~GhSk8yD7nfD9HpwQYHmxGQ==/de.autodoc.gmbh-05nHtjDPlXV9F9-DCA2yiQ==/split_config.armeabi_v7a.apk' with 1 weak references
09-08 06:42:10.805  1650  1668 W system_server: ApkAssets: Deleting an ApkAssets object '<empty> and /data/app/~~GhSk8yD7nfD9HpwQYHmxGQ==/de.autodoc.gmbh-05nHtjDPlXV9F9-DCA2yiQ==/split_config.xxhdpi.apk' with 1 weak references
09-08 06:42:10.805  1650  1668 W system_server: ApkAssets: Deleting an ApkAssets object '<empty> and /data/app/~~AXfoRCBR1lTxla8yjc8K_g==/ru.sberbankmobile-cB-8qaLLDzcVc89byKoT_A==/base.apk' with 1 weak references
09-08 06:42:10.806  1650  1680 V KeyguardServiceDelegate: setOccluded(false)
09-08 06:42:10.806  1650  1668 W system_server: ApkAssets: Deleting an ApkAssets object '<empty> and /data/app/~~7bWCgAep7XhDQcPWt4xaig==/com.google.android.googlequicksearchbox-9iHl-26Et1mKXNj_27oT6g==/base.apk' with 1 weak references
09-08 06:42:10.807  1650  1668 W system_server: ApkAssets: Deleting an ApkAssets object '<empty> and /data/app/~~7bWCgAep7XhDQcPWt4xaig==/com.google.android.googlequicksearchbox-9iHl-26Et1mKXNj_27oT6g==/split_config.xxhdpi.apk' with 1 weak references
09-08 06:42:10.807  1650  1668 W system_server: ApkAssets: Deleting an ApkAssets object '<empty> and /system/priv-app/Routines/Routines.apk' with 1 weak references
09-08 06:42:10.809  1650  1668 W system_server: ApkAssets: Deleting an ApkAssets object '<empty> and /system/priv-app/TelephonyUI/TelephonyUI.apk' with 1 weak references
09-08 06:42:10.809  3107  3159 I KeyguardService: setOccluded isOccluded=false animate=false
09-08 06:42:10.809  3107  3159 D KeyguardService: setOccluded(false)
09-08 06:42:10.810  3107  3107 D KeyguardViewMediator: handleMessage 9
09-08 06:42:10.810  3107  3107 D KeyguardViewMediator: handleSetOccluded(false) seq=45
09-08 06:42:10.811  3107  3107 D KeyguardViewMediator: isOccluded=false,mPowerGestureIntercepted=false
09-08 06:42:10.811  3950  3950 E pageboostd: Received HALT command code 2
09-08 06:42:10.811  1650  1668 W system_server: ApkAssets: Deleting an ApkAssets object '/data/overlays/current_locale_apks/files/com.samsung.android.app.telephonyui.en.apk' with 1 weak references
09-08 06:42:10.811  1650  1668 W system_server: ApkAssets: Deleting an ApkAssets object '/data/overlays/current_locale_apks/files/com.samsung.android.app.telephonyui.uk.apk' with 1 weak references
09-08 06:42:10.812  1650  1668 W system_server: ApkAssets: Deleting an ApkAssets object '/data/overlays/current_locale_apks/files/com.samsung.android.app.telephonyui.ru.apk' with 1 weak references
09-08 06:42:10.812  3612  3612 I HoneySpace.OneUiSpace: isLaunchAllAppsAction() action: null, isHomeOnly: false, currentHoneyScreen: APPS
09-08 06:42:10.812  1650  1668 W system_server: ApkAssets: Deleting an ApkAssets object '<empty> and /data/app/~~EgjqhmjUtsdKhVhNnhPb3Q==/com.samsung.android.calendar-ffBxTq1iC1xLJXavsAGGvQ==/base.apk' with 1 weak references
09-08 06:42:10.812  1650  1668 W system_server: ApkAssets: Deleting an ApkAssets object '<empty> and /data/app/~~tP56fe6GpHAWY0_E7fLCzA==/com.samsung.android.game.gamehome-OQGG_68c-4kZFRrk108zJA==/base.apk' with 1 weak references
09-08 06:42:10.813  3612  3612 I HoneySpace.HomescreenPot: onHomeKeyClick
09-08 06:42:10.813  1650  1668 W system_server: ApkAssets: Deleting an ApkAssets object '<empty> and /data/app/~~xirjE5epgVjBD9b_YMLTeQ==/com.samsung.android.themestore-s0aZNXpkh3PHqKDQ6vs7Kg==/base.apk' with 1 weak references
09-08 06:42:10.814  1650  1668 W system_server: ApkAssets: Deleting an ApkAssets object '<empty> and /data/app/~~Tj1RO8t3G-k7i-J3_OTjuw==/com.google.android.apps.docs-kKzViEbGcr9ODi79T8DYGw==/base.apk' with 1 weak references
09-08 06:42:10.814  1650  1668 W system_server: ApkAssets: Deleting an ApkAssets object '<empty> and /data/app/~~Tj1RO8t3G-k7i-J3_OTjuw==/com.google.android.apps.docs-kKzViEbGcr9ODi79T8DYGw==/split_config.arm64_v8a.apk' with 1 weak references
09-08 06:42:10.814  1650  1668 W system_server: ApkAssets: Deleting an ApkAssets object '<empty> and /data/app/~~Tj1RO8t3G-k7i-J3_OTjuw==/com.google.android.apps.docs-kKzViEbGcr9ODi79T8DYGw==/split_config.en.apk' with 1 weak references
09-08 06:42:10.814  1650  1668 W system_server: ApkAssets: Deleting an ApkAssets object '<empty> and /data/app/~~Tj1RO8t3G-k7i-J3_OTjuw==/com.google.android.apps.docs-kKzViEbGcr9ODi79T8DYGw==/split_config.xxhdpi.apk' with 1 weak references
09-08 06:42:10.815  1650  1668 W system_server: ApkAssets: Deleting an ApkAssets object '<empty> and /data/app/~~-CLudZDYM_UKRCIlBYmtrA==/com.instagram.android-mMHzD-7QRqIwDTdLq7YIRg==/base.apk' with 1 weak references
09-08 06:42:10.815  1650  1668 W system_server: ApkAssets: Deleting an ApkAssets object '<empty> and /data/app/~~SCjPreYWFy6wbGKwYQUKvw==/com.samsung.android.oneconnect-ZcrBcnpCAUg9ZEQ1egga-w==/base.apk' with 1 weak references
09-08 06:42:10.818  1650  1717 W libprocessgroup: SetCgroup::ExecuteForProcess: failed to open /dev/blkio//cgroup.procs: No such file or directory
09-08 06:42:10.819  1650  1683 I SurfaceControl: applyGlobalTransaction called, name=AbortTransition_SyncId<1278>
09-08 06:42:10.821  3612  3719 I HoneySpace.SALoggingUtils: SA Logging screenID: 201 eventId: 2006 detail: {det=2} value: -1
09-08 06:42:10.823  3612  3612 I HoneySpace.HoneyScreenManagerImpl: cancel transitionAnimator
09-08 06:42:10.823  3612  3612 I HoneySpace.BackgroundManagerImpl: updateProperties[ch=73547410], com.honeyspace.sdk.HomeScreen$Normal@1c6a09a, true
09-08 06:42:10.823  3612  3612 I HoneySpace.BackgroundManagerImpl: updateDimColor[ch=73547410]
09-08 06:42:10.823  3612  3612 I HoneySpace.BackgroundManagerImpl: updateLastDimAndBlur[ch=73547410]dim[0.0 -> 0.0] ,wBlur[2.0 -> 2.0
09-08 06:42:10.824  3612  3612 I HoneySpace.BackgroundManagerImpl: updateLastState[73547410]: com.honeyspace.sdk.AppScreen$Normal@c0ef6f2 -> com.honeyspace.sdk.HomeScreen$Normal@1c6a09a
09-08 06:42:10.824  3612  3612 I HoneySpace.CapturedBlurViewModel: updateWallpaperBlur() launcher has been paused
09-08 06:42:10.824  3612  3612 I HoneySpace.AppscreenPot: onPlayStarted com.honeyspace.sdk.HomeScreen$Normal@1c6a09a
09-08 06:42:10.824  3612  3612 I HoneySpace.HoneyScreenManagerImpl: start state transition: xb.n0@ce935af
09-08 06:42:10.824  3612  3612 I HoneySpace.HomescreenPot: show state: com.honeyspace.sdk.HomeScreen$Normal@1c6a09a  screenShow: false
09-08 06:42:10.825  3612  3612 I HoneySpace.HomescreenViewModel: resetProgress
09-08 06:42:10.826  1650  1717 W libprocessgroup: SetCgroup::ExecuteForProcess: failed to open /dev/blkio//cgroup.procs: No such file or directory
09-08 06:42:10.827  3612  3612 I SystemUIControlUtils: showStatusBar, com.android.internal.policy.PhoneWindow@3d15063
09-08 06:42:10.828  3612  3612 I SystemUIControlUtils: toggleFullScreen, false, com.android.internal.policy.PhoneWindow@3d15063
09-08 06:42:10.828  3612  3612 I SystemUIControlUtils: showNavigationBar, com.android.internal.policy.PhoneWindow@3d15063
09-08 06:42:10.828  3612  3612 I HoneySpace.WhiteBgColorUpdater: changeWhiteBgSystemUIColor, DecorView@91bf1d5[LauncherActivity], type = 2,supportWhiteBg = true, forced = false, fromHoneyType = homescreen
09-08 06:42:10.828  1650  1717 W libprocessgroup: SetCgroup::ExecuteForProcess: failed to open /dev/blkio//cgroup.procs: No such file or directory
09-08 06:42:10.829  3612  3612 I HoneySpace.WhiteBgColorChanger: changeStatusBarColor, view = DecorView@91bf1d5[LauncherActivity], false
09-08 06:42:10.829  3612  3612 I HoneySpace.WhiteBgColorUpdater: changeWhiteBgSystemUIColor, DecorView@91bf1d5[LauncherActivity], type = 3,supportWhiteBg = true, forced = false, fromHoneyType = homescreen
09-08 06:42:10.829  3612  3612 I HoneySpace.WhiteBgColorChanger: changeNavigationBarColor, view = DecorView@91bf1d5[LauncherActivity], false
09-08 06:42:10.829  3612  3612 I HoneySpace.HomescreenPot: handleTransitionState, alpha 1
09-08 06:42:10.830  3612  3612 I HoneySpace.HoneyScreenManagerImpl: show HOME
09-08 06:42:10.831  3612  3612 I HoneySpace.BackgroundManagerImpl: setProgress: com.honeyspace.sdk.HomeScreen$Normal@1c6a09a, p=0.0, ch=73547410, open=true
09-08 06:42:10.831  3612  3612 I HoneySpace.BackgroundManagerImpl: setProgressToScrimView[ch=73547410]: progress = 0.0, dim = 0.0, currentDimAlpha={73547410=0.0, 91093963=0.0}
09-08 06:42:10.831  3612  3612 I HoneySpace.BackgroundManagerImpl: setProgressToBlurView[ch=73547410, st =  com.honeyspace.sdk.HomeScreen$Normal@1c6a09a, progress = 0.0, wb= 2.0]
09-08 06:42:10.831  3612  3612 I HoneySpace.Launcher: !@Boot_EBS_D: Launcher.onResume()
09-08 06:42:10.831  3612  3612 I HoneySpace.Launcher: updateLauncherShowing false -> true
09-08 06:42:10.832  3612  3754 I HoneySpace.TopTaskSource: update by launcher showing
09-08 06:42:10.832  3612 20085 I HoneySpace.PredictionDataSourceImpl: requestPredictionUpdate 0 true
09-08 06:42:10.833  3612  3612 I HoneySpace.ScreenOffTimeout: RETURN setScreenOffDimDuration - com.android.internal.policy.PhoneWindow@3d15063, {(0,0)(fillxfill) sim={adjust=nothing} layoutInDisplayCutoutMode=shortEdges ty=BASE_APPLICATION fmt=TRANSPARENT wanim=0x10302f2
09-08 06:42:10.833  3612  3612 I HoneySpace.ScreenOffTimeout:   fl=81910100
09-08 06:42:10.833  3612  3612 I HoneySpace.ScreenOffTimeout:   pfl=10008040
09-08 06:42:10.833  3612  3612 I HoneySpace.ScreenOffTimeout:   bhv=DEFAULT
09-08 06:42:10.833  3612  3612 I HoneySpace.ScreenOffTimeout:   fitSides= screenDimDuration=200000 naviIconColor=0}, 200000
09-08 06:42:10.833  3612  3612 I HoneySpace.ShellTransitionManager: myHomeResumed
09-08 06:42:10.833  3612  3612 I HoneySpace.BackgroundManagerImpl: capturedBlurView: resume(com.sec.android.app.launcher.Launcher@4623e92, 73547410)
09-08 06:42:10.833  3612  3612 I HoneySpace.CapturedBlurViewModel: shouldUpdateWallpaperBlur : needToUpdateWallpaper = true, wallpaperChanged = false, wallpaperDrawCompleted = true, mCapture = nonNull, isOrientationChanged() = false, isDisplayChanged() = false, isLiveWallpaper = false
09-08 06:42:10.833  3612  3612 I HoneySpace.CapturedBlurViewModel: updateWallpaperBlur() needTakeScreenshot : true
09-08 06:42:10.834  3612  3612 I HoneySpace.CapturedBlurViewModel: Wallpaper rotate end
09-08 06:42:10.834  3107  3107 D LocationControllerImpl: onReceive() = android.intent.action.CLOSE_SYSTEM_DIALOGS
09-08 06:42:10.834  3107  3107 D QSButtonsContainer: action:android.intent.action.CLOSE_SYSTEM_DIALOGS
09-08 06:42:10.835  3107  3107 D SecVolume.VolumePanelStore: dispatch [ACTION_DISMISS_REQUESTED with [STATE_NO_DISPATCH], currentAction={isFromOutside : true}, currentState={activeStream=-1, stream=-1, isSetupWizardComplete : true, isVoiceCapable : true, isHasVibrator : true, earProtectLevel : 909, activeStream : -1, ringerModeInternal : -1, systemTimeNow : 206711}
09-08 06:42:10.835  3107  3107 D SecVolume.VolumePanelStore:   > New State : [STATE_NO_DISPATCH]
09-08 06:42:10.835  3612 20085 I HoneySpace.PredictionDataSourceImpl: requestPredictionUpdate 1 true
09-08 06:42:10.835  3612  3757 I HoneySpace.TopTaskUseCase: topTasks 6 ComponentInfo{com.sec.android.app.launcher/com.sec.android.app.launcher.Launcher}
09-08 06:42:10.836  3107  3107 D PopupUI.PopupUI: PopupUIReceiver.onReceive() action : android.intent.action.CLOSE_SYSTEM_DIALOGS
09-08 06:42:10.837  3107  3107 D SimTrayProtectionViewModel: dismiss : isFoldedState()falseisRemoveSimtray() : true
09-08 06:42:10.838  3612  3612 I HoneySpace.CapturedBlurView: updateBlur()
09-08 06:42:10.840  3612  3612 I HoneySpace.CapturedBlurView: updateBlur()
09-08 06:42:10.841  3612  3612 I SearchHoneyPot: onViewCreated: onResume
09-08 06:42:10.841  3612 16426 I HoneySpace.SPayHandler: same state show=false currentDefaultPage=false
09-08 06:42:10.841  3612  3754 I HoneySpace.TopTaskSource: onTaskFocusChanged(): taskId = 6
09-08 06:42:10.842  3612  3754 I HoneySpace.TopTaskSource: onTaskFocusChanged(): taskId = 6
09-08 06:42:10.842  3612  3754 I HoneySpace.TopTaskSource: onTaskMovedToFront : taskId = 6
09-08 06:42:10.842  3612  3754 I HoneySpace.TopTaskSource: onTaskMovedToFront : taskId = 6
09-08 06:42:10.842  3612 16426 I HoneySpace.OneUiSpace: received close system dialog reason=homekey
09-08 06:42:10.846  3612  3612 I HoneySpace.BackgroundManagerImpl: setProgress: com.honeyspace.sdk.HomeScreen$Normal@1c6a09a, p=0.0, ch=73547410, open=true
09-08 06:42:10.846  3612  3612 I HoneySpace.BackgroundManagerImpl: setProgressToScrimView[ch=73547410]: progress = 0.0, dim = 0.0, currentDimAlpha={73547410=0.0, 91093963=0.0}
09-08 06:42:10.846  3612  3612 I HoneySpace.BackgroundManagerImpl: setProgressToBlurView[ch=73547410, st =  com.honeyspace.sdk.HomeScreen$Normal@1c6a09a, progress = 0.0, wb= 2.0]
09-08 06:42:10.867  3612  3612 I HoneySpace.BackgroundViewAlphaUpdater: setAlpha: 1.0
09-08 06:42:10.871  3612  5328 I gralloc4: @set_metadata: update dataspace from GM (0x00000000 -> 0x08010000)
09-08 06:42:10.877  1148  1148 I BufferQueueProducer: [com.sec.android.app.launcher/com.sec.android.app.launcher.activities.LauncherActivity$_3612#19940](this:0xb40000709710a790,id:-1,api:0,p:-1,c:1148) queueBuffer: fps=2.35 dur=5530.72 max=5332.04 min=15.73
09-08 06:42:10.879  3612  3612 I HoneySpace.BackgroundViewAlphaUpdater: setAlpha: 1.0
09-08 06:42:10.884  1148  1228 E RenderEngine: updatePQFlag: get gralloc GRALLOC_EXTRA_GET_AI_PQ_INFO fail, return
09-08 06:42:10.885  3612  5737 I HoneySpace.PredictionDataSourceImpl: TYPE_SUGGESTED_APPS updated: 9
09-08 06:42:10.886  1148  1228 E RenderEngine: updatePQFlag: get gralloc GRALLOC_EXTRA_GET_AI_PQ_INFO fail, return
09-08 06:42:10.886  3612  5328 I gralloc4: @set_metadata: update dataspace from GM (0x00000000 -> 0x08010000)
09-08 06:42:10.887  3612  5751 I HoneySpace.PredictionDataSourceImpl: TYPE_RECOMMENDED_WIDGETS updated: 22
09-08 06:42:10.895  3612  3612 I HoneySpace.BackgroundViewAlphaUpdater: setAlpha: 1.0
09-08 06:42:10.900  3612  5328 I gralloc4: @set_metadata: update dataspace from GM (0x00000000 -> 0x08010000)
09-08 06:42:10.912  3612  3612 I HoneySpace.BackgroundViewAlphaUpdater: setAlpha: 0.94910383
09-08 06:42:10.924 23382 23409 D Benchmark: Starting activity with command: am start  -W "intent:#Intent;action=android.intent.action.MAIN;category=android.intent.category.LAUNCHER;launchFlags=0x10008000;package=com.ton_keeper;component=com.ton_keeper/com.tonapps.tonkeeper.ui.screen.root.RootActivity;end"
09-08 06:42:10.930  3612  3612 I HoneySpace.BackgroundViewAlphaUpdater: setAlpha: 0.7674246
09-08 06:42:10.942  3612  5328 I gralloc4: @set_metadata: update dataspace from GM (0x00000000 -> 0x08010000)
09-08 06:42:10.945  3612  3612 I HoneySpace.BackgroundViewAlphaUpdater: setAlpha: 0.6015259
09-08 06:42:10.954  3612  5328 I gralloc4: @set_metadata: update dataspace from GM (0x00000000 -> 0x08010000)
09-08 06:42:10.957  5060  5693 W MediaProvider: isAppCloneUserPair for user 0: false
09-08 06:42:10.958  3612  5328 I gralloc4: @set_metadata: update dataspace from GM (0x00000000 -> 0x08010000)
09-08 06:42:10.961  3612  3612 I HoneySpace.BackgroundViewAlphaUpdater: setAlpha: 0.46900928
09-08 06:42:10.974  3612  5328 I gralloc4: @set_metadata: update dataspace from GM (0x00000000 -> 0x08010000)
09-08 06:42:10.972  1650  1974 D SyncManager: userId - 0 auto - true
09-08 06:42:10.978  3612  3612 I HoneySpace.BackgroundViewAlphaUpdater: setAlpha: 0.35123205
09-08 06:42:10.984  3612  5328 I gralloc4: @set_metadata: update dataspace from GM (0x00000000 -> 0x08010000)
09-08 06:42:10.985  1148  1228 E RenderEngine: updatePQFlag: get gralloc GRALLOC_EXTRA_GET_AI_PQ_INFO fail, return
09-08 06:42:10.986  1148  1228 E RenderEngine: updatePQFlag: get gralloc GRALLOC_EXTRA_GET_AI_PQ_INFO fail, return
09-08 06:42:10.995  3612  3612 I HoneySpace.BackgroundViewAlphaUpdater: setAlpha: 0.25503337
09-08 06:42:11.001  3612  5328 I gralloc4: @set_metadata: update dataspace from GM (0x00000000 -> 0x08010000)
09-08 06:42:11.011  3612  3612 I HoneySpace.BackgroundViewAlphaUpdater: setAlpha: 0.18225002
09-08 06:42:11.018  3612  5328 I gralloc4: @set_metadata: update dataspace from GM (0x00000000 -> 0x08010000)
09-08 06:42:11.027  3612  3612 I HoneySpace.BackgroundViewAlphaUpdater: setAlpha: 0.12170601
09-08 06:42:11.029  1650  1712 I SemDvfsHyPerManager: acquire hyper - APP_LAUNCH/1650@26, type = -999
09-08 06:42:11.031  1116  1156 I HYPER-HAL: [RequestManager.cpp]acquire(): Acquired ID : 1405352  [1650 / 26]    HINT : APP_LAUNCH    list :
09-08 06:42:11.031  1116  1156 I mtkpower_client: perf_lock_acq, hdl:0, dur:0, num:2, tid:1156
09-08 06:42:11.032  1650  1682 I ChimeraSystemEventListener: appLaunchIntent package name is: com.ton_keeper
09-08 06:42:11.032  1116  1156 I mtkpower_client: ret_hdl:23886
09-08 06:42:11.032  1116  1156 I mtkpower_client: perf_lock_acq, hdl:0, dur:0, num:2, tid:1156
09-08 06:42:11.032  1122  1188 I libPowerHal: [perfLockAcq] idx:0 hdl:23886 hint:-1 pid:1116 duration:0 lock_user:vendor.samsung. => ret_hdl:23886
09-08 06:42:11.033  3612  5328 I gralloc4: @set_metadata: update dataspace from GM (0x00000000 -> 0x08010000)
09-08 06:42:11.033  1650  3108 W System.err: java.io.FileNotFoundException: /proc/23588/io_record_control: open failed: ENOENT (No such file or directory)
09-08 06:42:11.033  1122  1188 I libPowerHal: [PE] vendor.samsung. update cmd:300c000, param:15
09-08 06:42:11.033  1116  1156 I mtkpower_client: ret_hdl:23887
09-08 06:42:11.034  1650  3108 W System.err: 	at libcore.io.IoBridge.open(IoBridge.java:574)
09-08 06:42:11.034  1650  3108 W System.err: 	at java.io.FileOutputStream.<init>(FileOutputStream.java:236)
09-08 06:42:11.034  1122  1188 I libPowerHal: [perfLockAcq] idx:1 hdl:23887 hint:-1 pid:1116 duration:0 lock_user:vendor.samsung. => ret_hdl:23887
09-08 06:42:11.034  1116  1156 I mtkpower_client: perf_lock_acq, hdl:0, dur:0, num:2, tid:1156
09-08 06:42:11.034  1122  1188 I libPowerHal: [PE] (more) /proc/mcdi/state set +prefix:enable 0;
09-08 06:42:11.034  1116  1156 I mtkpower_client: ret_hdl:23888
09-08 06:42:11.035  1116  1156 I mtkpower_client: perf_lock_acq, hdl:0, dur:0, num:2, tid:1156
09-08 06:42:11.035  1122  1188 I libPowerHal: [perfLockAcq] idx:2 hdl:23888 hint:-1 pid:1116 duration:0 lock_user:vendor.samsung. => ret_hdl:23888
09-08 06:42:11.035  1650  3108 W System.err: 	at java.io.FileOutputStream.<init>(FileOutputStream.java:186)
09-08 06:42:11.035  1650  3108 W System.err: 	at java.io.FileWriter.<init>(FileWriter.java:96)
09-08 06:42:11.035  1650  3108 W System.err: 	at com.android.server.am.Pageboost$IoRecord.write(Pageboost.java:1711)
09-08 06:42:11.035  1650  3108 W System.err: 	at com.android.server.am.Pageboost$IoRecord.<init>(Pageboost.java:1699)
09-08 06:42:11.035  1650  3108 W System.err: 	at com.android.server.am.Pageboost$PageboostAppCapture.record(Pageboost.java:2109)
09-08 06:42:11.035  1650  3108 W System.err: 	at com.android.server.am.Pageboost$PageboostAppCapture.capture(Pageboost.java:2060)
09-08 06:42:11.035  1650  3108 W System.err: 	at com.android.server.am.Pageboost$PageboostHandler.handleMessage(Pageboost.java:2456)
09-08 06:42:11.035  1650  3108 W System.err: 	at android.os.Handler.dispatchMessage(Handler.java:106)
09-08 06:42:11.035  1650  3108 W System.err: 	at android.os.Looper.loopOnce(Looper.java:230)
09-08 06:42:11.035  1650  3108 W System.err: 	at android.os.Looper.loop(Looper.java:319)
09-08 06:42:11.035  1122  1188 I libPowerHal: vendor.samsung.: cpu_ctrl set cpu freq: 1800000 -1 -1 -1
09-08 06:42:11.035  1650  3108 W System.err: 	at android.os.HandlerThread.run(HandlerThread.java:67)
09-08 06:42:11.035  1650  3108 W System.err: 	at com.android.server.ServiceThread.run(ServiceThread.java:46)
09-08 06:42:11.035  1650  3108 W System.err: Caused by: android.system.ErrnoException: open failed: ENOENT (No such file or directory)
09-08 06:42:11.035  1650  3108 W System.err: 	at libcore.io.Linux.open(Native Method)
09-08 06:42:11.035  1122  1188 I libPowerHal: [perfLockAcq] idx:3 hdl:23889 hint:-1 pid:1116 duration:0 lock_user:vendor.samsung. => ret_hdl:23889
09-08 06:42:11.035  1116  1156 I mtkpower_client: ret_hdl:23889
09-08 06:42:11.035  1116  1156 I mtkpower_client: perf_lock_acq, hdl:0, dur:0, num:2, tid:1156
09-08 06:42:11.035  1122  1188 I libPowerHal: [PE] vendor.samsung. update cmd:1000000, param:0
09-08 06:42:11.035  1122  1188 I libPowerHal: [PE] vendor.samsung. update cmd:1000000 param:0
09-08 06:42:11.036  1122  1188 I libPowerHal: [perfLockAcq] idx:4 hdl:23890 hint:-1 pid:1116 duration:0 lock_user:vendor.samsung. => ret_hdl:23890
09-08 06:42:11.036  1116  1156 I mtkpower_client: ret_hdl:23890
09-08 06:42:11.036  1122  1188 I libPowerHal: vendor.samsung.: cpu_ctrl set cpu freq: 1800000 -1 2000000 -1
09-08 06:42:11.037  1650  3108 W System.err: 	at libcore.io.ForwardingOs.open(ForwardingOs.java:563)
09-08 06:42:11.037  1650  3108 W System.err: 	at libcore.io.BlockGuardOs.open(BlockGuardOs.java:274)
09-08 06:42:11.037  1650  3108 W System.err: 	at libcore.io.IoBridge.open(IoBridge.java:560)
09-08 06:42:11.037  1650  3108 W System.err: 	... 13 more
09-08 06:42:11.044  3612  3612 I HoneySpace.BackgroundViewAlphaUpdater: setAlpha: 0.078608036
09-08 06:42:11.048  3612  5328 I gralloc4: @set_metadata: update dataspace from GM (0x00000000 -> 0x08010000)
09-08 06:42:11.048  1650  3877 I SemDvfsHyPerManager: acquire hyper - AMS_APP_SWITCH/1650@20, type = -999
09-08 06:42:11.048  1116  1156 I HYPER-HAL: [RequestManager.cpp]acquire(): Acquired ID : 1395305  [1650 / 20]    HINT : AMS_ACT_SWITCH    list :
09-08 06:42:11.048  1116  1156 I mtkpower_client: perf_lock_rel, hdl:23886, tid:1156
09-08 06:42:11.048  1116  1156 I mtkpower_client: perf_lock_acq, hdl:0, dur:0, num:2, tid:1156
09-08 06:42:11.048  1116  1156 I mtkpower_client: ret_hdl:23891
09-08 06:42:11.049  1116  1156 I mtkpower_client: perf_lock_rel, hdl:23887, tid:1156
09-08 06:42:11.049  1122  1188 I libPowerHal: [perfLockRel] hdl:23886, idx:0
09-08 06:42:11.049  1122  1188 I libPowerHal: [PD] vendor.samsung. update cmd:300c000 param:0
09-08 06:42:11.049  1122  1188 I libPowerHal: [perfLockAcq] idx:5 hdl:23891 hint:-1 pid:1116 duration:0 lock_user:vendor.samsung. => ret_hdl:23891
09-08 06:42:11.049  1122  1188 I libPowerHal: [PE] vendor.samsung. update cmd:300c000, param:15
09-08 06:42:11.049  1122  1188 I libPowerHal: [perfLockRel] hdl:23887, idx:1
