09-08 06:42:12.441 20790 20800 W earchbox:search: ApkAssets: Deleting an ApkAssets object '<empty> and /data/app/~~IM3i2HE9HwaMpjahx70LHg==/com.android.chrome-RoMd7dKVklRaffDfMs2D-Q==/split_dev_ui.apk' with 1 weak references
09-08 06:42:12.441 20790 20800 W earchbox:search: ApkAssets: Deleting an ApkAssets object '<empty> and /data/app/~~IM3i2HE9HwaMpjahx70LHg==/com.android.chrome-RoMd7dKVklRaffDfMs2D-Q==/split_feedv2.apk' with 1 weak references
09-08 06:42:12.441 20790 20800 W earchbox:search: ApkAssets: Deleting an ApkAssets object '<empty> and /data/app/~~IM3i2HE9HwaMpjahx70LHg==/com.android.chrome-RoMd7dKVklRaffDfMs2D-Q==/split_read_aloud_playback.apk' with 1 weak references
09-08 06:42:12.441 20790 20800 W earchbox:search: ApkAssets: Deleting an ApkAssets object '<empty> and /data/app/~~IM3i2HE9HwaMpjahx70LHg==/com.android.chrome-RoMd7dKVklRaffDfMs2D-Q==/split_stack_unwinder.apk' with 1 weak references
09-08 06:42:12.441 20790 20800 W earchbox:search: ApkAssets: Deleting an ApkAssets object '<empty> and /data/app/~~IM3i2HE9HwaMpjahx70LHg==/com.android.chrome-RoMd7dKVklRaffDfMs2D-Q==/split_survey.apk' with 1 weak references
09-08 06:42:12.441 20790 20800 W earchbox:search: ApkAssets: Deleting an ApkAssets object '<empty> and /data/app/~~IM3i2HE9HwaMpjahx70LHg==/com.android.chrome-RoMd7dKVklRaffDfMs2D-Q==/split_test_dummy.apk' with 1 weak references
09-08 06:42:12.442 20790 20800 W earchbox:search: ApkAssets: Deleting an ApkAssets object '<empty> and /data/app/~~osa5pJkSEzMAh24ervhmNQ==/com.google.android.trichromelibrary_661312733-FhU3q3XcP8T7c5F30JnBhA==/base.apk' with 1 weak references
09-08 06:42:12.442 20790 20800 W earchbox:search: ApkAssets: Deleting an ApkAssets object '<empty> and /data/app/~~wiy7B3muN2M8l_EAHz0HtQ==/com.google.android.youtube-2rQkWuZXqSlRWEigsvZtLQ==/base.apk' with 1 weak references
09-08 06:42:12.442 20790 20800 W earchbox:search: ApkAssets: Deleting an ApkAssets object '<empty> and /data/app/~~wiy7B3muN2M8l_EAHz0HtQ==/com.google.android.youtube-2rQkWuZXqSlRWEigsvZtLQ==/split_config.arm64_v8a.apk' with 1 weak references
09-08 06:42:12.442 20790 20800 W earchbox:search: ApkAssets: Deleting an ApkAssets object '<empty> and /data/app/~~wiy7B3muN2M8l_EAHz0HtQ==/com.google.android.youtube-2rQkWuZXqSlRWEigsvZtLQ==/split_config.en.apk' with 1 weak references
09-08 06:42:12.442 20790 20800 W earchbox:search: ApkAssets: Deleting an ApkAssets object '<empty> and /data/app/~~wiy7B3muN2M8l_EAHz0HtQ==/com.google.android.youtube-2rQkWuZXqSlRWEigsvZtLQ==/split_config.ru.apk' with 1 weak references
09-08 06:42:12.442 20790 20800 W earchbox:search: ApkAssets: Deleting an ApkAssets object '<empty> and /data/app/~~wiy7B3muN2M8l_EAHz0HtQ==/com.google.android.youtube-2rQkWuZXqSlRWEigsvZtLQ==/split_config.uk.apk' with 1 weak references
09-08 06:42:12.442 20790 20800 W earchbox:search: ApkAssets: Deleting an ApkAssets object '<empty> and /data/app/~~wiy7B3muN2M8l_EAHz0HtQ==/com.google.android.youtube-2rQkWuZXqSlRWEigsvZtLQ==/split_config.xxhdpi.apk' with 1 weak references
09-08 06:42:12.443 20790 20800 W earchbox:search: ApkAssets: Deleting an ApkAssets object '<empty> and /data/app/~~WJImf677s-sWmGd0765uzQ==/com.google.android.apps.youtube.music-zr-UNUa711bHMRry8dpPaA==/base.apk' with 1 weak references
09-08 06:42:12.443 20790 20800 W earchbox:search: ApkAssets: Deleting an ApkAssets object '<empty> and /data/app/~~WJImf677s-sWmGd0765uzQ==/com.google.android.apps.youtube.music-zr-UNUa711bHMRry8dpPaA==/split_config.en.apk' with 1 weak references
09-08 06:42:12.443 20790 20800 W earchbox:search: ApkAssets: Deleting an ApkAssets object '<empty> and /data/app/~~WJImf677s-sWmGd0765uzQ==/com.google.android.apps.youtube.music-zr-UNUa711bHMRry8dpPaA==/split_config.ru.apk' with 1 weak references
09-08 06:42:12.443 20790 20800 W earchbox:search: ApkAssets: Deleting an ApkAssets object '<empty> and /data/app/~~WJImf677s-sWmGd0765uzQ==/com.google.android.apps.youtube.music-zr-UNUa711bHMRry8dpPaA==/split_config.uk.apk' with 1 weak references
09-08 06:42:12.443 20790 20800 W earchbox:search: ApkAssets: Deleting an ApkAssets object '<empty> and /data/app/~~1PhHBwWM39TvA8Kar_FkIQ==/com.spotify.music-TGJZPxazrl2YivAX72ilYQ==/base.apk' with 1 weak references
09-08 06:42:12.443 20790 20800 W earchbox:search: ApkAssets: Deleting an ApkAssets object '<empty> and /data/app/~~1PhHBwWM39TvA8Kar_FkIQ==/com.spotify.music-TGJZPxazrl2YivAX72ilYQ==/split_config.arm64_v8a.apk' with 1 weak references
09-08 06:42:12.443 20790 20800 W earchbox:search: ApkAssets: Deleting an ApkAssets object '<empty> and /data/app/~~1PhHBwWM39TvA8Kar_FkIQ==/com.spotify.music-TGJZPxazrl2YivAX72ilYQ==/split_config.en.apk' with 1 weak references
09-08 06:42:12.444 20790 20800 W earchbox:search: ApkAssets: Deleting an ApkAssets object '<empty> and /data/app/~~1PhHBwWM39TvA8Kar_FkIQ==/com.spotify.music-TGJZPxazrl2YivAX72ilYQ==/split_config.ru.apk' with 1 weak references
09-08 06:42:12.444 20790 20800 W earchbox:search: ApkAssets: Deleting an ApkAssets object '<empty> and /data/app/~~1PhHBwWM39TvA8Kar_FkIQ==/com.spotify.music-TGJZPxazrl2YivAX72ilYQ==/split_config.uk.apk' with 1 weak references
09-08 06:42:12.444 20790 20800 W earchbox:search: ApkAssets: Deleting an ApkAssets object '<empty> and /data/app/~~1PhHBwWM39TvA8Kar_FkIQ==/com.spotify.music-TGJZPxazrl2YivAX72ilYQ==/split_config.xxhdpi.apk' with 1 weak references
09-08 06:42:12.444 20790 20800 W earchbox:search: ApkAssets: Deleting an ApkAssets object '<empty> and /data/app/~~UiUKSfJytC3Qc4Y9giYfmQ==/com.linkedin.android-8G5o1j-QZNGaET0BtUpelQ==/base.apk' with 1 weak references
09-08 06:42:12.444 20790 20800 W earchbox:search: ApkAssets: Deleting an ApkAssets object '<empty> and /data/app/~~UiUKSfJytC3Qc4Y9giYfmQ==/com.linkedin.android-8G5o1j-QZNGaET0BtUpelQ==/split_config.arm64_v8a.apk' with 1 weak references
09-08 06:42:12.444 20790 20800 W earchbox:search: ApkAssets: Deleting an ApkAssets object '<empty> and /data/app/~~UiUKSfJytC3Qc4Y9giYfmQ==/com.linkedin.android-8G5o1j-QZNGaET0BtUpelQ==/split_config.en.apk' with 1 weak references
09-08 06:42:12.444 20790 20800 W earchbox:search: ApkAssets: Deleting an ApkAssets object '<empty> and /data/app/~~UiUKSfJytC3Qc4Y9giYfmQ==/com.linkedin.android-8G5o1j-QZNGaET0BtUpelQ==/split_config.ru.apk' with 1 weak references
09-08 06:42:12.444 20790 20800 W earchbox:search: ApkAssets: Deleting an ApkAssets object '<empty> and /data/app/~~UiUKSfJytC3Qc4Y9giYfmQ==/com.linkedin.android-8G5o1j-QZNGaET0BtUpelQ==/split_config.uk.apk' with 1 weak references
09-08 06:42:12.445 20790 20800 W earchbox:search: ApkAssets: Deleting an ApkAssets object '<empty> and /data/app/~~UiUKSfJytC3Qc4Y9giYfmQ==/com.linkedin.android-8G5o1j-QZNGaET0BtUpelQ==/split_config.xxhdpi.apk' with 1 weak references
09-08 06:42:12.446 20790 20800 W earchbox:search: ApkAssets: Deleting an ApkAssets object '<empty> and /data/app/~~soQMgy59ePpbtrOSi7lZeA==/com.viber.voip-NubgQknlyGPBDZu8ceLXGQ==/base.apk' with 1 weak references
09-08 06:42:12.447 20790 20800 W earchbox:search: ApkAssets: Deleting an ApkAssets object '<empty> and /data/app/~~soQMgy59ePpbtrOSi7lZeA==/com.viber.voip-NubgQknlyGPBDZu8ceLXGQ==/split_SnapCamera.apk' with 1 weak references
09-08 06:42:12.448 20790 20800 W earchbox:search: ApkAssets: Deleting an ApkAssets object '<empty> and /data/app/~~soQMgy59ePpbtrOSi7lZeA==/com.viber.voip-NubgQknlyGPBDZu8ceLXGQ==/split_SnapCamera.config.arm64_v8a.apk' with 1 weak references
09-08 06:42:12.448 20790 20800 W earchbox:search: ApkAssets: Deleting an ApkAssets object '<empty> and /data/app/~~soQMgy59ePpbtrOSi7lZeA==/com.viber.voip-NubgQknlyGPBDZu8ceLXGQ==/split_SnapCamera.config.xxhdpi.apk' with 1 weak references
09-08 06:42:12.448 20790 20800 W earchbox:search: ApkAssets: Deleting an ApkAssets object '<empty> and /data/app/~~soQMgy59ePpbtrOSi7lZeA==/com.viber.voip-NubgQknlyGPBDZu8ceLXGQ==/split_config.arm64_v8a.apk' with 1 weak references
09-08 06:42:12.448 20790 20800 W earchbox:search: ApkAssets: Deleting an ApkAssets object '<empty> and /data/app/~~soQMgy59ePpbtrOSi7lZeA==/com.viber.voip-NubgQknlyGPBDZu8ceLXGQ==/split_config.xxhdpi.apk' with 1 weak references
09-08 06:42:12.449 20790 20800 W earchbox:search: ApkAssets: Deleting an ApkAssets object '<empty> and /data/app/~~JeqmeURQrpCZvyAv1L9mCw==/com.vkontakte.android-Lic2KKjcOdOALZYqALqIPg==/base.apk' with 1 weak references
09-08 06:42:12.449 20790 20800 W earchbox:search: ApkAssets: Deleting an ApkAssets object '<empty> and /data/app/~~JeqmeURQrpCZvyAv1L9mCw==/com.vkontakte.android-Lic2KKjcOdOALZYqALqIPg==/split_config.arm64_v8a.apk' with 1 weak references
09-08 06:42:12.449 20790 20800 W earchbox:search: ApkAssets: Deleting an ApkAssets object '<empty> and /data/app/~~JeqmeURQrpCZvyAv1L9mCw==/com.vkontakte.android-Lic2KKjcOdOALZYqALqIPg==/split_config.ru.apk' with 1 weak references
09-08 06:42:12.450 20790 20800 W earchbox:search: ApkAssets: Deleting an ApkAssets object '<empty> and /data/app/~~JeqmeURQrpCZvyAv1L9mCw==/com.vkontakte.android-Lic2KKjcOdOALZYqALqIPg==/split_config.uk.apk' with 1 weak references
09-08 06:42:12.450 20790 20800 W earchbox:search: ApkAssets: Deleting an ApkAssets object '<empty> and /data/app/~~JeqmeURQrpCZvyAv1L9mCw==/com.vkontakte.android-Lic2KKjcOdOALZYqALqIPg==/split_config.xxhdpi.apk' with 1 weak references
09-08 06:42:12.450 20790 20800 W earchbox:search: ApkAssets: Deleting an ApkAssets object '<empty> and /data/app/~~3OVy6eU0k6qxBW_n4KwYFA==/com.whatsapp-9SGGC-8yJiOPtw_UCoWU4g==/base.apk' with 1 weak references
09-08 06:42:12.450 20790 20800 W earchbox:search: ApkAssets: Deleting an ApkAssets object '<empty> and /data/app/~~830ut8tq030SALWWJqJeFQ==/org.telegram.messenger-WFvvKBlSkRlenTE7M3Q6cA==/base.apk' with 1 weak references
09-08 06:42:12.451 20790 20800 W earchbox:search: ApkAssets: Deleting an ApkAssets object '<empty> and /data/app/~~830ut8tq030SALWWJqJeFQ==/org.telegram.messenger-WFvvKBlSkRlenTE7M3Q6cA==/split_config.arm64_v8a.apk' with 1 weak references
09-08 06:42:12.451 20790 20800 W earchbox:search: ApkAssets: Deleting an ApkAssets object '<empty> and /data/app/~~830ut8tq030SALWWJqJeFQ==/org.telegram.messenger-WFvvKBlSkRlenTE7M3Q6cA==/split_config.en.apk' with 1 weak references
09-08 06:42:12.451 20790 20800 W earchbox:search: ApkAssets: Deleting an ApkAssets object '<empty> and /data/app/~~830ut8tq030SALWWJqJeFQ==/org.telegram.messenger-WFvvKBlSkRlenTE7M3Q6cA==/split_config.ru.apk' with 1 weak references
09-08 06:42:12.451 20790 20800 W earchbox:search: ApkAssets: Deleting an ApkAssets object '<empty> and /data/app/~~830ut8tq030SALWWJqJeFQ==/org.telegram.messenger-WFvvKBlSkRlenTE7M3Q6cA==/split_config.uk.apk' with 1 weak references
09-08 06:42:12.451 20790 20800 W earchbox:search: ApkAssets: Deleting an ApkAssets object '<empty> and /data/app/~~830ut8tq030SALWWJqJeFQ==/org.telegram.messenger-WFvvKBlSkRlenTE7M3Q6cA==/split_config.xxhdpi.apk' with 1 weak references
09-08 06:42:12.469 14871 22972 I NetworkScheduler.Stats: (REDACTED) Task %s/%s started execution. cause:%s exec_start_elapsed_seconds: %s
09-08 06:42:12.471 14871 22972 I NetworkScheduler.Stats: (REDACTED) Task %s/%s finished executing. cause:%s result: %s elapsed_millis: %s uptime_millis: %s exec_start_elapsed_seconds: %s
09-08 06:42:12.503  3460  3460 I EPDG -- SIM1 [SMARTCELLULAR]: onSignalStrengthsChanged: SignalStrength:{mCdma=Invalid,mGsm=CellSignalStrengthGsm: rssi=-81 ber=2147483647 mTa=0 mLevel=4,mWcdma=Invalid,mTdscdma=Invalid,mLte=Invalid,mNr=Invalid,SignalBarInfo{ gsmLevel=4 },rat=16,primary=CellSignalStrengthGsm}
09-08 06:42:12.504  3460  4754 I EPDG -- SIM1 [SMARTCELLULAR]: lastGsmRssi: -85 currentGsmRssi: -81
09-08 06:42:12.509  3107  3107 D StatusBarIconController: ignoring old pipeline callbacks, because the new mobile icons are enabled
09-08 06:42:12.585  1116 23701 I mtkpower_client: perf_lock_rel, hdl:23909, tid:23701
09-08 06:42:12.586  1122  1188 I libPowerHal: [perfLockRel] hdl:23909, idx:1
09-08 06:42:12.586  1116 23701 I mtkpower_client: perf_lock_rel, hdl:23914, tid:23701
09-08 06:42:12.586  1122  1188 I libPowerHal: [PD] vendor.samsung. update cmd:300c000 param:0
09-08 06:42:12.587  1116 23701 I mtkpower_client: perf_lock_rel, hdl:23911, tid:23701
09-08 06:42:12.588  1122  1188 I libPowerHal: [perfLockRel] hdl:23914, idx:0
09-08 06:42:12.588  1122  1188 I libPowerHal: [PD] vendor.samsung. update cmd:1c3c000 param:1
09-08 06:42:12.588  1122  1188 I libPowerHal: [PD] (more) /proc/mcdi/state set +prefix:enable 1;
09-08 06:42:12.588  1122  1188 I libPowerHal: [perfLockRel] hdl:23911, idx:4
09-08 06:42:12.588  1116 23701 I mtkpower_client: perf_lock_rel, hdl:23915, tid:23701
09-08 06:42:12.589  1122  1188 I libPowerHal: vendor.samsung.: cpu_ctrl set cpu freq: -1 -1 2000000 -1
09-08 06:42:12.590  1116 23701 I mtkpower_client: perf_lock_rel, hdl:23916, tid:23701
09-08 06:42:12.590  1122  1188 I libPowerHal: [perfLockRel] hdl:23915, idx:2
09-08 06:42:12.590  1122  1188 I libPowerHal: [PD] vendor.samsung. update cmd:1000000, param:-1
09-08 06:42:12.590  1122  1188 I libPowerHal: [PD] vendor.samsung. update cmd:1000000 param:-1
09-08 06:42:12.591  1116 23701 I HYPER-HAL: [RequestManager.cpp]releaseLocked(): Released ID : 1390295
09-08 06:42:12.591  1122  1188 I libPowerHal: [perfLockRel] hdl:23916, idx:3
09-08 06:42:12.591  1122  1188 I libPowerHal: vendor.samsung.: cpu_ctrl set cpu freq: -1 -1 -1 -1
09-08 06:42:12.629  5620  5620 I InputMethodService: removeImeSurface
09-08 06:42:12.629  5620  5620 I InputMethodService: cancelImeSurfaceRemoval: removeCallbacks
09-08 06:42:12.839  1650  4202 D SemWifiUsabilityStatsMonitor: onWifiUsabilityStats - seqNum 34905, isSameBssidAndFreq true
09-08 06:42:12.840  1650  3015 I SemWifiLinkQualityMonitor: Link stat: 0 / 0 / 1.00 (129) / 390 / -51.0 || 100.0 : 390.00 / 0.5 : 1.00 / 0.55 : 0.30 / G (G) || 0.12 ms / 64.85 Mbps / D || 0 / N / 0 Y / 0 Y
09-08 06:42:12.846 23702 23816 E Parcel  : Class not found when unmarshalling: TON
09-08 06:42:12.846 23702 23816 E Parcel  : java.lang.ClassNotFoundException: TON
09-08 06:42:12.846 23702 23816 E Parcel  : 	at java.lang.Class.classForName(Native Method)
09-08 06:42:12.846 23702 23816 E Parcel  : 	at java.lang.Class.forName(Class.java:536)
09-08 06:42:12.846 23702 23816 E Parcel  : 	at android.os.Parcel.readParcelableCreatorInternal(Parcel.java:4990)
09-08 06:42:12.846 23702 23816 E Parcel  : 	at android.os.Parcel.readParcelableInternal(Parcel.java:4873)
09-08 06:42:12.846 23702 23816 E Parcel  : 	at android.os.Parcel.readParcelable(Parcel.java:4844)
09-08 06:42:12.846 23702 23816 E Parcel  : 	at com.tonapps.wallet.data.rates.entity.RateEntity$Creator.createFromParcel(Unknown Source:17)
09-08 06:42:12.846 23702 23816 E Parcel  : 	at com.tonapps.wallet.data.rates.entity.RateEntity$Creator.createFromParcel(Unknown Source:0)
09-08 06:42:12.846 23702 23816 E Parcel  : 	at com.tonapps.wallet.data.rates.entity.RatesEntity$Creator.createFromParcel(Unknown Source:35)
09-08 06:42:12.846 23702 23816 E Parcel  : 	at com.tonapps.wallet.data.rates.entity.RatesEntity$Creator.createFromParcel(Unknown Source:0)
09-08 06:42:12.846 23702 23816 E Parcel  : 	at com.tonapps.wallet.data.rates.source.BlobDataSource.onUnmarshall(BlobDataSource.kt:46)
09-08 06:42:12.846 23702 23816 E Parcel  : 	at com.tonapps.wallet.data.rates.source.BlobDataSource.onUnmarshall(BlobDataSource.kt:11)
09-08 06:42:12.846 23702 23816 E Parcel  : 	at com.tonapps.wallet.data.core.BlobDataSource.getDiskCache(BlobDataSource.kt:48)
09-08 06:42:12.846 23702 23816 E Parcel  : 	at com.tonapps.wallet.data.core.BlobDataSource.getCache(BlobDataSource.kt:35)
09-08 06:42:12.846 23702 23816 E Parcel  : 	at com.tonapps.wallet.data.rates.source.BlobDataSource.get(BlobDataSource.kt:21)
09-08 06:42:12.846 23702 23816 E Parcel  : 	at com.tonapps.wallet.data.rates.source.BlobDataSource.add(BlobDataSource.kt:33)
09-08 06:42:12.846 23702 23816 E Parcel  : 	at com.tonapps.wallet.data.rates.RatesRepository.insertRates(RatesRepository.kt:60)
09-08 06:42:12.846 23702 23816 E Parcel  : 	at com.tonapps.wallet.data.rates.RatesRepository.load(RatesRepository.kt:41)
09-08 06:42:12.846 23702 23816 E Parcel  : 	at com.tonapps.wallet.data.rates.RatesRepository.load(RatesRepository.kt:30)
09-08 06:42:12.846 23702 23816 E Parcel  : 	at com.tonapps.wallet.data.token.TokenRepository$load$2.invokeSuspend(TokenRepository.kt:195)
09-08 06:42:12.846 23702 23816 E Parcel  : 	at kotlin.coroutines.jvm.internal.BaseContinuationImpl.resumeWith(ContinuationImpl.kt:33)
09-08 06:42:12.846 23702 23816 E Parcel  : 	at kotlinx.coroutines.UndispatchedCoroutine.afterResume(CoroutineContext.kt:266)
09-08 06:42:12.846 23702 23816 E Parcel  : 	at kotlinx.coroutines.AbstractCoroutine.resumeWith(AbstractCoroutine.kt:99)
09-08 06:42:12.846 23702 23816 E Parcel  : 	at kotlin.coroutines.jvm.internal.BaseContinuationImpl.resumeWith(ContinuationImpl.kt:46)
09-08 06:42:12.846 23702 23816 E Parcel  : 	at kotlinx.coroutines.DispatchedTask.run(DispatchedTask.kt:104)
09-08 06:42:12.846 23702 23816 E Parcel  : 	at kotlinx.coroutines.internal.LimitedDispatcher$Worker.run(LimitedDispatcher.kt:111)
09-08 06:42:12.846 23702 23816 E Parcel  : 	at kotlinx.coroutines.scheduling.TaskImpl.run(Tasks.kt:99)
09-08 06:42:12.846 23702 23816 E Parcel  : 	at kotlinx.coroutines.scheduling.CoroutineScheduler.runSafely(CoroutineScheduler.kt:584)
09-08 06:42:12.846 23702 23816 E Parcel  : 	at kotlinx.coroutines.scheduling.CoroutineScheduler$Worker.executeTask(CoroutineScheduler.kt:811)
09-08 06:42:12.846 23702 23816 E Parcel  : 	at kotlinx.coroutines.scheduling.CoroutineScheduler$Worker.runWorker(CoroutineScheduler.kt:715)
09-08 06:42:12.846 23702 23816 E Parcel  : 	at kotlinx.coroutines.scheduling.CoroutineScheduler$Worker.run(CoroutineScheduler.kt:702)
09-08 06:42:12.846 23702 23816 E Parcel  : Caused by: java.lang.ClassNotFoundException: TON
09-08 06:42:12.846 23702 23816 E Parcel  : 	... 30 more
09-08 06:42:12.914  3107  3107 D StatusBarIconController: ignoring old pipeline callbacks, because the new mobile icons are enabled
09-08 06:42:12.920  1650  1717 W libprocessgroup: SetCgroup::ExecuteForProcess: failed to open /dev/blkio//cgroup.procs: No such file or directory
09-08 06:42:12.937 20394 20394 I SCS@AiSearch user 0: (ObserverWorker::AOSP_MP) [main] entering in startWork triggered by [content://media/external/file/1000004028, content://media/external/file/1000004029]():
09-08 06:42:12.938 20394 20394 I SCS@AiSearch user 0: (BaseCollector::AOSP_MP) [main] entering in onChange():
09-08 06:42:12.940 20394 20450 I SCS@AiSearch user 0: (BaseCollector::AOSP_MP) [AOSP_MP-0] entering in collectChanges():
09-08 06:42:12.949  1650  1670 D PackageManager: setEnabledSetting : userId = 0 packageName = com.samsung.android.scs cmp = androidx.work.impl.background.systemalarm.RescheduleReceiver newState = 1 callingPackage = com.samsung.android.scs
09-08 06:42:12.950  1650  1670 D ApplicationPolicy: getApplicationStateEnabled : pkg = com.samsung.android.scs userId : 0
09-08 06:42:12.952  1650  1670 D ApplicationPolicy: getApplicationComponentState : pkg = com.samsung.android.scs userId : 0
09-08 06:42:12.986 20394 20450 I SCS@AiSearch user 0: (BaseCollector::AOSP_MP) fetchInternal values : maxSyncId: 1000004023 indexCount: 168 sourceCount: 168
09-08 06:42:13.018 20394 20450 I SCS@AiSearch user 0: (IndexManager) [AOSP_MP-0] entering in addIndex():
09-08 06:42:13.020 20394 20450 I SCS@AiSearch user 0: (BaseCollector::AOSP_MP) fetch: fetching took  59 ms
09-08 06:42:13.020 20394 20450 I SCS@AiSearch user 0: (BaseCollector::AOSP_MP) fetchChanges: applied 0 items
09-08 06:42:13.020 20394 20450 I SCS@AiSearch user 0: (BaseCollector::AOSP_MP) Collect finished. Result: true
09-08 06:42:13.021 20394 20450 I SCS@AiSearch user 0: (BaseCollector::AOSP_MP) enqueue ObserverWorker name: com.sec.android.app.myfiles, policy: APPEND_OR_REPLACE
09-08 06:42:13.021 20394 20440 I WM-WorkerWrapper: Worker result SUCCESS for Work [ id=65751f4b-da38-4d85-890e-451314cc555c, tags={ com.sec.android.app.myfiles, com.samsung.android.scs.ai.search.data.collector.base.ObserverWorker } ]
09-08 06:42:13.044  1650  5215 D PackageManager: setEnabledSetting : userId = 0 packageName = com.samsung.android.scs cmp = androidx.work.impl.background.systemalarm.RescheduleReceiver newState = 1 callingPackage = com.samsung.android.scs
09-08 06:42:13.045  1650  5215 D ApplicationPolicy: getApplicationStateEnabled : pkg = com.samsung.android.scs userId : 0
09-08 06:42:13.046  1650  5215 D ApplicationPolicy: getApplicationComponentState : pkg = com.samsung.android.scs userId : 0
09-08 06:42:13.194 23702 23816 E Parcel  : Class not found when unmarshalling: TON
09-08 06:42:13.194 23702 23816 E Parcel  : java.lang.ClassNotFoundException: TON
09-08 06:42:13.194 23702 23816 E Parcel  : 	at java.lang.Class.classForName(Native Method)
09-08 06:42:13.194 23702 23816 E Parcel  : 	at java.lang.Class.forName(Class.java:536)
09-08 06:42:13.194 23702 23816 E Parcel  : 	at android.os.Parcel.readParcelableCreatorInternal(Parcel.java:4990)
09-08 06:42:13.194 23702 23816 E Parcel  : 	at android.os.Parcel.readParcelableInternal(Parcel.java:4873)
09-08 06:42:13.194 23702 23816 E Parcel  : 	at android.os.Parcel.readParcelable(Parcel.java:4844)
09-08 06:42:13.194 23702 23816 E Parcel  : 	at com.tonapps.wallet.data.rates.entity.RateEntity$Creator.createFromParcel(Unknown Source:17)
09-08 06:42:13.194 23702 23816 E Parcel  : 	at com.tonapps.wallet.data.rates.entity.RateEntity$Creator.createFromParcel(Unknown Source:0)
09-08 06:42:13.194 23702 23816 E Parcel  : 	at com.tonapps.wallet.data.rates.entity.RatesEntity$Creator.createFromParcel(Unknown Source:35)
09-08 06:42:13.194 23702 23816 E Parcel  : 	at com.tonapps.wallet.data.rates.entity.RatesEntity$Creator.createFromParcel(Unknown Source:0)
09-08 06:42:13.194 23702 23816 E Parcel  : 	at com.tonapps.wallet.data.rates.source.BlobDataSource.onUnmarshall(BlobDataSource.kt:46)
09-08 06:42:13.194 23702 23816 E Parcel  : 	at com.tonapps.wallet.data.rates.source.BlobDataSource.onUnmarshall(BlobDataSource.kt:11)
09-08 06:42:13.194 23702 23816 E Parcel  : 	at com.tonapps.wallet.data.core.BlobDataSource.getDiskCache(BlobDataSource.kt:48)
09-08 06:42:13.194 23702 23816 E Parcel  : 	at com.tonapps.wallet.data.core.BlobDataSource.getCache(BlobDataSource.kt:35)
09-08 06:42:13.194 23702 23816 E Parcel  : 	at com.tonapps.wallet.data.rates.source.BlobDataSource.get(BlobDataSource.kt:21)
09-08 06:42:13.194 23702 23816 E Parcel  : 	at com.tonapps.wallet.data.rates.RatesRepository.getCachedRates(RatesRepository.kt:64)
09-08 06:42:13.194 23702 23816 E Parcel  : 	at com.tonapps.wallet.data.rates.RatesRepository.access$getCachedRates(RatesRepository.kt:18)
09-08 06:42:13.194 23702 23816 E Parcel  : 	at com.tonapps.wallet.data.rates.RatesRepository$getRates$3.invokeSuspend(RatesRepository.kt:79)
09-08 06:42:13.194 23702 23816 E Parcel  : 	at com.tonapps.wallet.data.rates.RatesRepository$getRates$3.invoke(Unknown Source:8)
09-08 06:42:13.194 23702 23816 E Parcel  : 	at com.tonapps.wallet.data.rates.RatesRepository$getRates$3.invoke(Unknown Source:4)
09-08 06:42:13.194 23702 23816 E Parcel  : 	at kotlinx.coroutines.intrinsics.UndispatchedKt.startUndispatchedOrReturn(Undispatched.kt:61)
09-08 06:42:13.194 23702 23816 E Parcel  : 	at kotlinx.coroutines.BuildersKt__Builders_commonKt.withContext(Builders.common.kt:163)
09-08 06:42:13.194 23702 23816 E Parcel  : 	at kotlinx.coroutines.BuildersKt.withContext(Unknown Source:1)
09-08 06:42:13.194 23702 23816 E Parcel  : 	at com.tonapps.wallet.data.rates.RatesRepository.getRates(RatesRepository.kt:78)
09-08 06:42:13.194 23702 23816 E Parcel  : 	at com.tonapps.wallet.data.rates.RatesRepository.getRates(RatesRepository.kt:68)
09-08 06:42:13.194 23702 23816 E Parcel  : 	at com.tonapps.tonkeeper.core.entities.StakedEntity$Companion.create(StakedEntity.kt:45)
09-08 06:42:13.194 23702 23816 E Parcel  : 	at com.tonapps.tonkeeper.ui.screen.wallet.main.WalletViewModel.buildStateTokens(WalletViewModel.kt:310)
09-08 06:42:13.194 23702 23816 E Parcel  : 	at com.tonapps.tonkeeper.ui.screen.wallet.main.WalletViewModel.access$buildStateTokens(WalletViewModel.kt:53)
09-08 06:42:13.194 23702 23816 E Parcel  : 	at com.tonapps.tonkeeper.ui.screen.wallet.main.WalletViewModel$getRemoteAssets$2.invokeSuspend(WalletViewModel.kt:296)
09-08 06:42:13.194 23702 23816 E Parcel  : 	at kotlin.coroutines.jvm.internal.BaseContinuationImpl.resumeWith(ContinuationImpl.kt:33)
09-08 06:42:13.194 23702 23816 E Parcel  : 	at kotlinx.coroutines.UndispatchedCoroutine.afterResume(CoroutineContext.kt:266)
09-08 06:42:13.194 23702 23816 E Parcel  : 	at kotlinx.coroutines.AbstractCoroutine.resumeWith(AbstractCoroutine.kt:99)
09-08 06:42:13.194 23702 23816 E Parcel  : 	at kotlin.coroutines.jvm.internal.BaseContinuationImpl.resumeWith(ContinuationImpl.kt:46)
09-08 06:42:13.194 23702 23816 E Parcel  : 	at kotlinx.coroutines.UndispatchedCoroutine.afterResume(CoroutineContext.kt:266)
09-08 06:42:13.194 23702 23816 E Parcel  : 	at kotlinx.coroutines.AbstractCoroutine.resumeWith(AbstractCoroutine.kt:99)
09-08 06:42:13.194 23702 23816 E Parcel  : 	at kotlin.coroutines.jvm.internal.BaseContinuationImpl.resumeWith(ContinuationImpl.kt:46)
09-08 06:42:13.194 23702 23816 E Parcel  : 	at kotlinx.coroutines.DispatchedTask.run(DispatchedTask.kt:104)
09-08 06:42:13.194 23702 23816 E Parcel  : 	at kotlinx.coroutines.internal.LimitedDispatcher$Worker.run(LimitedDispatcher.kt:111)
09-08 06:42:13.194 23702 23816 E Parcel  : 	at kotlinx.coroutines.scheduling.TaskImpl.run(Tasks.kt:99)
09-08 06:42:13.194 23702 23816 E Parcel  : 	at kotlinx.coroutines.scheduling.CoroutineScheduler.runSafely(CoroutineScheduler.kt:584)
09-08 06:42:13.194 23702 23816 E Parcel  : 	at kotlinx.coroutines.scheduling.CoroutineScheduler$Worker.executeTask(CoroutineScheduler.kt:811)
09-08 06:42:13.194 23702 23816 E Parcel  : 	at kotlinx.coroutines.scheduling.CoroutineScheduler$Worker.runWorker(CoroutineScheduler.kt:715)
09-08 06:42:13.194 23702 23816 E Parcel  : 	at kotlinx.coroutines.scheduling.CoroutineScheduler$Worker.run(CoroutineScheduler.kt:702)
09-08 06:42:13.194 23702 23816 E Parcel  : Caused by: java.lang.ClassNotFoundException: TON
09-08 06:42:13.194 23702 23816 E Parcel  : 	... 42 more
09-08 06:42:13.361  1122  1154 D power@timer: [mtkPowerTimer] visRead:0
09-08 06:42:13.655 23702 23702 W unknown:WrappingUtils: Don't know how to round that drawable: android.graphics.drawable.VectorDrawable@162f506
09-08 06:42:13.782 23702 23772 I gralloc4: @set_metadata: update dataspace from GM (0x00000000 -> 0x08010000)
09-08 06:42:13.795  1148  1148 I BufferQueueProducer: [com.ton_keeper/com.tonapps.tonkeeper.ui.screen.root.RootActivity$_23702#19964](this:0xb400007097940790,id:-1,api:0,p:-1,c:1148) queueBuffer: fps=2.25 dur=1775.70 max=1692.58 min=21.16
09-08 06:42:13.798  1103  1332 I hwcomposer: [HWCDisplay] [Display_0 (type:1)] fps:14.711379,dur:2107.21,max:1591.84,min:13.71
09-08 06:42:13.801  1148  1228 E RenderEngine: updatePQFlag: get gralloc GRALLOC_EXTRA_GET_AI_PQ_INFO fail, return
09-08 06:42:13.803 23702 23772 I gralloc4: @set_metadata: update dataspace from GM (0x00000000 -> 0x08010000)
09-08 06:42:13.817 23702 23772 I gralloc4: @set_metadata: update dataspace from GM (0x00000000 -> 0x08010000)
09-08 06:42:13.836 23702 23772 I gralloc4: @set_metadata: update dataspace from GM (0x00000000 -> 0x08010000)
09-08 06:42:13.857 23702 23772 I gralloc4: @set_metadata: update dataspace from GM (0x00000000 -> 0x08010000)
09-08 06:42:13.869 23702 23772 I gralloc4: @set_metadata: update dataspace from GM (0x00000000 -> 0x08010000)
09-08 06:42:13.888 23702 23772 I gralloc4: @set_metadata: update dataspace from GM (0x00000000 -> 0x08010000)
09-08 06:42:13.902  1148  1228 E RenderEngine: updatePQFlag: get gralloc GRALLOC_EXTRA_GET_AI_PQ_INFO fail, return
09-08 06:42:13.905 23702 23772 I gralloc4: @set_metadata: update dataspace from GM (0x00000000 -> 0x08010000)
09-08 06:42:13.922 23702 23772 I gralloc4: @set_metadata: update dataspace from GM (0x00000000 -> 0x08010000)
09-08 06:42:13.935 23702 23772 I gralloc4: @set_metadata: update dataspace from GM (0x00000000 -> 0x08010000)
09-08 06:42:13.953 23702 23772 I gralloc4: @set_metadata: update dataspace from GM (0x00000000 -> 0x08010000)
09-08 06:42:13.968 23702 23772 I gralloc4: @set_metadata: update dataspace from GM (0x00000000 -> 0x08010000)
09-08 06:42:13.987 23702 23772 I gralloc4: @set_metadata: update dataspace from GM (0x00000000 -> 0x08010000)
09-08 06:42:14.001  1148  1228 E RenderEngine: updatePQFlag: get gralloc GRALLOC_EXTRA_GET_AI_PQ_INFO fail, return
09-08 06:42:14.004 23702 23772 I gralloc4: @set_metadata: update dataspace from GM (0x00000000 -> 0x08010000)
09-08 06:42:14.019 23702 23772 I gralloc4: @set_metadata: update dataspace from GM (0x00000000 -> 0x08010000)
09-08 06:42:14.037 23702 23772 I gralloc4: @set_metadata: update dataspace from GM (0x00000000 -> 0x08010000)
09-08 06:42:14.054 23702 23772 I gralloc4: @set_metadata: update dataspace from GM (0x00000000 -> 0x08010000)
09-08 06:42:14.069 23702 23772 I gralloc4: @set_metadata: update dataspace from GM (0x00000000 -> 0x08010000)
09-08 06:42:14.084 23702 23772 I gralloc4: @set_metadata: update dataspace from GM (0x00000000 -> 0x08010000)
09-08 06:42:14.089  1650 23904 D TrafficStats: tagSocket(779) with statsTag=0xffffffff, statsUid=-1
09-08 06:42:14.101  1148  1228 E RenderEngine: updatePQFlag: get gralloc GRALLOC_EXTRA_GET_AI_PQ_INFO fail, return
09-08 06:42:14.103 23702 23772 I gralloc4: @set_metadata: update dataspace from GM (0x00000000 -> 0x08010000)
09-08 06:42:14.120 23702 23772 I gralloc4: @set_metadata: update dataspace from GM (0x00000000 -> 0x08010000)
09-08 06:42:14.137 23702 23772 I gralloc4: @set_metadata: update dataspace from GM (0x00000000 -> 0x08010000)
09-08 06:42:14.192  3107  3107 D StatusBarIconController: ignoring old pipeline callbacks, because the new mobile icons are enabled
09-08 06:42:14.203  1148  1228 E RenderEngine: updatePQFlag: get gralloc GRALLOC_EXTRA_GET_AI_PQ_INFO fail, return
09-08 06:42:14.234 23462 23525 D libMEOW : meow delete tls: 0xb4000072e918dcc0
09-08 06:42:14.292  1650 23904 D WifiConnectivityMonitor.DnsThread:  [|205]
09-08 06:42:14.293  1650  3041 D WifiConnectivityMonitor.NetworkStatsAnalyzer: DNS resultType : 0, responseTime : 205
09-08 06:42:14.293  1650  3037 D OpenNetworkQos[4.00]: updateBssidLatestDnsResultType - result: 0
09-08 06:42:14.293  1650  3037 D OpenNetworkQos[4.00]: updateBssidNoInternet: mBssidNoInternet = false
09-08 06:42:14.293  1650  3037 D OpenNetworkQos[4.00]: getOpenNetworkQosNoInternetStatus: false
09-08 06:42:14.293  1650  3037 D OpenNetworkQos[4.00]: getOpenNetworkQosScores: 30 30 0
09-08 06:42:14.314  1343  1343 I thermal_repeater: socket -1
09-08 06:42:14.391  3460  3460 I EPDG -- SIM1 [SMARTCELLULAR]: onSignalStrengthsChanged: SignalStrength:{mCdma=Invalid,mGsm=CellSignalStrengthGsm: rssi=-83 ber=2147483647 mTa=0 mLevel=4,mWcdma=Invalid,mTdscdma=Invalid,mLte=Invalid,mNr=Invalid,SignalBarInfo{ gsmLevel=4 },rat=16,primary=CellSignalStrengthGsm}
09-08 06:42:14.393  3460  4754 I EPDG -- SIM1 [SMARTCELLULAR]: lastGsmRssi: -81 currentGsmRssi: -83
09-08 06:42:14.394  3107  3107 D StatusBarIconController: ignoring old pipeline callbacks, because the new mobile icons are enabled
09-08 06:42:15.334  3460  3460 I EPDG -- SIM1 [SMARTCELLULAR]: onSignalStrengthsChanged: SignalStrength:{mCdma=Invalid,mGsm=CellSignalStrengthGsm: rssi=-81 ber=2147483647 mTa=0 mLevel=4,mWcdma=Invalid,mTdscdma=Invalid,mLte=Invalid,mNr=Invalid,SignalBarInfo{ gsmLevel=4 },rat=16,primary=CellSignalStrengthGsm}
09-08 06:42:15.335  3460  4754 I EPDG -- SIM1 [SMARTCELLULAR]: lastGsmRssi: -83 currentGsmRssi: -81
09-08 06:42:15.337  3107  3107 D StatusBarIconController: ignoring old pipeline callbacks, because the new mobile icons are enabled
09-08 06:42:15.667 23506 23506 I AidlLazyServiceRegistrar: Process has 0 (of 1 available) client(s) in use after notification artd has clients: 0
09-08 06:42:15.667 23506 23506 I AidlLazyServiceRegistrar: Trying to shut down the service. No clients in use for any service in process.
09-08 06:42:15.669 23506 23506 I AidlLazyServiceRegistrar: Unregistered all clients and exiting
09-08 06:42:15.851  1650  4202 D SemWifiUsabilityStatsMonitor: onWifiUsabilityStats - seqNum 34906, isSameBssidAndFreq true
09-08 06:42:15.853  1650  3015 I SemWifiLinkQualityMonitor: Link stat: 0 / 0 / 1.00 (16) / 390 / -51.0 || 100.0 : 390.00 / 0.5 : 1.00 / 0.55 : 0.30 / G (G) || 0.12 ms / 64.85 Mbps / D || 0 / N / 0 Y / 0 Y
09-08 06:42:17.287  1650  1666 I system_server: Background concurrent copying GC freed 308424(17MB) AllocSpace objects, 567(11MB) LOS objects, 22% free, 81MB/105MB, paused 858us,231us total 320.190ms
09-08 06:42:17.292  1650  1668 W System  : A resource failed to call close.
09-08 06:42:17.295  1650  1668 W System  : A resource failed to call release.
09-08 06:42:17.408 23382 23409 D Benchmark: Profile Installer - Save Profile
09-08 06:42:17.440  1650  5210 I ActivityManager: Broadcasting: Intent { act=androidx.profileinstaller.action.SAVE_PROFILE flg=0x400000 cmp=com.ton_keeper/androidx.profileinstaller.ProfileInstallReceiver }
09-08 06:42:17.445 23702 23702 I Process : Sending signal. PID: 23702 SIG: 10
09-08 06:42:17.445 23702 23707 I com.ton_keeper: Thread[6,tid=23707,WaitingInMainSignalCatcherLoop,Thread*=0xb40000737b83d000,peer=0x12c40860,"Signal Catcher"]: reacting to signal 10
09-08 06:42:17.445 23702 23707 I com.ton_keeper:
09-08 06:42:17.445 23702 23707 I com.ton_keeper: SIGUSR1 forcing GC (no HPROF) and profile save
09-08 06:42:17.446 23702 23702 D ProfileInstaller:
09-08 06:42:17.458  1650  1679 I ActivityManager: Broadcast completed: result=12
09-08 06:42:17.563 23702 23707 I com.ton_keeper: Explicit concurrent copying GC freed 386432(18MB) AllocSpace objects, 117(3364KB) LOS objects, 49% free, 11MB/23MB, paused 536us,66us total 117.334ms
09-08 06:42:17.565 23702 23911 D ProfileInstaller: Skipping profile installation for com.ton_keeper
09-08 06:42:17.576 23702 23713 W System  : A resource failed to call end.
09-08 06:42:17.735 21750 21750 D CompatibilityChangeReporter: Compat change id reported: 150939131; UID 10374; state: ENABLED
09-08 06:42:18.029  3107  3107 D StatusBarIconController: ignoring old pipeline callbacks, because the new mobile icons are enabled
09-08 06:42:18.463 23382 23409 D Benchmark: Killing process com.ton_keeper
09-08 06:42:18.464 23382 23409 D UiDevice: Executing shell command: am force-stop com.ton_keeper
09-08 06:42:18.505 14216 14216 D BoundBrokerSvc: onUnbind: Intent { act=com.google.android.gms.measurement.START pkg=com.google.android.gms }
09-08 06:42:18.508  3492  3492 D HidDeviceService: handleMessage(): msg.what=8
09-08 06:42:18.509  1650  1717 W libprocessgroup: SetCgroup::ExecuteForProcess: failed to open /dev/blkio//cgroup.procs: No such file or directory
09-08 06:42:18.515  1650  5210 I SemDvfsHyPerManager: acquire hyper - AMS_APP_HOME/1650@21, type = -999
09-08 06:42:18.515  1116  1156 I HYPER-HAL: [RequestManager.cpp]acquire(): Acquired ID : 1396977  [1650 / 21]    HINT : AMS_APP_HOME    list :
09-08 06:42:18.516  1116  1156 I mtkpower_client: perf_lock_acq, hdl:0, dur:0, num:2, tid:1156
09-08 06:42:18.517  1122  1188 I libPowerHal: [perfLockAcq] idx:0 hdl:23917 hint:-1 pid:1116 duration:0 lock_user:vendor.samsung. => ret_hdl:23917
09-08 06:42:18.517  1122  1188 I libPowerHal: [PE] (more) /proc/mcdi/state set +prefix:enable 0;
09-08 06:42:18.518  1116  1156 I mtkpower_client: ret_hdl:23917
09-08 06:42:18.518  1116  1156 I mtkpower_client: perf_lock_acq, hdl:0, dur:0, num:2, tid:1156
09-08 06:42:18.519  3612  3612 I ViewRootImpl@3ecd00a[LauncherActivity]: handleAppVisibility mAppVisible = false visible = true
09-08 06:42:18.519  1116  1156 I mtkpower_client: ret_hdl:23918
09-08 06:42:18.519  1116  1156 I mtkpower_client: perf_lock_acq, hdl:0, dur:0, num:2, tid:1156
09-08 06:42:18.519  1122  1188 I libPowerHal: [perfLockAcq] idx:1 hdl:23918 hint:-1 pid:1116 duration:0 lock_user:vendor.samsung. => ret_hdl:23918
09-08 06:42:18.519  1122  1188 I libPowerHal: vendor.samsung.: cpu_ctrl set cpu freq: 1800000 -1 -1 -1
09-08 06:42:18.521  1116  1156 I mtkpower_client: ret_hdl:23919
09-08 06:42:18.521  1122  1188 I libPowerHal: [perfLockAcq] idx:2 hdl:23919 hint:-1 pid:1116 duration:0 lock_user:vendor.samsung. => ret_hdl:23919
09-08 06:42:18.521  3612  3612 I ViewRootImpl@3ecd00a[LauncherActivity]: stopped(false) old = true
09-08 06:42:18.522  1122  1188 I libPowerHal: vendor.samsung.: cpu_ctrl set cpu freq: 1800000 -1 2000000 -1
09-08 06:42:18.522  3612  3612 I HoneySpace.Launcher: !@Boot_EBS_D: Launcher.onStart()
09-08 06:42:18.524  3612  3612 I HoneySpace.Launcher: !@Boot_EBS_D: Launcher.onResume()
09-08 06:42:18.524  3612  3612 I HoneySpace.Launcher: updateLauncherShowing false -> true
09-08 06:42:18.525  3612  3754 I HoneySpace.TopTaskSource: update by launcher showing
09-08 06:42:18.525  3612 23070 I HoneySpace.PredictionDataSourceImpl: requestPredictionUpdate 0 true
09-08 06:42:18.525  3612 23070 I HoneySpace.PredictionDataSourceImpl: requestPredictionUpdate 1 true
09-08 06:42:18.525  3612  3612 I HoneySpace.ScreenOffTimeout: RETURN setScreenOffDimDuration - com.android.internal.policy.PhoneWindow@3d15063, {(0,0)(fillxfill) sim={adjust=nothing} layoutInDisplayCutoutMode=shortEdges ty=BASE_APPLICATION fmt=TRANSPARENT wanim=0x10302f2
09-08 06:42:18.525  3612  3612 I HoneySpace.ScreenOffTimeout:   fl=81910100
09-08 06:42:18.525  3612  3612 I HoneySpace.ScreenOffTimeout:   pfl=10008040
09-08 06:42:18.525  3612  3612 I HoneySpace.ScreenOffTimeout:   bhv=DEFAULT
09-08 06:42:18.525  3612  3612 I HoneySpace.ScreenOffTimeout:   fitSides= screenDimDuration=200000 naviIconColor=0}, 200000
09-08 06:42:18.526  3612  3612 I HoneySpace.ShellTransitionManager: myHomeResumed
09-08 06:42:18.526  3612  3612 I HoneySpace.BackgroundManagerImpl: capturedBlurView: resume(com.sec.android.app.launcher.Launcher@4623e92, 73547410)
09-08 06:42:18.527  1650  7852 I AppWidgetServiceImpl: startListening callbacks : com.android.internal.appwidget.IAppWidgetHost$Stub$Proxy@2ed479
09-08 06:42:18.528  3612  3612 I SearchHoneyPot: onViewCreated: onResume
09-08 06:42:18.529 20790 20790 I A       : onStart
09-08 06:42:18.529 20790 20790 I A       : onResume
09-08 06:42:18.530  3612 23070 I HoneySpace.SPayHandler: currentIndex : 1, defaultIndex : 0
09-08 06:42:18.530  3612  3757 I HoneySpace.TopTaskUseCase: topTasks 6 ComponentInfo{com.sec.android.app.launcher/com.sec.android.app.launcher.Launcher}
09-08 06:42:18.531  1650  5288 V WindowManager: Relayout Window{cc1d3df u0 com.sec.android.app.launcher/com.sec.android.app.launcher.activities.LauncherActivity}: viewVisibility=0 req=1080x2408 ty=1 d0
09-08 06:42:18.532  1148  3814 E BufferQueueDebug: [com.sec.android.app.launcher/com.sec.android.app.launcher.activities.LauncherActivity$_3612#19969](this:0xb4000070978ed790,id:-1,api:0,p:-1,c:-1) id info cannot be read from 'com.sec.android.app.launcher/com.sec.android.app.launcher.activities.LauncherActivity$_3612#19969'
09-08 06:42:18.533  1148  3814 I BufferQueueDebug: [com.sec.android.app.launcher/com.sec.android.app.launcher.activities.LauncherActivity$_3612#19969](this:0xb4000070978ed790,id:-1,api:0,p:-1,c:-1) BufferQueue core=(1148:/system/bin/surfaceflinger)
09-08 06:42:18.533  1650  1714 I libprocessgroup: Successfully killed process cgroup uid 10799 pid 23702 in 27ms
09-08 06:42:18.533  1148  3814 I SurfaceFlinger: id=19969 createSurf, flag=44004, com.sec.android.app.launcher/com.sec.android.app.launcher.activities.LauncherActivity$_3612#19969
09-08 06:42:18.538  1148  1742 E BufferQueueDebug: [Surface(name=1e800cd StatusBar)/@0xb5a3d08 - animation-leash of insets_animation#19970](this:0xb400007096ffe790,id:-1,api:0,p:-1,c:-1) id info cannot be read from 'Surface(name=1e800cd StatusBar)/@0xb5a3d08 - animation-leash of insets_animation#19970'
09-08 06:42:18.538  1148  1742 I BufferQueueDebug: [Surface(name=1e800cd StatusBar)/@0xb5a3d08 - animation-leash of insets_animation#19970](this:0xb400007096ffe790,id:-1,api:0,p:-1,c:-1) BufferQueue core=(1148:/system/bin/surfaceflinger)
09-08 06:42:18.539  1148  1742 I SurfaceFlinger: id=19970 createSurf, flag=24000, Surface(name=1e800cd StatusBar)/@0xb5a3d08 - animation-leash of insets_animation#19970
09-08 06:42:18.540  1148  1148 I BpBinder: onLastStrongRef automatically unlinking death recipients:
09-08 06:42:18.541  1148  1742 E BufferQueueDebug: [Surface(name=7df3355 NavigationBar0)/@0x9da21b4 - animation-leash of insets_animation#19971](this:0xb400007097091790,id:-1,api:0,p:-1,c:-1) id info cannot be read from 'Surface(name=7df3355 NavigationBar0)/@0x9da21b4 - animation-leash of insets_animation#19971'
09-08 06:42:18.541  1148  1742 I BufferQueueDebug: [Surface(name=7df3355 NavigationBar0)/@0x9da21b4 - animation-leash of insets_animation#19971](this:0xb400007097091790,id:-1,api:0,p:-1,c:-1) BufferQueue core=(1148:/system/bin/surfaceflinger)
09-08 06:42:18.541  1148  1742 I SurfaceFlinger: id=19971 createSurf, flag=24000, Surface(name=7df3355 NavigationBar0)/@0x9da21b4 - animation-leash of insets_animation#19971
09-08 06:42:18.542  1650  3186 D InputDispatcher: Focus left window (0): 9e7c924 com.ton_keeper/com.tonapps.tonkeeper.ui.screen.root.RootActivity
09-08 06:42:18.542  1103  1332 I hwcomposer: [HWCDisplay] [Display_0 (type:1)] fps:4.637062,dur:4744.38,max:4383.73,min:13.12
09-08 06:42:18.544  1148  1228 E RenderEngine: updatePQFlag: get gralloc GRALLOC_EXTRA_GET_AI_PQ_INFO fail, return
09-08 06:42:18.544  1650  5288 V WindowManager: Relayout hash=cc1d3df, pid=3612, syncId=-1: mAttrs={(0,0)(fillxfill) sim={adjust=nothing forwardNavigation} layoutInDisplayCutoutMode=shortEdges ty=BASE_APPLICATION fmt=TRANSPARENT wanim=0x10302f2
09-08 06:42:18.544  1650  5288 V WindowManager:   fl=81910100
09-08 06:42:18.544  1650  5288 V WindowManager:   pfl=1e008040
09-08 06:42:18.544  1650  5288 V WindowManager:   bhv=SHOW_TRANSIENT_BARS_BY_SWIPE
09-08 06:42:18.544  1650  5288 V WindowManager:   fitSides= screenDimDuration=200000 naviIconColor=0}
09-08 06:42:18.547  3612  3612 I BLASTBufferQueue_Java: new BLASTBufferQueue, mName= ViewRootImpl@3ecd00a[LauncherActivity] mNativeObject= 0xb4000072e799d680 sc.mNativeObject= 0xb40000737b8ed0c0 caller= android.view.ViewRootImpl.updateBlastSurfaceIfNeeded:3028 android.view.ViewRootImpl.relayoutWindow:10131 android.view.ViewRootImpl.performTraversals:4110 android.view.ViewRootImpl.doTraversal:3288 android.view.ViewRootImpl$TraversalRunnable.run:11344 android.view.Choreographer$CallbackRecord.run:1689 android.view.Choreographer$CallbackRecord.run:1698 android.view.Choreographer.doCallbacks:1153 android.view.Choreographer.doFrame:1079 android.view.Choreographer$FrameDisplayEventReceiver.run:1646
09-08 06:42:18.547  1650  1680 D PkgPredictorService-SecIpmManagerServiceImpl: onForegroundActivitiesChanged pid:3612 uid:10102
09-08 06:42:18.547  3612  3612 I BLASTBufferQueue_Java: update, w= 1080 h= 2408 mName = ViewRootImpl@3ecd00a[LauncherActivity] mNativeObject= 0xb4000072e799d680 sc.mNativeObject= 0xb40000737b8ed0c0 format= -2 caller= android.graphics.BLASTBufferQueue.<init>:89 android.view.ViewRootImpl.updateBlastSurfaceIfNeeded:3028 android.view.ViewRootImpl.relayoutWindow:10131 android.view.ViewRootImpl.performTraversals:4110 android.view.ViewRootImpl.doTraversal:3288 android.view.ViewRootImpl$TraversalRunnable.run:11344
09-08 06:42:18.547  1650  3797 V PkgPredictorService-SecIpmManagerServiceImpl: discard foreground app:com.sec.android.app.launcher 1|true
09-08 06:42:18.547  3612  3612 I ViewRootImpl@3ecd00a[LauncherActivity]: Relayout returned: old=(0,0,1080,2408) new=(0,0,1080,2408) relayoutAsync=false req=(1080,2408)0 dur=17 res=0x403 s={true 0xb4000072e7466800} ch=true seqId=0
09-08 06:42:18.549  3612  3612 I ViewRootImpl@3ecd00a[LauncherActivity]: Setup new sync=wmsSync-ViewRootImpl@3ecd00a[LauncherActivity]#92
09-08 06:42:18.549  3612  3612 I ViewRootImpl@3ecd00a[LauncherActivity]: Creating new active sync group ViewRootImpl@3ecd00a[LauncherActivity]#93
09-08 06:42:18.549  1650  1683 D SurfaceComposerClient: Transaction::apply InputWindowCommands.focusRequests timestamp=144633339511774, windowName=cc1d3df com.sec.android.app.launcher/com.sec.android.app.launcher.activities.LauncherActivity
09-08 06:42:18.549  3612  3612 I ViewRootImpl@3ecd00a[LauncherActivity]: registerCallbacksForSync syncBuffer=false
09-08 06:42:18.550 16063 16247 I Rubin   : [81] ac.a.c(Unknown Source) : Notify com.samsung.android.rubin.inferenceengine.contextanalytics.engine.loggers.AppUsageLogger's database is updated.
09-08 06:42:18.553  1650  1682 W System.err: java.lang.NullPointerException: Attempt to invoke virtual method 'java.lang.String android.content.ComponentName.getPackageName()' on a null object reference
09-08 06:42:18.553  1650  1682 W System.err: 	at com.samsung.android.server.wifi.tcp.SemWifiTransportLayerMonitor$3.noteResumeComponent(SemWifiTransportLayerMonitor.java:69)
09-08 06:42:18.553  1650  1682 W System.err: 	at com.android.server.usage.UsageStatsService$LocalService.reportEvent(UsageStatsService.java:3120)
09-08 06:42:18.553  1650  1682 W System.err: 	at com.android.server.am.ActivityManagerService.updateActivityUsageStats(ActivityManagerService.java:3521)
09-08 06:42:18.553  1650  1682 W System.err: 	at com.android.server.am.ActivityManagerService$LocalService.updateActivityUsageStatsWithIntent(ActivityManagerService.java:21108)
09-08 06:42:18.553  1650  1682 W System.err: 	at com.android.server.wm.ActivityTaskManagerService$$ExternalSyntheticLambda26.accept(R8$$SyntheticClass:0)
09-08 06:42:18.553  1650  1682 W System.err: 	at com.android.internal.util.function.pooled.PooledLambdaImpl.doInvoke(PooledLambdaImpl.java:384)
09-08 06:42:18.553  1650  1682 W System.err: 	at com.android.internal.util.function.pooled.PooledLambdaImpl.invoke(PooledLambdaImpl.java:204)
09-08 06:42:18.553  1650  1682 W System.err: 	at com.android.internal.util.function.pooled.OmniFunction.run(OmniFunction.java:87)
09-08 06:42:18.553  1650  1682 W System.err: 	at android.os.Handler.handleCallback(Handler.java:958)
09-08 06:42:18.553  1650  1682 W System.err: 	at android.os.Handler.dispatchMessage(Handler.java:99)
09-08 06:42:18.553  1650  1682 W System.err: 	at android.os.Looper.loopOnce(Looper.java:230)
09-08 06:42:18.554  1650  1682 W System.err: 	at android.os.Looper.loop(Looper.java:319)
09-08 06:42:18.554  1650  1682 W System.err: 	at android.os.HandlerThread.run(HandlerThread.java:67)
09-08 06:42:18.554  1650  1682 W System.err: 	at com.android.server.ServiceThread.run(ServiceThread.java:46)
09-08 06:42:18.555  1650  1682 W System.err: java.lang.NullPointerException: Attempt to invoke virtual method 'java.lang.String android.content.ComponentName.getPackageName()' on a null object reference
09-08 06:42:18.555  1650  1682 W System.err: 	at com.samsung.android.server.wifi.SemWifiOptimizer$6.noteResumeComponent(SemWifiOptimizer.java:19)
09-08 06:42:18.555  1650  1682 W System.err: 	at com.android.server.usage.UsageStatsService$LocalService.reportEvent(UsageStatsService.java:3120)
09-08 06:42:18.555  1650  1682 W System.err: 	at com.android.server.am.ActivityManagerService.updateActivityUsageStats(ActivityManagerService.java:3521)
09-08 06:42:18.555  1650  1682 W System.err: 	at com.android.server.am.ActivityManagerService$LocalService.updateActivityUsageStatsWithIntent(ActivityManagerService.java:21108)
09-08 06:42:18.555  1650  1682 W System.err: 	at com.android.server.wm.ActivityTaskManagerService$$ExternalSyntheticLambda26.accept(R8$$SyntheticClass:0)
09-08 06:42:18.555  1650  1682 W System.err: 	at com.android.internal.util.function.pooled.PooledLambdaImpl.doInvoke(PooledLambdaImpl.java:384)
09-08 06:42:18.555  1650  1682 W System.err: 	at com.android.internal.util.function.pooled.PooledLambdaImpl.invoke(PooledLambdaImpl.java:204)
09-08 06:42:18.555  1650  1682 W System.err: 	at com.android.internal.util.function.pooled.OmniFunction.run(OmniFunction.java:87)
09-08 06:42:18.555  1650  1682 W System.err: 	at android.os.Handler.handleCallback(Handler.java:958)
09-08 06:42:18.555  1650  1682 W System.err: 	at android.os.Handler.dispatchMessage(Handler.java:99)
09-08 06:42:18.555  1650  1682 W System.err: 	at android.os.Looper.loopOnce(Looper.java:230)
09-08 06:42:18.555  1650  1682 W System.err: 	at android.os.Looper.loop(Looper.java:319)
09-08 06:42:18.555  1650  1682 W System.err: 	at android.os.HandlerThread.run(HandlerThread.java:67)
09-08 06:42:18.555  1650  1682 W System.err: 	at com.android.server.ServiceThread.run(ServiceThread.java:46)
09-08 06:42:18.556  1650  4103 D AutoRotationHandler: not support this mode
09-08 06:42:18.556  1650  4103 D AutoRotationHandler: not support this mode
09-08 06:42:18.556  1148  1148 I Layer   : id=19965 removeFromCurrentState Surface(name=1e800cd StatusBar)/@0xb5a3d08 - animation-leash of insets_animation#19965 (131)
09-08 06:42:18.557  1148  1148 I Layer   : id=19966 removeFromCurrentState Surface(name=7df3355 NavigationBar0)/@0x9da21b4 - animation-leash of insets_animation#19966 (131)
09-08 06:42:18.557  1148  1148 D SurfaceFlinger: Focus addInputWindowCommands timestamp=144633339511774, windowName=cc1d3df com.sec.android.app.launcher/com.sec.android.app.launcher.activities.LauncherActivity
09-08 06:42:18.558  1148  1148 D SurfaceFlinger: Find Focus windowName=cc1d3df com.sec.android.app.launcher/com.sec.android.app.launcher.activities.LauncherActivity, notVisible=1
09-08 06:42:18.558  1148  1148 D Layer   : Focus: Task=1#52 isHiddenByPolicy s.flags&layer_state_t::eLayerHidden=1
09-08 06:42:18.558  1148  1148 D Layer   : Focus: isHiddenByPolicy parent Task=1#52 is hidden cause not visible
