09-08 06:42:07.682 23382 23409 I TestRunner: started: generate(com.baselineprofile.BaselineProfileGenerator)
09-08 06:42:07.709 23382 23409 I UiAutomation: Initialized for user 0 on display 0
09-08 06:42:07.725  1148  1742 E BufferQueueDebug: [WindowToken{be92534 type=2032 android.os.Binder@f2e1007}#19947](this:0xb40000709701b790,id:-1,api:0,p:-1,c:-1) id info cannot be read from 'WindowToken{be92534 type=2032 android.os.Binder@f2e1007}#19947'
09-08 06:42:07.725  1148  1742 I BufferQueueDebug: [WindowToken{be92534 type=2032 android.os.Binder@f2e1007}#19947](this:0xb40000709701b790,id:-1,api:0,p:-1,c:-1) BufferQueue core=(1148:/system/bin/surfaceflinger)
09-08 06:42:07.726  1148  1742 I SurfaceFlinger: id=19947 createSurf, flag=84004, WindowToken{be92534 type=2032 android.os.Binder@f2e1007}#19947
09-08 06:42:07.730  1103  1332 I hwcomposer: [HWCDisplay] [Display_0 (type:1)] fps:7.045284,dur:2412.96,max:2148.40,min:14.23
09-08 06:42:07.732  1148  1228 E RenderEngine: updatePQFlag: get gralloc GRALLOC_EXTRA_GET_AI_PQ_INFO fail, return
09-08 06:42:07.733  1148  1228 E RenderEngine: updatePQFlag: get gralloc GRALLOC_EXTRA_GET_AI_PQ_INFO fail, return
09-08 06:42:07.738 23382 23409 I UiAutomationShellCmd: Requesting permission: pm grant com.tonapps.main.baselineprofile android.permission.WRITE_EXTERNAL_STORAGE
09-08 06:42:07.738 23382 23409 W UiAutomation: UiAutomation.grantRuntimePermission() is more robust and should be used instead of 'pm grant'
09-08 06:42:07.759 20790 20821 I A       : NGA disabled since it's running Panthera and at least one a11y feature is on.
09-08 06:42:07.766 20790 20821 I A       : (REDACTED) Nga state changed to %s
09-08 06:42:07.767 20790 20821 I A       : (REDACTED) isTngActive=%s
09-08 06:42:07.788 23382 23409 I UiAutomationShellCmd: Requesting permission: pm grant com.tonapps.main.baselineprofile android.permission.READ_EXTERNAL_STORAGE
09-08 06:42:07.789 23382 23409 W UiAutomation: UiAutomation.grantRuntimePermission() is more robust and should be used instead of 'pm grant'
09-08 06:42:07.791  5060 18875 D MediaGrants: Removed 0 media_grants for 0 user for [com.tonapps.main.baselineprofile]. Reason: Mode changed: android:read_external_storage
09-08 06:42:07.794  3107  3107 D StatusBarIconController: ignoring old pipeline callbacks, because the new mobile icons are enabled
09-08 06:42:07.796 22811 22925 I A       : (REDACTED) Nga on-device enabled based on TNG:MA active state: %b
09-08 06:42:07.799 22811 22925 I A       : (REDACTED) Nga on-device enabled based on TNG:MA active state: %b
09-08 06:42:07.834  1148  1228 E RenderEngine: updatePQFlag: get gralloc GRALLOC_EXTRA_GET_AI_PQ_INFO fail, return
09-08 06:42:07.834  1148  1228 E RenderEngine: updatePQFlag: get gralloc GRALLOC_EXTRA_GET_AI_PQ_INFO fail, return
09-08 06:42:07.836  5060 18875 D MediaGrants: Removed 0 media_grants for 0 user for [com.tonapps.main.baselineprofile]. Reason: Mode changed: android:read_external_storage
09-08 06:42:07.847  1080  1080 E audit   : type=1400 audit(1725792127.844:98166): avc:  denied  { ioctl } for  pid=1650 comm="binder:1650_10" path="/data/system_ce/0/accounts_ce.db-journal" dev="dm-50" ino=190506 ioctlcmd=0xf522 scontext=u:r:system_server:s0 tcontext=u:object_r:system_data_file:s0 tclass=file permissive=0 SEPF_SM-A145R_12_0001 audit_filtered
09-08 06:42:07.882  1080  1080 E audit   : type=1400 audit(1725792127.880:98167): avc:  denied  { ioctl } for  pid=1650 comm="binder:1650_1F" path="/data/system_ce/0/accounts_ce.db-journal" dev="dm-50" ino=190391 ioctlcmd=0xf522 scontext=u:r:system_server:s0 tcontext=u:object_r:system_data_file:s0 tclass=file permissive=0 SEPF_SM-A145R_12_0001 audit_filtered
09-08 06:42:07.908  1080  1080 E audit   : type=1400 audit(1725792127.904:98168): avc:  denied  { ioctl } for  pid=1650 comm="binder:1650_1D" path="/data/system_ce/0/accounts_ce.db-journal" dev="dm-50" ino=190382 ioctlcmd=0xf522 scontext=u:r:system_server:s0 tcontext=u:object_r:system_data_file:s0 tclass=file permissive=0 SEPF_SM-A145R_12_0001 audit_filtered
09-08 06:42:07.930 23382 23409 D Benchmark: Profiler MethodTracing, freq 1000, duration 5
09-08 06:42:07.931 23382 23409 D Benchmark: additionalTestOutputDir=/sdcard/Android/media/com.tonapps.main.baselineprofile/additional_test_output
09-08 06:42:07.931 20790 23420 I A       : (REDACTED) Successfully received auth token for scope: %s in time %d ms
09-08 06:42:07.931 23382 23409 D Benchmark: runOnMainDeadlineSeconds 30
09-08 06:42:07.942 23382 23409 I UiDevice: Creating a new instance, old instance exists: false
09-08 06:42:07.945 23382 23409 D UiDevice: Setting accessibility service flags: 65618
09-08 06:42:07.950  1080  1080 E audit   : type=1400 audit(1725792127.948:98169): avc:  denied  { ioctl } for  pid=1650 comm="binder:1650_10" path="/data/system_ce/0/accounts_ce.db-journal" dev="dm-50" ino=190250 ioctlcmd=0xf522 scontext=u:r:system_server:s0 tcontext=u:object_r:system_data_file:s0 tclass=file permissive=0 SEPF_SM-A145R_12_0001 audit_filtered
09-08 06:42:07.972 20790 23421 I A       : (REDACTED) Successfully received auth token for scope: %s in time %d ms
09-08 06:42:07.979 23382 23409 D UiDevice: Turning on screen.
09-08 06:42:07.979  1080  1080 E audit   : type=1400 audit(1725792127.976:98170): avc:  denied  { ioctl } for  pid=1650 comm="binder:1650_1F" path="/data/system_ce/0/accounts_ce.db-journal" dev="dm-50" ino=190628 ioctlcmd=0xf522 scontext=u:r:system_server:s0 tcontext=u:object_r:system_data_file:s0 tclass=file permissive=0 SEPF_SM-A145R_12_0001 audit_filtered
09-08 06:42:07.980  3107  3107 D Navbar.Store: ----handleEvent(0) OnUpdateRemoteViewContainer(leftContainer=android.widget.LinearLayout{cacd637 I.E...... ......ID 83,0-234,135 #7f0a0597 app:id/left_remoteview}, rightContainer=android.widget.LinearLayout{46627a4 I.E...... ......I. 846,0-997,135 #7f0a08aa app:id/right_remoteview}, contextualButtonVisible=false, darkIntensity=1.0, displayId=0) [Module] SamsungNavigationBarView
09-08 06:42:07.981  3107  3107 D Navbar.Store: ------[Band]REMOTE_VIEW_PACK_SET_REMOTEVIEW_CONTAINER
09-08 06:42:07.981 22695 22695 V SafetyCenterAccessibilityListener: accessibility event occurred, safety center feature not enabled.
09-08 06:42:07.981  3107  3107 D Navbar.Store: --------apply(0) NavBarStoreAction$UpdateRemoteViewContainer
09-08 06:42:07.982  3107  3107 D Navbar.Store: --------apply(0) NavBarStoreAction$UpdateRemoteViewDarkIntensity
09-08 06:42:07.983  3107  3107 D Navbar.Store: handleEvent(0) OnNavBarUpdateA11YService(clickable=false, longClickable=false) [Module] NavigationBar
09-08 06:42:07.983  3107  3107 D Navbar.Store: --[Band]SETUPWIZARD_PACK_UPDATE_A11Y_SERVICE
09-08 06:42:07.983  1650  1650 I AccessibilityManagerService: semIsAccessibilityServiceEnabled()
09-08 06:42:07.984  1650  1650 I AccessibilityManagerService: semIsAccessibilityServiceEnabled()
09-08 06:42:07.984  1650  1650 D AS.AudioService: Accessibility volume enabled = false
09-08 06:42:08.006  1080  1080 E audit   : type=1400 audit(1725792128.004:98171): avc:  denied  { ioctl } for  pid=1650 comm="binder:1650_1D" path="/data/system_ce/0/accounts_ce.db-journal" dev="dm-50" ino=190441 ioctlcmd=0xf522 scontext=u:r:system_server:s0 tcontext=u:object_r:system_data_file:s0 tclass=file permissive=0 SEPF_SM-A145R_12_0001 audit_filtered
09-08 06:42:08.031  1080  1080 E audit   : type=1400 audit(1725792128.028:98172): avc:  denied  { ioctl } for  pid=1650 comm="binder:1650_10" path="/data/system_ce/0/accounts_ce.db-journal" dev="dm-50" ino=189388 ioctlcmd=0xf522 scontext=u:r:system_server:s0 tcontext=u:object_r:system_data_file:s0 tclass=file permissive=0 SEPF_SM-A145R_12_0001 audit_filtered
09-08 06:42:08.034 23382 23409 D Benchmark: Usable output directory: /storage/emulated/0/Android/media/com.tonapps.main.baselineprofile
09-08 06:42:08.035 23382 23409 D Benchmark: Output Directory: /sdcard/Android/media/com.tonapps.main.baselineprofile/additional_test_output
09-08 06:42:08.072  5060  5703 W MediaProvider: isAppCloneUserPair for user 0: false
09-08 06:42:08.075  5060  5703 W MediaProvider: isAppCloneUserPair for user 0: false
09-08 06:42:08.091  1650  1976 D SyncManager: userId - 0 auto - true
09-08 06:42:08.123  5060  7335 W MediaProvider: isAppCloneUserPair for user 0: false
09-08 06:42:08.133  1650  5210 D SyncManager: userId - 0 auto - true
09-08 06:42:08.177 14871 22733 I NetworkScheduler.Stats: (REDACTED) Task %s/%s started execution. cause:%s exec_start_elapsed_seconds: %s
09-08 06:42:08.188 14871 22970 I NetworkScheduler.Stats: (REDACTED) Task %s/%s finished executing. cause:%s result: %s elapsed_millis: %s uptime_millis: %s exec_start_elapsed_seconds: %s
09-08 06:42:08.235  3460  3460 I EPDG -- SIM1 [SMARTCELLULAR]: onSignalStrengthsChanged: SignalStrength:{mCdma=Invalid,mGsm=CellSignalStrengthGsm: rssi=-83 ber=2147483647 mTa=0 mLevel=4,mWcdma=Invalid,mTdscdma=Invalid,mLte=Invalid,mNr=Invalid,SignalBarInfo{ gsmLevel=4 },rat=16,primary=CellSignalStrengthGsm}
09-08 06:42:08.235  3460  4754 I EPDG -- SIM1 [SMARTCELLULAR]: lastGsmRssi: -81 currentGsmRssi: -83
09-08 06:42:08.237  3107  3107 D StatusBarIconController: ignoring old pipeline callbacks, because the new mobile icons are enabled
09-08 06:42:08.245  1650  5210 D SyncManager: userId - 0 auto - true
09-08 06:42:08.248  5060  7308 I MediaProvider: Deleted 1 0 0 0 0 0 0 items on external_primary due to com.tonapps.main.baselineprofile
09-08 06:42:08.276 14871 22971 I NetworkScheduler.Stats: (REDACTED) Task %s/%s started execution. cause:%s exec_start_elapsed_seconds: %s
09-08 06:42:08.307  1091  1091 D Zygote  : Forked child process 23462
09-08 06:42:08.322  5060  5693 D CompatibilityChangeReporter: Compat change id reported: 183155436; UID 10201; state: ENABLED
09-08 06:42:08.322 23462 23462 I id.gms.unstable: Using CollectorTypeCC GC.
09-08 06:42:08.327 14871 22970 I NetworkScheduler.Stats: (REDACTED) Task %s/%s finished executing. cause:%s result: %s elapsed_millis: %s uptime_millis: %s exec_start_elapsed_seconds: %s
09-08 06:42:08.328 23462 23462 E id.gms.unstable: Not starting debugger since process cannot load the jdwp agent.
09-08 06:42:08.335 23462 23462 D ActivityThread: setConscryptValidator
09-08 06:42:08.335 23462 23462 D ActivityThread: setConscryptValidator - put
09-08 06:42:08.335  5060  5693 I MediaProvider: Invalidating LocalCallingIdentity cache for package com.tonapps.main.baselineprofile. Reason: owned_database_row_deleted:/storage/emulated/0/Android/media/com.tonapps.main.baselineprofile/temporaryScript2468536401272622535.tmp
09-08 06:42:08.342 14216 21946 I MdiSyncModule: (REDACTED) Dispatching task '%s'...
09-08 06:42:08.342 14216 21946 I MdiSyncModule: (REDACTED) Running singleton-scoped task '%s'...
09-08 06:42:08.345  1650  1976 D SyncManager: userId - 0 auto - true
09-08 06:42:08.346  5060  5693 I MediaProvider: Deleted 1 0 0 0 0 0 0 items on external_primary due to com.android.shell
09-08 06:42:08.347 14871 22970 I NetworkScheduler.Stats: (REDACTED) Task %s/%s started execution. cause:%s exec_start_elapsed_seconds: %s
09-08 06:42:08.348 23462 23462 D CompatibilityChangeReporter: Compat change id reported: 171979766; UID 10173; state: ENABLED
09-08 06:42:08.349 23462 23462 D CompatibilityChangeReporter: Compat change id reported: 242716250; UID 10173; state: ENABLED
09-08 06:42:08.349 23382 23409 D Benchmark: Killing process com.ton_keeper
09-08 06:42:08.349 23382 23409 D UiDevice: Executing shell command: am force-stop com.ton_keeper
09-08 06:42:08.361 23462 23462 D nativeloader: Configuring clns-4 for other apk /system/framework/org.apache.http.legacy.jar. target_sdk_version=34, uses_libraries=ALL, library_path=/data/app/~~UTX3uvHBGUAshsmWXSlabw==/com.google.android.gms-YfotYD6Oc5RtaSr7NsuPKA==/lib/arm64:/data/app/~~UTX3uvHBGUAshsmWXSlabw==/com.google.android.gms-YfotYD6Oc5RtaSr7NsuPKA==/base.apk!/lib/arm64-v8a, permitted_path=/data:/mnt/expand:/data/user/0/com.google.android.gms
09-08 06:42:08.361 23462 23462 D nativeloader: Extending system_exposed_libraries: libaudiomirroring_jni.audiomirroring.samsung.so:libexifa.camera.samsung.so:libjpega.camera.samsung.so:libOpenCv.camera.samsung.so:libImageScreener.camera.samsung.so:libHpr_RecGAE_cvFeature_v1.0.camera.samsung.so:libHprFace_GAE_api.camera.samsung.so:libHprFace_GAE_jni.camera.samsung.so:libObjectAndSceneClassification_2.5_OD.camera.samsung.so:libQREngine.camera.samsung.so:libInteractiveSegmentation.camera.samsung.so:libsmart_cropping.camera.samsung.so:libFacePreProcessing.camera.samsung.so:libFacePreProcessing_jni.camera.samsung.so:libhumantracking_util.camera.samsung.so:libsurfaceutil.camera.samsung.so:libsecimaging.camera.samsung.so:libsce_v1.crypto.samsung.so:lib_vnd_client.dk.samsung.so:lib_native_client.dk.samsung.so:lib_nativeJni.dk.samsung.so:lib.engmodejni.samsung.so:libSFEffect.fonteffect.samsung.so:libknox_remotedesktopclient.knox.samsung.so:libheifcapture_jni.media.samsung.so:libjpegsq.media.samsung.so:libslljpeg.media.samsung.so:libsemimagecrop_jni.media.samsung.
09-08 06:42:08.365 23462 23462 D nativeloader: Configuring clns-5 for other apk /system/framework/com.android.media.remotedisplay.jar. target_sdk_version=34, uses_libraries=ALL, library_path=/data/app/~~UTX3uvHBGUAshsmWXSlabw==/com.google.android.gms-YfotYD6Oc5RtaSr7NsuPKA==/lib/arm64:/data/app/~~UTX3uvHBGUAshsmWXSlabw==/com.google.android.gms-YfotYD6Oc5RtaSr7NsuPKA==/base.apk!/lib/arm64-v8a, permitted_path=/data:/mnt/expand:/data/user/0/com.google.android.gms
09-08 06:42:08.365 23462 23462 D nativeloader: Extending system_exposed_libraries: libaudiomirroring_jni.audiomirroring.samsung.so:libexifa.camera.samsung.so:libjpega.camera.samsung.so:libOpenCv.camera.samsung.so:libImageScreener.camera.samsung.so:libHpr_RecGAE_cvFeature_v1.0.camera.samsung.so:libHprFace_GAE_api.camera.samsung.so:libHprFace_GAE_jni.camera.samsung.so:libObjectAndSceneClassification_2.5_OD.camera.samsung.so:libQREngine.camera.samsung.so:libInteractiveSegmentation.camera.samsung.so:libsmart_cropping.camera.samsung.so:libFacePreProcessing.camera.samsung.so:libFacePreProcessing_jni.camera.samsung.so:libhumantracking_util.camera.samsung.so:libsurfaceutil.camera.samsung.so:libsecimaging.camera.samsung.so:libsce_v1.crypto.samsung.so:lib_vnd_client.dk.samsung.so:lib_native_client.dk.samsung.so:lib_nativeJni.dk.samsung.so:lib.engmodejni.samsung.so:libSFEffect.fonteffect.samsung.so:libknox_remotedesktopclient.knox.samsung.so:libheifcapture_jni.media.samsung.so:libjpegsq.media.samsung.so:libslljpeg.media.samsung.so:libsemimagecrop_jni.media.samsung.
09-08 06:42:08.368 23462 23462 D nativeloader: Configuring clns-6 for other apk /system/framework/com.android.location.provider.jar. target_sdk_version=34, uses_libraries=ALL, library_path=/data/app/~~UTX3uvHBGUAshsmWXSlabw==/com.google.android.gms-YfotYD6Oc5RtaSr7NsuPKA==/lib/arm64:/data/app/~~UTX3uvHBGUAshsmWXSlabw==/com.google.android.gms-YfotYD6Oc5RtaSr7NsuPKA==/base.apk!/lib/arm64-v8a, permitted_path=/data:/mnt/expand:/data/user/0/com.google.android.gms
09-08 06:42:08.368 23462 23462 D nativeloader: Extending system_exposed_libraries: libaudiomirroring_jni.audiomirroring.samsung.so:libexifa.camera.samsung.so:libjpega.camera.samsung.so:libOpenCv.camera.samsung.so:libImageScreener.camera.samsung.so:libHpr_RecGAE_cvFeature_v1.0.camera.samsung.so:libHprFace_GAE_api.camera.samsung.so:libHprFace_GAE_jni.camera.samsung.so:libObjectAndSceneClassification_2.5_OD.camera.samsung.so:libQREngine.camera.samsung.so:libInteractiveSegmentation.camera.samsung.so:libsmart_cropping.camera.samsung.so:libFacePreProcessing.camera.samsung.so:libFacePreProcessing_jni.camera.samsung.so:libhumantracking_util.camera.samsung.so:libsurfaceutil.camera.samsung.so:libsecimaging.camera.samsung.so:libsce_v1.crypto.samsung.so:lib_vnd_client.dk.samsung.so:lib_native_client.dk.samsung.so:lib_nativeJni.dk.samsung.so:lib.engmodejni.samsung.so:libSFEffect.fonteffect.samsung.so:libknox_remotedesktopclient.knox.samsung.so:libheifcapture_jni.media.samsung.so:libjpegsq.media.samsung.so:libslljpeg.media.samsung.so:libsemimagecrop_jni.media.samsung.
09-08 06:42:08.430  3492  3492 D HidDeviceService: handleMessage(): msg.what=8
09-08 06:42:08.432 14216 14216 D BoundBrokerSvc: onUnbind: Intent { act=com.google.android.gms.measurement.START pkg=com.google.android.gms }
09-08 06:42:08.441  1650  1714 I libprocessgroup: Successfully killed process cgroup uid 10799 pid 23036 in 10ms
09-08 06:42:08.460 23382 23409 D Benchmark: Resetting compiled state for com.ton_keeper for stable profiles.
09-08 06:42:08.460 23382 23409 D Benchmark: Clearing ART profiles for com.ton_keeper
09-08 06:42:08.460 23382 23409 D Benchmark: Resetting profiles for com.ton_keeper
09-08 06:42:08.475 14216 21946 I MdiSyncModule: (REDACTED) Singleton-scoped task '%s' finished with result '%d'!
09-08 06:42:08.476  1650  1679 D LocationManagerService: package com.ton_keeper reset
09-08 06:42:08.480  3377  3377 D CarrierSvcBindHelper: onHandleForceStop: [com.ton_keeper]
09-08 06:42:08.482  3377  3377 D CarrierSvcBindHelper: No carrier app for: 0
09-08 06:42:08.482  3377  3377 D CarrierSvcBindHelper: No carrier app for: 1
09-08 06:42:08.487  1091  1091 I Zygote  : Process 23036 exited due to signal 9 (Killed)
09-08 06:42:08.489  3529  3529 D RegisteredNfcFServicesCache: Service unchanged, not updating
09-08 06:42:08.490  5060  7308 W MediaProvider: isAppCloneUserPair for user 0: false
09-08 06:42:08.499 14216 21946 I GmsCoreXrpcWrapper: (REDACTED) Returning a channel provider with trafficStatsTag=%d trafficStatsUid=%d
09-08 06:42:08.500 14871 22971 I NetworkScheduler.Stats: (REDACTED) Task %s/%s started execution. cause:%s exec_start_elapsed_seconds: %s
09-08 06:42:08.547 14216 21946 I MdiSyncModule: (REDACTED) Running account-scoped task '%s'...
09-08 06:42:08.568  1650  5210 D SyncManager: userId - 0 auto - true
09-08 06:42:08.574 23462 23462 D nativeloader: Configuring clns-7 for other apk /data/app/~~UTX3uvHBGUAshsmWXSlabw==/com.google.android.gms-YfotYD6Oc5RtaSr7NsuPKA==/base.apk. target_sdk_version=34, uses_libraries=, library_path=/data/app/~~UTX3uvHBGUAshsmWXSlabw==/com.google.android.gms-YfotYD6Oc5RtaSr7NsuPKA==/lib/arm64:/data/app/~~UTX3uvHBGUAshsmWXSlabw==/com.google.android.gms-YfotYD6Oc5RtaSr7NsuPKA==/base.apk!/lib/arm64-v8a, permitted_path=/data:/mnt/expand:/data/user/0/com.google.android.gms
09-08 06:42:08.598  1650  5210 D VpnManagerService: Exception: java.lang.NullPointerException: Attempt to invoke interface method 'int com.samsung.android.knox.zt.networktrust.filter.IKnoxNetworkFilterService.getKnoxNwFilterHttpProxyPort(int, java.lang.String)' on a null object reference
09-08 06:42:08.598  1650  5210 D VpnManagerService: 	at com.android.server.VpnManagerService.getKnoxNwFilterHttpProxyPort(VpnManagerService.java:1945)
09-08 06:42:08.598  1650  5210 D VpnManagerService: 	at android.net.IVpnManager$Stub.onTransact(IVpnManager.java:1075)
09-08 06:42:08.598  1650  5210 D VpnManagerService: 	at android.os.Binder.execTransactInternal(Binder.java:1375)
09-08 06:42:08.598  1650  5210 D VpnManagerService: 	at android.os.Binder.execTransact(Binder.java:1311)
09-08 06:42:08.601 23462 23462 V GraphicsEnvironment: Currently set values for:
09-08 06:42:08.601 23462 23462 V GraphicsEnvironment:   angle_gl_driver_selection_pkgs=[]
09-08 06:42:08.601 23462 23462 V GraphicsEnvironment:   angle_gl_driver_selection_values=[]
09-08 06:42:08.602 23462 23462 V GraphicsEnvironment: ANGLE GameManagerService for com.google.android.gms: false
09-08 06:42:08.602 23462 23462 V GraphicsEnvironment: com.google.android.gms is not listed in per-application setting
09-08 06:42:08.602 23462 23462 V GraphicsEnvironment: Neither updatable production driver nor prerelease driver is supported.
09-08 06:42:08.623 14216 21946 I MdiSyncModule: (REDACTED) Running account-scoped task '%s'...
09-08 06:42:08.648 23506 23506 I artd    : Starting artd
09-08 06:42:08.648 23506 23506 I AidlLazyServiceRegistrar: Registering service artd
09-08 06:42:08.657 23506 23508 I AidlLazyServiceRegistrar: Process has 1 (of 1 available) client(s) in use after notification artd has clients: 1
09-08 06:42:08.675 14216 21946 I MdiSyncModule: (REDACTED) Task '%s' finished with result '%d'!
09-08 06:42:08.675 23462 23462 W ProviderHelper: Unknown dynamite feature providerinstaller.dynamite
09-08 06:42:08.675 23462 23462 I DynamiteModule: Considering local module com.google.android.gms.providerinstaller.dynamite:1 and remote module com.google.android.gms.providerinstaller.dynamite:0
09-08 06:42:08.675 23462 23462 I DynamiteModule: Selected local version of com.google.android.gms.providerinstaller.dynamite
09-08 06:42:08.679 14871 22970 I NetworkScheduler.Stats: (REDACTED) Task %s/%s finished executing. cause:%s result: %s elapsed_millis: %s uptime_millis: %s exec_start_elapsed_seconds: %s
09-08 06:42:08.683 23462 23462 V NativeCrypto: Registering com/google/android/gms/org/conscrypt/NativeCrypto's 305 native methods...
09-08 06:42:08.710 23462 23513 I eetz$a  : (REDACTED) Unable to retrieve flag snapshot for %s, using defaults.
09-08 06:42:08.710 23462 23513 I eetz$a  : (REDACTED) Unable to retrieve flag snapshot for %s, using defaults.
09-08 06:42:08.713 23462 23462 I ProviderInstaller: Installed default security provider GmsCore_OpenSSL
09-08 06:42:08.729 23462 23517 D CompatibilityChangeReporter: Compat change id reported: 183155436; UID 10173; state: ENABLED
09-08 06:42:08.732 23462 23513 I Watchcat: Started
09-08 06:42:08.734 23462 23513 I GMS_MM_Logger: (REDACTED) Start time: %s
09-08 06:42:08.735 23462 23513 I GMS_MM_Logger: Started.
09-08 06:42:08.748 23462 23462 W edzz    : Primes not initialized, returning default (no-op) Primes instance which will ignore all calls. Please call Primes.initialize(...) before using any Primes API.
09-08 06:42:08.749 23462 23513 W ComplianceFilepathHandl: Tracing data is not available [CONTEXT service_id=357 ]
09-08 06:42:08.752 14871 22971 I NetworkScheduler.Stats: (REDACTED) Task %s/%s started execution. cause:%s exec_start_elapsed_seconds: %s
09-08 06:42:08.759 23462 23513 W ComplianceFilepathHandl: Tracing data is not available [CONTEXT service_id=357 ]
09-08 06:42:08.760 23462 23476 I DynamiteModule: Considering local module com.google.android.gms.googlecertificates:7 and remote module com.google.android.gms.googlecertificates:7
09-08 06:42:08.760 23462 23476 I DynamiteModule: Selected local version of com.google.android.gms.googlecertificates
09-08 06:42:08.767 14216 23491 I PlayGamesServices[GamesSyncAdapter]: Starting sync for f10927d0
09-08 06:42:08.770 14216 23491 I PlayGamesServices[GamesSyncAdapter]: Sync duration for f10927d0: 2
09-08 06:42:08.779 14871 22733 I NetworkScheduler.Stats: (REDACTED) Task %s/%s finished executing. cause:%s result: %s elapsed_millis: %s uptime_millis: %s exec_start_elapsed_seconds: %s
09-08 06:42:08.790 23506 23506 I artd    : Running dex2oat: /apex/com.android.art/bin/art_exec --drop-capabilities --set-task-profile=Dex2OatBootComplete --set-priority=background --keep-fds=7:8:9:10:11 -- /apex/com.android.art/bin/dex2oat32 --zip-fd=7 --zip-location=/data/app/~~7WKmyaoBfkXMEVW6zg1uog==/com.ton_keeper-ChxegAMSwT--e8bQg0vTbw==/base.apk --oat-fd=8 --oat-location=/data/app/~~7WKmyaoBfkXMEVW6zg1uog==/com.ton_keeper-ChxegAMSwT--e8bQg0vTbw==/oat/arm64/base.odex --output-vdex-fd=9 --swap-fd=10 --class-loader-context=PCL[] --classpath-dir=/data/app/~~7WKmyaoBfkXMEVW6zg1uog==/com.ton_keeper-ChxegAMSwT--e8bQg0vTbw== --input-vdex-fd=11 --instruction-set=arm64 --instruction-set-features=default --instruction-set-variant=cortex-a55 --compiler-filter=verify --compilation-reason=cmdline --compact-dex-level=none --max-image-block-size=524288 --resolve-startup-const-strings=true --generate-mini-debug-info --runtime-arg -Xtarget-sdk-version:34 --runtime-arg -Xhidden-api-policy:enabled -j6 --runtime-arg -Xms64m --runtime-arg -Xmx512m --comments=app-version-name:X,app-version-code:600,art-version:341913000
09-08 06:42:08.790 23506 23506 I artd    : Opened FDs: 7:/data/app/~~7WKmyaoBfkXMEVW6zg1uog==/com.ton_keeper-ChxegAMSwT--e8bQg0vTbw==/base.apk 8:/data/app/~~7WKmyaoBfkXMEVW6zg1uog==/com.ton_keeper-ChxegAMSwT--e8bQg0vTbw==/oat/arm64/base.odex.0zCwba.tmp 9:/data/app/~~7WKmyaoBfkXMEVW6zg1uog==/com.ton_keeper-ChxegAMSwT--e8bQg0vTbw==/oat/arm64/base.vdex.2KCsuX.tmp 10:/data/app/~~7WKmyaoBfkXMEVW6zg1uog==/com.ton_keeper-ChxegAMSwT--e8bQg0vTbw==/oat/arm64/base.odex.swap.X8G47r.tmp 11:/data/app/~~7WKmyaoBfkXMEVW6zg1uog==/com.ton_keeper-ChxegAMSwT--e8bQg0vTbw==/oat/arm64/base.vdex
09-08 06:42:08.806 23531 23531 W libprocessgroup: SetCgroup::ExecuteForTask: failed to open /dev/blkio/background/tasks: No such file or directory
09-08 06:42:08.811 14216 14565 W PlayGamesServices[UiUtils]: AppVersion: Cannot find the installed destination app.
09-08 06:42:08.813 14216 14565 I GetServiceValidatorImpl: (REDACTED) onGetService() from Client SDK version [%s], Module version [%s], PGA version [%s], Account [%s], Calling package [%s], Game package [%s]
09-08 06:42:08.815 14216 14565 W GetGamesServiceReqFacto: Parsing request with ignored arguments. signInOptionsBundle [Bundle[{com.google.android.gms.signin.internal.serverClientId=null, com.google.android.gms.signin.internal.usePromptModeForAuthCode=true, com.google.android.gms.signin.internal.logSessionId=null, com.google.android.gms.signin.internal.hostedDomain=null, com.google.android.gms.signin.internal.offlineAccessRequested=false, com.google.android.gms.signin.internal.waitForAccessTokenRefresh=false, com.google.android.gms.signin.internal.clientRequestedAccount=Account {name=<<default account>>, type=com.google}, com.google.android.gms.signin.internal.idTokenRequested=false, com.google.android.gms.signin.internal.forceCodeForRefreshToken=false}]], isRetryingSignIn [false], skipWelcomePopup [false], requireGooglePlus [false]
09-08 06:42:08.815 14216 14565 I GetGamesServiceReqFacto: Replacing request for `games` scope with `games_lite`
09-08 06:42:08.826 23462 23477 I DynamiteModule: Considering local module com.google.android.gms.cronet_dynamite:0 and remote module com.google.android.gms.cronet_dynamite:3311
09-08 06:42:08.826 23462 23477 I DynamiteModule: Selected remote version of com.google.android.gms.cronet_dynamite, version >= 3311
09-08 06:42:08.827 23462 23477 W System  : ClassLoader referenced unknown path:
09-08 06:42:08.827 23462 23477 D nativeloader: Configuring clns-8 for other apk . target_sdk_version=34, uses_libraries=, library_path=/data/app/~~UTX3uvHBGUAshsmWXSlabw==/com.google.android.gms-YfotYD6Oc5RtaSr7NsuPKA==/lib/arm64:/data/app/~~UTX3uvHBGUAshsmWXSlabw==/com.google.android.gms-YfotYD6Oc5RtaSr7NsuPKA==/base.apk!/lib/arm64-v8a, permitted_path=/data:/mnt/expand:/data/user/0/com.google.android.gms
09-08 06:42:08.830 14216 23533 I SignInPerformer-1: (REDACTED) Handling request [%s], isFirstPartyCaller [%s]
09-08 06:42:08.831 14216 23533 I SignInPerformer-1: Successfully brokered first-party unauthenticated GamesService [CONTEXT service_id=1 ]
09-08 06:42:08.834 14216 23533 I GetGamesServiceV2Op: (REDACTED) Successfully brokered GamesService for request %s
09-08 06:42:08.835 14216 14565 W PlayGamesServices[UiUtils]: AppVersion: Cannot find the installed destination app.
09-08 06:42:08.835 14216 14565 W PlayGamesServices[UiUtils]: AppVersionName: Cannot find the installed destination app.
09-08 06:42:08.858 14871 22733 I NetworkScheduler.Stats: (REDACTED) Task %s/%s started execution. cause:%s exec_start_elapsed_seconds: %s
09-08 06:42:08.869 14216 21946 I PlayGamesServices[GamesSyncAdapter]: Starting sync for a3d3915e
09-08 06:42:08.869 23462 23477 D nativeloader: Configuring clns-9 for other apk . target_sdk_version=34, uses_libraries=ALL, library_path=/data/app/~~UTX3uvHBGUAshsmWXSlabw==/com.google.android.gms-YfotYD6Oc5RtaSr7NsuPKA==/split_CronetDynamite_installtime.apk!/lib/arm64-v8a, permitted_path=/data:/mnt/expand
09-08 06:42:08.869 23462 23477 D nativeloader: Extending system_exposed_libraries: libaudiomirroring_jni.audiomirroring.samsung.so:libexifa.camera.samsung.so:libjpega.camera.samsung.so:libOpenCv.camera.samsung.so:libImageScreener.camera.samsung.so:libHpr_RecGAE_cvFeature_v1.0.camera.samsung.so:libHprFace_GAE_api.camera.samsung.so:libHprFace_GAE_jni.camera.samsung.so:libObjectAndSceneClassification_2.5_OD.camera.samsung.so:libQREngine.camera.samsung.so:libInteractiveSegmentation.camera.samsung.so:libsmart_cropping.camera.samsung.so:libFacePreProcessing.camera.samsung.so:libFacePreProcessing_jni.camera.samsung.so:libhumantracking_util.camera.samsung.so:libsurfaceutil.camera.samsung.so:libsecimaging.camera.samsung.so:libsce_v1.crypto.samsung.so:lib_vnd_client.dk.samsung.so:lib_native_client.dk.samsung.so:lib_nativeJni.dk.samsung.so:lib.engmodejni.samsung.so:libSFEffect.fonteffect.samsung.so:libknox_remotedesktopclient.knox.samsung.so:libheifcapture_jni.media.samsung.so:libjpegsq.media.samsung.so:libslljpeg.media.samsung.so:libsemimagecrop_jni.media.samsung.
09-08 06:42:08.872 14216 21946 I PlayGamesServices[GamesSyncAdapter]: Sync duration for a3d3915e: 2
09-08 06:42:08.876 14216 14565 W PlayGamesServices[UiUtils]: AppVersion: Cannot find the installed destination app.
09-08 06:42:08.876 14216 14565 W PlayGamesServices[UiUtils]: AppVersionName: Cannot find the installed destination app.
09-08 06:42:08.878 14871 22972 I NetworkScheduler.Stats: (REDACTED) Task %s/%s finished executing. cause:%s result: %s elapsed_millis: %s uptime_millis: %s exec_start_elapsed_seconds: %s
09-08 06:42:08.879 23462 23534 D ConnectivityManager: StackLog: [android.net.ConnectivityManager.sendRequestForNetwork(ConnectivityManager.java:4402)] [android.net.ConnectivityManager.registerDefaultNetworkCallbackForUid(ConnectivityManager.java:4966)] [android.net.ConnectivityManager.registerDefaultNetworkCallback(ConnectivityManager.java:4933)] [m.ji.b(:com.google.android.gms.dynamite_cronetdynamite@243433038@24.34.33 (190400-0):39)] [m.jd.<init>(:com.google.android.gms.dynamite_cronetdynamite@243433038@24.34.33 (190400-0):89)] [org.chromium.net.NetworkChangeNotifier.g(:com.google.android.gms.dynamite_cronetdynamite@243433038@24.34.33 (190400-0):21)] [m.ks.run(:com.google.android.gms.dynamite_cronetdynamite@243433038@24.34.33 (190400-0):129)]
09-08 06:42:08.881  1650  6889 D ConnectivityService: requestNetwork for uid/pid:10173/23462 activeRequest: null callbackRequest: 2942 [NetworkRequest [ REQUEST id=2943, [ Capabilities: INTERNET&NOT_RESTRICTED&TRUSTED&NOT_VCN_MANAGED Uid: 10173 RequestorUid: 10173 RequestorPkg: com.google.android.gms UnderlyingNetworks: Null] ]] callback flags: 0 order: 2147483647
09-08 06:42:08.881  1650  2943 D ConnectivityService:    accepting network in place of null for NetworkRequest [ REQUEST id=2943, [ Capabilities: INTERNET&NOT_RESTRICTED&TRUSTED&NOT_VCN_MANAGED Uid: 10173 RequestorUid: 10173 RequestorPkg: com.google.android.gms UnderlyingNetworks: Null] ]
09-08 06:42:08.883  1650  2943 D ConnectivityService: Rematched networks [computed 1ms] [applied 0ms] [issued 1]
09-08 06:42:08.883  1650  2943 D ConnectivityService: NetworkReassignment :
09-08 06:42:08.883  1650  2943 D ConnectivityService:   2943 : null → 139
09-08 06:42:08.883  1650  2921 D WifiNetworkFactory: got request NetworkRequest [ REQUEST id=2943, [ Capabilities: INTERNET&NOT_RESTRICTED&TRUSTED&NOT_VCN_MANAGED Uid: 10173 RequestorUid: 10173 RequestorPkg: com.google.android.gms UnderlyingNetworks: Null] ]
09-08 06:42:08.883  1650  2921 D UntrustedWifiNetworkFactory: got request NetworkRequest [ REQUEST id=2943, [ Capabilities: INTERNET&NOT_RESTRICTED&TRUSTED&NOT_VCN_MANAGED Uid: 10173 RequestorUid: 10173 RequestorPkg: com.google.android.gms UnderlyingNetworks: Null] ]
09-08 06:42:08.883 23462 23477 I cr_CronetLibraryLoader: Cronet version: 129.0.6614.4, arch: aarch64
09-08 06:42:08.883  1650  2921 D OemPaidWifiNetworkFactory: got request NetworkRequest [ REQUEST id=2943, [ Capabilities: INTERNET&NOT_RESTRICTED&TRUSTED&NOT_VCN_MANAGED Uid: 10173 RequestorUid: 10173 RequestorPkg: com.google.android.gms UnderlyingNetworks: Null] ]
09-08 06:42:08.884  1650  2921 D MultiInternetWifiNetworkFactory: got request NetworkRequest [ REQUEST id=2943, [ Capabilities: INTERNET&NOT_RESTRICTED&TRUSTED&NOT_VCN_MANAGED Uid: 10173 RequestorUid: 10173 RequestorPkg: com.google.android.gms UnderlyingNetworks: Null] ]
09-08 06:42:08.885 23462 23534 D ConnectivityManager: StackLog: [android.net.ConnectivityManager.sendRequestForNetwork(ConnectivityManager.java:4402)] [android.net.ConnectivityManager.sendRequestForNetwork(ConnectivityManager.java:4444)] [android.net.ConnectivityManager.registerNetworkCallback(ConnectivityManager.java:4826)] [m.ji.b(:com.google.android.gms.dynamite_cronetdynamite@243433038@24.34.33 (190400-0):132)] [m.jd.<init>(:com.google.android.gms.dynamite_cronetdynamite@243433038@24.34.33 (190400-0):89)] [org.chromium.net.NetworkChangeNotifier.g(:com.google.android.gms.dynamite_cronetdynamite@243433038@24.34.33 (190400-0):21)] [m.ks.run(:com.google.android.gms.dynamite_cronetdynamite@243433038@24.34.33 (190400-0):129)]
09-08 06:42:08.891  1650  2943 D ConnectivityService: Rematched networks [computed 1ms] [applied 0ms] [issued 3]
09-08 06:42:08.891  1650  2943 D ConnectivityService: NetworkReassignment : no changes
09-08 06:42:08.891 23531 23531 W dex2oat32: Mismatch between instruction set variant of device (ISA: Arm64 Feature string: -a53,crc,lse,fp16,dotprod,-sve) and features returned by the hardware (ISA: Arm64 Feature string: -a53,-crc,-lse,-fp16,-dotprod,-sve)
09-08 06:42:08.895 23531 23531 I dex2oat32: /apex/com.android.art/bin/dex2oat32 --output-vdex-fd=9 --class-loader-context=PCL[] --classpath-dir=/data/app/~~7WKmyaoBfkXMEVW6zg1uog==/com.ton_keeper-ChxegAMSwT--e8bQg0vTbw== --input-vdex-fd=11 --compiler-filter=verify --compilation-reason=cmdline --compact-dex-level=none --max-image-block-size=524288 --resolve-startup-const-strings=true --generate-mini-debug-info -j6 --comments=app-version-name:X,app-version-code:600,art-version:341913000
09-08 06:42:08.905  1090 23549 E Netd    : To use pid in case SEC_PRODUCT_FEATURE_KNOX_SUPPORT_NPA is false, to remove build error (unused variable)
09-08 06:42:08.921  1650  3059 D NetdEventListenerService: DNS Requested by 139, 10173, 15
09-08 06:42:08.923 23462 23538 D TrafficStats: tagSocket(126) with statsTag=0x1803, statsUid=10173
09-08 06:42:08.933 14871 22733 I NetworkScheduler.Stats: (REDACTED) Task %s/%s started execution. cause:%s exec_start_elapsed_seconds: %s
09-08 06:42:08.948 14871 22972 I NetworkScheduler.Stats: (REDACTED) Task %s/%s finished executing. cause:%s result: %s elapsed_millis: %s uptime_millis: %s exec_start_elapsed_seconds: %s
09-08 06:42:08.954 23462 23538 D TrafficStats: tagSocket(127) with statsTag=0x1803, statsUid=10173
09-08 06:42:09.040 23531 23531 I dex2oat32: Using CollectorTypeCC GC.
09-08 06:42:09.074  3107  3107 D StatusBarIconController: ignoring old pipeline callbacks, because the new mobile icons are enabled
09-08 06:42:09.077  1080  1080 E audit   : type=1400 audit(1725792129.076:98177): avc:  denied  { ioctl } for  pid=23462 comm="binder:23462_4" path="/data/data/com.google.android.gms/databases/dg.db" dev="dm-50" ino=7431 ioctlcmd=0xf522 scontext=u:r:gmscore_app:s0:c512,c768 tcontext=u:object_r:privapp_data_file:s0:c512,c768 tclass=file permissive=0 SEPF_SM-A145R_12_0001 audit_filtered
09-08 06:42:09.079  1650  1717 W libprocessgroup: SetCgroup::ExecuteForProcess: failed to open /dev/blkio//cgroup.procs: No such file or directory
09-08 06:42:09.099 20394 20394 I SCS@AiSearch user 0: (ObserverWorker::AOSP_MP) [main] entering in startWork triggered by [content://media/external/file/1000004024, content://media/external/file/1000004025, content://media/external/file/1000004026]():
09-08 06:42:09.100 20394 20394 I SCS@AiSearch user 0: (BaseCollector::AOSP_MP) [main] entering in onChange():
09-08 06:42:09.101 20394 20450 I SCS@AiSearch user 0: (BaseCollector::AOSP_MP) [AOSP_MP-0] entering in collectChanges():
09-08 06:42:09.131  1650  3190 D PackageManager: setEnabledSetting : userId = 0 packageName = com.samsung.android.scs cmp = androidx.work.impl.background.systemalarm.RescheduleReceiver newState = 1 callingPackage = com.samsung.android.scs
09-08 06:42:09.132  1650  3190 D ApplicationPolicy: getApplicationStateEnabled : pkg = com.samsung.android.scs userId : 0
09-08 06:42:09.134  1650  3190 D ApplicationPolicy: getApplicationComponentState : pkg = com.samsung.android.scs userId : 0
09-08 06:42:09.144 20394 20450 I SCS@AiSearch user 0: (BaseCollector::AOSP_MP) fetchInternal values : maxSyncId: 1000004017 indexCount: 167 sourceCount: 167
09-08 06:42:09.151 23531 23531 I dex2oat32: Large app, accepted running with swap.
09-08 06:42:09.169 23462 23477 D nativeloader: Configuring clns-10 for other apk . target_sdk_version=34, uses_libraries=ALL, library_path=, permitted_path=/data:/mnt/expand
09-08 06:42:09.169 23462 23477 D nativeloader: Extending system_exposed_libraries: libaudiomirroring_jni.audiomirroring.samsung.so:libexifa.camera.samsung.so:libjpega.camera.samsung.so:libOpenCv.camera.samsung.so:libImageScreener.camera.samsung.so:libHpr_RecGAE_cvFeature_v1.0.camera.samsung.so:libHprFace_GAE_api.camera.samsung.so:libHprFace_GAE_jni.camera.samsung.so:libObjectAndSceneClassification_2.5_OD.camera.samsung.so:libQREngine.camera.samsung.so:libInteractiveSegmentation.camera.samsung.so:libsmart_cropping.camera.samsung.so:libFacePreProcessing.camera.samsung.so:libFacePreProcessing_jni.camera.samsung.so:libhumantracking_util.camera.samsung.so:libsurfaceutil.camera.samsung.so:libsecimaging.camera.samsung.so:libsce_v1.crypto.samsung.so:lib_vnd_client.dk.samsung.so:lib_native_client.dk.samsung.so:lib_nativeJni.dk.samsung.so:lib.engmodejni.samsung.so:libSFEffect.fonteffect.samsung.so:libknox_remotedesktopclient.knox.samsung.so:libheifcapture_jni.media.samsung.so:libjpegsq.media.samsung.so:libslljpeg.media.samsung.so:libsemimagecrop_jni.media.samsung.
09-08 06:42:09.175 20394 20450 I SCS@AiSearch user 0: (IndexManager) [AOSP_MP-0] entering in addIndex():
09-08 06:42:09.180 20394 20450 I SCS@AiSearch user 0: (IndexManager) [INSERT] index=[com.google.android.providers.media], size=1
09-08 06:42:09.180 20394 20450 I SCS@AiSearch user 0: (IndexManager) getIndexWriter(): indexName com.google.android.providers.media
09-08 06:42:09.203 20394 20450 W SCS@AiSearch user 0: (TransliterationPropertyHelper) There is no matched LangType with en, Will use latin as default
09-08 06:42:09.203 20394 20450 I SCS@AiSearch user 0: (TransliterationAnalyzer) Property=TransliterationProperty{mInputLanguage='la', mOutputLanguage='la', mCategory='common', mNoNeedTransliteration='true'}
09-08 06:42:09.203 20394 20450 I SCS@AiSearch user 0: (TransliterationAnalyzer) Does not need transliteration. Will do nothing
09-08 06:42:09.211 20394 20450 I SCS@AiSearch user 0: (NeuralPhoneticsPredictor) isNeuralPhonetics :false inputLanguage: english
09-08 06:42:09.226 20394 20450 I SCS@AiSearch user 0: (IndexManager) [INSERT] Done
09-08 06:42:09.226 20394 20450 I SCS@AiSearch user 0: (IndexSearcherManager) [AOSP_MP-0] entering in refreshSearcherManager():  refreshSearcherManager for com.google.android.providers.media
09-08 06:42:09.226 20394 20450 I SCS@AiSearch user 0: (IndexSearcherManager) remove: indexName: com.google.android.providers.media
09-08 06:42:09.227 20394 20450 I SCS@AiSearch user 0: (IndexManager) getIndexWriter(): indexName com.google.android.providers.media
09-08 06:42:09.237  1650  3059 D NetdEventListenerService: DNS Requested by 139, 10173, 1
09-08 06:42:09.238 14216 14737 D TrafficStats: tagSocket(150) with statsTag=0x5500, statsUid=-1
09-08 06:42:09.244   579 22092 W samsung_keystore_utils: ExceptionLoggingCase unstable.c7202ece89390c490b1b94d5b71225e1.-115743502037056140
09-08 06:42:09.286 14216 14242 E WakeLock: DG:service ** IS FORCE-RELEASED ON TIMEOUT **
09-08 06:42:09.300 20394 20450 I SCS@AiSearch user 0: (IndexSearcherManager) Searcher created successfully for com.google.android.providers.media
09-08 06:42:09.300 20394 20450 I SCS@AiSearch user 0: (IndexSearcherManager) [AOSP_MP-0] leaving from refreshSearcherManager():
09-08 06:42:09.300 20394 20450 I SCS@AiSearch user 0: (IndexManager) [AOSP_MP-0] entering in waitUntilCommitTaskFinished (idx=com.google.android.providers.media)():
09-08 06:42:09.301 20394 23560 I SCS@AiSearch user 0: (IndexManager) [pool-14-thread-1] entering in commitIndexWriter():
09-08 06:42:09.305  1650  1717 W libprocessgroup: SetCgroup::ExecuteForProcess: failed to open /dev/blkio//cgroup.procs: No such file or directory
09-08 06:42:09.305 14871 22733 I NetworkScheduler.Stats: (REDACTED) Task %s/%s finished executing. cause:%s result: %s elapsed_millis: %s uptime_millis: %s exec_start_elapsed_seconds: %s
09-08 06:42:09.313  1343  1343 I thermal_repeater: socket -1
09-08 06:42:09.348 23462 23525 D CompatibilityChangeReporter: Compat change id reported: 263076149; UID 10173; state: ENABLED
09-08 06:42:09.367  1650  1943 D BluetoothManagerService: mDisableBleCallbacks count 11
09-08 06:42:09.369 23462 23525 I BluetoothAdapter: BluetoothAdapter() : com.google.android.gms
09-08 06:42:09.372 20394 23560 I SCS@AiSearch user 0: (IndexManager) [pool-14-thread-1] leaving from commitIndexWriter():
09-08 06:42:09.373 20394 20450 I SCS@AiSearch user 0: (IndexManager) [AOSP_MP-0] leaving from waitUntilCommitTaskFinished (idx=com.google.android.providers.media)():
09-08 06:42:09.373 20394 20450 I SCS@AiSearch user 0: (IndexManager) addIndex(): done
09-08 06:42:09.375 20394 20450 I SCS@AiSearch user 0: (BaseCollector::AOSP_MP) fetch: fetching took  246 ms
09-08 06:42:09.375 20394 20450 I SCS@AiSearch user 0: (BaseCollector::AOSP_MP) fetchChanges: applied 1 items
09-08 06:42:09.398 14216 14216 D BoundBrokerSvc: onBind: Intent { act=com.google.android.gms.checkin.START pkg=com.google.android.gms }
09-08 06:42:09.399 14216 14216 D BoundBrokerSvc: Loading bound service for intent: Intent { act=com.google.android.gms.checkin.START pkg=com.google.android.gms }
09-08 06:42:09.402 14216 15883 I Checkin : [CheckinApiChimeraService] onGetService
09-08 06:42:09.830  1650  4202 D SemWifiUsabilityStatsMonitor: onWifiUsabilityStats - seqNum 34904, isSameBssidAndFreq true
09-08 06:42:09.831  1650  3015 I SemWifiLinkQualityMonitor: Link stat: 0 / 0 / 1.00 (90) / 390 / -51.0 || 100.0 : 390.00 / 0.5 : 1.00 / 0.55 : 0.30 / G (G) || 0.12 ms / 64.85 Mbps / D || 0 / N / 0 Y / 0 Y
09-08 06:42:09.845 23531 23531 I dex2oat32: dex2oat took 958.066ms (833.487ms cpu) (threads: 6) arena alloc=0B (0B) java alloc=14MB (14925800B) native alloc=12MB (12894848B) free=791KB (810368B) swap=16MB (16777216B)
09-08 06:42:09.876 23506 23506 I artd    : dex2oat returned code 0
09-08 06:42:09.890  1650  5210 I ArtService: Dexopt result: [packageName = com.ton_keeper] DexContainerFileDexoptResult{dexContainerFile=/data/app/~~7WKmyaoBfkXMEVW6zg1uog==/com.ton_keeper-ChxegAMSwT--e8bQg0vTbw==/base.apk, primaryAbi=true, abi=arm64-v8a, actualCompilerFilter=verify, status=PERFORMED, dex2oatWallTimeMillis=-192800093, dex2oatCpuTimeMillis=910, sizeBytes=39603796, sizeBeforeBytes=39603796, extendedStatusFlags=[]}
09-08 06:42:09.938  5060  7308 I MediaProvider: Invalidating LocalCallingIdentity cache for package com.tonapps.main.baselineprofile. Reason: owned_database_row_deleted:/storage/emulated/0/Android/media/com.tonapps.main.baselineprofile/temporaryScript5525051223100232043.tmp
09-08 06:42:09.948  5060  7308 I MediaProvider: Deleted 1 0 0 0 0 0 0 items on external_primary due to com.android.shell
09-08 06:42:09.948  1650  5210 D SyncManager: userId - 0 auto - true
09-08 06:42:09.971  5060  7335 W MediaProvider: isAppCloneUserPair for user 0: false
09-08 06:42:09.992  1650  5210 D SyncManager: userId - 0 auto - true
09-08 06:42:10.017 14871 22972 I NetworkScheduler.Stats: (REDACTED) Task %s/%s started execution. cause:%s exec_start_elapsed_seconds: %s
09-08 06:42:10.027 14871 22972 I NetworkScheduler.Stats: (REDACTED) Task %s/%s finished executing. cause:%s result: %s elapsed_millis: %s uptime_millis: %s exec_start_elapsed_seconds: %s
09-08 06:42:10.123  5060  5700 I MediaProvider: Invalidating LocalCallingIdentity cache for package com.tonapps.main.baselineprofile. Reason: owned_database_row_deleted:/storage/emulated/0/Android/media/com.tonapps.main.baselineprofile/temporaryScript879596479037109445.tmp
09-08 06:42:10.130  5060  5700 I MediaProvider: Deleted 1 0 0 0 0 0 0 items on external_primary due to com.android.shell
09-08 06:42:10.130  1650  7852 D SyncManager: userId - 0 auto - true
09-08 06:42:10.135 23382 23409 D Benchmark: Profile Installer - Skip File Operation: WRITE_SKIP_FILE
09-08 06:42:10.164  1650  3190 I ActivityManager: Broadcasting: Intent { act=androidx.profileinstaller.action.SKIP_FILE flg=0x400000 cmp=com.ton_keeper/androidx.profileinstaller.ProfileInstallReceiver (has extras) }
09-08 06:42:10.183  1091  1091 D Zygote  : Forked child process 23588
09-08 06:42:10.197 23588 23588 I com.ton_keeper: Using CollectorTypeCC GC.
09-08 06:42:10.203  3998  4011 I adbd    : jdwp connection from 23588
09-08 06:42:10.210 14871 22733 I NetworkScheduler.Stats: (REDACTED) Task %s/%s started execution. cause:%s exec_start_elapsed_seconds: %s
09-08 06:42:10.210 23588 23588 D ActivityThread: setConscryptValidator
09-08 06:42:10.211 23588 23588 D ActivityThread: setConscryptValidator - put
09-08 06:42:10.218 14871 22970 I NetworkScheduler.Stats: (REDACTED) Task %s/%s finished executing. cause:%s result: %s elapsed_millis: %s uptime_millis: %s exec_start_elapsed_seconds: %s
09-08 06:42:10.227 23588 23588 D CompatibilityChangeReporter: Compat change id reported: 171979766; UID 10799; state: ENABLED
09-08 06:42:10.227 23588 23588 D CompatibilityChangeReporter: Compat change id reported: 242716250; UID 10799; state: ENABLED
09-08 06:42:10.232  3492  3492 D HidDeviceService: handleMessage(): msg.what=8
09-08 06:42:10.264 23588 23588 D nativeloader: Configuring clns-4 for other apk /data/app/~~7WKmyaoBfkXMEVW6zg1uog==/com.ton_keeper-ChxegAMSwT--e8bQg0vTbw==/base.apk. target_sdk_version=34, uses_libraries=, library_path=/data/app/~~7WKmyaoBfkXMEVW6zg1uog==/com.ton_keeper-ChxegAMSwT--e8bQg0vTbw==/lib/arm64:/data/app/~~7WKmyaoBfkXMEVW6zg1uog==/com.ton_keeper-ChxegAMSwT--e8bQg0vTbw==/base.apk!/lib/arm64-v8a, permitted_path=/data:/mnt/expand:/data/user/0/com.ton_keeper
09-08 06:42:10.270 23462 23525 D libMEOW : meow new tls: 0xb4000072e918dcc0
09-08 06:42:10.270 23462 23525 D libMEOW : meow reload base cfg path: na
09-08 06:42:10.270 23462 23525 D libMEOW : meow reload overlay cfg path: na
09-08 06:42:10.270 23462 23525 D libMEOW : applied 2 plugins for [com.google.android.gms.unstable]:
09-08 06:42:10.270 23462 23525 D libMEOW :   plugin 1: [libMEOW_gift.so]:
09-08 06:42:10.270 23462 23525 D libMEOW :   plugin 2: [libMEOW_semaphore]:
09-08 06:42:10.274 14871 14881 W .gms.persistent: ApkAssets: Deleting an ApkAssets object '<empty> and /data/app/~~7WKmyaoBfkXMEVW6zg1uog==/com.ton_keeper-ChxegAMSwT--e8bQg0vTbw==/base.apk' with 1 weak references
09-08 06:42:10.276   501   501 I hwservicemanager: getTransport: Cannot find entry android.hardware.configstore@1.0::ISurfaceFlingerConfigs/default in either framework or device VINTF manifest.
09-08 06:42:10.281  1650  1670 D VpnManagerService: Exception: java.lang.NullPointerException: Attempt to invoke interface method 'int com.samsung.android.knox.zt.networktrust.filter.IKnoxNetworkFilterService.getKnoxNwFilterHttpProxyPort(int, java.lang.String)' on a null object reference
09-08 06:42:10.281  1650  1670 D VpnManagerService: 	at com.android.server.VpnManagerService.getKnoxNwFilterHttpProxyPort(VpnManagerService.java:1945)
09-08 06:42:10.281  1650  1670 D VpnManagerService: 	at android.net.IVpnManager$Stub.onTransact(IVpnManager.java:1075)
09-08 06:42:10.281  1650  1670 D VpnManagerService: 	at android.os.Binder.execTransactInternal(Binder.java:1375)
09-08 06:42:10.281  1650  1670 D VpnManagerService: 	at android.os.Binder.execTransact(Binder.java:1311)
09-08 06:42:10.287 23588 23588 V GraphicsEnvironment: Currently set values for:
09-08 06:42:10.287 23588 23588 V GraphicsEnvironment:   angle_gl_driver_selection_pkgs=[]
09-08 06:42:10.287 23588 23588 V GraphicsEnvironment:   angle_gl_driver_selection_values=[]
09-08 06:42:10.288 23588 23588 V GraphicsEnvironment: ANGLE GameManagerService for com.ton_keeper: false
09-08 06:42:10.288 23588 23588 V GraphicsEnvironment: com.ton_keeper is not listed in per-application setting
09-08 06:42:10.288 23588 23588 V GraphicsEnvironment: Neither updatable production driver nor prerelease driver is supported.
09-08 06:42:10.309 23588 23588 D CompatibilityChangeReporter: Compat change id reported: 183155436; UID 10799; state: ENABLED
09-08 06:42:10.314 23588 23588 D SessionsDependencies: Dependency to CRASHLYTICS added.
09-08 06:42:10.317 23588 23588 I FirebaseApp: Device unlocked: initializing all Firebase APIs for app [DEFAULT]
09-08 06:42:10.319 23588 23588 I FirebaseCrashlytics: Initializing Firebase Crashlytics 19.0.3 for com.ton_keeper
09-08 06:42:10.323 23588 23588 D CompatibilityChangeReporter: Compat change id reported: 247079863; UID 10799; state: ENABLED
09-08 06:42:10.343 23588 23588 D SessionsDependencies: Subscriber CRASHLYTICS registered.
09-08 06:42:10.346  3107  3107 D StatusBarIconController: ignoring old pipeline callbacks, because the new mobile icons are enabled
09-08 06:42:10.351  1650  1717 W libprocessgroup: SetCgroup::ExecuteForProcess: failed to open /dev/blkio//cgroup.procs: No such file or directory
09-08 06:42:10.358 23588 23624 W ziparchive: Unable to open '/data/user_de/0/com.google.android.gms/app_chimera/m/000001e1/DynamiteLoader.uncompressed.dm': No such file or directory
09-08 06:42:10.358 23588 23624 W ziparchive: Unable to open '/data/user_de/0/com.google.android.gms/app_chimera/m/000001e1/DynamiteLoader.uncompressed.dm': No such file or directory
