09-08 06:42:11.049  1116  1156 I mtkpower_client: perf_lock_acq, hdl:0, dur:0, num:2, tid:1156
09-08 06:42:11.049  1122  1188 I libPowerHal: [PD] vendor.samsung. update cmd:1c3c000 param:1
09-08 06:42:11.049  1122  1188 I libPowerHal: [PD] (more) /proc/mcdi/state set +prefix:enable 1;
09-08 06:42:11.049  1148  1742 E BufferQueueDebug: [Task=591#19948](this:0xb400007097071790,id:-1,api:0,p:-1,c:-1) id info cannot be read from 'Task=591#19948'
09-08 06:42:11.050  1148  1742 I BufferQueueDebug: [Task=591#19948](this:0xb400007097071790,id:-1,api:0,p:-1,c:-1) BufferQueue core=(1148:/system/bin/surfaceflinger)
09-08 06:42:11.050  1148  1742 I SurfaceFlinger: id=19948 createSurf, flag=24004, Task=591#19948
09-08 06:42:11.050  1116  1156 I mtkpower_client: ret_hdl:23892
09-08 06:42:11.051  1116  1156 I mtkpower_client: perf_lock_rel, hdl:23888, tid:1156
09-08 06:42:11.051 14871 22731 I NetworkScheduler.Stats: (REDACTED) Task %s/%s started execution. cause:%s exec_start_elapsed_seconds: %s
09-08 06:42:11.051  1116  1156 I mtkpower_client: perf_lock_acq, hdl:0, dur:0, num:2, tid:1156
09-08 06:42:11.051  1116  1156 I mtkpower_client: ret_hdl:23893
09-08 06:42:11.051  1116  1156 I mtkpower_client: perf_lock_rel, hdl:23889, tid:1156
09-08 06:42:11.051  1116  1156 I mtkpower_client: perf_lock_acq, hdl:0, dur:0, num:2, tid:1156
09-08 06:42:11.051  1116  1156 I mtkpower_client: ret_hdl:23894
09-08 06:42:11.052  1116  1156 I mtkpower_client: perf_lock_rel, hdl:23890, tid:1156
09-08 06:42:11.052  1116  1156 I mtkpower_client: perf_lock_acq, hdl:0, dur:0, num:2, tid:1156
09-08 06:42:11.052  1116  1156 I mtkpower_client: ret_hdl:23895
09-08 06:42:11.053  1122  1188 I libPowerHal: [perfLockAcq] idx:0 hdl:23892 hint:-1 pid:1116 duration:0 lock_user:vendor.samsung. => ret_hdl:23892
09-08 06:42:11.053  1122  1188 I libPowerHal: [PE] (more) /proc/mcdi/state set +prefix:enable 0;
09-08 06:42:11.053  1122  1188 I libPowerHal: [perfLockRel] hdl:23888, idx:2
09-08 06:42:11.054  1122  1188 I libPowerHal: vendor.samsung.: cpu_ctrl set cpu freq: -1 -1 2000000 -1
09-08 06:42:11.054  1122  1188 I libPowerHal: [perfLockAcq] idx:1 hdl:23893 hint:-1 pid:1116 duration:0 lock_user:vendor.samsung. => ret_hdl:23893
09-08 06:42:11.055  1122  1188 I libPowerHal: vendor.samsung.: cpu_ctrl set cpu freq: 1800000 -1 2000000 -1
09-08 06:42:11.055  1122  1188 I libPowerHal: [perfLockRel] hdl:23889, idx:3
09-08 06:42:11.055  1122  1188 I libPowerHal: [PD] vendor.samsung. update cmd:1000000, param:-1
09-08 06:42:11.055  1122  1188 I libPowerHal: [PD] vendor.samsung. update cmd:1000000 param:-1
09-08 06:42:11.056  1148  1742 E BufferQueueDebug: [ActivityRecord{1a374de u0 com.ton_keeper/com.tonapps.tonkeeper.ui.screen.root.RootActivity t591}#19949](this:0xb400007097082790,id:-1,api:0,p:-1,c:-1) id info cannot be read from 'ActivityRecord{1a374de u0 com.ton_keeper/com.tonapps.tonkeeper.ui.screen.root.RootActivity t591}#19949'
09-08 06:42:11.056  1148  1742 I BufferQueueDebug: [ActivityRecord{1a374de u0 com.ton_keeper/com.tonapps.tonkeeper.ui.screen.root.RootActivity t591}#19949](this:0xb400007097082790,id:-1,api:0,p:-1,c:-1) BufferQueue core=(1148:/system/bin/surfaceflinger)
09-08 06:42:11.056  1148  1742 I SurfaceFlinger: id=19949 createSurf, flag=84004, ActivityRecord{1a374de u0 com.ton_keeper/com.tonapps.tonkeeper.ui.screen.root.RootActivity t591}#19949
09-08 06:42:11.057 14871 22972 I NetworkScheduler.Stats: (REDACTED) Task %s/%s finished executing. cause:%s result: %s elapsed_millis: %s uptime_millis: %s exec_start_elapsed_seconds: %s
09-08 06:42:11.057  1122  1188 I libPowerHal: [perfLockAcq] idx:6 hdl:23894 hint:-1 pid:1116 duration:0 lock_user:vendor.samsung. => ret_hdl:23894
09-08 06:42:11.057  1122  1188 I libPowerHal: [PE] vendor.samsung. update cmd:1000000, param:0
09-08 06:42:11.057  1122  1188 I libPowerHal: [PE] vendor.samsung. update cmd:1000000 param:0
09-08 06:42:11.058  1122  1188 I libPowerHal: [perfLockRel] hdl:23890, idx:4
09-08 06:42:11.058  1122  1188 I libPowerHal: vendor.samsung.: cpu_ctrl set cpu freq: 1800000 -1 -1 -1
09-08 06:42:11.058  1122  1153 I mtkpower@impl: [setMode] type:5, enabled:1
09-08 06:42:11.059  1122  1188 I libPowerHal: [perfLockAcq] idx:7 hdl:23895 hint:-1 pid:1116 duration:0 lock_user:vendor.samsung. => ret_hdl:23895
09-08 06:42:11.059  1122  1188 I libPowerHal: vendor.samsung.: cpu_ctrl set cpu freq: 1800000 -1 2000000 -1
09-08 06:42:11.064  1650  1670 I SemDvfsHyPerManager: acquire hyper - AMS_APP_LAUNCH/1650@17, type = -999
09-08 06:42:11.064  1116  1156 I HYPER-HAL: [RequestManager.cpp]acquire(): Acquired ID : 1390295  [1650 / 17]    HINT : AMS_APP_LAUNCH    list :
09-08 06:42:11.065  1116  1156 I mtkpower_client: perf_lock_rel, hdl:23891, tid:1156
09-08 06:42:11.065  1116  1156 I mtkpower_client: perf_lock_acq, hdl:0, dur:0, num:2, tid:1156
09-08 06:42:11.065  1122  1188 I libPowerHal: [perfLockRel] hdl:23891, idx:5
09-08 06:42:11.065  1122  1188 I libPowerHal: [PD] vendor.samsung. update cmd:300c000 param:0
09-08 06:42:11.066  3950  3950 E pageboostd: Received HALT command code 2
09-08 06:42:11.067  1116  1156 I mtkpower_client: ret_hdl:23896
09-08 06:42:11.067  1122  1188 I libPowerHal: [perfLockAcq] idx:2 hdl:23896 hint:-1 pid:1116 duration:0 lock_user:vendor.samsung. => ret_hdl:23896
09-08 06:42:11.067  1116  1156 I mtkpower_client: perf_lock_rel, hdl:23892, tid:1156
09-08 06:42:11.067  1122  1188 I libPowerHal: [PE] vendor.samsung. update cmd:300c000, param:15
09-08 06:42:11.068  1122  1188 I libPowerHal: [perfLockRel] hdl:23892, idx:0
09-08 06:42:11.068  1122  1188 I libPowerHal: [PD] vendor.samsung. update cmd:1c3c000 param:1
09-08 06:42:11.068  1122  1188 I libPowerHal: [PD] (more) /proc/mcdi/state set +prefix:enable 1;
09-08 06:42:11.069  3612  3612 I HoneySpace.BackgroundViewAlphaUpdater: setAlpha: 0.04549074
09-08 06:42:11.069  1116  1156 I mtkpower_client: perf_lock_acq, hdl:0, dur:0, num:2, tid:1156
09-08 06:42:11.070  3612  3612 I HoneySpace.BackgroundManagerImpl: capturedBlurView: pause(com.sec.android.app.launcher.Launcher@4623e92, 73547410)
09-08 06:42:11.070  3612  3612 I HoneySpace.Launcher: !@Boot_EBS_D: Launcher.onPause()
09-08 06:42:11.071  1116  1156 I mtkpower_client: ret_hdl:23897
09-08 06:42:11.071  3612  3612 I HoneySpace.Launcher: updateLauncherShowing true -> false
09-08 06:42:11.071  1116  1156 I mtkpower_client: perf_lock_rel, hdl:23893, tid:1156
09-08 06:42:11.071  1122  1188 I libPowerHal: [perfLockAcq] idx:0 hdl:23897 hint:-1 pid:1116 duration:0 lock_user:vendor.samsung. => ret_hdl:23897
09-08 06:42:11.071  1122  1188 I libPowerHal: [PE] (more) /proc/mcdi/state set +prefix:enable 0;
09-08 06:42:11.072  3612 23362 I HoneySpace.SPayHandler: updateSpayHandler launcher activity is paused false
09-08 06:42:11.073  1116  1156 I mtkpower_client: perf_lock_acq, hdl:0, dur:0, num:2, tid:1156
09-08 06:42:11.073  3612  5328 I gralloc4: @set_metadata: update dataspace from GM (0x00000000 -> 0x08010000)
09-08 06:42:11.073  1122  1188 I libPowerHal: [perfLockRel] hdl:23893, idx:1
09-08 06:42:11.073  1122  1188 I libPowerHal: vendor.samsung.: cpu_ctrl set cpu freq: -1 -1 2000000 -1
09-08 06:42:11.075  1116  1156 I mtkpower_client: ret_hdl:23898
09-08 06:42:11.075  1116  1156 I mtkpower_client: perf_lock_rel, hdl:23894, tid:1156
09-08 06:42:11.075  1122  1188 I libPowerHal: [perfLockAcq] idx:3 hdl:23898 hint:-1 pid:1116 duration:0 lock_user:vendor.samsung. => ret_hdl:23898
09-08 06:42:11.075  1122  1188 I libPowerHal: vendor.samsung.: cpu_ctrl set cpu freq: 1800000 -1 2000000 -1
09-08 06:42:11.077  1116  1156 I mtkpower_client: perf_lock_acq, hdl:0, dur:0, num:2, tid:1156
09-08 06:42:11.078  1148  1742 D SurfaceFlinger: [SF client] NEW(0xb4000070c0e14c80) for (3107:com.android.systemui)
09-08 06:42:11.081  1122  1188 I libPowerHal: [perfLockRel] hdl:23894, idx:6
09-08 06:42:11.081  1122  1188 I libPowerHal: [PD] vendor.samsung. update cmd:1000000, param:-1
09-08 06:42:11.081  1122  1188 I libPowerHal: [PD] vendor.samsung. update cmd:1000000 param:-1
09-08 06:42:11.082  1116  1156 I mtkpower_client: ret_hdl:23899
09-08 06:42:11.082  1116  1156 I mtkpower_client: perf_lock_rel, hdl:23895, tid:1156
09-08 06:42:11.082  1122  1188 I libPowerHal: [perfLockAcq] idx:1 hdl:23899 hint:-1 pid:1116 duration:0 lock_user:vendor.samsung. => ret_hdl:23899
09-08 06:42:11.083  1122  1188 I libPowerHal: [PE] vendor.samsung. update cmd:1000000, param:0
09-08 06:42:11.083  1122  1188 I libPowerHal: [PE] vendor.samsung. update cmd:1000000 param:0
09-08 06:42:11.084  3612 18666 I HoneySpace.RecentTasks: onRecentTasksChanged
09-08 06:42:11.084  1116  1156 I mtkpower_client: perf_lock_acq, hdl:0, dur:0, num:2, tid:1156
09-08 06:42:11.084  3612 20099 I HoneySpace.RecentTasks: onRecentTasksChanged
09-08 06:42:11.084  1122  1188 I libPowerHal: [perfLockRel] hdl:23895, idx:7
09-08 06:42:11.084  1122  1188 I libPowerHal: vendor.samsung.: cpu_ctrl set cpu freq: 1800000 -1 -1 -1
09-08 06:42:11.085  1122  1188 I libPowerHal: [perfLockAcq] idx:4 hdl:23900 hint:-1 pid:1116 duration:0 lock_user:vendor.samsung. => ret_hdl:23900
09-08 06:42:11.085  1116  1156 I mtkpower_client: ret_hdl:23900
09-08 06:42:11.085  1122  1188 I libPowerHal: vendor.samsung.: cpu_ctrl set cpu freq: 1800000 -1 2000000 -1
09-08 06:42:11.085  1283  7946 I CameraService: onUidStateChanged: uid=10046, procState is changed. (0 -> 1)
09-08 06:42:11.085  1148  1228 E RenderEngine: updatePQFlag: get gralloc GRALLOC_EXTRA_GET_AI_PQ_INFO fail, return
09-08 06:42:11.085  3107  3199 D NativeCustomFrequencyManager: [NativeCFMS] BpCustomFrequencyManager::BpCustomFrequencyManager()
09-08 06:42:11.086  1148  1228 E RenderEngine: updatePQFlag: get gralloc GRALLOC_EXTRA_GET_AI_PQ_INFO fail, return
09-08 06:42:11.091  1650  1717 W libprocessgroup: SetCgroup::ExecuteForProcess: failed to open /dev/blkio//cgroup.procs: No such file or directory
09-08 06:42:11.092  3612  3754 I HoneySpace.TopTaskSource: onTaskMovedToFront : taskId = 591
09-08 06:42:11.092  1650  1974 D InputTransport: Input channel constructed: '248e6d ', fd=828
09-08 06:42:11.092  1650  1974 D InputTransport: Input channel constructed: '248e6d ', fd=829
09-08 06:42:11.092  1650  1974 D InputTransport: Input channel constructed: '248e6d ', fd=842
09-08 06:42:11.092  1091  1091 D Zygote  : Forked child process 23702
09-08 06:42:11.093  1148  1742 E BufferQueueDebug: [248e6d Splash Screen com.ton_keeper#19950](this:0xb40000709708e790,id:-1,api:0,p:-1,c:-1) id info cannot be read from '248e6d Splash Screen com.ton_keeper#19950'
09-08 06:42:11.093  1148  1742 I BufferQueueDebug: [248e6d Splash Screen com.ton_keeper#19950](this:0xb40000709708e790,id:-1,api:0,p:-1,c:-1) BufferQueue core=(1148:/system/bin/surfaceflinger)
09-08 06:42:11.093  1148  1148 I BpBinder: onLastStrongRef automatically unlinking death recipients:
09-08 06:42:11.093  1148  1742 I SurfaceFlinger: id=19950 createSurf, flag=84004, 248e6d Splash Screen com.ton_keeper#19950
09-08 06:42:11.093  3612  3612 I HoneySpace.BackgroundViewAlphaUpdater: setAlpha: 0.024333954
09-08 06:42:11.094  3612  3757 I HoneySpace.TopTaskUseCase: topTasks 591 ComponentInfo{com.ton_keeper/com.tonapps.tonkeeper.ui.screen.root.RootActivity}
09-08 06:42:11.094  3612  3612 I HoneySpace.BackgroundViewAlphaUpdater: setAlpha: 0.010415435
09-08 06:42:11.097  1650  1974 D InputTransport: Input channel destroyed: '248e6d ', fd=842
09-08 06:42:11.097  3612  5328 I gralloc4: @set_metadata: update dataspace from GM (0x00000000 -> 0x08010000)
09-08 06:42:11.100  3107  3192 I InsetsController: onStateChanged: host=Splash Screen com.ton_keeper, from=android.view.ViewRootImpl.setView:1753, state=InsetsState: {mDisplayFrame=Rect(0, 0 - 1080, 2408), mDisplayCutout=DisplayCutout{insets=Rect(0, 64 - 0, 0) waterfall=Insets{left=0, top=0, right=0, bottom=0} boundingRect={Bounds=[Rect(0, 0 - 0, 0), Rect(468, 0 - 612, 64), Rect(0, 0 - 0, 0), Rect(0, 0 - 0, 0)]} cutoutPathParserInfo={CutoutPathParserInfo{displayWidth=1080 displayHeight=2408 physicalDisplayWidth=1080 physicalDisplayHeight=2408 density={2.8125} cutoutSpec={M 0,0 H -25.6‬ V 22.75555555555556 H 25.6‬ V 0 H 0 Z @dp} rotation={0} scale={1.0} physicalPixelDisplaySizeRatio={1.0}}}}, mRoundedCorners=RoundedCorners{[RoundedCorner{position=TopLeft, radius=0, center=Point(0, 0)}, RoundedCorner{position=TopRight, radius=0, center=Point(0, 0)}, RoundedCorner{position=BottomRight, radius=0, center=Point(0, 0)}, RoundedCorner{position=BottomLeft, radius=0, center=Point(0, 0)}]}  mRoundedCornerFrame=Rect(0, 0 - 1080, 2408), mPrivacyIndicatorBounds=PrivacyIndicatorBounds {static bounds=Rect(956, 0 - 1080, 64) rotation=0}, mDisplayShape=DisplayShape{ spec=-311912193 displayWidth=1080 displayHeight=2408 physicalPixelDisplaySizeRatio=1.0 rotation=0 offsetX=0 offsetY=0 scale=1.0}, mSources= { InsetsSource: {d7d70001 mType=navigationBars mFrame=[0,2366][1080,2408] mVisible=true mFlags=[SUPPRESS_SCRIM]}, InsetsSource: {d7d70004 mType=systemGestures mFrame=[0,0][84,2408] mVisible=true mFlags=[]}, InsetsSource: {d7d70005 mType=mandatorySystemGestures mFrame=[0,2318][1080,2408] mVisible=true mFlags=[]}, InsetsSource: {d7d70006 mType=tappableElement mFrame=[0,0][0,0] mVisible=true mFlags=[]}, InsetsSource: {d7d70024 mType=systemGestures mFrame=[996,0][1080,2408] mVisible=true mFlags=[]}, InsetsSource: {d9390000 mType=statusBars mFrame=[0,0][1080,64] mVisible=true mFlags=[]}, InsetsSource: {d9390005 mType=mandatorySystemGestures mFrame=[0,0][1080,98] mVisible=true mFlags=[]}, InsetsSource: {d9390006 mType=tappableElement mFrame=[0,0][1080,64] mVisible=true mFlags=[]}, InsetsSource: {3 mType=ime mFrame=[0,0][0,0] mVisible=false mFlags=[]}, InsetsSource: {27 mType=displayCutout mFrame=[0,0][1080,64] mVisible=true mFlags=[]} }
09-08 06:42:11.100  3107  3192 I ViewRootImpl@3301951[ton_keeper]: synced displayState. AttachInfo displayState=2
09-08 06:42:11.103  3612  5328 I gralloc4: @set_metadata: update dataspace from GM (0x00000000 -> 0x08010000)
09-08 06:42:11.104  3107  3192 I ViewRootImpl@3301951[ton_keeper]: setView = android.widget.FrameLayout@481a9a2 TM=true
09-08 06:42:11.105  1148  1742 D SurfaceFlinger: [SF client] NEW(0xb4000070c0e40100) for (3107:com.android.systemui)
09-08 06:42:11.107  1148  1742 E BufferQueueDebug: [SurfaceControlViewHost#19951](this:0xb400007097094790,id:-1,api:0,p:-1,c:-1) id info cannot be read from 'SurfaceControlViewHost#19951'
09-08 06:42:11.108  1148  1742 I BufferQueueDebug: [SurfaceControlViewHost#19951](this:0xb400007097094790,id:-1,api:0,p:-1,c:-1) BufferQueue core=(1148:/system/bin/surfaceflinger)
09-08 06:42:11.108  1148  1742 I SurfaceFlinger: id=19951 createSurf, flag=84004, SurfaceControlViewHost#19951
09-08 06:42:11.109 23702 23702 I com.ton_keeper: Using CollectorTypeCC GC.
09-08 06:42:11.109  1148  1742 D SurfaceFlinger: [SF client] NEW(0xb4000070c0e40880) for (3107:com.android.systemui)
09-08 06:42:11.110  1148  1207 D SurfaceFlinger: [SF client] NEW(0xb40000709a051e00) for (3107:com.android.systemui)
09-08 06:42:11.112  3612  3612 I HoneySpace.BackgroundViewAlphaUpdater: setAlpha: 0.003175974
09-08 06:42:11.113  3107  3199 D NativeCustomFrequencyManager: [NativeCFMS] BpCustomFrequencyManager::BpCustomFrequencyManager()
09-08 06:42:11.114  1148  1742 E BufferQueueDebug: [Leash#19952](this:0xb4000070970fd790,id:-1,api:0,p:-1,c:-1) id info cannot be read from 'Leash#19952'
09-08 06:42:11.114  1148  1742 I BufferQueueDebug: [Leash#19952](this:0xb4000070970fd790,id:-1,api:0,p:-1,c:-1) BufferQueue core=(1148:/system/bin/surfaceflinger)
09-08 06:42:11.114  1148  1742 I SurfaceFlinger: id=19952 createSurf, flag=44004, Leash#19952
09-08 06:42:11.113  1650  6889 D InputDispatcher: Focus left window (0): cc1d3df com.sec.android.app.launcher/com.sec.android.app.launcher.activities.LauncherActivity
09-08 06:42:11.115  1148  1742 E BufferQueueDebug: [#19953](this:0xb400007097100790,id:-1,api:0,p:-1,c:-1) id info cannot be read from '#19953'
09-08 06:42:11.115  1650  1717 W libprocessgroup: SetCgroup::ExecuteForProcess: failed to open /dev/blkio//cgroup.procs: No such file or directory
09-08 06:42:11.115  1148  1742 I BufferQueueDebug: [#19953](this:0xb400007097100790,id:-1,api:0,p:-1,c:-1) BufferQueue core=(1148:/system/bin/surfaceflinger)
09-08 06:42:11.115  1148  1742 I SurfaceFlinger: id=19953 createSurf, flag=44000, #19953
09-08 06:42:11.117  3612  3612 I ViewRootImpl@3ecd00a[LauncherActivity]: handleWindowFocusChanged: 0 0 call from android.view.ViewRootImpl.-$$Nest$mhandleWindowFocusChanged:0
09-08 06:42:11.117  3612  3612 I ImeFocusController: onPreWindowFocus: skipped, hasWindowFocus=false mHasImeFocus=true
09-08 06:42:11.119  3612  3612 I ImeFocusController: onPostWindowFocus: skipped, hasWindowFocus=false mHasImeFocus=true
09-08 06:42:11.119  1650  1717 W libprocessgroup: SetCgroup::ExecuteForProcess: failed to open /dev/blkio//cgroup.procs: No such file or directory
09-08 06:42:11.120  3612  5328 I gralloc4: @set_metadata: update dataspace from GM (0x00000000 -> 0x08010000)
09-08 06:42:11.120  1650  1717 W libprocessgroup: SetCgroup::ExecuteForProcess: failed to open /dev/blkio//cgroup.procs: No such file or directory
09-08 06:42:11.120  3492  3492 D HidDeviceService: handleMessage(): msg.what=8
09-08 06:42:11.121  1650  1974 D InputTransport: Input channel constructed: 'Embedde', fd=842
09-08 06:42:11.121  1650  1974 D InputTransport: Input channel constructed: 'Embedde', fd=849
09-08 06:42:11.122  1650  1974 D InputTransport: Input channel constructed: 'Embedde', fd=876
09-08 06:42:11.122  1650  1974 D InputTransport: Input channel destroyed: 'Embedde', fd=876
09-08 06:42:11.123  3998  4011 I adbd    : jdwp connection from 23702
09-08 06:42:11.125  3107  3192 I ViewRootImpl@35e0f69[]: synced displayState. AttachInfo displayState=2
09-08 06:42:11.126  3612  3612 I HoneySpace.BackgroundViewAlphaUpdater: setAlpha: 5.0807E-4
09-08 06:42:11.128  3107  3192 I ViewRootImpl@35e0f69[]: setView = android.widget.ImageView@372cafa TM=true
09-08 06:42:11.129  3107  3199 D OpenGLRenderer: HWUI - treat SMPTE_170M as sRGB
09-08 06:42:11.130 23702 23702 D ActivityThread: setConscryptValidator
09-08 06:42:11.130 23702 23702 D ActivityThread: setConscryptValidator - put
09-08 06:42:11.130  3107  3192 I SurfaceView@230c633: onWindowVisibilityChanged(0) true android.view.SurfaceView{230c633 V.E...... ......I. 0,0-0,0} of ViewRootImpl@3301951[ton_keeper]
09-08 06:42:11.131  3107  3192 D SurfaceView@230c633: 36750899 updateSurface: has no frame
09-08 06:42:11.131  1650  6889 V WindowManager: Relayout Window{248e6d u0 Splash Screen com.ton_keeper}: viewVisibility=0 req=1080x2408 ty=3 d0
09-08 06:42:11.132  1148  1742 E BufferQueueDebug: [Splash Screen com.ton_keeper$_3107#19954](this:0xb400007097103790,id:-1,api:0,p:-1,c:-1) id info cannot be read from 'Splash Screen com.ton_keeper$_3107#19954'
09-08 06:42:11.133  1148  1742 I BufferQueueDebug: [Splash Screen com.ton_keeper$_3107#19954](this:0xb400007097103790,id:-1,api:0,p:-1,c:-1) BufferQueue core=(1148:/system/bin/surfaceflinger)
09-08 06:42:11.133  1148  1742 I SurfaceFlinger: id=19954 createSurf, flag=44004, Splash Screen com.ton_keeper$_3107#19954
09-08 06:42:11.133  3612  5328 I gralloc4: @set_metadata: update dataspace from GM (0x00000000 -> 0x08010000)
09-08 06:42:11.140  1650  6889 V WindowManager: Relayout hash=248e6d, pid=3107, syncId=-1: mAttrs={(0,0)(fillxfill) sim={adjust=pan} layoutInDisplayCutoutMode=shortEdges ty=APPLICATION_STARTING fmt=TRANSLUCENT wanim=0x10302f2
09-08 06:42:11.140  1650  6889 V WindowManager:   fl=81030118
09-08 06:42:11.140  1650  6889 V WindowManager:   pfl=16000010
09-08 06:42:11.140  1650  6889 V WindowManager:   bhv=DEFAULT
09-08 06:42:11.140  1650  6889 V WindowManager:   fitSides= naviIconColor=0}
09-08 06:42:11.141  3107  3192 D BufferQueueConsumer: [](id:c230000094c,api:0,p:-1,c:3107) connect: controlledByApp=false
09-08 06:42:11.142  3107  3192 I BLASTBufferQueue_Java: new BLASTBufferQueue, mName= ViewRootImpl@3301951[ton_keeper] mNativeObject= 0xb4000072d9bf4c00 sc.mNativeObject= 0xb40000737b8a1280 caller= android.view.ViewRootImpl.updateBlastSurfaceIfNeeded:3028 android.view.ViewRootImpl.relayoutWindow:10131 android.view.ViewRootImpl.performTraversals:4110 android.view.ViewRootImpl.doTraversal:3288 android.view.ViewRootImpl$TraversalRunnable.run:11344 android.view.Choreographer$CallbackRecord.run:1689 android.view.Choreographer$CallbackRecord.run:1698 android.view.Choreographer.doCallbacks:1153 android.view.Choreographer.doFrame:1079 android.view.Choreographer$FrameDisplayEventReceiver.run:1646
09-08 06:42:11.142  3107  3192 I BLASTBufferQueue_Java: update, w= 1080 h= 2408 mName = ViewRootImpl@3301951[ton_keeper] mNativeObject= 0xb4000072d9bf4c00 sc.mNativeObject= 0xb40000737b8a1280 format= -3 caller= android.graphics.BLASTBufferQueue.<init>:89 android.view.ViewRootImpl.updateBlastSurfaceIfNeeded:3028 android.view.ViewRootImpl.relayoutWindow:10131 android.view.ViewRootImpl.performTraversals:4110 android.view.ViewRootImpl.doTraversal:3288 android.view.ViewRootImpl$TraversalRunnable.run:11344
09-08 06:42:11.143  3107  3192 I ViewRootImpl@3301951[ton_keeper]: Relayout returned: old=(0,0,1080,2408) new=(0,0,1080,2408) relayoutAsync=false req=(1080,2408)0 dur=10 res=0x403 s={true 0xb40000737b930000} ch=true seqId=0
09-08 06:42:11.144  3107  3192 D ViewRootImpl@3301951[ton_keeper]: mThreadedRenderer.initialize() mSurface={isValid=true 0xb40000737b930000} hwInitialized=true
09-08 06:42:11.145  3107  3192 D SurfaceView@230c633: 36750899 updateSurface: has no frame
09-08 06:42:11.145  3107  3192 I SurfaceView@230c633: windowStopped(false) true android.view.SurfaceView{230c633 V.E...... ......ID 270,934-810,1474} of ViewRootImpl@3301951[ton_keeper]
09-08 06:42:11.145  3107  3192 D SurfaceView@230c633: 36750899 updateSurface: has no frame
09-08 06:42:11.146  3612  3612 I HoneySpace.BackgroundManagerImpl: setProgress: com.honeyspace.sdk.HomeScreen$Normal@1c6a09a, p=1.0, ch=73547410, open=true
09-08 06:42:11.146  3612  3612 I HoneySpace.BackgroundManagerImpl: setProgressToScrimView[ch=73547410]: progress = 1.0, dim = 0.0, currentDimAlpha={73547410=0.0, 91093963=0.0}
09-08 06:42:11.146  3612  3612 I HoneySpace.BackgroundViewAlphaUpdater: setAlpha: 0.0
09-08 06:42:11.146  3612  3612 I HoneySpace.BackgroundManagerImpl: setProgressToBlurView[ch=73547410, st =  com.honeyspace.sdk.HomeScreen$Normal@1c6a09a, progress = 1.0, wb= 0.0]
09-08 06:42:11.147  3612  3612 I HoneySpace.HoneyScreenManagerImpl: gotoScreenWithAnimation shouldOpen doOnEnd: HOME
09-08 06:42:11.147  3612  3612 I HoneySpace.HoneyScreenManagerImpl: Hide APPS
09-08 06:42:11.147  3612  3612 I HoneySpace.ContentsAnimator: end call
09-08 06:42:11.148  3612  3612 I HoneySpace.AppscreenPot: hide
09-08 06:42:11.148  3612  3612 I HoneySpace.AppscreenPot: changeState currentHoneyState: com.honeyspace.sdk.AppScreen$Normal@c0ef6f2 changedState: com.honeyspace.sdk.AppScreen$Normal@c0ef6f2
09-08 06:42:11.149  3612  3612 I HoneySpace.HomescreenPot: onShown, showHoneyState = com.honeyspace.sdk.HomeScreen$Normal@1c6a09a
09-08 06:42:11.150  3612  3612 I HoneySpace.SPayHandler: updateSpayHandler launcher activity is paused false
09-08 06:42:11.150  3612  3612 I HoneySpace.HomescreenViewModel: resetProgress
09-08 06:42:11.150  3612  3612 I HoneySpace.BackgroundManagerImpl: checkAndUpdateBackgroundEffect: com.honeyspace.sdk.HomeScreen$Normal@1c6a09a, ch=73547410, forceApply=false
09-08 06:42:11.150  3612  3612 I HoneySpace.BackgroundManagerImpl: 0.0 -> 0.0
09-08 06:42:11.150  3612  3612 I HoneySpace.BackgroundManagerImpl: applyCurrentBackgroundEffect
09-08 06:42:11.151  1650  1974 D InputDispatcher: Focused application(0): ActivityRecord{1a374de u0 com.ton_keeper/com.tonapps.tonkeeper.ui.screen.root.RootActivity t591}
09-08 06:42:11.155  1650  2960 D AS.MultiSoundManager: mForegroundUid = 10799
09-08 06:42:11.155  1650  2960 D AS.MultiSoundManager: mForegroundUid = 10799
09-08 06:42:11.157 23702 23702 D CompatibilityChangeReporter: Compat change id reported: 171979766; UID 10799; state: ENABLED
09-08 06:42:11.157 23702 23702 D CompatibilityChangeReporter: Compat change id reported: 242716250; UID 10799; state: ENABLED
09-08 06:42:11.157  3107  3192 D ViewRootImpl@3301951[ton_keeper]: reportNextDraw android.view.ViewRootImpl.performTraversals:4718 android.view.ViewRootImpl.doTraversal:3288 android.view.ViewRootImpl$TraversalRunnable.run:11344 android.view.Choreographer$CallbackRecord.run:1689 android.view.Choreographer$CallbackRecord.run:1698
09-08 06:42:11.157  3612  5328 I gralloc4: @set_metadata: update dataspace from GM (0x00000000 -> 0x08010000)
09-08 06:42:11.158  3107  3192 I SurfaceView: 36750899 Changes: creating=true format=true size=true visible=true alpha=false hint=false visible=true left=true top=true z=true attached=true lifecycleStrategy=false
09-08 06:42:11.158  1148  1742 E BufferQueueDebug: [Bounds for - Splash Screen com.ton_keeper@0#19955](this:0xb40000709710d790,id:-1,api:0,p:-1,c:-1) id info cannot be read from 'Bounds for - Splash Screen com.ton_keeper@0#19955'
09-08 06:42:11.159  1148  1742 I BufferQueueDebug: [Bounds for - Splash Screen com.ton_keeper@0#19955](this:0xb40000709710d790,id:-1,api:0,p:-1,c:-1) BufferQueue core=(1148:/system/bin/surfaceflinger)
09-08 06:42:11.159  1148  1742 I SurfaceFlinger: id=19955 createSurf, flag=20004, Bounds for - Splash Screen com.ton_keeper@0#19955
09-08 06:42:11.160  1148  1742 E BufferQueueDebug: [SurfaceView[Splash Screen com.ton_keeper]@0#19956](this:0xb400007097110790,id:-1,api:0,p:-1,c:-1) id info cannot be read from 'SurfaceView[Splash Screen com.ton_keeper]@0#19956'
09-08 06:42:11.161  1148  1742 I BufferQueueDebug: [SurfaceView[Splash Screen com.ton_keeper]@0#19956](this:0xb400007097110790,id:-1,api:0,p:-1,c:-1) BufferQueue core=(1148:/system/bin/surfaceflinger)
09-08 06:42:11.161  1148  1742 I SurfaceFlinger: id=19956 createSurf, flag=84004, SurfaceView[Splash Screen com.ton_keeper]@0#19956
09-08 06:42:11.161  1148  1742 E BufferQueueDebug: [SurfaceView[Splash Screen com.ton_keeper]@0(BLAST)#19957](this:0xb400007097116790,id:-1,api:0,p:-1,c:-1) id info cannot be read from 'SurfaceView[Splash Screen com.ton_keeper]@0(BLAST)#19957'
09-08 06:42:11.162  1148  1742 I BufferQueueDebug: [SurfaceView[Splash Screen com.ton_keeper]@0(BLAST)#19957](this:0xb400007097116790,id:-1,api:0,p:-1,c:-1) BufferQueue core=(1148:/system/bin/surfaceflinger)
09-08 06:42:11.162  1148  1742 I SurfaceFlinger: id=19957 createSurf, flag=44000, SurfaceView[Splash Screen com.ton_keeper]@0(BLAST)#19957
09-08 06:42:11.162  1148  1742 E BufferQueueDebug: [Background for SurfaceView[Splash Screen com.ton_keeper]@0#19958](this:0xb400007097119790,id:-1,api:0,p:-1,c:-1) id info cannot be read from 'Background for SurfaceView[Splash Screen com.ton_keeper]@0#19958'
09-08 06:42:11.162  1148  1742 I BufferQueueDebug: [Background for SurfaceView[Splash Screen com.ton_keeper]@0#19958](this:0xb400007097119790,id:-1,api:0,p:-1,c:-1) BufferQueue core=(1148:/system/bin/surfaceflinger)
09-08 06:42:11.162  1148  1742 I SurfaceFlinger: id=19958 createSurf, flag=20404, Background for SurfaceView[Splash Screen com.ton_keeper]@0#19958
09-08 06:42:11.163  3107  3192 D BufferQueueConsumer: [](id:c230000094d,api:0,p:-1,c:3107) connect: controlledByApp=false
09-08 06:42:11.163  3107  3192 I BLASTBufferQueue_Java: update, w= 540 h= 540 mName = null mNativeObject= 0xb4000072d9bf9900 sc.mNativeObject= 0xb4000072d9ad93c0 format= -3 caller= android.view.SurfaceView.createBlastSurfaceControls:1517 android.view.SurfaceView.updateSurface:1193 android.view.SurfaceView.lambda$new$0:258 android.view.SurfaceView.$r8$lambda$cm3nmzErr-srXoT_KjIYQgdhFN0:0 android.view.SurfaceView$$ExternalSyntheticLambda2.onPreDraw:2 android.view.ViewTreeObserver.dispatchOnPreDraw:1204
09-08 06:42:11.163  3107  3192 I SurfaceView@230c633: 36750899 Cur surface: Surface(name=null)/@0x928e320
09-08 06:42:11.165  3107  3192 I SurfaceView@230c633: pST: sr = Rect(270, 934 - 810, 1474) sw = 540 sh = 540
09-08 06:42:11.165  3107  3192 D SurfaceView@230c633: 36750899 performSurfaceTransaction RenderWorker position = [270, 934, 810, 1474] surfaceSize = 540x540
09-08 06:42:11.165  3107  3192 I SurfaceView@230c633: updateSurface: mVisible = true mSurface.isValid() = true
09-08 06:42:11.165  3107  3192 I SurfaceView@230c633: updateSurface: mSurfaceCreated = false surfaceChanged = true visibleChanged = true
09-08 06:42:11.165  3107  3192 I SurfaceView: 36750899 visibleChanged -- surfaceCreated
09-08 06:42:11.166  3107  3192 I SurfaceView@230c633: surfaceCreated 0 #8 android.view.SurfaceView{230c633 V.E...... ......ID 270,934-810,1474}
09-08 06:42:11.166  3107  3192 I SurfaceView: 36750899 surfaceChanged -- format=-3 w=540 h=540
09-08 06:42:11.166  3107  3192 I SurfaceView@230c633: surfaceChanged (540,540) 0 #8 android.view.SurfaceView{230c633 V.E...... ......ID 270,934-810,1474}
09-08 06:42:11.166  3107  3192 I SurfaceView: 36750899 surfaceRedrawNeeded
09-08 06:42:11.168  3107  3192 I SurfaceView: 36750899 finishedDrawing
09-08 06:42:11.168  3107  3192 V SurfaceView@230c633: Layout: x=270 y=934 w=540 h=540, frame=Rect(0, 0 - 540, 540)
09-08 06:42:11.168  3107  3192 I ViewRootImpl@3301951[ton_keeper]: Setup new sync=wmsSync-ViewRootImpl@3301951[ton_keeper]#66
09-08 06:42:11.168  3107  3192 I ViewRootImpl@3301951[ton_keeper]: Creating new active sync group ViewRootImpl@3301951[ton_keeper]#67
09-08 06:42:11.168  3107  3192 I ViewRootImpl@3301951[ton_keeper]: registerCallbacksForSync syncBuffer=false
09-08 06:42:11.169  3107  3199 D SurfaceView: 36750899 updateSurfacePosition RenderWorker, frameNr = 1, position = [270, 934, 810, 1474] surfaceSize = 540x540
09-08 06:42:11.169  3107  3199 I SurfaceView@230c633: uSP: rtp = Rect(270, 934 - 810, 1474) rtsw = 540 rtsh = 540
09-08 06:42:11.170  3107  3199 I SurfaceView@230c633: onSSPAndSRT: pl = 270 pt = 934 sx = 1.0 sy = 1.0
09-08 06:42:11.170  3107  3199 I SurfaceView@230c633: aOrMT: ViewRootImpl@3301951[ton_keeper] t = android.view.SurfaceControl$Transaction@e583d7f fN = 1 android.view.SurfaceView.-$$Nest$mapplyOrMergeTransaction:0 android.view.SurfaceView$SurfaceViewPositionUpdateListener.positionChanged:1666 android.graphics.RenderNode$CompositePositionUpdateListener.positionChanged:369
09-08 06:42:11.170  3107  3199 I ViewRootImpl@3301951[ton_keeper]: mWNT: t=0xb4000072d9b6d500 mBlastBufferQueue=0xb4000072d9bf4c00 fn= 1 mRenderHdrSdrRatio=1.0 caller= android.view.SurfaceView.applyOrMergeTransaction:1598 android.view.SurfaceView.-$$Nest$mapplyOrMergeTransaction:0 android.view.SurfaceView$SurfaceViewPositionUpdateListener.positionChanged:1666
09-08 06:42:11.170  3107  4080 I ViewRootImpl@3301951[ton_keeper]: Received frameDrawingCallback syncResult=0 frameNum=1.
09-08 06:42:11.170  3107  4080 I ViewRootImpl@3301951[ton_keeper]: mWNT: t=0xb4000072d9b6dc80 mBlastBufferQueue=0xb4000072d9bf4c00 fn= 1 mRenderHdrSdrRatio=1.0 caller= android.view.ViewRootImpl$8.onFrameDraw:13841 android.view.ThreadedRenderer$1.onFrameDraw:792 <bottom of call stack>
09-08 06:42:11.170  3107  4080 I ViewRootImpl@3301951[ton_keeper]: Setting up sync and frameCommitCallback
09-08 06:42:11.171  3492  3492 D HidDeviceService: handleMessage(): msg.what=8
09-08 06:42:11.174 20790 20790 I A       : onPause
09-08 06:42:11.176  1650  4103 D AutoRotationHandler: not support this mode
09-08 06:42:11.176  1650  4103 D AutoRotationHandler: not support this mode
09-08 06:42:11.176 16063 16247 I Rubin   : [81] ac.a.c(Unknown Source) : Notify com.samsung.android.rubin.inferenceengine.contextanalytics.engine.loggers.AppUsageLogger's database is updated.
09-08 06:42:11.179  1650  1680 D PkgPredictorService-SecIpmManagerServiceImpl: onForegroundActivitiesChanged pid:23702 uid:10799
09-08 06:42:11.183  3612  3754 I HoneySpace.TopTaskSource: onTaskFocusChanged(): taskId = 591
09-08 06:42:11.183  3612  5328 I gralloc4: @set_metadata: update dataspace from GM (0x00000000 -> 0x08010000)
09-08 06:42:11.184  3612  3754 I HoneySpace.TopTaskSource: onTaskFocusChanged(): taskId = 591
09-08 06:42:11.184  3612  3754 I HoneySpace.TopTaskSource: onTaskMovedToFront : taskId = 591
09-08 06:42:11.184  3612  3754 I HoneySpace.TopTaskSource: onTaskMovedToFront : taskId = 591
09-08 06:42:11.184 23702 23702 D nativeloader: Configuring clns-4 for other apk /data/app/~~7WKmyaoBfkXMEVW6zg1uog==/com.ton_keeper-ChxegAMSwT--e8bQg0vTbw==/base.apk. target_sdk_version=34, uses_libraries=, library_path=/data/app/~~7WKmyaoBfkXMEVW6zg1uog==/com.ton_keeper-ChxegAMSwT--e8bQg0vTbw==/lib/arm64:/data/app/~~7WKmyaoBfkXMEVW6zg1uog==/com.ton_keeper-ChxegAMSwT--e8bQg0vTbw==/base.apk!/lib/arm64-v8a, permitted_path=/data:/mnt/expand:/data/user/0/com.ton_keeper
09-08 06:42:11.185  3107  3199 D BLASTBufferQueue: [ViewRootImpl@3301951[ton_keeper]#2380](f:0,a:0) onFrameAvailable the first frame is available
09-08 06:42:11.186  1148  1228 E RenderEngine: updatePQFlag: get gralloc GRALLOC_EXTRA_GET_AI_PQ_INFO fail, return
09-08 06:42:11.187  3107  3199 D BLASTBufferQueue: [ViewRootImpl@3301951[ton_keeper]#2380](f:0,a:1) acquireNextBufferLocked size=1080x2408 mFrameNumber=1 applyTransaction=true mTimestamp=144625976634850(auto) mPendingTransactions.size=0 graphicBufferId=13344463398680 transform=0
09-08 06:42:11.187  3107  3199 I ViewRootImpl@3301951[ton_keeper]: Received frameCommittedCallback lastAttemptedDrawFrameNum=1 didProduceBuffer=true
09-08 06:42:11.187  1148  1228 E RenderEngine: updatePQFlag: get gralloc GRALLOC_EXTRA_GET_AI_PQ_INFO fail, return
09-08 06:42:11.188  3107  3199 D OpenGLRenderer: CFMS:: SetUp Pid : 3107    Tid : 3199
09-08 06:42:11.188  3107  3192 I ViewRootImpl@3301951[ton_keeper]: reportDrawFinished seqId=0
09-08 06:42:11.190  3107  3192 D BufferQueueConsumer: [](id:c230000094e,api:0,p:-1,c:3107) connect: controlledByApp=false
09-08 06:42:11.190  3612 18666 I HoneySpace.RecentTasks: onRecentTasksChanged
09-08 06:42:11.191  3107  3192 I BLASTBufferQueue_Java: new BLASTBufferQueue, mName= ViewRootImpl@35e0f69[] mNativeObject= 0xb40000737b92a880 sc.mNativeObject= 0xb4000072d9ad9d80 caller= android.view.ViewRootImpl.updateBlastSurfaceIfNeeded:3028 android.view.ViewRootImpl.relayoutWindow:10131 android.view.ViewRootImpl.performTraversals:4110 android.view.ViewRootImpl.doTraversal:3288 android.view.ViewRootImpl$TraversalRunnable.run:11344 android.view.Choreographer$CallbackRecord.run:1689 android.view.Choreographer$CallbackRecord.run:1698 android.view.Choreographer.doCallbacks:1153 android.view.Choreographer.doFrame:1079 android.view.Choreographer$FrameDisplayEventReceiver.run:1646
09-08 06:42:11.191  3107  3192 I BLASTBufferQueue_Java: update, w= 540 h= 540 mName = ViewRootImpl@35e0f69[] mNativeObject= 0xb40000737b92a880 sc.mNativeObject= 0xb4000072d9ad9d80 format= -2 caller= android.graphics.BLASTBufferQueue.<init>:89 android.view.ViewRootImpl.updateBlastSurfaceIfNeeded:3028 android.view.ViewRootImpl.relayoutWindow:10131 android.view.ViewRootImpl.performTraversals:4110 android.view.ViewRootImpl.doTraversal:3288 android.view.ViewRootImpl$TraversalRunnable.run:11344
09-08 06:42:11.191  3107  3192 I ViewRootImpl@35e0f69[]: Relayout returned: old=(0,0,540,540) new=(0,0,540,540) relayoutAsync=false req=(540,540)0 dur=1 res=0x0 s={true 0xb4000072c1b27800} ch=true seqId=0
09-08 06:42:11.191 16063 16247 I Rubin   : [81] com.samsung.android.rubin.inferenceengine.contextanalytics.engine.monitors.moment.exercise.ExercisingWithCmhMonitor.isSatisfiedByCmh(Unknown Source) : isSatisfiedByCmh is false
09-08 06:42:11.192  3107  3192 D ViewRootImpl@35e0f69[]: mThreadedRenderer.initialize() mSurface={isValid=true 0xb4000072c1b27800} hwInitialized=true
09-08 06:42:11.193  1148  1207 E BufferQueueDebug: [Transition Root: Task=591#19959](this:0xb4000070978c4790,id:-1,api:0,p:-1,c:-1) id info cannot be read from 'Transition Root: Task=591#19959'
09-08 06:42:11.193  1148  1207 I BufferQueueDebug: [Transition Root: Task=591#19959](this:0xb4000070978c4790,id:-1,api:0,p:-1,c:-1) BufferQueue core=(1148:/system/bin/surfaceflinger)
09-08 06:42:11.193  1148  1207 I SurfaceFlinger: id=19959 createSurf, flag=84004, Transition Root: Task=591#19959
09-08 06:42:11.193  1148  1148 I gralloc4: @set_metadata: update dataspace from GM (0x08010000 -> 0x00000000)
09-08 06:42:11.196  1650  1683 I SurfaceControl: show, t=StartTransaction_SyncId<1279>, sc=Surface(name=ActivityRecord{1a374de u0 com.ton_keeper/com.tonapps.tonkeeper.ui.screen.root.RootActivity t591})/@0x121c668, caller=com.android.server.wm.Transition.onTransactionReady:1992 com.android.server.wm.BLASTSyncEngine$SyncGroup.finishNow:315 com.android.server.wm.BLASTSyncEngine$SyncGroup.tryFinish:242 com.android.server.wm.BLASTSyncEngine$SyncGroup.-$$Nest$mtryFinish:0 com.android.server.wm.BLASTSyncEngine.onSurfacePlacement:675 com.android.server.wm.RootWindowContainer.performSurfacePlacementNoTrace:990
09-08 06:42:11.197  1650  1974 D VpnManagerService: Exception: java.lang.NullPointerException: Attempt to invoke interface method 'int com.samsung.android.knox.zt.networktrust.filter.IKnoxNetworkFilterService.getKnoxNwFilterHttpProxyPort(int, java.lang.String)' on a null object reference
09-08 06:42:11.197  1650  1974 D VpnManagerService: 	at com.android.server.VpnManagerService.getKnoxNwFilterHttpProxyPort(VpnManagerService.java:1945)
09-08 06:42:11.197  1650  1974 D VpnManagerService: 	at android.net.IVpnManager$Stub.onTransact(IVpnManager.java:1075)
09-08 06:42:11.197  1650  1974 D VpnManagerService: 	at android.os.Binder.execTransactInternal(Binder.java:1375)
09-08 06:42:11.197  1650  1974 D VpnManagerService: 	at android.os.Binder.execTransact(Binder.java:1311)
09-08 06:42:11.199 23702 23702 V GraphicsEnvironment: Currently set values for:
09-08 06:42:11.199 23702 23702 V GraphicsEnvironment:   angle_gl_driver_selection_pkgs=[]
09-08 06:42:11.199 23702 23702 V GraphicsEnvironment:   angle_gl_driver_selection_values=[]
09-08 06:42:11.200 23702 23702 V GraphicsEnvironment: ANGLE GameManagerService for com.ton_keeper: false
09-08 06:42:11.200 23702 23702 V GraphicsEnvironment: com.ton_keeper is not listed in per-application setting
09-08 06:42:11.200 23702 23702 V GraphicsEnvironment: Neither updatable production driver nor prerelease driver is supported.
09-08 06:42:11.201  1148  1207 E BufferQueueDebug: [9ea37f4 ActivityRecordInputSink com.ton_keeper/com.tonapps.tonkeeper.ui.screen.root.RootActivity#19960](this:0xb400007097911790,id:-1,api:0,p:-1,c:-1) id info cannot be read from '9ea37f4 ActivityRecordInputSink com.ton_keeper/com.tonapps.tonkeeper.ui.screen.root.RootActivity#19960'
09-08 06:42:11.201  1148  1207 I BufferQueueDebug: [9ea37f4 ActivityRecordInputSink com.ton_keeper/com.tonapps.tonkeeper.ui.screen.root.RootActivity#19960](this:0xb400007097911790,id:-1,api:0,p:-1,c:-1) BufferQueue core=(1148:/system/bin/surfaceflinger)
09-08 06:42:11.201  1148  1207 I SurfaceFlinger: id=19960 createSurf, flag=84000, 9ea37f4 ActivityRecordInputSink com.ton_keeper/com.tonapps.tonkeeper.ui.screen.root.RootActivity#19960
09-08 06:42:11.205  3107  3192 I ViewRootImpl@35e0f69[]: registerCallbackForPendingTransactions
09-08 06:42:11.207  3107  3170 I SurfaceControl: hide, t=FinishTransaction_SyncId<1279>, sc=Surface(name=Task=1)/@0xbdbf638, caller=com.android.wm.shell.transition.Transitions.dispatchReady:682 com.android.wm.shell.transition.Transitions.onTransitionReady:119 com.android.wm.shell.transition.Transitions$TransitionPlayerImpl$$ExternalSyntheticLambda0.run:13 android.os.Handler.handleCallback:958 android.os.Handler.dispatchMessage:99 android.os.Looper.loopOnce:230
09-08 06:42:11.207  3107  3170 I SurfaceControl: show, t=StartTransaction_SyncId<1279>, sc=Surface(name=Task=591)/@0x3bd329b, caller=com.android.wm.shell.transition.Transitions.dispatchReady:687 com.android.wm.shell.transition.Transitions.onTransitionReady:119 com.android.wm.shell.transition.Transitions$TransitionPlayerImpl$$ExternalSyntheticLambda0.run:13 android.os.Handler.handleCallback:958 android.os.Handler.dispatchMessage:99 android.os.Looper.loopOnce:230
09-08 06:42:11.207  3107  3170 I SurfaceControl: show, t=FinishTransaction_SyncId<1279>, sc=Surface(name=Task=591)/@0x3bd329b, caller=com.android.wm.shell.transition.Transitions.dispatchReady:744 com.android.wm.shell.transition.Transitions.onTransitionReady:119 com.android.wm.shell.transition.Transitions$TransitionPlayerImpl$$ExternalSyntheticLambda0.run:13 android.os.Handler.handleCallback:958 android.os.Handler.dispatchMessage:99 android.os.Looper.loopOnce:230
09-08 06:42:11.207  3107  3170 I SurfaceControl: show, t=StartTransaction_SyncId<1279>, sc=Surface(name=Transition Root: Task=591)/@0x8fd1611, caller=com.android.wm.shell.transition.Transitions.playTransition:80 com.android.wm.shell.transition.Transitions.processReadyQueue:195 com.android.wm.shell.transition.Transitions.dispatchReady:762 com.android.wm.shell.transition.Transitions.onTransitionReady:119 com.android.wm.shell.transition.Transitions$TransitionPlayerImpl$$ExternalSyntheticLambda0.run:13 android.os.Handler.handleCallback:958
09-08 06:42:11.209  3107  4080 I ViewRootImpl@35e0f69[]: mWNT: t=0xb4000072d9b6e880 mBlastBufferQueue=0xb40000737b92a880 fn= 1 mRenderHdrSdrRatio=1.0 caller= android.view.ViewRootImpl$6.onFrameDraw:5635 android.view.ViewRootImpl$2.onFrameDraw:2146 android.view.ThreadedRenderer$1.onFrameDraw:792
09-08 06:42:11.212  3107  3170 I SurfaceControl: apply is called, name=StartTransaction_SyncId<1279>, caller=android.view.SurfaceControl$Transaction.apply:2921 com.android.wm.shell.transition.DefaultTransitionHandler.startAnimation:3226 com.android.wm.shell.transition.Transitions.dispatchTransition:80 com.android.wm.shell.transition.Transitions.playTransition:793 com.android.wm.shell.transition.Transitions.processReadyQueue:195 com.android.wm.shell.transition.Transitions.dispatchReady:762
09-08 06:42:11.212 23702 23702 D CompatibilityChangeReporter: Compat change id reported: 183155436; UID 10799; state: ENABLED
09-08 06:42:11.215 23702 23702 D SessionsDependencies: Dependency to CRASHLYTICS added.
09-08 06:42:11.217 23702 23702 I FirebaseApp: Device unlocked: initializing all Firebase APIs for app [DEFAULT]
09-08 06:42:11.223  3107  3199 D BLASTBufferQueue: [ViewRootImpl@35e0f69[]#2382](f:0,a:0) onFrameAvailable the first frame is available
09-08 06:42:11.223  3107  3199 D BLASTBufferQueue: [ViewRootImpl@35e0f69[]#2382](f:0,a:1) acquireNextBufferLocked size=540x540 mFrameNumber=1 applyTransaction=true mTimestamp=144626013960158(auto) mPendingTransactions.size=0 graphicBufferId=13344463398683 transform=0
09-08 06:42:11.224  3107  3199 D OpenGLRenderer: CFMS:: SetUp Pid : 3107    Tid : 3199
09-08 06:42:11.224  3107  3199 D OpenGLRenderer: HWUI - treat SMPTE_170M as sRGB
09-08 06:42:11.225  1148  1148 I Layer   : Layer [Splash Screen com.ton_keeper$_3107#19954] hidden!! flag(0)
09-08 06:42:11.226  1148  1148 I gralloc4: @set_metadata: update dataspace from GM (0x08010000 -> 0x00000000)
09-08 06:42:11.226  1148  1148 I gralloc4: @set_metadata: update dataspace from GM (0x00000000 -> 0x08010000)
09-08 06:42:11.229 23702 23702 D FirebaseSessions: Initializing Firebase Sessions SDK.
09-08 06:42:11.230 23702 23727 W ziparchive: Unable to open '/data/user_de/0/com.google.android.gms/app_chimera/m/000001e1/DynamiteLoader.uncompressed.dm': No such file or directory
09-08 06:42:11.230 23702 23727 W ziparchive: Unable to open '/data/user_de/0/com.google.android.gms/app_chimera/m/000001e1/DynamiteLoader.uncompressed.dm': No such file or directory
09-08 06:42:11.231 23702 23702 I FirebaseCrashlytics: Initializing Firebase Crashlytics 19.0.3 for com.ton_keeper
09-08 06:42:11.232 23702 23702 D CompatibilityChangeReporter: Compat change id reported: 247079863; UID 10799; state: ENABLED
09-08 06:42:11.239 23702 23702 D SessionsDependencies: Subscriber CRASHLYTICS registered.
09-08 06:42:11.241 23702 23727 I DynamiteModule: Considering local module com.google.android.gms.measurement.dynamite:122 and remote module com.google.android.gms.measurement.dynamite:124
09-08 06:42:11.241 23702 23727 I DynamiteModule: Selected remote version of com.google.android.gms.measurement.dynamite, version >= 124
09-08 06:42:11.241 23702 23727 V DynamiteModule: Dynamite loader version >= 2, using loadModule2NoCrashUtils
09-08 06:42:11.241  1148  1148 I gralloc4: @set_metadata: update dataspace from GM (0x08010000 -> 0x00000000)
09-08 06:42:11.251 23702 23731 D LifecycleServiceBinder: Binding service to application.
09-08 06:42:11.258 23702 23727 W System  : ClassLoader referenced unknown path:
09-08 06:42:11.258  1148  1148 I gralloc4: @set_metadata: update dataspace from GM (0x08010000 -> 0x00000000)
09-08 06:42:11.258 23702 23727 D nativeloader: Configuring clns-5 for other apk . target_sdk_version=34, uses_libraries=, library_path=/data/app/~~UTX3uvHBGUAshsmWXSlabw==/com.google.android.gms-YfotYD6Oc5RtaSr7NsuPKA==/lib/arm64:/data/app/~~UTX3uvHBGUAshsmWXSlabw==/com.google.android.gms-YfotYD6Oc5RtaSr7NsuPKA==/base.apk!/lib/arm64-v8a, permitted_path=/data:/mnt/expand:/data/user/0/com.google.android.gms
09-08 06:42:11.263  1122  1153 I mtkpower@impl: [setMode] type:6, enabled:1
09-08 06:42:11.263  1122  1153 E mtkpower@impl: [setMode] unknown type
09-08 06:42:11.264  1148  1228 E RenderEngine: updatePQFlag: get gralloc GRALLOC_EXTRA_GET_AI_PQ_INFO fail, return
09-08 06:42:11.265  1148  1228 E RenderEngine: updatePQFlag: get gralloc GRALLOC_EXTRA_GET_AI_PQ_INFO fail, return
09-08 06:42:11.267  1148  1148 I BufferQueueProducer: [FramebufferSurface](this:0xb4000070c0f2b8d0,id:-1,api:1,p:1148,c:1148) queueBuffer: fps=1.65 dur=15154.08 max=14739.89 min=14.99
09-08 06:42:11.268  3107  3199 I gralloc4: @set_metadata: update dataspace from GM (0x00000000 -> 0x08010000)
09-08 06:42:11.271  1148  1148 D SurfaceFlinger: Display 0 HWC layers:
09-08 06:42:11.271  1148  1148 D SurfaceFlinger:      DEVICE | 0xb4000070bf257c80 | 0100 | RGBA_8888    |  662.0    0.0 1738.0 2400.0 |    0    0 1080 2408 | Wallpaper BBQ wrapper 5_system#82
09-08 06:42:11.271  1148  1148 D SurfaceFlinger:      DEVICE | 0xb4000070bf257800 | 0100 | RGBA_8888    |    0.0    0.0 1080.0 2408.0 |    0    0 1080 2408 | com.sec.android.app.launcher/com.sec[...]ivities.LauncherActivity$_3612#19940
09-08 06:42:11.271  1148  1148 D SurfaceFlinger:      CLIENT | 0xb4000070953fbd80 | 0100 | RGBA_8888    |    0.0    0.0 1080.0 2408.0 |   76  168 1004 2240 | Splash Screen com.ton_keeper$_3107#19954
09-08 06:42:11.271  1148  1148 D SurfaceFlinger:      CLIENT | 0xb4000070953fc980 | 0100 | RGBA_8888    |    0.0    0.0  540.0  540.0 |  308  972  772 1436 | #19953
09-08 06:42:11.271  1148  1148 D SurfaceFlinger:      DEVICE | 0xb400007095aa3b80 | 0100 | RGBA_8888    |    0.0    0.0 1080.0   64.0 |    0    0 1080   64 | StatusBar$_3107#113
09-08 06:42:11.271  1148  1148 D SurfaceFlinger:      DEVICE | 0xb4000070bf258a00 | 0100 | RGBA_8888    |    0.0    0.0 1080.0  135.0 |    0 2273 1080 2408 | NavigationBar0$_3107#104
09-08 06:42:11.271  1148  1148 D SurfaceFlinger:
09-08 06:42:11.272 23702 23702 I FirebaseInitProvider: FirebaseApp initialization successful
09-08 06:42:11.276 23702 23732 I FirebaseCrashlytics: Saved version control info
09-08 06:42:11.279  1148  1228 E RenderEngine: updatePQFlag: get gralloc GRALLOC_EXTRA_GET_AI_PQ_INFO fail, return
09-08 06:42:11.280  1148  1228 E RenderEngine: updatePQFlag: get gralloc GRALLOC_EXTRA_GET_AI_PQ_INFO fail, return
09-08 06:42:11.284  3107  3199 I gralloc4: @set_metadata: update dataspace from GM (0x00000000 -> 0x08010000)
09-08 06:42:11.287  1148  1228 E RenderEngine: updatePQFlag: get gralloc GRALLOC_EXTRA_GET_AI_PQ_INFO fail, return
09-08 06:42:11.288 23702 23702 D WM-WrkMgrInitializer: Initializing WorkManager with default configuration.
09-08 06:42:11.288  1148  1228 E RenderEngine: updatePQFlag: get gralloc GRALLOC_EXTRA_GET_AI_PQ_INFO fail, return
09-08 06:42:11.289 23702 23727 W com.ton_keeper: ClassLoaderContext classpath size mismatch. expected=12, found=5 (DLC[];PCL[base.apk*655571707:base.apk!classes2.dex*1498855786:base.apk!classes3.dex*490929050:base.apk!classes4.dex*1611603995:base.apk!classes5.dex*471123784:base.apk!classes6.dex*137154469:base.apk!classes7.dex*1102601877:base.apk!classes8.dex*2329565478:base.apk!classes9.dex*3036896885:base.apk!classes10.dex*3882078478:base.apk!classes11.dex*2742095993:base.apk!classes12.dex*823082303]{PCL[/system/framework/org.apache.http.legacy.jar*365604908]#PCL[/system/framework/com.android.media.remotedisplay.jar*2114713713]#PCL[/system/framework/com.android.location.provider.jar*3994156536]#PCL[/system/framework/org.apache.http.legacy.jar*365604908]} | DLC[];PCL[/data/app/~~7WKmyaoBfkXMEVW6zg1uog==/com.ton_keeper-ChxegAMSwT--e8bQg0vTbw==/base.apk*3802518011:/data/app/~~7WKmyaoBfkXMEVW6zg1uog==/com.ton_keeper-ChxegAMSwT--e8bQg0vTbw==/base.apk!classes2.dex*2780289643:/data/app/~~7WKmyaoBfkXMEVW6zg1uog==/com.ton_keeper-ChxegAMSwT--e8bQg0vTbw==/base.apk!classes3.dex*508609915:/data/app/~~7WKmyaoBfkXMEVW6zg1uog==/com.ton_keeper-ChxegAMSwT--e8bQg0vTbw==/base.apk!classes4.dex*2397097394:/data/app/~~7WKmyaoBfkXMEVW6zg1uog==/com.ton_keeper-ChxegAMSwT--e8bQg0vTbw==/base.apk!classes5.dex*713992274])
09-08 06:42:11.291 23702 23702 D WM-PackageManagerHelper: Skipping component enablement for androidx.work.impl.background.systemjob.SystemJobService
09-08 06:42:11.293 23702 23702 D WM-Schedulers: Created SystemJobScheduler and enabled SystemJobService
09-08 06:42:11.296  1148  1228 E RenderEngine: updatePQFlag: get gralloc GRALLOC_EXTRA_GET_AI_PQ_INFO fail, return
09-08 06:42:11.297  1148  1228 E RenderEngine: updatePQFlag: get gralloc GRALLOC_EXTRA_GET_AI_PQ_INFO fail, return
09-08 06:42:11.303 23382 23757 D ProfileInstaller: Installing profile for com.tonapps.main.baselineprofile
09-08 06:42:11.307  3107  3199 I gralloc4: @set_metadata: update dataspace from GM (0x00000000 -> 0x08010000)
