07-16 06:55:27.049  1357  6988 D VpnManagerService: 	at android.net.IVpnManager$Stub.onTransact(IVpnManager.java:1075)
07-16 06:55:27.049  1357  6988 D VpnManagerService: 	at android.os.Binder.execTransactInternal(Binder.java:1375)
07-16 06:55:27.049  1357  6988 D VpnManagerService: 	at android.os.Binder.execTransact(Binder.java:1311)
07-16 06:55:27.072 13163 13163 I DIAGMON_SDK[605065]: DiagMonAgent type: 2
07-16 06:55:27.073 13163 13163 I DIAGMON_SDK[605065][999-399-549750] : generated SR object
07-16 06:55:27.080  4810  5078 I DMASA[D][999-399-549750]: [DiagmonProvider]Received msg based on provider : true / anr_logging
07-16 06:55:27.082  4810  5078 I DMASA[D][999-399-549750]: [DiagmonProvider]Signature Check Success
07-16 06:55:27.090 13163 13184 I DIAGMON_SDK[605065][999-399-549750] : Results : Success
07-16 06:55:27.137 13163 13163 I DQA     : [b]db open success
07-16 06:55:27.138 13163 13189 I DQA     : [b]Start InitializationTask
07-16 06:55:27.365  1357  1357 D DevicePolicyManager:  handle packages changed  setCrossProfileAppToIgnored com.ton_keeper 0
07-16 06:55:27.368  1357  2469 I AppWidgetServiceImpl: Received broadcast: android.intent.action.PACKAGE_CHANGED, Updates all providers with com.ton_keeper, userId: 0
07-16 06:55:27.370  1357  2469 I AppWidgetServiceImpl: queryIntentReceivers intent : Intent { act=android.appwidget.action.APPWIDGET_UPDATE pkg=com.ton_keeper }  userid : 0  flags : 268436608 result : 2
07-16 06:55:27.371  3210  3210 I HoneySpace.HoneyAppWidgetHost: onProvidersChanged
07-16 06:55:27.372  1357  1407 I CDM_CompanionDeviceManagerService: onPackageModified() u0/com.ton_keeper
07-16 06:55:27.377  2958  2958 D CarrierSvcBindHelper: onPackageModified: com.ton_keeper
07-16 06:55:27.379  2958  2958 D CarrierSvcBindHelper: No carrier app for: 0
07-16 06:55:27.379  2958  2958 D CarrierSvcBindHelper: No carrier app for: 1
07-16 06:55:27.384  3138  3138 D RegisteredNfcFServicesCache: Service unchanged, not updating
07-16 06:55:27.385  3876  3905 I PermissionControllerServiceImpl: Updating user sensitive for uid 10699
07-16 06:55:27.385  2958  3115 D ImsResolver: maybeAddedImsService, packageName: com.ton_keeper
07-16 06:55:27.387  3095  3095 V MediaPlayerList: mPackageChangedBroadcastReceiver: action: android.intent.action.PACKAGE_CHANGED
07-16 06:55:27.388  1357  1616 D SEP_UNION_SemDeviceInfoManagerService: onReceive : android.intent.action.PACKAGE_CHANGED, userId = 0
07-16 06:55:27.390  2629  2760 D PluginActionManager: queryPkg com.ton_keeper com.android.systemui.action.PLUGIN_NOTIFICATION_MENU_ROW
07-16 06:55:27.391  4579 13191 I [SC]PackageChangedMonitorReceiverImpl: onReceive: com.ton_keeper
07-16 06:55:27.393  2629  2629 D ControlsListingControllerImpl: ServiceConfig reloaded, count: 1
07-16 06:55:27.393  1357  1614 I RoleService: Granting default roles...
07-16 06:55:27.393  2629  2760 D PluginActionManager: Found 0 plugins
07-16 06:55:27.393  4579  4715 I [SC]SyncAuthority: com.ton_keeper: authority not found!
07-16 06:55:27.393  2629  2760 D PluginActionManager: queryPkg com.ton_keeper com.android.systemui.action.PLUGIN_NOTIFICATION_MENU_ROW
07-16 06:55:27.393  2629  2629 D SPluginManagerImpl: onReceive: android.intent.action.PACKAGE_CHANGED, size:{com.android.systemui.noticenter.NotiCenterPlugin$NotiCenterPluginListener@6f0039d=SPluginInstanceManager@86542714 (action=com.samsung.systemui.action.PLUGIN_NOTICENTER), com.android.systemui.navigationbar.plugin.PluginBarInteractionManager$pluginListener$1@935e03a=SPluginInstanceManager@176284971 (action=com.samsung.systemui.navigationbar.PLUGIN), com.android.systemui.lockstar.PluginLockStarManager@97c1d64=SPluginInstanceManager@123985288 (action=com.samsung.systemui.action.PLUGIN_LOCK_STAR), com.android.systemui.slimindicator.SlimIndicatorPluginMediator@9e54ab7=SPluginInstanceManager@37024545 (action=com.samsung.systemui.action.SPLUGIN_SLIMINDICATOR), com.android.systemui.volume.VolumeStarInteractor$start$1@aaa4cd3=SPluginInstanceManager@254133062 (action=com.samsung.systemui.volume.PLUGIN), com.android.systemui.pluginlock.PluginLockMediatorImpl@ae6bcc5=SPluginInstanceManager@45590791 (action=com.samsung.systemui.action.PLUGIN_LOCK), com.samsung.android.systemui.multistar.MultiStarManager$2@ecd3d11=SPluginInstanceManager@1919540 (action=com.samsung.systemui.action.PLUGIN_MULTISTAR)}
07-16 06:55:27.394  2629  2760 D PluginActionManager: Found 0 plugins
07-16 06:55:27.394  2629  2760 D PluginActionManager: queryPkg com.ton_keeper com.android.systemui.action.PLUGIN_CLOCK_PROVIDER
07-16 06:55:27.394  9874 12190 I DWBh    : onPackageAdded Already Exist : com.ton_keeper
07-16 06:55:27.395  2629  2760 D PluginActionManager: Found 0 plugins
07-16 06:55:27.395  2629  2760 D PluginActionManager: queryPkg com.ton_keeper com.android.systemui.action.PLUGIN_SENSOR_MANAGER
07-16 06:55:27.397  2629  2629 D KeyguardUpdateMonitor: received broadcast android.intent.action.PACKAGE_CHANGED
07-16 06:55:27.398  2629  2629 D FaceWidgetMetadataParser: updatePackage() com.ton_keeper false
07-16 06:55:27.401  2629  2718 I ControlsServiceInfo: resolvePanelActivity allowAllApps = true
07-16 06:55:27.402  2629  2760 D PluginActionManager: Found 0 plugins
07-16 06:55:27.402  2629  2760 D PluginActionManager: queryPkg com.ton_keeper com.android.systemui.action.PLUGIN_NAVIGATION_EDGE_BACK_ACTION
07-16 06:55:27.402  2629  2760 D PluginActionManager: Found 0 plugins
07-16 06:55:27.402  2629  2760 D PluginActionManager: queryPkg com.ton_keeper com.android.systemui.action.PLUGIN_OVERLAY
07-16 06:55:27.403  2629  2760 D PluginActionManager: Found 0 plugins
07-16 06:55:27.403  2629  2760 D PluginActionManager: queryPkg com.ton_keeper com.android.systemui.action.PLUGIN_VOLUME
07-16 06:55:27.403  2629  2760 D PluginActionManager: Found 0 plugins
07-16 06:55:27.403  2629  2760 D PluginActionManager: queryPkg com.ton_keeper com.android.systemui.action.PLUGIN_NOTIFICATION_ASSISTANT
07-16 06:55:27.404  2629  2760 D PluginActionManager: Found 0 plugins
07-16 06:55:27.404  2629  2760 D PluginActionManager: queryPkg com.ton_keeper com.android.systemui.action.PLUGIN_NOTIFICATION_MENU_ROW
07-16 06:55:27.404  2629  2760 D PluginActionManager: Found 0 plugins
07-16 06:55:27.404  2629  2629 W FaceWidgetMetadataParser: updatePackage() there is no metadata
07-16 06:55:27.404  2629  2629 D FaceWidgetMetadataParser: removePackage() key = com.ton_keeper
07-16 06:55:27.404  2629  2760 D PluginActionManager: queryPkg com.ton_keeper com.android.systemui.action.PLUGIN_NOTIFICATION_MENU_ROW
07-16 06:55:27.405  1357  1632 I InputReader: Reconfiguring input devices, changes=KEYBOARD_LAYOUTS
07-16 06:55:27.405  2629  2760 D PluginActionManager: Found 0 plugins
07-16 06:55:27.405  2629  2760 D PluginActionManager: queryPkg com.ton_keeper com.android.systemui.action.PLUGIN_NOTIFICATION_MENU_ROW
07-16 06:55:27.406  2629  2760 D PluginActionManager: Found 0 plugins
07-16 06:55:27.406  2629  2760 D PluginActionManager: queryPkg com.ton_keeper com.android.systemui.action.PLUGIN_NOTIFICATION_MENU_ROW
07-16 06:55:27.406  2629  2760 D PluginActionManager: Found 0 plugins
07-16 06:55:27.406  2629  2760 D PluginActionManager: queryPkg com.ton_keeper com.samsung.systemui.action.PLUGIN_FACE_WIDGET
07-16 06:55:27.406  2629  2760 D PluginActionManager: Too many of com.samsung.systemui.action.PLUGIN_FACE_WIDGET
07-16 06:55:27.406  2629  2760 D PluginActionManager: queryPkg com.ton_keeper com.android.systemui.action.PLUGIN_QS
07-16 06:55:27.407  2629  2760 D PluginActionManager: Found 0 plugins
07-16 06:55:27.407  2629  2760 D PluginActionManager: queryPkg com.ton_keeper com.android.systemui.action.PEOPLE_HUB_PERSON_EXTRACTOR
07-16 06:55:27.407  2629  2760 D PluginActionManager: Found 0 plugins
07-16 06:55:27.408  2629  2760 D PluginActionManager: queryPkg com.ton_keeper com.android.systemui.action.PLUGIN_NOTIFICATION_MENU_ROW
07-16 06:55:27.408  2629  2760 D PluginActionManager: Found 0 plugins
07-16 06:55:27.408  2629  2760 D PluginActionManager: queryPkg com.ton_keeper com.android.systemui.action.PLUGIN_NOTIFICATION_MENU_ROW
07-16 06:55:27.408  2629  2760 D PluginActionManager: Found 0 plugins
07-16 06:55:27.409  2629  2760 D PluginActionManager: queryPkg com.ton_keeper com.android.systemui.action.PLUGIN_GLOBAL_ACTIONS
07-16 06:55:27.409  2629  2760 D PluginActionManager: Found 0 plugins
07-16 06:55:27.409  2629  2760 D PluginActionManager: queryPkg com.ton_keeper com.android.systemui.action.PLUGIN_TOAST
07-16 06:55:27.410  2629  2760 D PluginActionManager: Found 0 plugins
07-16 06:55:27.410  2629  2760 D PluginActionManager: queryPkg com.ton_keeper com.android.systemui.action.PLUGIN_NOTIFICATION_MENU_ROW
07-16 06:55:27.410  2629  2760 D PluginActionManager: Found 0 plugins
07-16 06:55:27.410  2629  2760 D PluginActionManager: queryPkg com.ton_keeper com.android.systemui.action.PLUGIN_NOTIFICATION_MENU_ROW
07-16 06:55:27.411  2629  2760 D PluginActionManager: Found 0 plugins
07-16 06:55:27.411  2629  2760 D PluginActionManager: queryPkg com.ton_keeper com.android.systemui.action.PLUGIN_QS_FACTORY
07-16 06:55:27.411  2629  2760 D PluginActionManager: Found 0 plugins
07-16 06:55:27.414  5650  5650 I HBD     : c currentConnectionState : false
07-16 06:55:27.414  5650  5650 I HBD     : c currentConnectionState : false
07-16 06:55:27.414  5650  5650 I HBD     : c currentConnectionState : false
07-16 06:55:27.414  5650  5650 I HBD     : c currentConnectionState : false
07-16 06:55:27.415  3210  3210 I HoneySpace.PackageSourceImpl: addWidgetToList remove duplicated key:com.sec.android.app.clockpackage/.#UserHandle{0}  info:AppWidgetProviderInfo(UserHandle{0}/ComponentInfo{com.sec.android.app.clockpackage/com.sec.android.widgetapp.analogclock.AnalogClockWidgetProvider})
07-16 06:55:27.416  3210  3210 I HoneySpace.PackageSourceImpl: addWidgetToList add key:com.sec.android.app.clockpackage/.#UserHandle{0}  info:AppWidgetProviderInfo(UserHandle{0}/ComponentInfo{com.sec.android.app.clockpackage/com.sec.android.widgetapp.analogclock.AnalogClockWidgetProvider})
07-16 06:55:27.416  3210  3210 I HoneySpace.PackageSourceImpl: addWidgetToList remove duplicated key:com.samsung.android.calendar/.#UserHandle{0}  info:AppWidgetProviderInfo(UserHandle{0}/ComponentInfo{com.samsung.android.calendar/com.android.calendar.widget.list.ListWidgetProvider})
07-16 06:55:27.416  3210  3210 I HoneySpace.PackageSourceImpl: addWidgetToList add key:com.samsung.android.calendar/.#UserHandle{0}  info:AppWidgetProviderInfo(UserHandle{0}/ComponentInfo{com.samsung.android.calendar/com.android.calendar.widget.list.ListWidgetProvider})
07-16 06:55:27.416  3210  3210 I HoneySpace.PackageSourceImpl: addWidgetToList remove duplicated key:com.sec.android.app.clockpackage/.#UserHandle{0}  info:AppWidgetProviderInfo(UserHandle{0}/ComponentInfo{com.sec.android.app.clockpackage/com.sec.android.widgetapp.digitalclock.DigitalClockWidgetProvider})
07-16 06:55:27.416  3210  3210 I HoneySpace.PackageSourceImpl: addWidgetToList add key:com.sec.android.app.clockpackage/.#UserHandle{0}  info:AppWidgetProviderInfo(UserHandle{0}/ComponentInfo{com.sec.android.app.clockpackage/com.sec.android.widgetapp.digitalclock.DigitalClockWidgetProvider})
07-16 06:55:27.416  3210  3210 I HoneySpace.PackageSourceImpl: addWidgetToList remove duplicated key:com.sec.android.app.clockpackage/.#UserHandle{0}  info:AppWidgetProviderInfo(UserHandle{0}/ComponentInfo{com.sec.android.app.clockpackage/com.sec.android.app.clockpackage.alarmwidget.ClockAlarmWidgetProvider})
07-16 06:55:27.416  3210  3210 I HoneySpace.PackageSourceImpl: addWidgetToList add key:com.sec.android.app.clockpackage/.#UserHandle{0}  info:AppWidgetProviderInfo(UserHandle{0}/ComponentInfo{com.sec.android.app.clockpackage/com.sec.android.app.clockpackage.alarmwidget.ClockAlarmWidgetProvider})
07-16 06:55:27.416  3210  3210 I HoneySpace.PackageSourceImpl: addWidgetToList remove duplicated key:com.sec.android.app.clockpackage/.#UserHandle{0}  info:AppWidgetProviderInfo(UserHandle{0}/ComponentInfo{com.sec.android.app.clockpackage/com.sec.android.widgetapp.dualclockdigital.DualClockDigitalWidgetProvider})
07-16 06:55:27.416  3210  3210 I HoneySpace.PackageSourceImpl: addWidgetToList add key:com.sec.android.app.clockpackage/.#UserHandle{0}  info:AppWidgetProviderInfo(UserHandle{0}/ComponentInfo{com.sec.android.app.clockpackage/com.sec.android.widgetapp.dualclockdigital.DualClockDigitalWidgetProvider})
07-16 06:55:27.416  3210  3210 I HoneySpace.PackageSourceImpl: addWidgetToList remove duplicated key:com.android.chrome/.#UserHandle{0}  info:AppWidgetProviderInfo(UserHandle{0}/ComponentInfo{com.android.chrome/org.chromium.chrome.browser.searchwidget.SearchWidgetProvider})
07-16 06:55:27.416  3210  3210 I HoneySpace.PackageSourceImpl: addWidgetToList add key:com.android.chrome/.#UserHandle{0}  info:AppWidgetProviderInfo(UserHandle{0}/ComponentInfo{com.android.chrome/org.chromium.chrome.browser.searchwidget.SearchWidgetProvider})
07-16 06:55:27.416  3210  3210 I HoneySpace.PackageSourceImpl: addWidgetToList remove duplicated key:com.android.settings.intelligence/.#UserHandle{0}  info:AppWidgetProviderInfo(UserHandle{0}/ComponentInfo{com.android.settings.intelligence/com.samsung.android.settings.intelligence.widget.GridTypeBatteryWidget})
07-16 06:55:27.416  3210  3210 I HoneySpace.PackageSourceImpl: addWidgetToList add key:com.android.settings.intelligence/.#UserHandle{0}  info:AppWidgetProviderInfo(UserHandle{0}/ComponentInfo{com.android.settings.intelligence/com.samsung.android.settings.intelligence.widget.GridTypeBatteryWidget})
07-16 06:55:27.416  3210  3210 I HoneySpace.PackageSourceImpl: addWidgetToList remove duplicated key:com.samsung.android.widget.pictureframe/.#UserHandle{0}  info:AppWidgetProviderInfo(UserHandle{0}/ComponentInfo{com.samsung.android.widget.pictureframe/com.samsung.android.widget.pictureframe.PhotoAppWidgetProvider})
07-16 06:55:27.416  3210  3210 I HoneySpace.PackageSourceImpl: addWidgetToList add key:com.samsung.android.widget.pictureframe/.#UserHandle{0}  info:AppWidgetProviderInfo(UserHandle{0}/ComponentInfo{com.samsung.android.widget.pictureframe/com.samsung.android.widget.pictureframe.PhotoAppWidgetProvider})
07-16 06:55:27.416  3210  3210 I HoneySpace.PackageSourceImpl: addWidgetToList remove duplicated key:com.samsung.android.lool/.#UserHandle{0}  info:AppWidgetProviderInfo(UserHandle{0}/ComponentInfo{com.samsung.android.lool/com.samsung.android.sm.widgetapp.SMWidgetComplex})
07-16 06:55:27.416  3210  3210 I HoneySpace.PackageSourceImpl: addWidgetToList add key:com.samsung.android.lool/.#UserHandle{0}  info:AppWidgetProviderInfo(UserHandle{0}/ComponentInfo{com.samsung.android.lool/com.samsung.android.sm.widgetapp.SMWidgetComplex})
07-16 06:55:27.416  3210  3210 I HoneySpace.PackageSourceImpl: addWidgetToList remove duplicated key:com.samsung.android.lool/.#UserHandle{0}  info:AppWidgetProviderInfo(UserHandle{0}/ComponentInfo{com.samsung.android.lool/com.samsung.android.sm.widgetapp.SMWidgetOneButton})
07-16 06:55:27.416  3210  3210 I HoneySpace.PackageSourceImpl: addWidgetToList add key:com.samsung.android.lool/.#UserHandle{0}  info:AppWidgetProviderInfo(UserHandle{0}/ComponentInfo{com.samsung.android.lool/com.samsung.android.sm.widgetapp.SMWidgetOneButton})
07-16 06:55:27.416  3210  3210 I HoneySpace.PackageSourceImpl: addWidgetToList remove duplicated key:com.samsung.android.forest/.#UserHandle{0}  info:AppWidgetProviderInfo(UserHandle{0}/ComponentInfo{com.samsung.android.forest/com.samsung.android.forest.widget.DwWidgetScreenTimeProvider})
07-16 06:55:27.417  3210  3210 I HoneySpace.PackageSourceImpl: addWidgetToList add key:com.samsung.android.forest/.#UserHandle{0}  info:AppWidgetProviderInfo(UserHandle{0}/ComponentInfo{com.samsung.android.forest/com.samsung.android.forest.widget.DwWidgetScreenTimeProvider})
07-16 06:55:27.417  3210  3210 I HoneySpace.PackageSourceImpl: addWidgetToList remove duplicated key:com.android.settings.intelligence/.#UserHandle{0}  info:AppWidgetProviderInfo(UserHandle{0}/ComponentInfo{com.android.settings.intelligence/com.samsung.android.settings.intelligence.widget.ListTypeBatteryWidget})
07-16 06:55:27.417  3210  3210 I HoneySpace.PackageSourceImpl: addWidgetToList add key:com.android.settings.intelligence/.#UserHandle{0}  info:AppWidgetProviderInfo(UserHandle{0}/ComponentInfo{com.android.settings.intelligence/com.samsung.android.settings.intelligence.widget.ListTypeBatteryWidget})
07-16 06:55:27.417  3210  3210 I HoneySpace.PackageSourceImpl: addWidgetToList remove duplicated key:com.samsung.android.forest/.#UserHandle{0}  info:AppWidgetProviderInfo(UserHandle{0}/ComponentInfo{com.samsung.android.forest/com.samsung.android.forest.widget.DwWidgetAppTimerProvider})
07-16 06:55:27.417  3210  3210 I HoneySpace.PackageSourceImpl: addWidgetToList add key:com.samsung.android.forest/.#UserHandle{0}  info:AppWidgetProviderInfo(UserHandle{0}/ComponentInfo{com.samsung.android.forest/com.samsung.android.forest.widget.DwWidgetAppTimerProvider})
07-16 06:55:27.417  3210  3210 I HoneySpace.PackageSourceImpl: addWidgetToList remove duplicated key:com.android.chrome/.#UserHandle{0}  info:AppWidgetProviderInfo(UserHandle{0}/ComponentInfo{com.android.chrome/org.chromium.chrome.browser.quickactionsearchwidget.QuickActionSearchWidgetProvider$QuickActionSearchWidgetProviderDino})
07-16 06:55:27.417  3210  3210 I HoneySpace.PackageSourceImpl: addWidgetToList add key:com.android.chrome/.#UserHandle{0}  info:AppWidgetProviderInfo(UserHandle{0}/ComponentInfo{com.android.chrome/org.chromium.chrome.browser.quickactionsearchwidget.QuickActionSearchWidgetProvider$QuickActionSearchWidgetProviderDino})
07-16 06:55:27.417  3210  3210 I HoneySpace.PackageSourceImpl: addWidgetToList remove duplicated key:com.android.chrome/.#UserHandle{0}  info:AppWidgetProviderInfo(UserHandle{0}/ComponentInfo{com.android.chrome/org.chromium.chrome.browser.quickactionsearchwidget.QuickActionSearchWidgetProvider$QuickActionSearchWidgetProviderSearch})
07-16 06:55:27.417  3210  3210 I HoneySpace.PackageSourceImpl: addWidgetToList add key:com.android.chrome/.#UserHandle{0}  info:AppWidgetProviderInfo(UserHandle{0}/ComponentInfo{com.android.chrome/org.chromium.chrome.browser.quickactionsearchwidget.QuickActionSearchWidgetProvider$QuickActionSearchWidgetProviderSearch})
07-16 06:55:27.417  3210  3210 I HoneySpace.PackageSourceImpl: addWidgetToList remove duplicated key:com.android.chrome/.#UserHandle{0}  info:AppWidgetProviderInfo(UserHandle{0}/ComponentInfo{com.android.chrome/com.google.android.apps.chrome.appwidget.bookmarks.BookmarkThumbnailWidgetProvider})
07-16 06:55:27.417  3210  3210 I HoneySpace.PackageSourceImpl: addWidgetToList add key:com.android.chrome/.#UserHandle{0}  info:AppWidgetProviderInfo(UserHandle{0}/ComponentInfo{com.android.chrome/com.google.android.apps.chrome.appwidget.bookmarks.BookmarkThumbnailWidgetProvider})
07-16 06:55:27.417  3210  3210 I HoneySpace.PackageSourceImpl: addWidgetToList remove duplicated key:com.google.android.gm/.#UserHandle{0}  info:AppWidgetProviderInfo(UserHandle{0}/ComponentInfo{com.google.android.gm/com.google.android.gm.widget.GmailWidgetProvider})
07-16 06:55:27.417  3210  3210 I HoneySpace.PackageSourceImpl: addWidgetToList add key:com.google.android.gm/.#UserHandle{0}  info:AppWidgetProviderInfo(UserHandle{0}/ComponentInfo{com.google.android.gm/com.google.android.gm.widget.GmailWidgetProvider})
07-16 06:55:27.417  3210  3210 I HoneySpace.PackageSourceImpl: addWidgetToList remove duplicated key:com.google.android.googlequicksearchbox/.#UserHandle{0}  info:AppWidgetProviderInfo(UserHandle{0}/ComponentInfo{com.google.android.googlequicksearchbox/com.google.android.apps.gsa.staticplugins.smartspace.widget.SmartspaceWidgetProvider})
07-16 06:55:27.417  3210  3210 I HoneySpace.PackageSourceImpl: addWidgetToList add key:com.google.android.googlequicksearchbox/.#UserHandle{0}  info:AppWidgetProviderInfo(UserHandle{0}/ComponentInfo{com.google.android.googlequicksearchbox/com.google.android.apps.gsa.staticplugins.smartspace.widget.SmartspaceWidgetProvider})
07-16 06:55:27.417  3210  3210 I HoneySpace.PackageSourceImpl: addWidgetToList remove duplicated key:com.google.android.googlequicksearchbox/.#UserHandle{0}  info:AppWidgetProviderInfo(UserHandle{0}/ComponentInfo{com.google.android.googlequicksearchbox/com.google.android.apps.search.assistant.verticals.automation.routines.routineblocks.widget.RoutineAppWidgetProvider})
07-16 06:55:27.417  3210  3210 I HoneySpace.PackageSourceImpl: addWidgetToList add key:com.google.android.googlequicksearchbox/.#UserHandle{0}  info:AppWidgetProviderInfo(UserHandle{0}/ComponentInfo{com.google.android.googlequicksearchbox/com.google.android.apps.search.assistant.verticals.automation.routines.routineblocks.widget.RoutineAppWidgetProvider})
07-16 06:55:27.417  3210  3210 I HoneySpace.PackageSourceImpl: info :AppWidgetProviderInfo(UserHandle{0}/ComponentInfo{com.google.android.googlequicksearchbox/com.google.android.googlequicksearchbox.SearchWidgetProvider}) hidden from map as requested by provider
07-16 06:55:27.417  3210  3210 I HoneySpace.PackageSourceImpl: addWidgetToList remove duplicated key:com.microsoft.skydrive/.#UserHandle{0}  info:AppWidgetProviderInfo(UserHandle{0}/ComponentInfo{com.microsoft.skydrive/com.microsoft.skydrive.widget.OneDriveActionsWidgetProvider})
07-16 06:55:27.418  3210  3210 I HoneySpace.PackageSourceImpl: addWidgetToList add key:com.microsoft.skydrive/.#UserHandle{0}  info:AppWidgetProviderInfo(UserHandle{0}/ComponentInfo{com.microsoft.skydrive/com.microsoft.skydrive.widget.OneDriveActionsWidgetProvider})
07-16 06:55:27.418  3210  3210 I HoneySpace.PackageSourceImpl: addWidgetToList remove duplicated key:com.microsoft.skydrive/.#UserHandle{0}  info:AppWidgetProviderInfo(UserHandle{0}/ComponentInfo{com.microsoft.skydrive/com.microsoft.skydrive.widget.photoswidget.PhotosWidgetProvider})
07-16 06:55:27.418  3210  3210 I HoneySpace.PackageSourceImpl: addWidgetToList add key:com.microsoft.skydrive/.#UserHandle{0}  info:AppWidgetProviderInfo(UserHandle{0}/ComponentInfo{com.microsoft.skydrive/com.microsoft.skydrive.widget.photoswidget.PhotosWidgetProvider})
07-16 06:55:27.418  3210  3210 I HoneySpace.PackageSourceImpl: addWidgetToList remove duplicated key:com.google.android.googlequicksearchbox/.#UserHandle{0}  info:AppWidgetProviderInfo(UserHandle{0}/ComponentInfo{com.google.android.googlequicksearchbox/com.google.android.apps.search.widgets.stocks.StocksWidgetReceiver})
07-16 06:55:27.418  3210  3210 I HoneySpace.PackageSourceImpl: addWidgetToList add key:com.google.android.googlequicksearchbox/.#UserHandle{0}  info:AppWidgetProviderInfo(UserHandle{0}/ComponentInfo{com.google.android.googlequicksearchbox/com.google.android.apps.search.widgets.stocks.StocksWidgetReceiver})
07-16 06:55:27.418  3210  3210 I HoneySpace.PackageSourceImpl: addWidgetToList remove duplicated key:com.samsung.android.app.reminder/.#UserHandle{0}  info:AppWidgetProviderInfo(UserHandle{0}/ComponentInfo{com.samsung.android.app.reminder/com.samsung.android.app.reminder.remote.widget.SelectedReminderWidgetProvider})
07-16 06:55:27.418  3210  3210 I HoneySpace.PackageSourceImpl: addWidgetToList add key:com.samsung.android.app.reminder/.#UserHandle{0}  info:AppWidgetProviderInfo(UserHandle{0}/ComponentInfo{com.samsung.android.app.reminder/com.samsung.android.app.reminder.remote.widget.SelectedReminderWidgetProvider})
07-16 06:55:27.418  3210  3210 I HoneySpace.PackageSourceImpl: addWidgetToList remove duplicated key:com.samsung.android.app.contacts/.#UserHandle{0}  info:AppWidgetProviderInfo(UserHandle{0}/ComponentInfo{com.samsung.android.app.contacts/com.samsung.android.contacts.directdialwidget.DirectDialWidgetProvider})
07-16 06:55:27.418  3210  3210 I HoneySpace.PackageSourceImpl: addWidgetToList add key:com.samsung.android.app.contacts/.#UserHandle{0}  info:AppWidgetProviderInfo(UserHandle{0}/ComponentInfo{com.samsung.android.app.contacts/com.samsung.android.contacts.directdialwidget.DirectDialWidgetProvider})
07-16 06:55:27.418  3210  3210 I HoneySpace.PackageSourceImpl: addWidgetToList remove duplicated key:com.sec.android.daemonapp/.#UserHandle{0}  info:AppWidgetProviderInfo(UserHandle{0}/ComponentInfo{com.sec.android.daemonapp/com.sec.android.daemonapp.appwidget.WeatherAppWidget2x1})
07-16 06:55:27.418  3210  3210 I HoneySpace.PackageSourceImpl: addWidgetToList add key:com.sec.android.daemonapp/.#UserHandle{0}  info:AppWidgetProviderInfo(UserHandle{0}/ComponentInfo{com.sec.android.daemonapp/com.sec.android.daemonapp.appwidget.WeatherAppWidget2x1})
07-16 06:55:27.418  3210  3210 I HoneySpace.PackageSourceImpl: addWidgetToList remove duplicated key:com.samsung.android.app.notes/.#UserHandle{0}  info:AppWidgetProviderInfo(UserHandle{0}/ComponentInfo{com.samsung.android.app.notes/com.samsung.android.app.notes.widget.WidgetProvider})
07-16 06:55:27.418  3210  3210 I HoneySpace.PackageSourceImpl: addWidgetToList add key:com.samsung.android.app.notes/.#UserHandle{0}  info:AppWidgetProviderInfo(UserHandle{0}/ComponentInfo{com.samsung.android.app.notes/com.samsung.android.app.notes.widget.WidgetProvider})
07-16 06:55:27.418  3210  3210 I HoneySpace.PackageSourceImpl: addWidgetToList remove duplicated key:com.samsung.android.app.notes/.#UserHandle{0}  info:AppWidgetProviderInfo(UserHandle{0}/ComponentInfo{com.samsung.android.app.notes/com.samsung.android.app.notes.widget.WidgetToolBarProvider})
07-16 06:55:27.418  3210  3210 I HoneySpace.PackageSourceImpl: addWidgetToList add key:com.samsung.android.app.notes/.#UserHandle{0}  info:AppWidgetProviderInfo(UserHandle{0}/ComponentInfo{com.samsung.android.app.notes/com.samsung.android.app.notes.widget.WidgetToolBarProvider})
07-16 06:55:27.418  3210  3210 I HoneySpace.PackageSourceImpl: addWidgetToList remove duplicated key:com.google.android.googlequicksearchbox/.#UserHandle{0}  info:AppWidgetProviderInfo(UserHandle{0}/ComponentInfo{com.google.android.googlequicksearchbox/com.google.android.apps.gsa.staticplugins.searchwidget.GoogleSearchWidgetProvider})
07-16 06:55:27.418  3210  3210 I HoneySpace.PackageSourceImpl: addWidgetToList add key:com.google.android.googlequicksearchbox/.#UserHandle{0}  info:AppWidgetProviderInfo(UserHandle{0}/ComponentInfo{com.google.android.googlequicksearchbox/com.google.android.apps.gsa.staticplugins.searchwidget.GoogleSearchWidgetProvider})
07-16 06:55:27.418  3210  3210 I HoneySpace.PackageSourceImpl: addWidgetToList remove duplicated key:com.samsung.android.app.notes/.#UserHandle{0}  info:AppWidgetProviderInfo(UserHandle{0}/ComponentInfo{com.samsung.android.app.notes/com.samsung.android.app.notes.widget.WidgetImgShortCutProvider})
07-16 06:55:27.418  3210  3210 I HoneySpace.PackageSourceImpl: addWidgetToList add key:com.samsung.android.app.notes/.#UserHandle{0}  info:AppWidgetProviderInfo(UserHandle{0}/ComponentInfo{com.samsung.android.app.notes/com.samsung.android.app.notes.widget.WidgetImgShortCutProvider})
07-16 06:55:27.418  3210  3210 I HoneySpace.PackageSourceImpl: addWidgetToList remove duplicated key:com.samsung.android.app.notes/.#UserHandle{0}  info:AppWidgetProviderInfo(UserHandle{0}/ComponentInfo{com.samsung.android.app.notes/com.samsung.android.app.notes.widget.WidgetListProvider})
07-16 06:55:27.418  3210  3210 I HoneySpace.PackageSourceImpl: addWidgetToList add key:com.samsung.android.app.notes/.#UserHandle{0}  info:AppWidgetProviderInfo(UserHandle{0}/ComponentInfo{com.samsung.android.app.notes/com.samsung.android.app.notes.widget.WidgetListProvider})
07-16 06:55:27.418  3210  3210 I HoneySpace.PackageSourceImpl: addWidgetToList remove duplicated key:com.samsung.android.oneconnect/.#UserHandle{0}  info:AppWidgetProviderInfo(UserHandle{0}/ComponentInfo{com.samsung.android.oneconnect/com.samsung.android.oneconnect.ui.widget.scene.provider.SceneWidget1x1Provider})
07-16 06:55:27.418  3210  3210 I HoneySpace.PackageSourceImpl: addWidgetToList add key:com.samsung.android.oneconnect/.#UserHandle{0}  info:AppWidgetProviderInfo(UserHandle{0}/ComponentInfo{com.samsung.android.oneconnect/com.samsung.android.oneconnect.ui.widget.scene.provider.SceneWidget1x1Provider})
07-16 06:55:27.419  3210  3210 I HoneySpace.PackageSourceImpl: addWidgetToList remove duplicated key:com.nordvpn.android/.#UserHandle{0}  info:AppWidgetProviderInfo(UserHandle{0}/ComponentInfo{com.nordvpn.android/com.nordvpn.android.mobile.widget.WidgetProvider})
07-16 06:55:27.419  3210  3210 I HoneySpace.PackageSourceImpl: addWidgetToList add key:com.nordvpn.android/.#UserHandle{0}  info:AppWidgetProviderInfo(UserHandle{0}/ComponentInfo{com.nordvpn.android/com.nordvpn.android.mobile.widget.WidgetProvider})
07-16 06:55:27.419  3210  3210 I HoneySpace.PackageSourceImpl: addWidgetToList remove duplicated key:com.samsung.android.oneconnect/.#UserHandle{0}  info:AppWidgetProviderInfo(UserHandle{0}/ComponentInfo{com.samsung.android.oneconnect/com.samsung.android.oneconnect.ui.widget.scenes4x1.provider.ScenesWidget4x1Provider})
07-16 06:55:27.419  3210  3210 I HoneySpace.PackageSourceImpl: addWidgetToList add key:com.samsung.android.oneconnect/.#UserHandle{0}  info:AppWidgetProviderInfo(UserHandle{0}/ComponentInfo{com.samsung.android.oneconnect/com.samsung.android.oneconnect.ui.widget.scenes4x1.provider.ScenesWidget4x1Provider})
07-16 06:55:27.419  3210  3210 I HoneySpace.PackageSourceImpl: addWidgetToList remove duplicated key:com.samsung.android.oneconnect/.#UserHandle{0}  info:AppWidgetProviderInfo(UserHandle{0}/ComponentInfo{com.samsung.android.oneconnect/com.samsung.android.oneconnect.ui.widget.scenes.provider.ScenesWidget1x4Provider})
07-16 06:55:27.419  3210  3210 I HoneySpace.PackageSourceImpl: addWidgetToList add key:com.samsung.android.oneconnect/.#UserHandle{0}  info:AppWidgetProviderInfo(UserHandle{0}/ComponentInfo{com.samsung.android.oneconnect/com.samsung.android.oneconnect.ui.widget.scenes.provider.ScenesWidget1x4Provider})
07-16 06:55:27.419  3210  3210 I HoneySpace.PackageSourceImpl: addWidgetToList remove duplicated key:com.sec.android.app.shealth/.#UserHandle{0}  info:AppWidgetProviderInfo(UserHandle{0}/ComponentInfo{com.sec.android.app.shealth/com.samsung.android.app.shealth.tracker.dailyactivity.widget.DaWidgetReceiver})
07-16 06:55:27.419  3210  3210 I HoneySpace.PackageSourceImpl: addWidgetToList add key:com.sec.android.app.shealth/.#UserHandle{0}  info:AppWidgetProviderInfo(UserHandle{0}/ComponentInfo{com.sec.android.app.shealth/com.samsung.android.app.shealth.tracker.dailyactivity.widget.DaWidgetReceiver})
07-16 06:55:27.419  3210  3210 I HoneySpace.PackageSourceImpl: addWidgetToList remove duplicated key:com.sec.android.app.shealth/.#UserHandle{0}  info:AppWidgetProviderInfo(UserHandle{0}/ComponentInfo{com.sec.android.app.shealth/com.sec.android.app.shealth.widget.WalkMatePlainAppWidget})
07-16 06:55:27.419  3210  3210 I HoneySpace.PackageSourceImpl: addWidgetToList add key:com.sec.android.app.shealth/.#UserHandle{0}  info:AppWidgetProviderInfo(UserHandle{0}/ComponentInfo{com.sec.android.app.shealth/com.sec.android.app.shealth.widget.WalkMatePlainAppWidget})
07-16 06:55:27.419  3210  3210 I HoneySpace.PackageSourceImpl: addWidgetToList remove duplicated key:com.tripledot.solitaire/.#UserHandle{0}  info:AppWidgetProviderInfo(UserHandle{0}/ComponentInfo{com.tripledot.solitaire/com.tripledot.solitaire.SolitaireWidget})
07-16 06:55:27.419  3210  3210 I HoneySpace.PackageSourceImpl: addWidgetToList add key:com.tripledot.solitaire/.#UserHandle{0}  info:AppWidgetProviderInfo(UserHandle{0}/ComponentInfo{com.tripledot.solitaire/com.tripledot.solitaire.SolitaireWidget})
07-16 06:55:27.419  3210  3210 I HoneySpace.PackageSourceImpl: addWidgetToList remove duplicated key:com.sec.android.app.sbrowser/.#UserHandle{0}  info:AppWidgetProviderInfo(UserHandle{0}/ComponentInfo{com.sec.android.app.sbrowser/com.sec.android.app.sbrowser.widget.BookmarkAppWidgetProvider})
07-16 06:55:27.419  3210  3210 I HoneySpace.PackageSourceImpl: addWidgetToList add key:com.sec.android.app.sbrowser/.#UserHandle{0}  info:AppWidgetProviderInfo(UserHandle{0}/ComponentInfo{com.sec.android.app.sbrowser/com.sec.android.app.sbrowser.widget.BookmarkAppWidgetProvider})
07-16 06:55:27.419  3210  3210 I HoneySpace.PackageSourceImpl: addWidgetToList remove duplicated key:com.sec.android.app.sbrowser/.#UserHandle{0}  info:AppWidgetProviderInfo(UserHandle{0}/ComponentInfo{com.sec.android.app.sbrowser/com.sec.android.app.sbrowser.search_widget.SearchWidgetProvider})
07-16 06:55:27.419  3210  3210 I HoneySpace.PackageSourceImpl: addWidgetToList add key:com.sec.android.app.sbrowser/.#UserHandle{0}  info:AppWidgetProviderInfo(UserHandle{0}/ComponentInfo{com.sec.android.app.sbrowser/com.sec.android.app.sbrowser.search_widget.SearchWidgetProvider})
07-16 06:55:27.419  3210  3210 I HoneySpace.PackageSourceImpl: addWidgetToList remove duplicated key:com.snapchat.android/.#UserHandle{0}  info:AppWidgetProviderInfo(UserHandle{0}/ComponentInfo{com.snapchat.android/com.snap.widgets.core.BestFriendsWidgetProvider})
07-16 06:55:27.419  3210  3210 I HoneySpace.PackageSourceImpl: addWidgetToList add key:com.snapchat.android/.#UserHandle{0}  info:AppWidgetProviderInfo(UserHandle{0}/ComponentInfo{com.snapchat.android/com.snap.widgets.core.BestFriendsWidgetProvider})
07-16 06:55:27.419  3210  3210 I HoneySpace.PackageSourceImpl: addWidgetToList remove duplicated key:com.vkontakte.android/.#UserHandle{0}  info:AppWidgetProviderInfo(UserHandle{0}/ComponentInfo{com.vkontakte.android/com.vk.assistants.marusia.day_skill.DaySkillWidgetProvider})
07-16 06:55:27.419  3210  3210 I HoneySpace.PackageSourceImpl: addWidgetToList add key:com.vkontakte.android/.#UserHandle{0}  info:AppWidgetProviderInfo(UserHandle{0}/ComponentInfo{com.vkontakte.android/com.vk.assistants.marusia.day_skill.DaySkillWidgetProvider})
07-16 06:55:27.419  3210  3210 I HoneySpace.PackageSourceImpl: addWidgetToList remove duplicated key:com.snapchat.android/.#UserHandle{0}  info:AppWidgetProviderInfo(UserHandle{0}/ComponentInfo{com.snapchat.android/com.snap.widgets.core.mapwidget.MapWidgetProvider})
07-16 06:55:27.419  3210  3210 I HoneySpace.PackageSourceImpl: addWidgetToList add key:com.snapchat.android/.#UserHandle{0}  info:AppWidgetProviderInfo(UserHandle{0}/ComponentInfo{com.snapchat.android/com.snap.widgets.core.mapwidget.MapWidgetProvider})
07-16 06:55:27.419  3210  3210 I HoneySpace.PackageSourceImpl: addWidgetToList remove duplicated key:com.whatsapp/.#UserHandle{0}  info:AppWidgetProviderInfo(UserHandle{0}/ComponentInfo{com.whatsapp/com.whatsapp.appwidget.WidgetProvider})
07-16 06:55:27.419  3210  3210 I HoneySpace.PackageSourceImpl: addWidgetToList add key:com.whatsapp/.#UserHandle{0}  info:AppWidgetProviderInfo(UserHandle{0}/ComponentInfo{com.whatsapp/com.whatsapp.appwidget.WidgetProvider})
07-16 06:55:27.420  3210  3210 I HoneySpace.PackageSourceImpl: addWidgetToList remove duplicated key:org.telegram.messenger/.#UserHandle{0}  info:AppWidgetProviderInfo(UserHandle{0}/ComponentInfo{org.telegram.messenger/org.telegram.messenger.ChatsWidgetProvider})
07-16 06:55:27.420  3210  3210 I HoneySpace.PackageSourceImpl: addWidgetToList add key:org.telegram.messenger/.#UserHandle{0}  info:AppWidgetProviderInfo(UserHandle{0}/ComponentInfo{org.telegram.messenger/org.telegram.messenger.ChatsWidgetProvider})
07-16 06:55:27.420  3210  3210 I HoneySpace.PackageSourceImpl: addWidgetToList remove duplicated key:com.facebook.katana/.#UserHandle{0}  info:AppWidgetProviderInfo(UserHandle{0}/ComponentInfo{com.facebook.katana/com.facebook.notifications.appwidget.MediumNotificationsWidgetProvider})
07-16 06:55:27.420  3210  3210 I HoneySpace.PackageSourceImpl: addWidgetToList add key:com.facebook.katana/.#UserHandle{0}  info:AppWidgetProviderInfo(UserHandle{0}/ComponentInfo{com.facebook.katana/com.facebook.notifications.appwidget.MediumNotificationsWidgetProvider})
07-16 06:55:27.420  3210  3210 I HoneySpace.PackageSourceImpl: addWidgetToList remove duplicated key:org.telegram.messenger/.#UserHandle{0}  info:AppWidgetProviderInfo(UserHandle{0}/ComponentInfo{org.telegram.messenger/org.telegram.messenger.ContactsWidgetProvider})
07-16 06:55:27.420  3210  3210 I HoneySpace.PackageSourceImpl: addWidgetToList add key:org.telegram.messenger/.#UserHandle{0}  info:AppWidgetProviderInfo(UserHandle{0}/ComponentInfo{org.telegram.messenger/org.telegram.messenger.ContactsWidgetProvider})
07-16 06:55:27.420  3210  3210 I HoneySpace.PackageSourceImpl: addWidgetToList remove duplicated key:com.sec.android.app.shealth/.#UserHandle{0}  info:AppWidgetProviderInfo(UserHandle{0}/ComponentInfo{com.sec.android.app.shealth/com.samsung.android.app.shealth.tracker.sleepWidget.SleepWidget})
07-16 06:55:27.420  3210  3210 I HoneySpace.PackageSourceImpl: addWidgetToList add key:com.sec.android.app.shealth/.#UserHandle{0}  info:AppWidgetProviderInfo(UserHandle{0}/ComponentInfo{com.sec.android.app.shealth/com.samsung.android.app.shealth.tracker.sleepWidget.SleepWidget})
07-16 06:55:27.420  3210  3210 I HoneySpace.PackageSourceImpl: addWidgetToList remove duplicated key:com.vkontakte.android/.#UserHandle{0}  info:AppWidgetProviderInfo(UserHandle{0}/ComponentInfo{com.vkontakte.android/com.vk.music.player.presentation.widgets.PlayerBigWidget})
07-16 06:55:27.420  3210  3210 I HoneySpace.PackageSourceImpl: addWidgetToList add key:com.vkontakte.android/.#UserHandle{0}  info:AppWidgetProviderInfo(UserHandle{0}/ComponentInfo{com.vkontakte.android/com.vk.music.player.presentation.widgets.PlayerBigWidget})
07-16 06:55:27.420  3210  3210 I HoneySpace.PackageSourceImpl: addWidgetToList remove duplicated key:com.facebook.katana/.#UserHandle{0}  info:AppWidgetProviderInfo(UserHandle{0}/ComponentInfo{com.facebook.katana/com.facebook.notifications.appwidget.SmallNotificationsWidgetProvider})
07-16 06:55:27.420  3210  3210 I HoneySpace.PackageSourceImpl: addWidgetToList add key:com.facebook.katana/.#UserHandle{0}  info:AppWidgetProviderInfo(UserHandle{0}/ComponentInfo{com.facebook.katana/com.facebook.notifications.appwidget.SmallNotificationsWidgetProvider})
07-16 06:55:27.420  3210  3210 I HoneySpace.PackageSourceImpl: addWidgetToList remove duplicated key:com.linkedin.android/.#UserHandle{0}  info:AppWidgetProviderInfo(UserHandle{0}/ComponentInfo{com.linkedin.android/com.linkedin.android.appwidget.ResponsiveWidget})
07-16 06:55:27.420  3210  3210 I HoneySpace.PackageSourceImpl: addWidgetToList add key:com.linkedin.android/.#UserHandle{0}  info:AppWidgetProviderInfo(UserHandle{0}/ComponentInfo{com.linkedin.android/com.linkedin.android.appwidget.ResponsiveWidget})
07-16 06:55:27.420  3210  3210 I HoneySpace.PackageSourceImpl: addWidgetToList remove duplicated key:com.vkontakte.android/.#UserHandle{0}  info:AppWidgetProviderInfo(UserHandle{0}/ComponentInfo{com.vkontakte.android/com.vk.music.player.presentation.widgets.PlayerSmallWidget})
07-16 06:55:27.420  3210  3210 I HoneySpace.PackageSourceImpl: addWidgetToList add key:com.vkontakte.android/.#UserHandle{0}  info:AppWidgetProviderInfo(UserHandle{0}/ComponentInfo{com.vkontakte.android/com.vk.music.player.presentation.widgets.PlayerSmallWidget})
07-16 06:55:27.420  3210  3210 I HoneySpace.PackageSourceImpl: addWidgetToList remove duplicated key:com.sec.android.daemonapp/.#UserHandle{0}  info:AppWidgetProviderInfo(UserHandle{0}/ComponentInfo{com.sec.android.daemonapp/com.sec.android.daemonapp.appwidget.WeatherAppWidget})
07-16 06:55:27.420  3210  3210 I HoneySpace.PackageSourceImpl: addWidgetToList add key:com.sec.android.daemonapp/.#UserHandle{0}  info:AppWidgetProviderInfo(UserHandle{0}/ComponentInfo{com.sec.android.daemonapp/com.sec.android.daemonapp.appwidget.WeatherAppWidget})
07-16 06:55:27.420  3210  3210 I HoneySpace.PackageSourceImpl: addWidgetToList remove duplicated key:com.sec.android.daemonapp/.#UserHandle{0}  info:AppWidgetProviderInfo(UserHandle{0}/ComponentInfo{com.sec.android.daemonapp/com.sec.android.daemonapp.appwidget.WeatherForecastAppWidget})
07-16 06:55:27.420  3210  3210 I HoneySpace.PackageSourceImpl: addWidgetToList add key:com.sec.android.daemonapp/.#UserHandle{0}  info:AppWidgetProviderInfo(UserHandle{0}/ComponentInfo{com.sec.android.daemonapp/com.sec.android.daemonapp.appwidget.WeatherForecastAppWidget})
07-16 06:55:27.420  3210  3210 I HoneySpace.PackageSourceImpl: addWidgetToList remove duplicated key:com.sec.android.daemonapp/.#UserHandle{0}  info:AppWidgetProviderInfo(UserHandle{0}/ComponentInfo{com.sec.android.daemonapp/com.sec.android.daemonapp.appwidget.WeatherAestheticAppWidget})
07-16 06:55:27.420  3210  3210 I HoneySpace.PackageSourceImpl: addWidgetToList add key:com.sec.android.daemonapp/.#UserHandle{0}  info:AppWidgetProviderInfo(UserHandle{0}/ComponentInfo{com.sec.android.daemonapp/com.sec.android.daemonapp.appwidget.WeatherAestheticAppWidget})
07-16 06:55:27.420  3210  3210 I HoneySpace.PackageSourceImpl: addWidgetToList remove duplicated key:com.sec.android.daemonapp/.#UserHandle{0}  info:AppWidgetProviderInfo(UserHandle{0}/ComponentInfo{com.sec.android.daemonapp/com.sec.android.daemonapp.appwidget.WeatherInsightAppWidget})
07-16 06:55:27.420  3210  3210 I HoneySpace.PackageSourceImpl: addWidgetToList add key:com.sec.android.daemonapp/.#UserHandle{0}  info:AppWidgetProviderInfo(UserHandle{0}/ComponentInfo{com.sec.android.daemonapp/com.sec.android.daemonapp.appwidget.WeatherInsightAppWidget})
07-16 06:55:27.420  3210  3210 I HoneySpace.PackageSourceImpl: addWidgetToList remove duplicated key:com.samsung.android.app.reminder/.#UserHandle{0}  info:AppWidgetProviderInfo(UserHandle{0}/ComponentInfo{com.samsung.android.app.reminder/com.samsung.android.app.reminder.remote.widget.ReminderWidgetProvider})
07-16 06:55:27.420  3210  3210 I HoneySpace.PackageSourceImpl: addWidgetToList add key:com.samsung.android.app.reminder/.#UserHandle{0}  info:AppWidgetProviderInfo(UserHandle{0}/ComponentInfo{com.samsung.android.app.reminder/com.samsung.android.app.reminder.remote.widget.ReminderWidgetProvider})
07-16 06:55:27.421  3210  3210 I HoneySpace.PackageSourceImpl: addWidgetToList remove duplicated key:com.samsung.android.app.routines/.#UserHandle{0}  info:AppWidgetProviderInfo(UserHandle{0}/ComponentInfo{com.samsung.android.app.routines/com.samsung.android.app.routines.appwidget.RoutineAppWidgetProvider})
07-16 06:55:27.421  3210  3210 I HoneySpace.PackageSourceImpl: addWidgetToList add key:com.samsung.android.app.routines/.#UserHandle{0}  info:AppWidgetProviderInfo(UserHandle{0}/ComponentInfo{com.samsung.android.app.routines/com.samsung.android.app.routines.appwidget.RoutineAppWidgetProvider})
07-16 06:55:27.421  3210  3210 I HoneySpace.PackageSourceImpl: addWidgetToList remove duplicated key:com.samsung.android.app.routines/.#UserHandle{0}  info:AppWidgetProviderInfo(UserHandle{0}/ComponentInfo{com.samsung.android.app.routines/com.samsung.android.app.routines.ui.appwidget.SingleWidgetModeProvider})
07-16 06:55:27.421  3210  3210 I HoneySpace.PackageSourceImpl: addWidgetToList add key:com.samsung.android.app.routines/.#UserHandle{0}  info:AppWidgetProviderInfo(UserHandle{0}/ComponentInfo{com.samsung.android.app.routines/com.samsung.android.app.routines.ui.appwidget.SingleWidgetModeProvider})
07-16 06:55:27.421  3210  3210 I HoneySpace.PackageSourceImpl: addWidgetToList remove duplicated key:com.samsung.android.app.routines/.#UserHandle{0}  info:AppWidgetProviderInfo(UserHandle{0}/ComponentInfo{com.samsung.android.app.routines/com.samsung.android.app.routines.ui.groupwidget.GroupWidgetProvider})
07-16 06:55:27.421  3210  3210 I HoneySpace.PackageSourceImpl: addWidgetToList add key:com.samsung.android.app.routines/.#UserHandle{0}  info:AppWidgetProviderInfo(UserHandle{0}/ComponentInfo{com.samsung.android.app.routines/com.samsung.android.app.routines.ui.groupwidget.GroupWidgetProvider})
07-16 06:55:27.421  3210  3210 I HoneySpace.PackageSourceImpl: addWidgetToList remove duplicated key:com.samsung.android.calendar/.#UserHandle{0}  info:AppWidgetProviderInfo(UserHandle{0}/ComponentInfo{com.samsung.android.calendar/com.android.calendar.widget.month.MonthWidgetProvider})
07-16 06:55:27.421  3210  3210 I HoneySpace.PackageSourceImpl: addWidgetToList add key:com.samsung.android.calendar/.#UserHandle{0}  info:AppWidgetProviderInfo(UserHandle{0}/ComponentInfo{com.samsung.android.calendar/com.android.calendar.widget.month.MonthWidgetProvider})
07-16 06:55:27.421  3210  3210 I HoneySpace.PackageSourceImpl: addWidgetToList remove duplicated key:com.samsung.android.calendar/.#UserHandle{0}  info:AppWidgetProviderInfo(UserHandle{0}/ComponentInfo{com.samsung.android.calendar/com.android.calendar.widget.today.TodayWidgetProvider})
07-16 06:55:27.421  3210  3210 I HoneySpace.PackageSourceImpl: addWidgetToList add key:com.samsung.android.calendar/.#UserHandle{0}  info:AppWidgetProviderInfo(UserHandle{0}/ComponentInfo{com.samsung.android.calendar/com.android.calendar.widget.today.TodayWidgetProvider})
07-16 06:55:27.421  3210  3210 I HoneySpace.PackageSourceImpl: addWidgetToList remove duplicated key:com.samsung.android.calendar/.#UserHandle{0}  info:AppWidgetProviderInfo(UserHandle{0}/ComponentInfo{com.samsung.android.calendar/com.android.calendar.widget.countdown.CountdownWidgetProvider})
07-16 06:55:27.421  3210  3210 I HoneySpace.PackageSourceImpl: addWidgetToList add key:com.samsung.android.calendar/.#UserHandle{0}  info:AppWidgetProviderInfo(UserHandle{0}/ComponentInfo{com.samsung.android.calendar/com.android.calendar.widget.countdown.CountdownWidgetProvider})
07-16 06:55:27.421  3210  3210 I HoneySpace.PackageSourceImpl: addWidgetToList remove duplicated key:com.ton_keeper/.#UserHandle{0}  info:AppWidgetProviderInfo(UserHandle{0}/ComponentInfo{com.ton_keeper/com.tonapps.tonkeeper.core.widget.balance.WidgetBalanceProvider})
07-16 06:55:27.421  3210  3210 I HoneySpace.PackageSourceImpl: addWidgetToList add key:com.ton_keeper/.#UserHandle{0}  info:AppWidgetProviderInfo(UserHandle{0}/ComponentInfo{com.ton_keeper/com.tonapps.tonkeeper.core.widget.balance.WidgetBalanceProvider})
07-16 06:55:27.421  3210  3210 I HoneySpace.PackageSourceImpl: addWidgetToList remove duplicated key:com.ton_keeper/.#UserHandle{0}  info:AppWidgetProviderInfo(UserHandle{0}/ComponentInfo{com.ton_keeper/com.tonapps.tonkeeper.core.widget.rate.WidgetRateProvider})
07-16 06:55:27.421  3210  3210 I HoneySpace.PackageSourceImpl: addWidgetToList add key:com.ton_keeper/.#UserHandle{0}  info:AppWidgetProviderInfo(UserHandle{0}/ComponentInfo{com.ton_keeper/com.tonapps.tonkeeper.core.widget.rate.WidgetRateProvider})
07-16 06:55:27.424  3210  3210 I HoneySpace.PackageSourceImpl: addShortcutToList remove duplicated key:com.google.android.apps.maps/.#UserHandle{0}  info:android.content.pm.LauncherActivityInfo@dd42624
07-16 06:55:27.424  3210  3210 I HoneySpace.PackageSourceImpl: addShortcutToList add key:com.google.android.apps.maps/.#UserHandle{0}  info:android.content.pm.LauncherActivityInfo@dd42624
07-16 06:55:27.425  3210  3210 I HoneySpace.PackageSourceImpl: addShortcutToList remove duplicated key:com.google.android.apps.maps/.#UserHandle{0}  info:android.content.pm.LauncherActivityInfo@acb658d
07-16 06:55:27.425  3210  3210 I HoneySpace.PackageSourceImpl: addShortcutToList add key:com.google.android.apps.maps/.#UserHandle{0}  info:android.content.pm.LauncherActivityInfo@acb658d
07-16 06:55:27.425  3210  3210 I HoneySpace.PackageSourceImpl: addShortcutToList remove duplicated key:com.google.android.apps.maps/.#UserHandle{0}  info:android.content.pm.LauncherActivityInfo@9996342
07-16 06:55:27.425  3210  3210 I HoneySpace.PackageSourceImpl: addShortcutToList add key:com.google.android.apps.maps/.#UserHandle{0}  info:android.content.pm.LauncherActivityInfo@9996342
07-16 06:55:27.425  3210  3210 I HoneySpace.PackageSourceImpl: addShortcutToList remove duplicated key:com.google.android.apps.maps/.#UserHandle{0}  info:android.content.pm.LauncherActivityInfo@9998f53
07-16 06:55:27.425  3210  3210 I HoneySpace.PackageSourceImpl: addShortcutToList add key:com.google.android.apps.maps/.#UserHandle{0}  info:android.content.pm.LauncherActivityInfo@9998f53
07-16 06:55:27.425  3210  3210 I HoneySpace.PackageSourceImpl: addShortcutToList remove duplicated key:com.google.android.apps.maps/.#UserHandle{0}  info:android.content.pm.LauncherActivityInfo@d3f8090
07-16 06:55:27.425  3210  3210 I HoneySpace.PackageSourceImpl: addShortcutToList add key:com.google.android.apps.maps/.#UserHandle{0}  info:android.content.pm.LauncherActivityInfo@d3f8090
07-16 06:55:27.425  3210  3210 I HoneySpace.PackageSourceImpl: addShortcutToList remove duplicated key:com.google.android.gm/.#UserHandle{0}  info:android.content.pm.LauncherActivityInfo@c95cd89
07-16 06:55:27.425  3210  3210 I HoneySpace.PackageSourceImpl: addShortcutToList add key:com.google.android.gm/.#UserHandle{0}  info:android.content.pm.LauncherActivityInfo@c95cd89
07-16 06:55:27.425  3210  3210 I HoneySpace.PackageSourceImpl: addShortcutToList remove duplicated key:com.google.android.googlequicksearchbox/.#UserHandle{0}  info:android.content.pm.LauncherActivityInfo@15e718e
07-16 06:55:27.425  3210  3210 I HoneySpace.PackageSourceImpl: addShortcutToList add key:com.google.android.googlequicksearchbox/.#UserHandle{0}  info:android.content.pm.LauncherActivityInfo@15e718e
07-16 06:55:27.425  3210  3210 I HoneySpace.PackageSourceImpl: addShortcutToList remove duplicated key:com.samsung.android.app.contacts/.#UserHandle{0}  info:android.content.pm.LauncherActivityInfo@da3cdaf
07-16 06:55:27.425  3210  3210 I HoneySpace.PackageSourceImpl: addShortcutToList add key:com.samsung.android.app.contacts/.#UserHandle{0}  info:android.content.pm.LauncherActivityInfo@da3cdaf
07-16 06:55:27.425  3210  3210 I HoneySpace.PackageSourceImpl: addShortcutToList remove duplicated key:com.samsung.android.app.contacts/.#UserHandle{0}  info:android.content.pm.LauncherActivityInfo@bc415bc
