07-16 06:55:28.182  2629  2715 I BLASTBufferQueue_Java: new BLASTBufferQueue, mName= ViewRootImpl@c5dce4e[ton_keeper] mNativeObject= 0xb400007d5e8c6200 sc.mNativeObject= 0xb400007d5f614cc0 caller= android.view.ViewRootImpl.updateBlastSurfaceIfNeeded:3028 android.view.ViewRootImpl.relayoutWindow:10131 android.view.ViewRootImpl.performTraversals:4110 android.view.ViewRootImpl.doTraversal:3288 android.view.ViewRootImpl$TraversalRunnable.run:11344 android.view.Choreographer$CallbackRecord.run:1689 android.view.Choreographer$CallbackRecord.run:1698 android.view.Choreographer.doCallbacks:1153 android.view.Choreographer.doFrame:1079 android.view.Choreographer$FrameDisplayEventReceiver.run:1646
07-16 06:55:28.182  2629  2715 I BLASTBufferQueue_Java: update, w= 1080 h= 2408 mName = ViewRootImpl@c5dce4e[ton_keeper] mNativeObject= 0xb400007d5e8c6200 sc.mNativeObject= 0xb400007d5f614cc0 format= -3 caller= android.graphics.BLASTBufferQueue.<init>:89 android.view.ViewRootImpl.updateBlastSurfaceIfNeeded:3028 android.view.ViewRootImpl.relayoutWindow:10131 android.view.ViewRootImpl.performTraversals:4110 android.view.ViewRootImpl.doTraversal:3288 android.view.ViewRootImpl$TraversalRunnable.run:11344
07-16 06:55:28.182  2629  2715 I ViewRootImpl@c5dce4e[ton_keeper]: Relayout returned: old=(0,0,1080,2408) new=(0,0,1080,2408) relayoutAsync=false req=(1080,2408)0 dur=13 res=0x403 s={true 0xb400007d603e5800} ch=true seqId=0
07-16 06:55:28.183  2629  2715 D ViewRootImpl@c5dce4e[ton_keeper]: mThreadedRenderer.initialize() mSurface={isValid=true 0xb400007d603e5800} hwInitialized=true
07-16 06:55:28.183 13219 13219 D ActivityThread: setConscryptValidator
07-16 06:55:28.184 13219 13219 D ActivityThread: setConscryptValidator - put
07-16 06:55:28.185  2629  2715 D SurfaceView@a2c6dc2: 170683842 updateSurface: has no frame
07-16 06:55:28.185  2629  2715 I SurfaceView@a2c6dc2: windowStopped(false) true android.view.SurfaceView{a2c6dc2 V.E...... ......ID 270,934-810,1474} of ViewRootImpl@c5dce4e[ton_keeper]
07-16 06:55:28.185  2629  2715 D SurfaceView@a2c6dc2: 170683842 updateSurface: has no frame
07-16 06:55:28.188  2629  2715 D ViewRootImpl@c5dce4e[ton_keeper]: reportNextDraw android.view.ViewRootImpl.performTraversals:4718 android.view.ViewRootImpl.doTraversal:3288 android.view.ViewRootImpl$TraversalRunnable.run:11344 android.view.Choreographer$CallbackRecord.run:1689 android.view.Choreographer$CallbackRecord.run:1698
07-16 06:55:28.188  2629  2715 I SurfaceView: 170683842 Changes: creating=true format=true size=true visible=true alpha=false hint=false visible=true left=true top=true z=true attached=true lifecycleStrategy=false
07-16 06:55:28.189   853  1685 E BufferQueueDebug: [Bounds for - Splash Screen com.ton_keeper@0#8272](this:0xb4000070b3d4e790,id:-1,api:0,p:-1,c:-1) id info cannot be read from 'Bounds for - Splash Screen com.ton_keeper@0#8272'
07-16 06:55:28.189   853  1685 I BufferQueueDebug: [Bounds for - Splash Screen com.ton_keeper@0#8272](this:0xb4000070b3d4e790,id:-1,api:0,p:-1,c:-1) BufferQueue core=(853:/system/bin/surfaceflinger)
07-16 06:55:28.189   853  1685 I SurfaceFlinger: id=8272 createSurf, flag=20004, Bounds for - Splash Screen com.ton_keeper@0#8272
07-16 06:55:28.190   853  1223 E BufferQueueDebug: [SurfaceView[Splash Screen com.ton_keeper]@0#8273](this:0xb4000070b161f790,id:-1,api:0,p:-1,c:-1) id info cannot be read from 'SurfaceView[Splash Screen com.ton_keeper]@0#8273'
07-16 06:55:28.191   853  1223 I BufferQueueDebug: [SurfaceView[Splash Screen com.ton_keeper]@0#8273](this:0xb4000070b161f790,id:-1,api:0,p:-1,c:-1) BufferQueue core=(853:/system/bin/surfaceflinger)
07-16 06:55:28.191   853  1223 I SurfaceFlinger: id=8273 createSurf, flag=84004, SurfaceView[Splash Screen com.ton_keeper]@0#8273
07-16 06:55:28.191  1357  6988 D InputDispatcher: Focused application(0): ActivityRecord{83c513 u0 com.ton_keeper/com.tonapps.tonkeeper.ui.screen.root.RootActivity t193}
07-16 06:55:28.191   853  1685 E BufferQueueDebug: [SurfaceView[Splash Screen com.ton_keeper]@0(BLAST)#8274](this:0xb4000070b3d51790,id:-1,api:0,p:-1,c:-1) id info cannot be read from 'SurfaceView[Splash Screen com.ton_keeper]@0(BLAST)#8274'
07-16 06:55:28.192   853  1685 I BufferQueueDebug: [SurfaceView[Splash Screen com.ton_keeper]@0(BLAST)#8274](this:0xb4000070b3d51790,id:-1,api:0,p:-1,c:-1) BufferQueue core=(853:/system/bin/surfaceflinger)
07-16 06:55:28.192   853  1685 I SurfaceFlinger: id=8274 createSurf, flag=44000, SurfaceView[Splash Screen com.ton_keeper]@0(BLAST)#8274
07-16 06:55:28.192   853  1223 E BufferQueueDebug: [Background for SurfaceView[Splash Screen com.ton_keeper]@0#8275](this:0xb4000070b1622790,id:-1,api:0,p:-1,c:-1) id info cannot be read from 'Background for SurfaceView[Splash Screen com.ton_keeper]@0#8275'
07-16 06:55:28.192   853  1223 I BufferQueueDebug: [Background for SurfaceView[Splash Screen com.ton_keeper]@0#8275](this:0xb4000070b1622790,id:-1,api:0,p:-1,c:-1) BufferQueue core=(853:/system/bin/surfaceflinger)
07-16 06:55:28.193   853  1223 I SurfaceFlinger: id=8275 createSurf, flag=20404, Background for SurfaceView[Splash Screen com.ton_keeper]@0#8275
07-16 06:55:28.193  2629  2715 D BufferQueueConsumer: [](id:a450000028a,api:0,p:-1,c:2629) connect: controlledByApp=false
07-16 06:55:28.194  2629  2715 I BLASTBufferQueue_Java: update, w= 540 h= 540 mName = null mNativeObject= 0xb400007d5f256a00 sc.mNativeObject= 0xb400007d5f907480 format= -3 caller= android.view.SurfaceView.createBlastSurfaceControls:1517 android.view.SurfaceView.updateSurface:1193 android.view.SurfaceView.lambda$new$0:258 android.view.SurfaceView.$r8$lambda$cm3nmzErr-srXoT_KjIYQgdhFN0:0 android.view.SurfaceView$$ExternalSyntheticLambda2.onPreDraw:2 android.view.ViewTreeObserver.dispatchOnPreDraw:1204
07-16 06:55:28.194  2629  2715 I SurfaceView@a2c6dc2: 170683842 Cur surface: Surface(name=null)/@0x128bc3
07-16 06:55:28.195 13219 13219 D CompatibilityChangeReporter: Compat change id reported: 171979766; UID 10699; state: ENABLED
07-16 06:55:28.195  2629  2715 I SurfaceView@a2c6dc2: pST: sr = Rect(270, 934 - 810, 1474) sw = 540 sh = 540
07-16 06:55:28.195 13219 13219 D CompatibilityChangeReporter: Compat change id reported: 242716250; UID 10699; state: ENABLED
07-16 06:55:28.195  2629  2715 D SurfaceView@a2c6dc2: 170683842 performSurfaceTransaction RenderWorker position = [270, 934, 810, 1474] surfaceSize = 540x540
07-16 06:55:28.195  2629  2715 I SurfaceView@a2c6dc2: updateSurface: mVisible = true mSurface.isValid() = true
07-16 06:55:28.195  2629  2715 I SurfaceView@a2c6dc2: updateSurface: mSurfaceCreated = false surfaceChanged = true visibleChanged = true
07-16 06:55:28.195  2629  2715 I SurfaceView: 170683842 visibleChanged -- surfaceCreated
07-16 06:55:28.195  2629  2715 I SurfaceView@a2c6dc2: surfaceCreated 0 #8 android.view.SurfaceView{a2c6dc2 V.E...... ......ID 270,934-810,1474}
07-16 06:55:28.195  2629  2715 I SurfaceView: 170683842 surfaceChanged -- format=-3 w=540 h=540
07-16 06:55:28.196  2629  2715 I SurfaceView@a2c6dc2: surfaceChanged (540,540) 0 #8 android.view.SurfaceView{a2c6dc2 V.E...... ......ID 270,934-810,1474}
07-16 06:55:28.196  2629  2715 I SurfaceView: 170683842 surfaceRedrawNeeded
07-16 06:55:28.196  1357  2447 D AS.MultiSoundManager: mForegroundUid = 10699
07-16 06:55:28.196  2629  2715 I SurfaceView: 170683842 finishedDrawing
07-16 06:55:28.196  2629  2715 V SurfaceView@a2c6dc2: Layout: x=270 y=934 w=540 h=540, frame=Rect(0, 0 - 540, 540)
07-16 06:55:28.196  1357  2447 D AS.MultiSoundManager: mForegroundUid = 10699
07-16 06:55:28.196  2629  2715 I ViewRootImpl@c5dce4e[ton_keeper]: Setup new sync=wmsSync-ViewRootImpl@c5dce4e[ton_keeper]#75
07-16 06:55:28.196  2629  2715 I ViewRootImpl@c5dce4e[ton_keeper]: Creating new active sync group ViewRootImpl@c5dce4e[ton_keeper]#76
07-16 06:55:28.196  2629  2715 I ViewRootImpl@c5dce4e[ton_keeper]: registerCallbacksForSync syncBuffer=false
07-16 06:55:28.197  2629  2720 D SurfaceView: 170683842 updateSurfacePosition RenderWorker, frameNr = 1, position = [270, 934, 810, 1474] surfaceSize = 540x540
07-16 06:55:28.197  2629  2720 I SurfaceView@a2c6dc2: uSP: rtp = Rect(270, 934 - 810, 1474) rtsw = 540 rtsh = 540
07-16 06:55:28.197  2629  2720 I SurfaceView@a2c6dc2: onSSPAndSRT: pl = 270 pt = 934 sx = 1.0 sy = 1.0
07-16 06:55:28.197  2629  2720 I SurfaceView@a2c6dc2: aOrMT: ViewRootImpl@c5dce4e[ton_keeper] t = android.view.SurfaceControl$Transaction@fb2cbe fN = 1 android.view.SurfaceView.-$$Nest$mapplyOrMergeTransaction:0 android.view.SurfaceView$SurfaceViewPositionUpdateListener.positionChanged:1666 android.graphics.RenderNode$CompositePositionUpdateListener.positionChanged:369
07-16 06:55:28.197  2629  2720 I ViewRootImpl@c5dce4e[ton_keeper]: mWNT: t=0xb400007d5e616c80 mBlastBufferQueue=0xb400007d5e8c6200 fn= 1 mRenderHdrSdrRatio=1.0 caller= android.view.SurfaceView.applyOrMergeTransaction:1598 android.view.SurfaceView.-$$Nest$mapplyOrMergeTransaction:0 android.view.SurfaceView$SurfaceViewPositionUpdateListener.positionChanged:1666
07-16 06:55:28.197  3210  3358 I HoneySpace.TopTaskSource: onTaskFocusChanged(): taskId = 193
07-16 06:55:28.197  3210  3358 I HoneySpace.TopTaskSource: onTaskMovedToFront : taskId = 193
07-16 06:55:28.198  2629  3726 I ViewRootImpl@c5dce4e[ton_keeper]: Received frameDrawingCallback syncResult=0 frameNum=1.
07-16 06:55:28.198  2629  3726 I ViewRootImpl@c5dce4e[ton_keeper]: mWNT: t=0xb400007d5e617400 mBlastBufferQueue=0xb400007d5e8c6200 fn= 1 mRenderHdrSdrRatio=1.0 caller= android.view.ViewRootImpl$8.onFrameDraw:13841 android.view.ThreadedRenderer$1.onFrameDraw:792 <bottom of call stack>
07-16 06:55:28.198  2629  3726 I ViewRootImpl@c5dce4e[ton_keeper]: Setting up sync and frameCommitCallback
07-16 06:55:28.199  3095  3095 D HidDeviceService: handleMessage(): msg.what=8
07-16 06:55:28.199  3210  3358 I HoneySpace.TopTaskSource: onTaskFocusChanged(): taskId = 193
07-16 06:55:28.199  3210  3358 I HoneySpace.TopTaskSource: onTaskMovedToFront : taskId = 193
07-16 06:55:28.201  1357  3748 D AutoRotationHandler: not support this mode
07-16 06:55:28.201  1357  3748 D AutoRotationHandler: not support this mode
07-16 06:55:28.204  2629  2720 D BLASTBufferQueue: [ViewRootImpl@c5dce4e[ton_keeper]#649](f:0,a:0) onFrameAvailable the first frame is available
07-16 06:55:28.205  2629  2720 D BLASTBufferQueue: [ViewRootImpl@c5dce4e[ton_keeper]#649](f:0,a:1) acquireNextBufferLocked size=1080x2408 mFrameNumber=1 applyTransaction=true mTimestamp=147158742019694(auto) mPendingTransactions.size=0 graphicBufferId=11291469025688 transform=0
07-16 06:55:28.205  2629  2720 I ViewRootImpl@c5dce4e[ton_keeper]: Received frameCommittedCallback lastAttemptedDrawFrameNum=1 didProduceBuffer=true
07-16 06:55:28.205 13219 13219 D nativeloader: Configuring clns-4 for other apk /data/app/~~BZ8QOXtGRpN4NnIKsV2U0A==/com.ton_keeper-elBlUaNXitKjmxc7Ua1ZAw==/base.apk. target_sdk_version=34, uses_libraries=, library_path=/data/app/~~BZ8QOXtGRpN4NnIKsV2U0A==/com.ton_keeper-elBlUaNXitKjmxc7Ua1ZAw==/lib/arm64:/data/app/~~BZ8QOXtGRpN4NnIKsV2U0A==/com.ton_keeper-elBlUaNXitKjmxc7Ua1ZAw==/base.apk!/lib/arm64-v8a, permitted_path=/data:/mnt/expand:/data/user/0/com.ton_keeper
07-16 06:55:28.206  2629  2720 D OpenGLRenderer: CFMS:: SetUp Pid : 2629    Tid : 2720
07-16 06:55:28.206  2629  2715 I ViewRootImpl@c5dce4e[ton_keeper]: reportDrawFinished seqId=0
07-16 06:55:28.208  2629  2715 D BufferQueueConsumer: [](id:a450000028b,api:0,p:-1,c:2629) connect: controlledByApp=false
07-16 06:55:28.208  2629  2715 I BLASTBufferQueue_Java: new BLASTBufferQueue, mName= ViewRootImpl@2dfcf10[] mNativeObject= 0xb400007d60178580 sc.mNativeObject= 0xb400007d5f907b40 caller= android.view.ViewRootImpl.updateBlastSurfaceIfNeeded:3028 android.view.ViewRootImpl.relayoutWindow:10131 android.view.ViewRootImpl.performTraversals:4110 android.view.ViewRootImpl.doTraversal:3288 android.view.ViewRootImpl$TraversalRunnable.run:11344 android.view.Choreographer$CallbackRecord.run:1689 android.view.Choreographer$CallbackRecord.run:1698 android.view.Choreographer.doCallbacks:1153 android.view.Choreographer.doFrame:1079 android.view.Choreographer$FrameDisplayEventReceiver.run:1646
07-16 06:55:28.208  2629  2715 I BLASTBufferQueue_Java: update, w= 540 h= 540 mName = ViewRootImpl@2dfcf10[] mNativeObject= 0xb400007d60178580 sc.mNativeObject= 0xb400007d5f907b40 format= -2 caller= android.graphics.BLASTBufferQueue.<init>:89 android.view.ViewRootImpl.updateBlastSurfaceIfNeeded:3028 android.view.ViewRootImpl.relayoutWindow:10131 android.view.ViewRootImpl.performTraversals:4110 android.view.ViewRootImpl.doTraversal:3288 android.view.ViewRootImpl$TraversalRunnable.run:11344
07-16 06:55:28.208  2629  2715 I ViewRootImpl@2dfcf10[]: Relayout returned: old=(0,0,540,540) new=(0,0,540,540) relayoutAsync=false req=(540,540)0 dur=1 res=0x0 s={true 0xb400007d5fa27800} ch=true seqId=0
07-16 06:55:28.209  1357  1408 D PkgPredictorService-SecIpmManagerServiceImpl: onForegroundActivitiesChanged pid:13219 uid:10699
07-16 06:55:28.209  2629  2715 D ViewRootImpl@2dfcf10[]: mThreadedRenderer.initialize() mSurface={isValid=true 0xb400007d5fa27800} hwInitialized=true
07-16 06:55:28.210  2629  2715 I ViewRootImpl@2dfcf10[]: registerCallbackForPendingTransactions
07-16 06:55:28.212  2629  3726 I ViewRootImpl@2dfcf10[]: mWNT: t=0xb400007d5e87b080 mBlastBufferQueue=0xb400007d60178580 fn= 1 mRenderHdrSdrRatio=1.0 caller= android.view.ViewRootImpl$6.onFrameDraw:5635 android.view.ViewRootImpl$2.onFrameDraw:2146 android.view.ThreadedRenderer$1.onFrameDraw:792
07-16 06:55:28.215   853  1685 E BufferQueueDebug: [Transition Root: Task=193#8276](this:0xb4000070bc039790,id:-1,api:0,p:-1,c:-1) id info cannot be read from 'Transition Root: Task=193#8276'
07-16 06:55:28.215   853  1685 I BufferQueueDebug: [Transition Root: Task=193#8276](this:0xb4000070bc039790,id:-1,api:0,p:-1,c:-1) BufferQueue core=(853:/system/bin/surfaceflinger)
07-16 06:55:28.215   853  1685 I SurfaceFlinger: id=8276 createSurf, flag=84004, Transition Root: Task=193#8276
07-16 06:55:28.217  1357  1411 I SurfaceControl: show, t=StartTransaction_SyncId<530>, sc=Surface(name=ActivityRecord{83c513 u0 com.ton_keeper/com.tonapps.tonkeeper.ui.screen.root.RootActivity t193})/@0xebb9fca, caller=com.android.server.wm.Transition.onTransactionReady:1992 com.android.server.wm.BLASTSyncEngine$SyncGroup.finishNow:315 com.android.server.wm.BLASTSyncEngine$SyncGroup.tryFinish:242 com.android.server.wm.BLASTSyncEngine$SyncGroup.-$$Nest$mtryFinish:0 com.android.server.wm.BLASTSyncEngine.onSurfacePlacement:675 com.android.server.wm.RootWindowContainer.performSurfacePlacementNoTrace:990
07-16 06:55:28.217  1357  6988 D VpnManagerService: Exception: java.lang.NullPointerException: Attempt to invoke interface method 'int com.samsung.android.knox.zt.networktrust.filter.IKnoxNetworkFilterService.getKnoxNwFilterHttpProxyPort(int, java.lang.String)' on a null object reference
07-16 06:55:28.217  1357  6988 D VpnManagerService: 	at com.android.server.VpnManagerService.getKnoxNwFilterHttpProxyPort(VpnManagerService.java:1945)
07-16 06:55:28.217  1357  6988 D VpnManagerService: 	at android.net.IVpnManager$Stub.onTransact(IVpnManager.java:1075)
07-16 06:55:28.217  1357  6988 D VpnManagerService: 	at android.os.Binder.execTransactInternal(Binder.java:1375)
07-16 06:55:28.217  1357  6988 D VpnManagerService: 	at android.os.Binder.execTransact(Binder.java:1311)
07-16 06:55:28.219   853   853 I gralloc4: @set_metadata: update dataspace from GM (0x08010000 -> 0x00000000)
07-16 06:55:28.220 15312 15312 I A       : onPause
07-16 06:55:28.220 13219 13219 V GraphicsEnvironment: Currently set values for:
07-16 06:55:28.220 13219 13219 V GraphicsEnvironment:   angle_gl_driver_selection_pkgs=[]
07-16 06:55:28.220 13219 13219 V GraphicsEnvironment:   angle_gl_driver_selection_values=[]
07-16 06:55:28.221 13335 13421 I Rubin   : [111] zb.a.c(Unknown Source) : Notify com.samsung.android.rubin.inferenceengine.contextanalytics.engine.loggers.AppUsageLogger's database is updated.
07-16 06:55:28.221 13219 13219 V GraphicsEnvironment: ANGLE GameManagerService for com.ton_keeper: false
07-16 06:55:28.221 13219 13219 V GraphicsEnvironment: com.ton_keeper is not listed in per-application setting
07-16 06:55:28.221 13219 13219 V GraphicsEnvironment: Neither updatable production driver nor prerelease driver is supported.
07-16 06:55:28.224   853   953 E RenderEngine: updatePQFlag: get gralloc GRALLOC_EXTRA_GET_AI_PQ_INFO fail, return
07-16 06:55:28.225   853   953 E RenderEngine: updatePQFlag: get gralloc GRALLOC_EXTRA_GET_AI_PQ_INFO fail, return
07-16 06:55:28.225   853  1685 E BufferQueueDebug: [6301877 ActivityRecordInputSink com.ton_keeper/com.tonapps.tonkeeper.ui.screen.root.RootActivity#8277](this:0xb4000070bc2c3790,id:-1,api:0,p:-1,c:-1) id info cannot be read from '6301877 ActivityRecordInputSink com.ton_keeper/com.tonapps.tonkeeper.ui.screen.root.RootActivity#8277'
07-16 06:55:28.225   853  1685 I BufferQueueDebug: [6301877 ActivityRecordInputSink com.ton_keeper/com.tonapps.tonkeeper.ui.screen.root.RootActivity#8277](this:0xb4000070bc2c3790,id:-1,api:0,p:-1,c:-1) BufferQueue core=(853:/system/bin/surfaceflinger)
07-16 06:55:28.225   853  1685 I SurfaceFlinger: id=8277 createSurf, flag=84000, 6301877 ActivityRecordInputSink com.ton_keeper/com.tonapps.tonkeeper.ui.screen.root.RootActivity#8277
07-16 06:55:28.227  2629  2720 D BLASTBufferQueue: [ViewRootImpl@2dfcf10[]#651](f:0,a:0) onFrameAvailable the first frame is available
07-16 06:55:28.228  2629  2720 D BLASTBufferQueue: [ViewRootImpl@2dfcf10[]#651](f:0,a:1) acquireNextBufferLocked size=540x540 mFrameNumber=1 applyTransaction=true mTimestamp=147158765826155(auto) mPendingTransactions.size=0 graphicBufferId=11291469025689 transform=0
07-16 06:55:28.229  3210 12087 I HoneySpace.RecentTasks: onRecentTasksChanged
07-16 06:55:28.229  2629  2695 I SurfaceControl: hide, t=FinishTransaction_SyncId<530>, sc=Surface(name=Task=1)/@0xe086f26, caller=com.android.wm.shell.transition.Transitions.dispatchReady:682 com.android.wm.shell.transition.Transitions.onTransitionReady:119 com.android.wm.shell.transition.Transitions$TransitionPlayerImpl$$ExternalSyntheticLambda0.run:13 android.os.Handler.handleCallback:958 android.os.Handler.dispatchMessage:99 android.os.Looper.loopOnce:230
07-16 06:55:28.229  2629  2695 I SurfaceControl: show, t=StartTransaction_SyncId<530>, sc=Surface(name=Task=193)/@0xa496281, caller=com.android.wm.shell.transition.Transitions.dispatchReady:687 com.android.wm.shell.transition.Transitions.onTransitionReady:119 com.android.wm.shell.transition.Transitions$TransitionPlayerImpl$$ExternalSyntheticLambda0.run:13 android.os.Handler.handleCallback:958 android.os.Handler.dispatchMessage:99 android.os.Looper.loopOnce:230
07-16 06:55:28.230  2629  2695 I SurfaceControl: show, t=FinishTransaction_SyncId<530>, sc=Surface(name=Task=193)/@0xa496281, caller=com.android.wm.shell.transition.Transitions.dispatchReady:744 com.android.wm.shell.transition.Transitions.onTransitionReady:119 com.android.wm.shell.transition.Transitions$TransitionPlayerImpl$$ExternalSyntheticLambda0.run:13 android.os.Handler.handleCallback:958 android.os.Handler.dispatchMessage:99 android.os.Looper.loopOnce:230
07-16 06:55:28.230  2629  2695 I SurfaceControl: show, t=StartTransaction_SyncId<530>, sc=Surface(name=Transition Root: Task=193)/@0x8d91767, caller=com.android.wm.shell.transition.Transitions.playTransition:80 com.android.wm.shell.transition.Transitions.processReadyQueue:195 com.android.wm.shell.transition.Transitions.dispatchReady:762 com.android.wm.shell.transition.Transitions.onTransitionReady:119 com.android.wm.shell.transition.Transitions$TransitionPlayerImpl$$ExternalSyntheticLambda0.run:13 android.os.Handler.handleCallback:958
07-16 06:55:28.233  2629  2720 D OpenGLRenderer: CFMS:: SetUp Pid : 2629    Tid : 2720
07-16 06:55:28.234  2629  2720 D OpenGLRenderer: HWUI - treat SMPTE_170M as sRGB
07-16 06:55:28.235 13335 13421 I Rubin   : [111] com.samsung.android.rubin.inferenceengine.contextanalytics.engine.monitors.moment.exercise.ExercisingWithCmhMonitor.isSatisfiedByCmh(Unknown Source) : isSatisfiedByCmh is false
07-16 06:55:28.236  2629  2695 I SurfaceControl: apply is called, name=StartTransaction_SyncId<530>, caller=android.view.SurfaceControl$Transaction.apply:2921 com.android.wm.shell.transition.DefaultTransitionHandler.startAnimation:3226 com.android.wm.shell.transition.Transitions.dispatchTransition:80 com.android.wm.shell.transition.Transitions.playTransition:793 com.android.wm.shell.transition.Transitions.processReadyQueue:195 com.android.wm.shell.transition.Transitions.dispatchReady:762
07-16 06:55:28.236   853   853 I gralloc4: @set_metadata: update dataspace from GM (0x08010000 -> 0x00000000)
07-16 06:55:28.238 13219 13219 D CompatibilityChangeReporter: Compat change id reported: 183155436; UID 10699; state: ENABLED
07-16 06:55:28.248 13219 13219 D SessionsDependencies: Dependency to CRASHLYTICS added.
07-16 06:55:28.251 13219 13219 I FirebaseApp: Device unlocked: initializing all Firebase APIs for app [DEFAULT]
07-16 06:55:28.252   853   853 I Layer   : Layer [Splash Screen com.ton_keeper$_2629#8271] hidden!! flag(0)
07-16 06:55:28.253   853   853 I gralloc4: @set_metadata: update dataspace from GM (0x08010000 -> 0x00000000)
07-16 06:55:28.253   853   853 I gralloc4: @set_metadata: update dataspace from GM (0x00000000 -> 0x08010000)
07-16 06:55:28.263  2629  2720 I gralloc4: @set_metadata: update dataspace from GM (0x00000000 -> 0x08010000)
07-16 06:55:28.268 13219 13219 D FirebaseSessions: Initializing Firebase Sessions SDK.
07-16 06:55:28.269   853   853 I gralloc4: @set_metadata: update dataspace from GM (0x08010000 -> 0x00000000)
07-16 06:55:28.276 13219 13219 I FirebaseCrashlytics: Initializing Firebase Crashlytics 19.0.1 for com.ton_keeper
07-16 06:55:28.277 13219 13219 D CompatibilityChangeReporter: Compat change id reported: 247079863; UID 10699; state: ENABLED
07-16 06:55:28.278  2629  2720 I gralloc4: @set_metadata: update dataspace from GM (0x00000000 -> 0x08010000)
07-16 06:55:28.290   853   953 E RenderEngine: updatePQFlag: get gralloc GRALLOC_EXTRA_GET_AI_PQ_INFO fail, return
07-16 06:55:28.290 13219 13219 D SessionsDependencies: Subscriber CRASHLYTICS registered.
07-16 06:55:28.291   853   953 E RenderEngine: updatePQFlag: get gralloc GRALLOC_EXTRA_GET_AI_PQ_INFO fail, return
07-16 06:55:28.293  1357  1419 I libprocessgroup: Successfully killed process cgroup uid 1000 pid 12064 in 5ms
07-16 06:55:28.295   853   853 I BufferQueueProducer: [FramebufferSurface](this:0xb4000070dc12b8d0,id:-1,api:1,p:853,c:853) queueBuffer: fps=0.17 dur=152920.07 max=152507.02 min=13.77
07-16 06:55:28.298   853   853 D SurfaceFlinger: Display 0 HWC layers:
07-16 06:55:28.298   853   853 D SurfaceFlinger:      DEVICE | 0xb4000070dc029b00 | 0100 | RGBA_8888    |  662.0    0.0 1738.0 2400.0 |    0    0 1080 2408 | Wallpaper BBQ wrapper 5_system#84
07-16 06:55:28.298   853   853 D SurfaceFlinger:      DEVICE | 0xb4000070bc0ca780 | 0100 | RGBA_8888    |    0.0    0.0 1080.0 2408.0 |    0    0 1080 2408 | com.sec.android.app.launcher/com.sec[...]tivities.LauncherActivity$_3210#8257
07-16 06:55:28.298   853   853 D SurfaceFlinger:      CLIENT | 0xb4000070da457b00 | 0100 | RGBA_8888    |    0.0    0.0 1080.0 2408.0 |   75  167 1005 2241 | Splash Screen com.ton_keeper$_2629#8271
07-16 06:55:28.298   853   853 D SurfaceFlinger:      CLIENT | 0xb4000070dc02ae80 | 0100 | RGBA_8888    |    0.0    0.0  540.0  540.0 |  308  972  772 1436 | #8270
07-16 06:55:28.298   853   853 D SurfaceFlinger:      DEVICE | 0xb4000070bc099b80 | 0100 | RGBA_8888    |    0.0    0.0 1080.0   64.0 |    0    0 1080   64 | StatusBar$_2629#111
07-16 06:55:28.298   853   853 D SurfaceFlinger:      DEVICE | 0xb4000070da457c80 | 0100 | RGBA_8888    |    0.0    0.0 1080.0  135.0 |    0 2273 1080 2408 | NavigationBar0$_2629#101
07-16 06:55:28.298   853   853 D SurfaceFlinger:
07-16 06:55:28.305  2629  2720 I gralloc4: @set_metadata: update dataspace from GM (0x00000000 -> 0x08010000)
07-16 06:55:28.306 13219 13246 I DynamiteModule: Considering local module com.google.android.gms.measurement.dynamite:115 and remote module com.google.android.gms.measurement.dynamite:118
07-16 06:55:28.306 13219 13246 I DynamiteModule: Selected remote version of com.google.android.gms.measurement.dynamite, version >= 118
07-16 06:55:28.306   853   953 E RenderEngine: updatePQFlag: get gralloc GRALLOC_EXTRA_GET_AI_PQ_INFO fail, return
07-16 06:55:28.306 13219 13246 V DynamiteModule: Dynamite loader version >= 2, using loadModule2NoCrashUtils
07-16 06:55:28.307   853   953 E RenderEngine: updatePQFlag: get gralloc GRALLOC_EXTRA_GET_AI_PQ_INFO fail, return
07-16 06:55:28.310   797   797 I Zygote  : Process 12064 exited due to signal 9 (Killed)
07-16 06:55:28.314  1357  2547 D NetdEventListenerService: DNS Requested by 132, 10699, 2
07-16 06:55:28.314 13219 13265 D TrafficStats: tagSocket(85) with statsTag=0xffffffff, statsUid=-1
07-16 06:55:28.317  1357  2547 D NetdEventListenerService: DNS Requested by 132, 10699, 5
07-16 06:55:28.318 13219 13254 D TrafficStats: tagSocket(84) with statsTag=0x8001, statsUid=-1
07-16 06:55:28.321  2629  2720 I gralloc4: @set_metadata: update dataspace from GM (0x00000000 -> 0x08010000)
07-16 06:55:28.323   853   953 E RenderEngine: updatePQFlag: get gralloc GRALLOC_EXTRA_GET_AI_PQ_INFO fail, return
07-16 06:55:28.324   853   953 E RenderEngine: updatePQFlag: get gralloc GRALLOC_EXTRA_GET_AI_PQ_INFO fail, return
07-16 06:55:28.326 13219 13219 I FirebaseInitProvider: FirebaseApp initialization successful
07-16 06:55:28.330   853   953 E RenderEngine: updatePQFlag: get gralloc GRALLOC_EXTRA_GET_AI_PQ_INFO fail, return
07-16 06:55:28.331   853   953 E RenderEngine: updatePQFlag: get gralloc GRALLOC_EXTRA_GET_AI_PQ_INFO fail, return
07-16 06:55:28.336  2629  2720 I gralloc4: @set_metadata: update dataspace from GM (0x00000000 -> 0x08010000)
07-16 06:55:28.337 13219 13219 D WM-WrkMgrInitializer: Initializing WorkManager with default configuration.
07-16 06:55:28.338   786   786 E audit   : type=1400 audit(1721127328.337:119561): avc:  denied  { ioctl } for  pid=13219 comm="pool-17-thread-" path="/data/data/com.ton_keeper/databases/com.google.android.datatransport.events" dev="dm-50" ino=178815 ioctlcmd=0xf522 scontext=u:r:untrusted_app:s0:c187,c258,c512,c768 tcontext=u:object_r:app_data_file:s0:c187,c258,c512,c768 tclass=file permissive=0 SEPF_SM-A145R_12_0001 audit_filtered
07-16 06:55:28.339   853   953 E RenderEngine: updatePQFlag: get gralloc GRALLOC_EXTRA_GET_AI_PQ_INFO fail, return
07-16 06:55:28.340   853   953 E RenderEngine: updatePQFlag: get gralloc GRALLOC_EXTRA_GET_AI_PQ_INFO fail, return
07-16 06:55:28.348 13219 13219 D WM-PackageManagerHelper: Skipping component enablement for androidx.work.impl.background.systemjob.SystemJobService
07-16 06:55:28.348 13219 13219 D WM-Schedulers: Created SystemJobScheduler and enabled SystemJobService
07-16 06:55:28.349 13219 13246 W System  : ClassLoader referenced unknown path:
07-16 06:55:28.351 13219 13246 D nativeloader: Configuring clns-5 for other apk . target_sdk_version=34, uses_libraries=, library_path=/data/app/~~TQc67-DuJX3qAbFjIhm7tQ==/com.google.android.gms-0Rt_Xp4Ft8bG4NQHYDKWQw==/lib/arm64:/data/app/~~TQc67-DuJX3qAbFjIhm7tQ==/com.google.android.gms-0Rt_Xp4Ft8bG4NQHYDKWQw==/base.apk!/lib/arm64-v8a, permitted_path=/data:/mnt/expand:/data/user/0/com.google.android.gms
07-16 06:55:28.354  2629  2720 I gralloc4: @set_metadata: update dataspace from GM (0x00000000 -> 0x08010000)
07-16 06:55:28.356   853   953 E RenderEngine: updatePQFlag: get gralloc GRALLOC_EXTRA_GET_AI_PQ_INFO fail, return
07-16 06:55:28.356   853   953 E RenderEngine: updatePQFlag: get gralloc GRALLOC_EXTRA_GET_AI_PQ_INFO fail, return
07-16 06:55:28.364   786   786 E audit   : type=1400 audit(1721127328.361:119562): avc:  denied  { ioctl } for  pid=13219 comm="WM.task-1" path="/data/data/com.ton_keeper/no_backup/androidx.work.workdb" dev="dm-50" ino=178804 ioctlcmd=0xf522 scontext=u:r:untrusted_app:s0:c187,c258,c512,c768 tcontext=u:object_r:app_data_file:s0:c187,c258,c512,c768 tclass=file permissive=0 SEPF_SM-A145R_12_0001 audit_filtered
07-16 06:55:28.368  2629  2720 I gralloc4: @set_metadata: update dataspace from GM (0x00000000 -> 0x08010000)
07-16 06:55:28.371   786   786 E audit   : type=1400 audit(1721127328.369:119563): avc:  denied  { ioctl } for  pid=13219 comm="WM.task-1" path="/data/data/com.ton_keeper/no_backup/androidx.work.workdb" dev="dm-50" ino=178804 ioctlcmd=0xf522 scontext=u:r:untrusted_app:s0:c187,c258,c512,c768 tcontext=u:object_r:app_data_file:s0:c187,c258,c512,c768 tclass=file permissive=0 SEPF_SM-A145R_12_0001 audit_filtered
07-16 06:55:28.372   853   953 E RenderEngine: updatePQFlag: get gralloc GRALLOC_EXTRA_GET_AI_PQ_INFO fail, return
07-16 06:55:28.372 13219 13246 W com.ton_keeper: ClassLoaderContext classpath size mismatch. expected=12, found=4 (DLC[];PCL[base.apk*2239119572:base.apk!classes2.dex*1243658844:base.apk!classes3.dex*1486933663:base.apk!classes4.dex*2484451989:base.apk!classes5.dex*2825028876:base.apk!classes6.dex*4238697700:base.apk!classes7.dex*1912676280:base.apk!classes8.dex*787812117:base.apk!classes9.dex*1659006889:base.apk!classes10.dex*2015300841:base.apk!classes11.dex*1366296125:base.apk!classes12.dex*2943893834]{PCL[/system/framework/org.apache.http.legacy.jar*365604908]#PCL[/system/framework/com.android.media.remotedisplay.jar*2114713713]#PCL[/system/framework/com.android.location.provider.jar*3994156536]#PCL[/system/framework/org.apache.http.legacy.jar*365604908]} | DLC[];PCL[/data/app/~~BZ8QOXtGRpN4NnIKsV2U0A==/com.ton_keeper-elBlUaNXitKjmxc7Ua1ZAw==/base.apk*1580339672:/data/app/~~BZ8QOXtGRpN4NnIKsV2U0A==/com.ton_keeper-elBlUaNXitKjmxc7Ua1ZAw==/base.apk!classes2.dex*3065144060:/data/app/~~BZ8QOXtGRpN4NnIKsV2U0A==/com.ton_keeper-elBlUaNXitKjmxc7Ua1ZAw==/base.apk!classes3.dex*1688184222:/data/app/~~BZ8QOXtGRpN4NnIKsV2U0A==/com.ton_keeper-elBlUaNXitKjmxc7Ua1ZAw==/base.apk!classes4.dex*1460148074])
07-16 06:55:28.372   853   953 E RenderEngine: updatePQFlag: get gralloc GRALLOC_EXTRA_GET_AI_PQ_INFO fail, return
07-16 06:55:28.383   786   786 E audit   : type=1400 audit(1721127328.381:119564): avc:  denied  { ioctl } for  pid=13219 comm="WM.task-1" path="/data/data/com.ton_keeper/no_backup/androidx.work.workdb" dev="dm-50" ino=178804 ioctlcmd=0xf522 scontext=u:r:untrusted_app:s0:c187,c258,c512,c768 tcontext=u:object_r:app_data_file:s0:c187,c258,c512,c768 tclass=file permissive=0 SEPF_SM-A145R_12_0001 audit_filtered
07-16 06:55:28.387  2629  2720 I gralloc4: @set_metadata: update dataspace from GM (0x00000000 -> 0x08010000)
07-16 06:55:28.389   853   953 E RenderEngine: updatePQFlag: get gralloc GRALLOC_EXTRA_GET_AI_PQ_INFO fail, return
07-16 06:55:28.390   853   953 E RenderEngine: updatePQFlag: get gralloc GRALLOC_EXTRA_GET_AI_PQ_INFO fail, return
07-16 06:55:28.398 13219 13281 D CompatibilityChangeReporter: Compat change id reported: 160794467; UID 10699; state: ENABLED
07-16 06:55:28.403  2629  2720 I gralloc4: @set_metadata: update dataspace from GM (0x00000000 -> 0x08010000)
07-16 06:55:28.405   853   953 E RenderEngine: updatePQFlag: get gralloc GRALLOC_EXTRA_GET_AI_PQ_INFO fail, return
07-16 06:55:28.405  2629  2629 I AppWidgetDataProvider:  updatePackageChangeData type  1 , pack type 3  ,  pkg com.ton_keeper
07-16 06:55:28.406   853   953 E RenderEngine: updatePQFlag: get gralloc GRALLOC_EXTRA_GET_AI_PQ_INFO fail, return
07-16 06:55:28.419  2629  2720 I gralloc4: @set_metadata: update dataspace from GM (0x00000000 -> 0x08010000)
07-16 06:55:28.422   853   953 E RenderEngine: updatePQFlag: get gralloc GRALLOC_EXTRA_GET_AI_PQ_INFO fail, return
07-16 06:55:28.423   853   953 E RenderEngine: updatePQFlag: get gralloc GRALLOC_EXTRA_GET_AI_PQ_INFO fail, return
07-16 06:55:28.431   853   953 E RenderEngine: updatePQFlag: get gralloc GRALLOC_EXTRA_GET_AI_PQ_INFO fail, return
07-16 06:55:28.432   853   953 E RenderEngine: updatePQFlag: get gralloc GRALLOC_EXTRA_GET_AI_PQ_INFO fail, return
07-16 06:55:28.434   853   953 E RenderEngine: updatePQFlag: get gralloc GRALLOC_EXTRA_GET_AI_PQ_INFO fail, return
07-16 06:55:28.435  2629  2720 I gralloc4: @set_metadata: update dataspace from GM (0x00000000 -> 0x08010000)
07-16 06:55:28.440   853   953 E RenderEngine: updatePQFlag: get gralloc GRALLOC_EXTRA_GET_AI_PQ_INFO fail, return
07-16 06:55:28.441   853   953 E RenderEngine: updatePQFlag: get gralloc GRALLOC_EXTRA_GET_AI_PQ_INFO fail, return
07-16 06:55:28.448 23299 23456 D tgnet   : connection(0xb400007d64c4e400, account3, dc2, type 8) received message len 88 equal to packet size
07-16 06:55:28.448 23299 23456 D tgnet   : connection(0xb400007d64c4e400, account3, dc2, type 8) received object 7TL_pong
07-16 06:55:28.448 23299 23456 D tgnet   : process server response 0xb400007d96973c10 - 7TL_pong
07-16 06:55:28.448 23299 23456 D tgnet   : connection(0xb400007d64c4e400, account3, dc2, type 8) received push ping
07-16 06:55:28.453  2629  2720 I gralloc4: @set_metadata: update dataspace from GM (0x00000000 -> 0x08010000)
07-16 06:55:28.455   853   953 E RenderEngine: updatePQFlag: get gralloc GRALLOC_EXTRA_GET_AI_PQ_INFO fail, return
07-16 06:55:28.455   853   953 E RenderEngine: updatePQFlag: get gralloc GRALLOC_EXTRA_GET_AI_PQ_INFO fail, return
07-16 06:55:28.467  2629  2720 I gralloc4: @set_metadata: update dataspace from GM (0x00000000 -> 0x08010000)
07-16 06:55:28.468   786   786 E audit   : type=1400 audit(1721127328.465:119565): avc:  denied  { ioctl } for  pid=26254 comm="binder:26254_6" path="/data/data/com.google.android.gms/databases/phenotype.db" dev="dm-50" ino=6311 ioctlcmd=0xf522 scontext=u:r:gmscore_app:s0:c512,c768 tcontext=u:object_r:privapp_data_file:s0:c512,c768 tclass=file permissive=0 SEPF_SM-A145R_12_0001 audit_filtered
07-16 06:55:28.471   853   953 E RenderEngine: updatePQFlag: get gralloc GRALLOC_EXTRA_GET_AI_PQ_INFO fail, return
07-16 06:55:28.472   853   953 E RenderEngine: updatePQFlag: get gralloc GRALLOC_EXTRA_GET_AI_PQ_INFO fail, return
07-16 06:55:28.473  1357  2443 I SearchManagerService: _updateSearchables
07-16 06:55:28.479 13219 13219 I EngineFactory: Provider GmsCore_OpenSSL not available
07-16 06:55:28.485  2629  2720 I gralloc4: @set_metadata: update dataspace from GM (0x00000000 -> 0x08010000)
07-16 06:55:28.488   853   953 E RenderEngine: updatePQFlag: get gralloc GRALLOC_EXTRA_GET_AI_PQ_INFO fail, return
07-16 06:55:28.489   853   953 E RenderEngine: updatePQFlag: get gralloc GRALLOC_EXTRA_GET_AI_PQ_INFO fail, return
07-16 06:55:28.495 13219 13289 E com.ton_keeper: No package ID 79 found for resource ID 0x790b0007.
07-16 06:55:28.496 13219 13289 E com.ton_keeper: No package ID 79 found for resource ID 0x790b0007.
07-16 06:55:28.498 13219 13289 I FA      : App measurement initialized, version: 98000
07-16 06:55:28.498 13219 13289 I FA      : To enable debug logging run: adb shell setprop log.tag.FA VERBOSE
07-16 06:55:28.500 13219 13289 I FA      : To enable faster debug mode event logging run:
07-16 06:55:28.500 13219 13289 I FA      :   adb shell setprop debug.firebase.analytics.app com.ton_keeper
07-16 06:55:28.502  2629  2720 I gralloc4: @set_metadata: update dataspace from GM (0x00000000 -> 0x08010000)
07-16 06:55:28.505   853   953 E RenderEngine: updatePQFlag: get gralloc GRALLOC_EXTRA_GET_AI_PQ_INFO fail, return
07-16 06:55:28.505   853   953 E RenderEngine: updatePQFlag: get gralloc GRALLOC_EXTRA_GET_AI_PQ_INFO fail, return
07-16 06:55:28.518  2629  2720 I gralloc4: @set_metadata: update dataspace from GM (0x00000000 -> 0x08010000)
07-16 06:55:28.521   853   953 E RenderEngine: updatePQFlag: get gralloc GRALLOC_EXTRA_GET_AI_PQ_INFO fail, return
07-16 06:55:28.522   853   953 E RenderEngine: updatePQFlag: get gralloc GRALLOC_EXTRA_GET_AI_PQ_INFO fail, return
07-16 06:55:28.526  1357  1357 I SemExecuteManagerService: handleMessage: MSG_START_SCAN received. Start scanning.
07-16 06:55:28.531   853   953 E RenderEngine: updatePQFlag: get gralloc GRALLOC_EXTRA_GET_AI_PQ_INFO fail, return
07-16 06:55:28.532   853   953 E RenderEngine: updatePQFlag: get gralloc GRALLOC_EXTRA_GET_AI_PQ_INFO fail, return
07-16 06:55:28.535   853   953 E RenderEngine: updatePQFlag: get gralloc GRALLOC_EXTRA_GET_AI_PQ_INFO fail, return
07-16 06:55:28.536  1357  2443 W SearchableInfo: Invalid searchable metadata for com.samsung.android.messaging/.ui.view.main.picker.contact.ContactPickerActivity: Search label must be a resource reference.
07-16 06:55:28.538  2629  2720 I gralloc4: @set_metadata: update dataspace from GM (0x00000000 -> 0x08010000)
07-16 06:55:28.541   853   953 E RenderEngine: updatePQFlag: get gralloc GRALLOC_EXTRA_GET_AI_PQ_INFO fail, return
07-16 06:55:28.542   853   953 E RenderEngine: updatePQFlag: get gralloc GRALLOC_EXTRA_GET_AI_PQ_INFO fail, return
07-16 06:55:28.544 13219 13219 D OpenGLRenderer: HWUI - treat SMPTE_170M as sRGB
07-16 06:55:28.551 13219 13315 D libMEOW : meow new tls: 0xb400007d8e51a480
07-16 06:55:28.552 13219 13315 D libMEOW : meow reload base cfg path: na
07-16 06:55:28.552 13219 13315 D libMEOW : meow reload overlay cfg path: na
07-16 06:55:28.554  1357  1422 W libprocessgroup: SetCgroup::ExecuteForProcess: failed to open /dev/blkio//cgroup.procs: No such file or directory
07-16 06:55:28.556   853   953 E RenderEngine: updatePQFlag: get gralloc GRALLOC_EXTRA_GET_AI_PQ_INFO fail, return
07-16 06:55:28.556   853   953 E RenderEngine: updatePQFlag: get gralloc GRALLOC_EXTRA_GET_AI_PQ_INFO fail, return
07-16 06:55:28.558  2629  2720 I gralloc4: @set_metadata: update dataspace from GM (0x00000000 -> 0x08010000)
07-16 06:55:28.564 13219 13315 E QT      : [QT]file does not exist
07-16 06:55:28.565 13219 13315 D libMEOW : applied 2 plugins for [com.ton_keeper]:
07-16 06:55:28.566 13219 13315 D libMEOW :   plugin 1: [libMEOW_gift.so]:
07-16 06:55:28.566 13219 13315 D libMEOW :   plugin 2: [libMEOW_semaphore]:
07-16 06:55:28.571  2629  2720 I gralloc4: @set_metadata: update dataspace from GM (0x00000000 -> 0x08010000)
07-16 06:55:28.571   853   953 E RenderEngine: updatePQFlag: get gralloc GRALLOC_EXTRA_GET_AI_PQ_INFO fail, return
07-16 06:55:28.573  5025  5025 I SCS@AiSearch user 0: (ObserverWorker::AOSP_MP) [main] entering in startWork triggered by [content://media/external/file/1000003627]():
07-16 06:55:28.574  5025  5025 I SCS@AiSearch user 0: (BaseCollector::AOSP_MP) [main] entering in onChange():
07-16 06:55:28.574  5025  6322 I SCS@AiSearch user 0: (BaseCollector::AOSP_MP) [AOSP_MP-0] entering in collectChanges():
07-16 06:55:28.580  1357  7401 D PackageManager: setEnabledSetting : userId = 0 packageName = com.samsung.android.scs cmp = androidx.work.impl.background.systemalarm.RescheduleReceiver newState = 1 callingPackage = com.samsung.android.scs
07-16 06:55:28.580  1357  7401 D ApplicationPolicy: getApplicationStateEnabled : pkg = com.samsung.android.scs userId : 0
07-16 06:55:28.580  2629  2720 I gralloc4: @set_metadata: update dataspace from GM (0x00000000 -> 0x08010000)
07-16 06:55:28.581  1357  7401 D ApplicationPolicy: getApplicationComponentState : pkg = com.samsung.android.scs userId : 0
07-16 06:55:28.583   853   853 I BufferQueueProducer: [NavigationBar0$_2629#101](this:0xb4000070bbe63790,id:-1,api:0,p:-1,c:853) queueBuffer: fps=0.17 dur=153314.95 max=152736.59 min=15.67
07-16 06:55:28.586 13219 13289 I FA      : Tag Manager is not found and thus will not be used
07-16 06:55:28.588   853   953 E RenderEngine: updatePQFlag: get gralloc GRALLOC_EXTRA_GET_AI_PQ_INFO fail, return
07-16 06:55:28.591  1357  5308 I LOMUtils: setCurrentUserId() called with: userId = [0]
07-16 06:55:28.594  2629  2720 I gralloc4: @set_metadata: update dataspace from GM (0x00000000 -> 0x08010000)
07-16 06:55:28.596  1357  5308 I LocaleOverlayManagerWrapper: onCreate() called. UserId: 0
07-16 06:55:28.597  1357  5308 I LocaleOverlayManagerWrapper: initManager thread creation
07-16 06:55:28.597  1357  5308 I LocaleOverlayManagerWrapper: requestPendingActions() called - No pending actions!
07-16 06:55:28.597   503   503 I hwservicemanager: getTransport: Cannot find entry android.hardware.configstore@1.0::ISurfaceFlingerConfigs/default in either framework or device VINTF manifest.
07-16 06:55:28.597  1357  5308 I LocaleOverlayManagerWrapper: applyPerAppLocale() called with: localeList = [[]], packageName = [com.ton_keeper], userId = [0]
07-16 06:55:28.598  1357 13330 I LocaleOverlayManager: Handler ready Handler (com.samsung.android.localeoverlaymanager.LocaleOverlayManager$OverlayHandler) {d0f8821}
07-16 06:55:28.598  1357  5308 I LocaleOverlayManagerWrapper: APK_OPTIMIZATION localeChangedPerApp localeList []
07-16 06:55:28.599  1357  5308 I LocaleOverlayManagerWrapper: APK_OPTIMIZATION CurrentLocales list from config - []
07-16 06:55:28.599  1357  5308 E LocaleOverlayManagerWrapper: requestPendingAction sending bundle Pair{Bundle[{config_locale_list=[], userId=0, perAppPackageName=com.ton_keeper, pending_action=com.samsung.android.localeoverlaymanager.action.MSG_HANDLE_PER_APP_LOCALE}] null}
07-16 06:55:28.599  1357 13330 I LocaleOverlayManager: handleMessage false msg { when=0 what=1 obj=Bundle[{config_locale_list=[], userId=0, perAppPackageName=com.ton_keeper, pending_action=com.samsung.android.localeoverlaymanager.action.MSG_HANDLE_PER_APP_LOCALE}] target=com.samsung.android.localeoverlaymanager.LocaleOverlayManager$OverlayHandler }
07-16 06:55:28.599  1357 13330 I LOMUtils: setCurrentUserId() called with: userId = [0]
07-16 06:55:28.600  1357 13330 I LocaleOverlayManager: MESSAGE_PENDING_ACTION --com.samsung.android.localeoverlaymanager.action.MSG_HANDLE_PER_APP_LOCALE
07-16 06:55:28.601  1357 13330 I LocaleOverlayManager: handleMessage false msg { when=0 what=7 obj=Bundle[{config_locale_list=[], userId=0, perAppPackageName=com.ton_keeper, pending_action=com.samsung.android.localeoverlaymanager.action.MSG_HANDLE_PER_APP_LOCALE}] target=com.samsung.android.localeoverlaymanager.LocaleOverlayManager$OverlayHandler }
07-16 06:55:28.602 13219 13258 I FirebaseCrashlytics: Saved version control info
07-16 06:55:28.602  1357 13330 I LocaleOverlayManager: hasZippedOverlaysPackage: com.ton_keeper -- false
07-16 06:55:28.602  1357 13330 I LocaleOverlayManager: Package is not supported for Locale Overlays: com.ton_keeper
07-16 06:55:28.602  1357 13330 I LocaleOverlayManager: cleanLocaleOverlayForDisable: com.samsung.android.localeoverlaymanager.OMSHelper@9bf0315, packageName : com.ton_keeper
07-16 06:55:28.602  1357 13330 I OMSHelper: getLocaleOverlayInfosForTarget []
07-16 06:55:28.602  1357 13330 I LocaleOverlayManager: cleanLocaleOverlayForDisable() overlayPackages:[]
07-16 06:55:28.602  1357 13330 I LocaleOverlayManager: handleTaskComplete -- callers: com.samsung.android.localeoverlaymanager.LocaleOverlayManager.cleanLocaleOverlayForDisable:588 com.samsung.android.localeoverlaymanager.LocaleOverlayManager.-$$Nest$mcleanLocaleOverlayForDisable:0
07-16 06:55:28.603  1357  7029 D PackageManager: setEnabledSetting : userId = 0 packageName = com.ton_keeper cmp = androidx.appcompat.app.AppLocalesMetadataHolderService newState = 1 callingPackage = com.ton_keeper
07-16 06:55:28.603  1357 13330 I LOMUtils: setCurrentUserId() called with: userId = [0]
07-16 06:55:28.603  2629  2720 I gralloc4: @set_metadata: update dataspace from GM (0x00000000 -> 0x08010000)
07-16 06:55:28.604  1357  7029 D ApplicationPolicy: getApplicationStateEnabled : pkg = com.ton_keeper userId : 0
07-16 06:55:28.604  1357 13330 I PreferenceUtils: getPreferences() called with: userId = [0], context: android.app.ContextImpl@34d3fdb
07-16 06:55:28.605  1357 13330 I LocaleOverlayManager: callbackObserver. mCurrentObserver: null
07-16 06:55:28.605  1357 13330 I LocaleOverlayManagerWrapper: waitAndQuit called
07-16 06:55:28.605  1357 13330 I LocaleOverlayManagerWrapper: doDestroy
07-16 06:55:28.605  1357  7029 D ApplicationPolicy: getApplicationComponentState : pkg = com.ton_keeper userId : 0
07-16 06:55:28.606  1357 13330 I LocaleOverlayManager: quit() called
07-16 06:55:28.606  1357 13330 I LocaleOverlayManager: quit() called no pending messages to remove
07-16 06:55:28.607 13219 13315 E OpenGLRenderer: Device claims wide gamut support, cannot find matching config, error = EGL_SUCCESS
07-16 06:55:28.608 13219 13315 W OpenGLRenderer: Failed to initialize 101010-2 format, error = EGL_SUCCESS
07-16 06:55:28.611  2629  2720 I gralloc4: @set_metadata: update dataspace from GM (0x00000000 -> 0x08010000)
07-16 06:55:28.614  5025  6322 I SCS@AiSearch user 0: (BaseCollector::AOSP_MP) fetchInternal values : maxSyncId: 1000003533 indexCount: 164 sourceCount: 164
07-16 06:55:28.614  2629  2720 I gralloc4: @set_metadata: update dataspace from GM (0x00000000 -> 0x08010000)
07-16 06:55:28.621  2629  2695 I SurfaceControl: apply is called, name=FinishTransaction_SyncId<530>, caller=android.view.SurfaceControl$Transaction.apply:2921 com.android.wm.shell.transition.Transitions.onFinish:302 com.android.wm.shell.transition.Transitions$$ExternalSyntheticLambda6.onTransitionFinished:15 com.android.wm.shell.transition.DefaultTransitionHandler$$ExternalSyntheticLambda5.run:125 com.android.wm.shell.transition.DefaultTransitionHandler$$ExternalSyntheticLambda3.run:52 android.os.Handler.handleCallback:958
07-16 06:55:28.626  3210  3210 I ViewRootImpl@57ad891[LauncherActivity]: handleAppVisibility mAppVisible = true visible = false
07-16 06:55:28.627  2629  2720 I gralloc4: @set_metadata: update dataspace from GM (0x00000000 -> 0x08010000)
07-16 06:55:28.627  2629 19766 I WallpaperService: dispatchAppVisibility: system, visible=false
07-16 06:55:28.628  2629  2774 I WallpaperService: reportVisibility: visibility changed. visible=false
07-16 06:55:28.628  2629  2774 I ImageWallpaper[CanvasEngine_d0_w1]:  onVisibilityChanged: visible=false , displayId=0
07-16 06:55:28.632   853  1685 E BufferQueueDebug: [Surface(name=a9851fa NavigationBar0)/@0xb494ce4 - animation-leash of insets_animation#8278](this:0xb4000070b399d790,id:-1,api:0,p:-1,c:-1) id info cannot be read from 'Surface(name=a9851fa NavigationBar0)/@0xb494ce4 - animation-leash of insets_animation#8278'
07-16 06:55:28.632   853  1685 I BufferQueueDebug: [Surface(name=a9851fa NavigationBar0)/@0xb494ce4 - animation-leash of insets_animation#8278](this:0xb4000070b399d790,id:-1,api:0,p:-1,c:-1) BufferQueue core=(853:/system/bin/surfaceflinger)
07-16 06:55:28.632   853  1685 I SurfaceFlinger: id=8278 createSurf, flag=24000, Surface(name=a9851fa NavigationBar0)/@0xb494ce4 - animation-leash of insets_animation#8278
07-16 06:55:28.634   853   853 I Layer   : id=8276 removeFromCurrentState Transition Root: Task=193#8276 (128)
07-16 06:55:28.634   853   853 I Layer   : id=52 removeFromCurrentState Task=1#52 (128)
07-16 06:55:28.634   853   853 I Layer   : id=131 removeFromCurrentState Task=6#131 (128)
07-16 06:55:28.634   853   853 I Layer   : id=132 removeFromCurrentState ActivityRecord{75967f4 u0 com.sec.android.app.launcher/.activities.LauncherActivity t6}#132 (128)
07-16 06:55:28.634   853   853 I Layer   : id=138 removeFromCurrentState b6bbb06 ActivityRecordInputSink com.sec.android.app.launcher/.Launcher#138 (128)
07-16 06:55:28.634   853   853 I Layer   : id=133 removeFromCurrentState 9d65f42 com.sec.android.app.launcher/com.sec.android.app.launcher.activities.LauncherActivity#133 (128)
07-16 06:55:28.634   853   853 I Layer   : id=8257 removeFromCurrentState com.sec.android.app.launcher/com.sec.android.app.launcher.activities.LauncherActivity$_3210#8257 (128)
07-16 06:55:28.634   853   853 I Layer   : id=17 removeFromCurrentState ImeContainer#17 (128)
07-16 06:55:28.634   853   853 I Layer   : id=127 removeFromCurrentState WindowToken{df5e81d type=2011 android.os.Binder@d83d8f4}#127 (128)
07-16 06:55:28.635   853   853 I Layer   : id=8262 removeFromCurrentState Surface(name=58e8aa0 InputMethod)/@0x15cfc82 - animation-leash of insets_animation#8262 (128)
07-16 06:55:28.635   853   853 I Layer   : id=147 removeFromCurrentState 58e8aa0 InputMethod#147 (128)
07-16 06:55:28.635   853   853 I Layer   : id=8265 removeFromCurrentState Task=193#8265 (128)
07-16 06:55:28.635   853   853 I Layer   : id=8266 removeFromCurrentState ActivityRecord{83c513 u0 com.ton_keeper/com.tonapps.tonkeeper.ui.screen.root.RootActivity t193}#8266 (128)
07-16 06:55:28.635   853   853 I Layer   : id=8277 removeFromCurrentState 6301877 ActivityRecordInputSink com.ton_keeper/com.tonapps.tonkeeper.ui.screen.root.RootActivity#8277 (128)
07-16 06:55:28.635   853   853 I Layer   : id=8267 removeFromCurrentState cd3c080 Splash Screen com.ton_keeper#8267 (128)
07-16 06:55:28.635   853   853 I Layer   : id=8271 removeFromCurrentState Splash Screen com.ton_keeper$_2629#8271 (128)
07-16 06:55:28.635   853   853 I Layer   : id=8272 removeFromCurrentState Bounds for - Splash Screen com.ton_keeper@0#8272 (128)
07-16 06:55:28.635   853   853 I Layer   : id=8273 removeFromCurrentState SurfaceView[Splash Screen com.ton_keeper]@0#8273 (128)
07-16 06:55:28.635   853   853 I Layer   : id=8275 removeFromCurrentState Background for SurfaceView[Splash Screen com.ton_keeper]@0#8275 (128)
07-16 06:55:28.635   853   853 I Layer   : id=8274 removeFromCurrentState SurfaceView[Splash Screen com.ton_keeper]@0(BLAST)#8274 (128)
07-16 06:55:28.635   853   853 I Layer   : id=8268 removeFromCurrentState SurfaceControlViewHost#8268 (128)
07-16 06:55:28.635   853   853 I Layer   : id=8269 removeFromCurrentState Leash#8269 (128)
07-16 06:55:28.635   853   853 I Layer   : id=8270 removeFromCurrentState #8270 (128)
07-16 06:55:28.635   853   853 I Layer   : id=52 addToCurrentState Task=1#52 (128)
07-16 06:55:28.635   853   853 I Layer   : id=131 addToCurrentState Task=6#131 (128)
07-16 06:55:28.635   853   853 I Layer   : id=132 addToCurrentState ActivityRecord{75967f4 u0 com.sec.android.app.launcher/.activities.LauncherActivity t6}#132 (128)
