EXECUTING: /Users/polstianka/Library/Android/sdk/platform-tools/adb -H localhost -P 5037 -s emulator-5556 shell logcat -v threadtime -b main -b crash -T '07-16 04:06:04.000'
CURRENT_WORKING_DIRECTORY: /Users/polstianka/StudioProjects/TonkeeperX
START_TIME: 2024-07-16 04:06:06.564
START_TIME-NANOS: 2024-07-16 04:06:06.564326000
ENVIRONMENT:
ANDROID_SDK_HOME=/Users/polstianka/Library/Android/sdk
ANDROID_ADB=/Users/polstianka/Library/Android/sdk/platform-tools/adb
*****************************************
STDOUT/STDERR BELOW
===================
--------- beginning of main
07-16 04:06:04.000   541   715 D ConnectivityService: [101 CELLULAR] EVENT_NETWORK_INFO_CHANGED, going from SUSPENDED to CONNECTED
07-16 04:06:04.052   956   956 W Telephony: registerMmTelCapabilityCallback: registration failed, no ImsService available. Exception: CapabilityCallbackManager - MmTelFeature binder is dead. (code: 1)
07-16 04:06:04.052   956   956 I Telephony: isRttCurrentlySupported -- regular acct, hasVoiceAvailability: false
07-16 04:06:04.052   956   956 I Telephony:  isRttSupported: false
07-16 04:06:04.052   956   956 I Telephony:  alwaysAllowWhileRoaming: false
07-16 04:06:04.052   956   956 I Telephony:  isRoaming: false
07-16 04:06:04.052   956   956 I Telephony:  isOnWfc: false
07-16 04:06:04.053   956   956 D TelephonyProvider: subIdString = 1 subId = 1
07-16 04:06:04.321  2161  2161 I dex2oat64: dex2oat took 712.949ms (1.012s cpu) (threads: 2) arena alloc=0B (0B) java alloc=25MB (27257824B) native alloc=3949KB (4043968B) free=1409KB (1443456B) swap=16MB (16777216B)
07-16 04:06:04.324   425   556 V installd: DexInv: --- END '/data/app/~~TFZlCBPkwKZzKeD5e13JBQ==/com.ton_keeper-zXUBPG3L-fr_WjSodJ3qqw==/base.apk' (success) ---
07-16 04:06:04.340   425   556 E installd: Couldn't opendir /data/app/vmdl1045985019.tmp: No such file or directory
07-16 04:06:04.340   425   556 E installd: Failed to delete /data/app/vmdl1045985019.tmp: No such file or directory
07-16 04:06:04.340   541   701 D ConnectivityService: requestNetwork for uid/pid:10041/2022 activeRequest: null callbackRequest: 41 [NetworkRequest [ REQUEST id=42, [ Capabilities: INTERNET&NOT_RESTRICTED&TRUSTED&NOT_VCN_MANAGED Uid: 10041 RequestorUid: 10041 RequestorPkg: com.android.statementservice] ]] callback flags: 0 priority: 2147483647
07-16 04:06:04.341   541   715 D ConnectivityService: NetReassign [42 : null → 100]
07-16 04:06:04.341   541   708 D WifiNetworkFactory: got request NetworkRequest [ REQUEST id=42, [ Capabilities: INTERNET&NOT_RESTRICTED&TRUSTED&NOT_VCN_MANAGED Uid: 10041 RequestorUid: 10041 RequestorPkg: com.android.statementservice] ]
07-16 04:06:04.341   541   708 D UntrustedWifiNetworkFactory: got request NetworkRequest [ REQUEST id=42, [ Capabilities: INTERNET&NOT_RESTRICTED&TRUSTED&NOT_VCN_MANAGED Uid: 10041 RequestorUid: 10041 RequestorPkg: com.android.statementservice] ]
07-16 04:06:04.341   541   708 D OemPaidWifiNetworkFactory: got request NetworkRequest [ REQUEST id=42, [ Capabilities: INTERNET&NOT_RESTRICTED&TRUSTED&NOT_VCN_MANAGED Uid: 10041 RequestorUid: 10041 RequestorPkg: com.android.statementservice] ]
07-16 04:06:04.342   791  2165 E BackupHelper: Could not parse delayed permissions
07-16 04:06:04.342   791  2165 E BackupHelper: java.io.FileNotFoundException: /data/user_de/0/com.android.permissioncontroller/files/delayed_restore_permissions.xml: open failed: ENOENT (No such file or directory)
07-16 04:06:04.342   791  2165 E BackupHelper: 	at libcore.io.IoBridge.open(IoBridge.java:575)
07-16 04:06:04.342   791  2165 E BackupHelper: 	at java.io.FileInputStream.<init>(FileInputStream.java:160)
07-16 04:06:04.342   791  2165 E BackupHelper: 	at android.app.ContextImpl.openFileInput(ContextImpl.java:698)
07-16 04:06:04.342   791  2165 E BackupHelper: 	at com.android.permissioncontroller.permission.service.BackupHelper.restoreDelayedState(BackupHelper.java:338)
07-16 04:06:04.342   791  2165 E BackupHelper: 	at com.android.permissioncontroller.permission.service.PermissionControllerServiceImpl.onRestoreDelayedRuntimePermissionsBackup(PermissionControllerServiceImpl.java:419)
07-16 04:06:04.342   791  2165 E BackupHelper: 	at com.android.permissioncontroller.permission.service.PermissionControllerServiceImpl.lambda$onApplyStagedRuntimePermissionBackup$4(PermissionControllerServiceImpl.java:413)
07-16 04:06:04.342   791  2165 E BackupHelper: 	at com.android.permissioncontroller.permission.service.PermissionControllerServiceImpl.$r8$lambda$d0Nn-xRapZQvoyXU4vSZgmIHAHQ(Unknown Source:0)
07-16 04:06:04.342   791  2165 E BackupHelper: 	at com.android.permissioncontroller.permission.service.PermissionControllerServiceImpl$$ExternalSyntheticLambda5.run(Unknown Source:8)
07-16 04:06:04.342   791  2165 E BackupHelper: 	at android.os.AsyncTask$SerialExecutor$1.run(AsyncTask.java:305)
07-16 04:06:04.342   791  2165 E BackupHelper: 	at java.util.concurrent.ThreadPoolExecutor.runWorker(ThreadPoolExecutor.java:1167)
07-16 04:06:04.342   791  2165 E BackupHelper: 	at java.util.concurrent.ThreadPoolExecutor$Worker.run(ThreadPoolExecutor.java:641)
07-16 04:06:04.342   791  2165 E BackupHelper: 	at java.lang.Thread.run(Thread.java:920)
07-16 04:06:04.342   791  2165 E BackupHelper: Caused by: android.system.ErrnoException: open failed: ENOENT (No such file or directory)
07-16 04:06:04.342   791  2165 E BackupHelper: 	at libcore.io.Linux.open(Native Method)
07-16 04:06:04.342   791  2165 E BackupHelper: 	at libcore.io.ForwardingOs.open(ForwardingOs.java:567)
07-16 04:06:04.342   791  2165 E BackupHelper: 	at libcore.io.BlockGuardOs.open(BlockGuardOs.java:273)
07-16 04:06:04.342   791  2165 E BackupHelper: 	at libcore.io.ForwardingOs.open(ForwardingOs.java:567)
07-16 04:06:04.342   791  2165 E BackupHelper: 	at android.app.ActivityThread$AndroidOs.open(ActivityThread.java:7725)
07-16 04:06:04.342   791  2165 E BackupHelper: 	at libcore.io.IoBridge.open(IoBridge.java:561)
07-16 04:06:04.342   791  2165 E BackupHelper: 	... 11 more
07-16 04:06:04.351   541   636 I RoleService: Granting default roles...
07-16 04:06:04.354  1274  1274 I MediaProvider: Invalidating LocalCallingIdentity cache for package com.ton_keeper. Reason: package android.intent.action.PACKAGE_ADDED
07-16 04:06:04.356   541   643 I InputReader: Reconfiguring input devices, changes=KEYBOARD_LAYOUTS | 
07-16 04:06:04.357   327  2166 D resolv  : GetAddrInfoHandler::run: {100 65636 100 983140 10041 0}
07-16 04:06:04.357   327  2166 D resolv  : resolv_getaddrinfo: explore_fqdn(): ai_family=0 ai_socktype=1 ai_protocol=6
07-16 04:06:04.359  2149  2149 I abb     : StartCommandInProcess(73657474696e67730067657400656e61 settings.get.ena [truncated])
07-16 04:06:04.364   327   868 I netd    : trafficSetNetPermForUids(4, [10105]) <0.26ms>
07-16 04:06:04.365   327  2169 D resolv  : doQuery: (1, 28)
07-16 04:06:04.365   327  2169 D resolv  : res_nmkquery: (QUERY, IN, AAAA)
07-16 04:06:04.365   327  2169 D resolv  : res_nsend
07-16 04:06:04.365   327  2169 I resolv  : resolv_cache_lookup: lookup
07-16 04:06:04.365   327  2169 I resolv  : resolv_cache_lookup: NOT IN CACHE
07-16 04:06:04.365   327  2169 I resolv  : resolv_populate_res_for_net: netid=100
07-16 04:06:04.365   327  2169 I resolv  : res_stats_usable_server: NS stats: S 0 + E 0 + T 0 + I 0 = 0, rtt = -1, min_samples = 8
07-16 04:06:04.365   327  2169 I resolv  : res_stats_usable_server: NS stats: S 0 + E 0 + T 0 + I 0 = 0, rtt = -1, min_samples = 8
07-16 04:06:04.365   327  2169 D resolv  : res_nsend: Querying server (# 1) address = [fec0::3]:53
07-16 04:06:04.365   327  2169 D resolv  : send_dg: new DG socket
07-16 04:06:04.365   327  2169 I resolv  : get_timeout: using timeout of 5000 msec
07-16 04:06:04.365   327  2169 I resolv  : retrying_poll: 63 retrying_poll
07-16 04:06:04.366   791  2071 I PermissionControllerServiceImpl: Updating user sensitive for uid 10105
07-16 04:06:04.371   327  2170 D resolv  : doQuery: (1, 1)
07-16 04:06:04.371   327  2170 D resolv  : res_nmkquery: (QUERY, IN, A)
07-16 04:06:04.371   327  2170 D resolv  : res_nsend
07-16 04:06:04.371   327  2170 I resolv  : resolv_cache_lookup: lookup
07-16 04:06:04.371   327  2170 I resolv  : resolv_cache_lookup: NOT IN CACHE
07-16 04:06:04.371   327  2170 I resolv  : resolv_populate_res_for_net: netid=100
07-16 04:06:04.373  2149  2149 I abb     : StartCommandInProcess(7061636b61676500696e7374616c6c2d package.install- [truncated])
07-16 04:06:04.373   327  2170 I resolv  : res_stats_usable_server: NS stats: S 0 + E 0 + T 0 + I 0 = 0, rtt = -1, min_samples = 8
07-16 04:06:04.373   327  2170 I resolv  : res_stats_usable_server: NS stats: S 0 + E 0 + T 0 + I 0 = 0, rtt = -1, min_samples = 8
07-16 04:06:04.373   327  2170 D resolv  : res_nsend: Querying server (# 1) address = [fec0::3]:53
07-16 04:06:04.381   956   956 D CarrierSvcBindHelper: No carrier app for: 0
07-16 04:06:04.383   761   761 V MediaPlayerList: mPackageChangedBroadcastReceiver: action: android.intent.action.PACKAGE_ADDED
07-16 04:06:04.383   761   761 D MediaPlayerList: Name of package changed: com.ton_keeper
07-16 04:06:04.386  2149  2149 I abb     : StartCommandInProcess(7061636b61676500696e7374616c6c2d package.install- [truncated])
07-16 04:06:04.392   327  2170 D resolv  : send_dg: new DG socket
07-16 04:06:04.392   327  2170 I resolv  : get_timeout: using timeout of 5000 msec
07-16 04:06:04.392   327  2170 I resolv  : retrying_poll: 64 retrying_poll
07-16 04:06:04.403  1009  1613 D EGL_emulation: app_time_stats: avg=382.29ms min=15.54ms max=3670.43ms count=10
07-16 04:06:04.405   956   956 D ImsResolver: maybeAddedImsService, packageName: com.ton_keeper
07-16 04:06:04.407   956   956 D CarrierConfigLoader: mHandler: EVENT_PACKAGE_CHANGED phoneId: 0
07-16 04:06:04.472   541   551 I system_server: Background concurrent copying GC freed 115314(6709KB) AllocSpace objects, 51(2628KB) LOS objects, 49% free, 11MB/22MB, paused 22us total 132.181ms
07-16 04:06:04.485   327  2170 I resolv  : retrying_poll: 64 retrying_poll returning 1
07-16 04:06:04.485   327  2170 I resolv  : res_nsend: used send_dg 83 terrno: 0
07-16 04:06:04.485   327  2170 I resolv  : res_stats_set_sample: rcode = 0, sec = 93
07-16 04:06:04.485   327  2170 I resolv  : res_cache_add_stats_sample_locked: adding sample to stats, next = 0, count = 0
07-16 04:06:04.485   327  2170 D resolv  : res_nsend: got answer:
07-16 04:06:04.485   327  2170 I resolv  : answer_getTTL: TTL = 300
07-16 04:06:04.485   327  2170 I resolv  : _cache_add_p: entry 4 added (count=4)
07-16 04:06:04.485   327  2170 I resolv  : cache_dump_mru_locked: MRU LIST ( 4):  4 1 2 3
07-16 04:06:04.485   327  2170 D resolv  : doQuery: rcode=0, ancount=3
07-16 04:06:04.497   327  2169 I resolv  : retrying_poll: 63 retrying_poll returning 1
07-16 04:06:04.497   327  2169 I resolv  : res_nsend: used send_dg 119 terrno: 0
07-16 04:06:04.497   327  2169 I resolv  : res_stats_set_sample: rcode = 0, sec = 132
07-16 04:06:04.497   327  2169 I resolv  : res_cache_add_stats_sample_locked: adding sample to stats, next = 1, count = 1
07-16 04:06:04.497   327  2169 D resolv  : res_nsend: got answer:
07-16 04:06:04.497   327  2169 I resolv  : answer_getTTL: TTL = 300
07-16 04:06:04.497   327  2169 I resolv  : _cache_add_p: entry 5 added (count=5)
07-16 04:06:04.497   327  2169 I resolv  : cache_dump_mru_locked: MRU LIST ( 5):  5 4 1 2 3
07-16 04:06:04.497   327  2169 D resolv  : doQuery: rcode=0, ancount=3
07-16 04:06:04.530   541   541 W Binder:541_7: type=1400 audit(0.0:33): avc: denied { getopt } for scontext=u:r:system_server:s0 tcontext=u:r:shell:s0 tclass=unix_stream_socket permissive=0
07-16 04:06:04.530   541   541 W Binder:541_7: type=1400 audit(0.0:34): avc: denied { getopt } for scontext=u:r:system_server:s0 tcontext=u:r:shell:s0 tclass=unix_stream_socket permissive=0
07-16 04:06:04.530   541   541 W Binder:541_7: type=1400 audit(0.0:35): avc: denied { getopt } for scontext=u:r:system_server:s0 tcontext=u:r:shell:s0 tclass=unix_stream_socket permissive=0
07-16 04:06:04.530   541   541 W Binder:541_7: type=1400 audit(0.0:36): avc: denied { getopt } for scontext=u:r:system_server:s0 tcontext=u:r:shell:s0 tclass=unix_stream_socket permissive=0
07-16 04:06:04.536  2149  2149 I abb     : StartCommandInProcess(7061636b61676500696e7374616c6c2d package.install- [truncated])
07-16 04:06:04.582  1274  1291 I MediaProvider: Invalidating LocalCallingIdentity cache for package com.tonapps.main.baselineprofile. Reason: op android:read_external_storage
07-16 04:06:04.583  1274  1291 I MediaProvider: Invalidating LocalCallingIdentity cache for package com.tonapps.main.baselineprofile. Reason: op android:read_external_storage
07-16 04:06:04.583  1274  1291 I MediaProvider: Invalidating LocalCallingIdentity cache for package com.tonapps.main.baselineprofile. Reason: op android:read_external_storage
07-16 04:06:04.583  1274  1291 I MediaProvider: Invalidating LocalCallingIdentity cache for package com.tonapps.main.baselineprofile. Reason: op android:read_external_storage
07-16 04:06:04.585   425   556 E installd: Couldn't opendir /data/app/vmdl1941409995.tmp: No such file or directory
07-16 04:06:04.585   425   556 E installd: Failed to delete /data/app/vmdl1941409995.tmp: No such file or directory
07-16 04:06:04.586   541   541 W Binder:541_7: type=1400 audit(0.0:37): avc: denied { getopt } for scontext=u:r:system_server:s0 tcontext=u:r:shell:s0 tclass=unix_stream_socket permissive=0
07-16 04:06:04.590   327   868 I netd    : trafficSetNetPermForUids(4, [10106]) <0.01ms>
07-16 04:06:04.591   761   761 V MediaPlayerList: mPackageChangedBroadcastReceiver: action: android.intent.action.PACKAGE_ADDED
07-16 04:06:04.591   761   761 D MediaPlayerList: Name of package changed: com.tonapps.main.baselineprofile
07-16 04:06:04.592   541   643 I InputReader: Reconfiguring input devices, changes=KEYBOARD_LAYOUTS | 
07-16 04:06:04.592  1274  1274 I MediaProvider: Invalidating LocalCallingIdentity cache for package com.tonapps.main.baselineprofile. Reason: package android.intent.action.PACKAGE_ADDED
07-16 04:06:04.594   956   956 D CarrierSvcBindHelper: No carrier app for: 0
07-16 04:06:04.595   956   956 D ImsResolver: maybeAddedImsService, packageName: com.tonapps.main.baselineprofile
07-16 04:06:04.595   956   956 D CarrierConfigLoader: mHandler: EVENT_PACKAGE_CHANGED phoneId: 0
07-16 04:06:04.595   791  2071 I PermissionControllerServiceImpl: Updating user sensitive for uid 10106
07-16 04:06:04.840  2208  2208 D AndroidRuntime: >>>>>> START com.android.internal.os.RuntimeInit uid 2000 <<<<<<
07-16 04:06:04.842  2208  2208 I AndroidRuntime: Using default boot image
07-16 04:06:04.842  2208  2208 I AndroidRuntime: Leaving lock profiling enabled
07-16 04:06:04.842  2208  2208 W libc    : Access denied finding property "odsign.verification.success"
07-16 04:06:04.843  2208  2208 W app_process: ART APEX data files are untrusted.
07-16 04:06:04.844  2208  2208 I app_process: Core platform API reporting enabled, enforcing=false
07-16 04:06:04.898  2208  2208 D app_process: Time zone APEX ICU file found: /apex/com.android.tzdata/etc/icu/icu_tzdata.dat
07-16 04:06:04.899  2208  2208 D app_process: I18n APEX ICU file found: /apex/com.android.i18n/etc/icu/icudt68l.dat
07-16 04:06:04.915  2208  2208 D AndroidRuntime: Calling main entry com.android.commands.am.Am
07-16 04:06:04.923   328   328 D Zygote  : Forked child process 2220
07-16 04:06:04.926  2220  2220 I libc    : SetHeapTaggingLevel: tag level set to 0
07-16 04:06:04.927  2220  2220 I baselineprofil: Late-enabling -Xcheck:jni
07-16 04:06:04.941   415   439 I adbd    : jdwp connection from 2220
07-16 04:06:04.953  2220  2220 D CompatibilityChangeReporter: Compat change id reported: 171979766; UID 10106; state: DISABLED
07-16 04:06:04.957  2220  2220 D ApplicationLoaders: Returning zygote-cached class loader: /system/framework/android.test.base.jar
07-16 04:06:04.959  2220  2220 D ApplicationLoaders: Returning zygote-cached class loader: /system/framework/android.test.base.jar
07-16 04:06:04.960  2220  2220 W baselineprofil: ClassLoaderContext shared library size mismatch. Expected=0, found=2 (PCL[] | PCL[]{PCL[/system/framework/android.test.base.jar*3790657674]#PCL[/system/framework/android.test.mock.jar*3278543460]})
07-16 04:06:04.980  2220  2220 V GraphicsEnvironment: ANGLE Developer option for 'com.tonapps.main.baselineprofile' set to: 'default'
07-16 04:06:04.980  2220  2220 V GraphicsEnvironment: Neither updatable production driver nor prerelease driver is supported.
07-16 04:06:04.983  2220  2220 D NetworkSecurityConfig: Using Network Security Config from resource network_security_config debugBuild: true
07-16 04:06:04.984  2220  2220 D NetworkSecurityConfig: Using Network Security Config from resource network_security_config debugBuild: true
07-16 04:06:04.984  2220  2220 I AndroidJUnitRunner: newApplication android.app.Application
07-16 04:06:04.988  2220  2220 I AndroidJUnitRunner: onCreate Bundle[mParcelledData.dataSize=400]
07-16 04:06:04.988  2220  2220 D AndroidJUnitRunner: Use the raw file system for managing file I/O.
07-16 04:06:04.992  2220  2220 V TestEventClient: No service name argument was given (testDiscoveryService, testRunEventService or orchestratorService)
07-16 04:06:04.992  2220  2236 D AndroidJUnitRunner: onStart is called.
07-16 04:06:04.996  2220  2236 D TestRequestBuilder: Using class path scanning to discover tests
07-16 04:06:04.996  2220  2236 I TestRequestBuilder: Scanning classpath to find tests in paths [/data/app/~~TuNvrhKxXDwQLRS76whXzQ==/com.tonapps.main.baselineprofile-mdsJiS1UKrLjEiIgHFhy6Q==/base.apk]
07-16 04:06:04.997  2220  2236 W baselineprofil: Opening an oat file without a class loader. Are you using the deprecated DexFile APIs?
07-16 04:06:05.136  2220  2236 I TestRunner: run started: 3 tests
07-16 04:06:05.136  2220  2236 I TestRunner: started: generate(com.baselineprofile.BaselineProfileGenerator)
07-16 04:06:05.175  2220  2239 V UiAutomation: Init UiAutomation@38aecbf[id=1, flags=0]
07-16 04:06:05.177  2220  2236 I UiAutomationShellCmd: Requesting permission: pm grant com.tonapps.main.baselineprofile android.permission.WRITE_EXTERNAL_STORAGE
07-16 04:06:05.178  2220  2236 W UiAutomation: UiAutomation.grantRuntimePermission() is more robust and should be used instead of 'pm grant'
07-16 04:06:05.186  1274  1300 I MediaProvider: Invalidating LocalCallingIdentity cache for package com.tonapps.main.baselineprofile. Reason: op android:read_external_storage
07-16 04:06:05.187  2220  2236 I UiAutomationShellCmd: Requesting permission: pm grant com.tonapps.main.baselineprofile android.permission.READ_EXTERNAL_STORAGE
07-16 04:06:05.187  2220  2236 W UiAutomation: UiAutomation.grantRuntimePermission() is more robust and should be used instead of 'pm grant'
07-16 04:06:05.192  1274  1300 I MediaProvider: Invalidating LocalCallingIdentity cache for package com.tonapps.main.baselineprofile. Reason: op android:read_external_storage
07-16 04:06:05.202  2220  2236 D Benchmark: additionalTestOutputDir=/sdcard/Android/media/com.tonapps.main.baselineprofile/additional_test_output
07-16 04:06:05.211  2220  2236 D Benchmark: Usable output directory: /storage/emulated/0/Android/media/com.tonapps.main.baselineprofile
07-16 04:06:05.212  2220  2236 D Benchmark: Output Directory: /sdcard/Android/media/com.tonapps.main.baselineprofile/additional_test_output
07-16 04:06:05.217  1274  1419 W MediaProvider: isAppCloneUserPair for user 0: false
07-16 04:06:05.221  1274  1424 W MediaProvider: isAppCloneUserPair for user 0: false
07-16 04:06:05.236  1274  1419 I MediaProvider: Deleted 1 0 0 0 0 0 0 items on external_primary due to com.tonapps.main.baselineprofile
07-16 04:06:05.255  1274  1419 I MediaProvider: Invalidating LocalCallingIdentity cache for package com.tonapps.main.baselineprofile. Reason: owned_database_row_deleted:/storage/emulated/0/Android/media/com.tonapps.main.baselineprofile/temporaryScript6511232230082078972.tmp
07-16 04:06:05.256  1274  1419 I MediaProvider: Deleted 1 0 0 0 0 0 0 items on external_primary due to com.android.shell
07-16 04:06:05.259  2220  2236 I UiDevice: Creating a new instance, old instance exists: false
07-16 04:06:05.259  2220  2236 D UiDevice: Setting accessibility service flags: 65618
07-16 04:06:05.264  2220  2236 D UiDevice: Turning on screen.
07-16 04:06:05.265  2220  2236 D Benchmark: Killing process com.ton_keeper
07-16 04:06:05.265  2220  2236 D UiDevice: Executing shell command: killall com.ton_keeper
07-16 04:06:05.274  2220  2236 D Benchmark: Resetting compiled state for com.ton_keeper for stable profiles.
07-16 04:06:05.274  2220  2236 D Benchmark: Resetting com.ton_keeper
07-16 04:06:05.274  2220  2236 D Benchmark: Re-compiling com.ton_keeper
07-16 04:06:05.278  1274  1424 W MediaProvider: isAppCloneUserPair for user 0: false
07-16 04:06:05.295   541   991 I PackageDexOptimizer: Running dexopt (dexoptNeeded=-3) on: /data/app/~~TFZlCBPkwKZzKeD5e13JBQ==/com.ton_keeper-zXUBPG3L-fr_WjSodJ3qqw==/base.apk pkg=com.ton_keeper isa=arm64 dexoptFlags=boot_complete,profile_guided,force,enable_hidden_api_checks targetFilter=speed-profile oatDir=/data/app/~~TFZlCBPkwKZzKeD5e13JBQ==/com.ton_keeper-zXUBPG3L-fr_WjSodJ3qqw==/oat classLoaderContext=PCL[]{}
07-16 04:06:05.295   425   556 V installd: DexInv: --- BEGIN '/data/app/~~TFZlCBPkwKZzKeD5e13JBQ==/com.ton_keeper-zXUBPG3L-fr_WjSodJ3qqw==/base.apk' ---
07-16 04:06:05.295   425   556 V installd: Running /apex/com.android.art/bin/dex2oat64 in=base.apk out=/data/app/~~TFZlCBPkwKZzKeD5e13JBQ==/com.ton_keeper-zXUBPG3L-fr_WjSodJ3qqw==/oat/arm64/base.odex
07-16 04:06:05.303  2292  2292 W dex2oat64: Mismatch between dex2oat instruction set features to use (ISA: Arm64 Feature string: a53,crc,-lse,-fp16,-dotprod,-sve) and those from CPP defines (ISA: Arm64 Feature string: -a53,-crc,-lse,-fp16,-dotprod,-sve) for the command line:
07-16 04:06:05.303  2292  2292 W dex2oat64: /apex/com.android.art/bin/dex2oat64 --zip-fd=7 --zip-location=base.apk --oat-fd=8 --oat-location=/data/app/~~TFZlCBPkwKZzKeD5e13JBQ==/com.ton_keeper-zXUBPG3L-fr_WjSodJ3qqw==/oat/arm64/base.odex --input-vdex-fd=9 --output-vdex-fd=10 --app-image-fd=13 --image-format=lz4 --profile-file-fd=12 --swap-fd=11 --classpath-dir=/data/app/~~TFZlCBPkwKZzKeD5e13JBQ==/com.ton_keeper-zXUBPG3L-fr_WjSodJ3qqw== --class-loader-context=PCL[]{} --instruction-set=arm64 --instruction-set-features=default --instruction-set-variant=generic --compiler-filter=speed-profile --compilation-reason=cmdline --max-image-block-size=524288 --resolve-startup-const-strings=true --generate-mini-debug-info --runtime-arg -Xtarget-sdk-version:34 --runtime-arg -Xhidden-api-policy:enabled --runtime-arg -Xms64m --runtime-arg -Xmx512m
07-16 04:06:05.303  2292  2292 I dex2oat64: /apex/com.android.art/bin/dex2oat64 --input-vdex-fd=9 --output-vdex-fd=10 --profile-file-fd=12 --classpath-dir=/data/app/~~TFZlCBPkwKZzKeD5e13JBQ==/com.ton_keeper-zXUBPG3L-fr_WjSodJ3qqw== --class-loader-context=PCL[]{} --compiler-filter=speed-profile --compilation-reason=cmdline --max-image-block-size=524288 --resolve-startup-const-strings=true --generate-mini-debug-info
07-16 04:06:05.352   541   636 I RoleService: Granting default roles...
07-16 04:06:05.396  1169  1169 D CompatibilityChangeReporter: Compat change id reported: 150939131; UID 10078; state: DISABLED
07-16 04:06:06.393  2292  2295 W dex2oat64: Accessing hidden method Landroid/icu/text/DateFormat$HourCycle;->values()[Landroid/icu/text/DateFormat$HourCycle; (blocked, linking, denied)
07-16 04:06:06.393  2292  2295 W dex2oat64: Accessing hidden field Landroid/icu/text/DateFormat$HourCycle;->HOUR_CYCLE_11:Landroid/icu/text/DateFormat$HourCycle; (blocked, linking, denied)
07-16 04:06:06.393  2292  2295 W dex2oat64: Accessing hidden field Landroid/icu/text/DateFormat$HourCycle;->HOUR_CYCLE_12:Landroid/icu/text/DateFormat$HourCycle; (blocked, linking, denied)
07-16 04:06:06.393  2292  2292 W dex2oat64: Accessing hidden method Landroid/icu/text/DateTimePatternGenerator;->getDefaultHourCycle()Landroid/icu/text/DateFormat$HourCycle; (blocked, linking, denied)
07-16 04:06:06.393  2292  2292 W dex2oat64: Accessing hidden method Landroid/icu/number/NumberFormatterSettings;->usage(Ljava/lang/String;)Landroid/icu/number/NumberFormatterSettings; (blocked, linking, denied)
07-16 04:06:06.393  2292  2292 W dex2oat64: Accessing hidden method Landroid/icu/number/FormattedNumber;->getOutputUnit()Landroid/icu/util/MeasureUnit; (blocked, linking, denied)
07-16 04:06:06.393  2292  2292 W dex2oat64: Accessing hidden method Landroid/icu/util/MeasureUnit;->getIdentifier()Ljava/lang/String; (blocked, linking, denied)
07-16 04:06:06.393  2292  2295 W dex2oat64: Accessing hidden field Landroid/icu/text/DateFormat$HourCycle;->HOUR_CYCLE_23:Landroid/icu/text/DateFormat$HourCycle; (blocked, linking, denied)
07-16 04:06:06.394  2292  2295 W dex2oat64: Accessing hidden field Landroid/icu/text/DateFormat$HourCycle;->HOUR_CYCLE_24:Landroid/icu/text/DateFormat$HourCycle; (blocked, linking, denied)
07-16 04:06:06.845  2292  2292 I dex2oat64: Explicit concurrent copying GC freed 144546(26MB) AllocSpace objects, 0(0B) LOS objects, 99% free, 3768B/1539KB, paused 7us total 1.544ms
07-16 04:06:06.872  2292  2292 I dex2oat64: dex2oat took 1.569s (1.900s cpu) (threads: 2) arena alloc=0B (0B) java alloc=19KB (20152B) native alloc=10MB (11465120B) free=103MB (108653312B)
07-16 04:06:06.878   425   556 V installd: DexInv: --- END '/data/app/~~TFZlCBPkwKZzKeD5e13JBQ==/com.ton_keeper-zXUBPG3L-fr_WjSodJ3qqw==/base.apk' (success) ---
07-16 04:06:06.896  2220  2236 D Benchmark: Profile Installer - Skip File Operation: WRITE_SKIP_FILE
07-16 04:06:06.907   328   328 D Zygote  : Forked child process 2310
07-16 04:06:06.913   415   439 I adbd    : jdwp connection from 2310
07-16 04:06:06.919  2310  2310 D CompatibilityChangeReporter: Compat change id reported: 171979766; UID 10105; state: ENABLED
07-16 04:06:06.925  2310  2310 V GraphicsEnvironment: ANGLE Developer option for 'com.ton_keeper' set to: 'default'
07-16 04:06:06.925  2310  2310 V GraphicsEnvironment: Neither updatable production driver nor prerelease driver is supported.
07-16 04:06:06.926  2310  2310 D NetworkSecurityConfig: Using Network Security Config from resource network_security_config debugBuild: false
07-16 04:06:06.926  2310  2310 D NetworkSecurityConfig: Using Network Security Config from resource network_security_config debugBuild: false
07-16 04:06:06.931  2310  2310 D SessionsDependencies: Dependency to CRASHLYTICS added.
07-16 04:06:06.931  2310  2310 I FirebaseApp: Device unlocked: initializing all Firebase APIs for app [DEFAULT]
07-16 04:06:06.933  2310  2325 W GooglePlayServicesUtil: com.ton_keeper requires the Google Play Store, but it is missing.
07-16 04:06:06.933  2310  2325 E DynamiteModule: Invalid GmsCore APK, remote loading disabled.
07-16 04:06:06.933  2310  2325 I DynamiteModule: Considering local module com.google.android.gms.measurement.dynamite:115 and remote module com.google.android.gms.measurement.dynamite:0
07-16 04:06:06.933  2310  2325 I DynamiteModule: Selected local version of com.google.android.gms.measurement.dynamite
07-16 04:06:06.933  2310  2325 E DynamiteModule: Invalid GmsCore APK, remote loading disabled.
07-16 04:06:06.933  2310  2310 I FirebaseCrashlytics: Initializing Firebase Crashlytics 19.0.1 for com.ton_keeper
07-16 04:06:06.936  2310  2334 E FirebaseMessaging: Google Play services missing or without correct permission.
07-16 04:06:06.937  2310  2310 D SessionsDependencies: Subscriber CRASHLYTICS registered.
07-16 04:06:06.939  2310  2326 W Metadata: Failed to find package android.content.pm.PackageManager$NameNotFoundException: com.google.android.gms
07-16 04:06:06.947  2310  2310 D FirebaseSessions: Initializing Firebase Sessions SDK.
07-16 04:06:06.948  2310  2310 I FirebaseInitProvider: FirebaseApp initialization successful
07-16 04:06:06.952  2310  2310 D WM-WrkMgrInitializer: Initializing WorkManager with default configuration.
07-16 04:06:06.954  2310  2310 D WM-PackageManagerHelper: androidx.work.impl.background.systemjob.SystemJobService enabled
07-16 04:06:06.954  2310  2310 D WM-Schedulers: Created SystemJobScheduler and enabled SystemJobService
07-16 04:06:06.959  2310  2328 I FA      : App measurement initialized, version: 95001
07-16 04:06:06.959  2310  2328 I FA      : To enable debug logging run: adb shell setprop log.tag.FA VERBOSE
07-16 04:06:06.959  2310  2328 I FA      : To enable faster debug mode event logging run:
07-16 04:06:06.959  2310  2328 I FA      :   adb shell setprop debug.firebase.analytics.app com.ton_keeper
07-16 04:06:06.963   327  2350 D resolv  : GetAddrInfoHandler::run: {100 100 100 983140 10105 0}
07-16 04:06:06.963   327  2350 D resolv  : resolv_getaddrinfo: explore_fqdn(): ai_family=0 ai_socktype=1 ai_protocol=6
07-16 04:06:06.964   327  2353 D resolv  : doQuery: (1, 1)
07-16 04:06:06.964   327  2353 D resolv  : res_nmkquery: (QUERY, IN, A)
07-16 04:06:06.964   327  2353 D resolv  : res_nsend
07-16 04:06:06.964   327  2353 I resolv  : resolv_cache_lookup: lookup
07-16 04:06:06.965   327  2353 I resolv  : resolv_cache_lookup: NOT IN CACHE
07-16 04:06:06.965   327  2353 I resolv  : resolv_populate_res_for_net: netid=100
07-16 04:06:06.965   327  2352 D resolv  : doQuery: (1, 28)
07-16 04:06:06.965   327  2352 D resolv  : res_nmkquery: (QUERY, IN, AAAA)
07-16 04:06:06.965   327  2352 D resolv  : res_nsend
07-16 04:06:06.965   327  2352 I resolv  : resolv_cache_lookup: lookup
07-16 04:06:06.965   327  2352 I resolv  : resolv_cache_lookup: NOT IN CACHE
07-16 04:06:06.965   327  2352 I resolv  : resolv_populate_res_for_net: netid=100
07-16 04:06:06.965   327  2352 I resolv  : res_stats_usable_server: NS stats: S 2 + E 0 + T 0 + I 0 = 2, rtt = 112, min_samples = 8
07-16 04:06:06.965   327  2352 I resolv  : res_stats_usable_server: NS stats: S 0 + E 0 + T 0 + I 0 = 0, rtt = -1, min_samples = 8
07-16 04:06:06.965   327  2352 D resolv  : res_nsend: Querying server (# 1) address = [fec0::3]:53
07-16 04:06:06.965   327  2352 D resolv  : send_dg: new DG socket
07-16 04:06:06.965   327  2352 I resolv  : get_timeout: using timeout of 5000 msec
07-16 04:06:06.965   327  2352 I resolv  : retrying_poll: 63 retrying_poll
07-16 04:06:06.967   327  2353 I resolv  : res_stats_usable_server: NS stats: S 2 + E 0 + T 0 + I 0 = 2, rtt = 112, min_samples = 8
07-16 04:06:06.967   327  2353 I resolv  : res_stats_usable_server: NS stats: S 0 + E 0 + T 0 + I 0 = 0, rtt = -1, min_samples = 8
07-16 04:06:06.967   327  2353 D resolv  : res_nsend: Querying server (# 1) address = [fec0::3]:53
07-16 04:06:06.967   327  2353 D resolv  : send_dg: new DG socket
07-16 04:06:06.967   327  2353 I resolv  : get_timeout: using timeout of 5000 msec
07-16 04:06:06.967   327  2353 I resolv  : retrying_poll: 64 retrying_poll
07-16 04:06:06.970   327  2356 D resolv  : GetAddrInfoHandler::run: {100 100 100 983140 10105 0}
07-16 04:06:06.970   327  2356 D resolv  : resolv_getaddrinfo: explore_fqdn(): ai_family=0 ai_socktype=1 ai_protocol=6
07-16 04:06:06.970   327  2358 D resolv  : doQuery: (1, 1)
07-16 04:06:06.970   327  2358 D resolv  : res_nmkquery: (QUERY, IN, A)
07-16 04:06:06.970   327  2358 D resolv  : res_nsend
07-16 04:06:06.970   327  2358 I resolv  : resolv_cache_lookup: lookup
07-16 04:06:06.970   327  2358 I resolv  : resolv_cache_lookup: NOT IN CACHE
07-16 04:06:06.970   327  2358 I resolv  : resolv_populate_res_for_net: netid=100
07-16 04:06:06.971   327  2357 D resolv  : doQuery: (1, 28)
07-16 04:06:06.971   327  2357 D resolv  : res_nmkquery: (QUERY, IN, AAAA)
07-16 04:06:06.971   327  2357 D resolv  : res_nsend
07-16 04:06:06.971   327  2357 I resolv  : resolv_cache_lookup: lookup
07-16 04:06:06.971   327  2357 I resolv  : resolv_cache_lookup: NOT IN CACHE
07-16 04:06:06.971   327  2357 I resolv  : resolv_populate_res_for_net: netid=100
07-16 04:06:06.971   327  2357 I resolv  : res_stats_usable_server: NS stats: S 2 + E 0 + T 0 + I 0 = 2, rtt = 112, min_samples = 8
07-16 04:06:06.971   327  2357 I resolv  : res_stats_usable_server: NS stats: S 0 + E 0 + T 0 + I 0 = 0, rtt = -1, min_samples = 8
07-16 04:06:06.971   327  2357 D resolv  : res_nsend: Querying server (# 1) address = [fec0::3]:53
07-16 04:06:06.971   327  2357 D resolv  : send_dg: new DG socket
07-16 04:06:06.972   327  2357 I resolv  : get_timeout: using timeout of 5000 msec
07-16 04:06:06.972   327  2357 I resolv  : retrying_poll: 66 retrying_poll
07-16 04:06:06.974   327  2358 I resolv  : res_stats_usable_server: NS stats: S 2 + E 0 + T 0 + I 0 = 2, rtt = 112, min_samples = 8
07-16 04:06:06.974   327  2358 I resolv  : res_stats_usable_server: NS stats: S 0 + E 0 + T 0 + I 0 = 0, rtt = -1, min_samples = 8
07-16 04:06:06.974   327  2358 D resolv  : res_nsend: Querying server (# 1) address = [fec0::3]:53
07-16 04:06:06.974   327  2358 D resolv  : send_dg: new DG socket
07-16 04:06:06.974   327  2358 I resolv  : get_timeout: using timeout of 5000 msec
07-16 04:06:06.974   327  2358 I resolv  : retrying_poll: 67 retrying_poll
07-16 04:06:06.975  2310  2310 W AndroidKeysetManager: keyset not found, will generate a new one
07-16 04:06:06.975  2310  2310 W AndroidKeysetManager: java.io.FileNotFoundException: can't read keyset; the pref value __androidx_security_crypto_encrypted_prefs_key_keyset__ does not exist
07-16 04:06:06.975  2310  2310 W AndroidKeysetManager: 	at com.google.crypto.tink.integration.android.SharedPrefKeysetReader.readPref(SharedPrefKeysetReader.java:71)
07-16 04:06:06.975  2310  2310 W AndroidKeysetManager: 	at com.google.crypto.tink.integration.android.SharedPrefKeysetReader.readEncrypted(SharedPrefKeysetReader.java:89)
07-16 04:06:06.975  2310  2310 W AndroidKeysetManager: 	at com.google.crypto.tink.KeysetHandle.read(KeysetHandle.java:105)
07-16 04:06:06.975  2310  2310 W AndroidKeysetManager: 	at com.google.crypto.tink.integration.android.AndroidKeysetManager$Builder.read(AndroidKeysetManager.java:311)
07-16 04:06:06.975  2310  2310 W AndroidKeysetManager: 	at com.google.crypto.tink.integration.android.AndroidKeysetManager$Builder.readOrGenerateNewKeyset(AndroidKeysetManager.java:287)
07-16 04:06:06.975  2310  2310 W AndroidKeysetManager: 	at com.google.crypto.tink.integration.android.AndroidKeysetManager$Builder.build(AndroidKeysetManager.java:238)
07-16 04:06:06.975  2310  2310 W AndroidKeysetManager: 	at androidx.security.crypto.EncryptedSharedPreferences.create(EncryptedSharedPreferences.java:123)
07-16 04:06:06.975  2310  2310 W AndroidKeysetManager: 	at com.tonapps.security.Security.pref(Security.kt:24)
07-16 04:06:06.975  2310  2310 W AndroidKeysetManager: 	at com.tonapps.wallet.data.account.source.VaultSource.<init>(VaultSource.kt:23)
07-16 04:06:06.975  2310  2310 W AndroidKeysetManager: 	at com.tonapps.wallet.data.account.AccountRepository.<init>(AccountRepository.kt:80)
07-16 04:06:06.975  2310  2310 W AndroidKeysetManager: 	at com.tonapps.wallet.data.account.ModuleKt.accountModule$lambda$1$lambda$0(Module.kt:6)
07-16 04:06:06.975  2310  2310 W AndroidKeysetManager: 	at com.tonapps.wallet.data.account.ModuleKt.$r8$lambda$nc4eajm9vuTU7lN9J_hh-9tbhTk(Unknown Source:0)
07-16 04:06:06.975  2310  2310 W AndroidKeysetManager: 	at com.tonapps.wallet.data.account.ModuleKt$$ExternalSyntheticLambda0.invoke(D8$$SyntheticClass:0)
07-16 04:06:06.975  2310  2310 W AndroidKeysetManager: 	at org.koin.core.instance.InstanceFactory.create(InstanceFactory.kt:50)
07-16 04:06:06.975  2310  2310 W AndroidKeysetManager: 	at org.koin.core.instance.SingleInstanceFactory.create(SingleInstanceFactory.kt:46)
07-16 04:06:06.975  2310  2310 W AndroidKeysetManager: 	at org.koin.core.instance.SingleInstanceFactory$get$1.invoke(SingleInstanceFactory.kt:55)
07-16 04:06:06.975  2310  2310 W AndroidKeysetManager: 	at org.koin.core.instance.SingleInstanceFactory$get$1.invoke(SingleInstanceFactory.kt:53)
07-16 04:06:06.975  2310  2310 W AndroidKeysetManager: 	at org.koin.mp.KoinPlatformTools.synchronized(KoinPlatformTools.kt:36)
07-16 04:06:06.975  2310  2310 W AndroidKeysetManager: 	at org.koin.core.instance.SingleInstanceFactory.get(SingleInstanceFactory.kt:53)
07-16 04:06:06.975  2310  2310 W AndroidKeysetManager: 	at org.koin.core.registry.InstanceRegistry.createEagerInstances(InstanceRegistry.kt:91)
07-16 04:06:06.975  2310  2310 W AndroidKeysetManager: 	at org.koin.core.registry.InstanceRegistry.createAllEagerInstances$koin_core(InstanceRegistry.kt:62)
07-16 04:06:06.975  2310  2310 W AndroidKeysetManager: 	at org.koin.core.Koin.createEagerInstances(Koin.kt:330)
07-16 04:06:06.975  2310  2310 W AndroidKeysetManager: 	at org.koin.core.KoinApplication.createEagerInstances(KoinApplication.kt:74)
07-16 04:06:06.975  2310  2310 W AndroidKeysetManager: 	at org.koin.core.context.GlobalContext.startKoin(GlobalContext.kt:65)
07-16 04:06:06.975  2310  2310 W AndroidKeysetManager: 	at org.koin.core.context.DefaultContextExtKt.startKoin(DefaultContextExt.kt:40)
07-16 04:06:06.975  2310  2310 W AndroidKeysetManager: 	at com.tonapps.tonkeeper.App.onCreate(App.kt:48)
07-16 04:06:06.975  2310  2310 W AndroidKeysetManager: 	at android.app.Instrumentation.callApplicationOnCreate(Instrumentation.java:1211)
07-16 04:06:06.975  2310  2310 W AndroidKeysetManager: 	at android.app.ActivityThread.handleBindApplication(ActivityThread.java:6725)
07-16 04:06:06.975  2310  2310 W AndroidKeysetManager: 	at android.app.ActivityThread.access$1500(ActivityThread.java:247)
07-16 04:06:06.975  2310  2310 W AndroidKeysetManager: 	at android.app.ActivityThread$H.handleMessage(ActivityThread.java:2053)
07-16 04:06:06.975  2310  2310 W AndroidKeysetManager: 	at android.os.Handler.dispatchMessage(Handler.java:106)
07-16 04:06:06.975  2310  2310 W AndroidKeysetManager: 	at android.os.Looper.loopOnce(Looper.java:201)
07-16 04:06:06.975  2310  2310 W AndroidKeysetManager: 	at android.os.Looper.loop(Looper.java:288)
07-16 04:06:06.975  2310  2310 W AndroidKeysetManager: 	at android.app.ActivityThread.main(ActivityThread.java:7839)
07-16 04:06:06.975  2310  2310 W AndroidKeysetManager: 	at java.lang.reflect.Method.invoke(Native Method)
07-16 04:06:06.975  2310  2310 W AndroidKeysetManager: 	at com.android.internal.os.RuntimeInit$MethodAndArgsCaller.run(RuntimeInit.java:548)
07-16 04:06:06.975  2310  2310 W AndroidKeysetManager: 	at com.android.internal.os.ZygoteInit.main(ZygoteInit.java:1003)
07-16 04:06:06.976  2310  2348 D CompatibilityChangeReporter: Compat change id reported: 160794467; UID 10105; state: ENABLED
07-16 04:06:06.983  2310  2310 W AndroidKeysetManager: keyset not found, will generate a new one
07-16 04:06:06.983  2310  2310 W AndroidKeysetManager: java.io.FileNotFoundException: can't read keyset; the pref value __androidx_security_crypto_encrypted_prefs_value_keyset__ does not exist
07-16 04:06:06.983  2310  2310 W AndroidKeysetManager: 	at com.google.crypto.tink.integration.android.SharedPrefKeysetReader.readPref(SharedPrefKeysetReader.java:71)
07-16 04:06:06.983  2310  2310 W AndroidKeysetManager: 	at com.google.crypto.tink.integration.android.SharedPrefKeysetReader.readEncrypted(SharedPrefKeysetReader.java:89)
07-16 04:06:06.983  2310  2310 W AndroidKeysetManager: 	at com.google.crypto.tink.KeysetHandle.read(KeysetHandle.java:105)
07-16 04:06:06.983  2310  2310 W AndroidKeysetManager: 	at com.google.crypto.tink.integration.android.AndroidKeysetManager$Builder.read(AndroidKeysetManager.java:311)
07-16 04:06:06.983  2310  2310 W AndroidKeysetManager: 	at com.google.crypto.tink.integration.android.AndroidKeysetManager$Builder.readOrGenerateNewKeyset(AndroidKeysetManager.java:287)
07-16 04:06:06.983  2310  2310 W AndroidKeysetManager: 	at com.google.crypto.tink.integration.android.AndroidKeysetManager$Builder.build(AndroidKeysetManager.java:238)
07-16 04:06:06.983  2310  2310 W AndroidKeysetManager: 	at androidx.security.crypto.EncryptedSharedPreferences.create(EncryptedSharedPreferences.java:128)
07-16 04:06:06.983  2310  2310 W AndroidKeysetManager: 	at com.tonapps.security.Security.pref(Security.kt:24)
07-16 04:06:06.983  2310  2310 W AndroidKeysetManager: 	at com.tonapps.wallet.data.account.source.VaultSource.<init>(VaultSource.kt:23)
07-16 04:06:06.983  2310  2310 W AndroidKeysetManager: 	at com.tonapps.wallet.data.account.AccountRepository.<init>(AccountRepository.kt:80)
07-16 04:06:06.983  2310  2310 W AndroidKeysetManager: 	at com.tonapps.wallet.data.account.ModuleKt.accountModule$lambda$1$lambda$0(Module.kt:6)
07-16 04:06:06.983  2310  2310 W AndroidKeysetManager: 	at com.tonapps.wallet.data.account.ModuleKt.$r8$lambda$nc4eajm9vuTU7lN9J_hh-9tbhTk(Unknown Source:0)
07-16 04:06:06.983  2310  2310 W AndroidKeysetManager: 	at com.tonapps.wallet.data.account.ModuleKt$$ExternalSyntheticLambda0.invoke(D8$$SyntheticClass:0)
07-16 04:06:06.983  2310  2310 W AndroidKeysetManager: 	at org.koin.core.instance.InstanceFactory.create(InstanceFactory.kt:50)
07-16 04:06:06.983  2310  2310 W AndroidKeysetManager: 	at org.koin.core.instance.SingleInstanceFactory.create(SingleInstanceFactory.kt:46)
07-16 04:06:06.983  2310  2310 W AndroidKeysetManager: 	at org.koin.core.instance.SingleInstanceFactory$get$1.invoke(SingleInstanceFactory.kt:55)
07-16 04:06:06.983  2310  2310 W AndroidKeysetManager: 	at org.koin.core.instance.SingleInstanceFactory$get$1.invoke(SingleInstanceFactory.kt:53)
07-16 04:06:06.983  2310  2310 W AndroidKeysetManager: 	at org.koin.mp.KoinPlatformTools.synchronized(KoinPlatformTools.kt:36)
07-16 04:06:06.983  2310  2310 W AndroidKeysetManager: 	at org.koin.core.instance.SingleInstanceFactory.get(SingleInstanceFactory.kt:53)
07-16 04:06:06.983  2310  2310 W AndroidKeysetManager: 	at org.koin.core.registry.InstanceRegistry.createEagerInstances(InstanceRegistry.kt:91)
07-16 04:06:06.983  2310  2310 W AndroidKeysetManager: 	at org.koin.core.registry.InstanceRegistry.createAllEagerInstances$koin_core(InstanceRegistry.kt:62)
07-16 04:06:06.983  2310  2310 W AndroidKeysetManager: 	at org.koin.core.Koin.createEagerInstances(Koin.kt:330)
07-16 04:06:06.983  2310  2310 W AndroidKeysetManager: 	at org.koin.core.KoinApplication.createEagerInstances(KoinApplication.kt:74)
07-16 04:06:06.983  2310  2310 W AndroidKeysetManager: 	at org.koin.core.context.GlobalContext.startKoin(GlobalContext.kt:65)
07-16 04:06:06.983  2310  2310 W AndroidKeysetManager: 	at org.koin.core.context.DefaultContextExtKt.startKoin(DefaultContextExt.kt:40)
07-16 04:06:06.983  2310  2310 W AndroidKeysetManager: 	at com.tonapps.tonkeeper.App.onCreate(App.kt:48)
07-16 04:06:06.983  2310  2310 W AndroidKeysetManager: 	at android.app.Instrumentation.callApplicationOnCreate(Instrumentation.java:1211)
07-16 04:06:06.983  2310  2310 W AndroidKeysetManager: 	at android.app.ActivityThread.handleBindApplication(ActivityThread.java:6725)
07-16 04:06:06.983  2310  2310 W AndroidKeysetManager: 	at android.app.ActivityThread.access$1500(ActivityThread.java:247)
07-16 04:06:06.983  2310  2310 W AndroidKeysetManager: 	at android.app.ActivityThread$H.handleMessage(ActivityThread.java:2053)
07-16 04:06:06.983  2310  2310 W AndroidKeysetManager: 	at android.os.Handler.dispatchMessage(Handler.java:106)
07-16 04:06:06.983  2310  2310 W AndroidKeysetManager: 	at android.os.Looper.loopOnce(Looper.java:201)
07-16 04:06:06.983  2310  2310 W AndroidKeysetManager: 	at android.os.Looper.loop(Looper.java:288)
07-16 04:06:06.983  2310  2310 W AndroidKeysetManager: 	at android.app.ActivityThread.main(ActivityThread.java:7839)
07-16 04:06:06.983  2310  2310 W AndroidKeysetManager: 	at java.lang.reflect.Method.invoke(Native Method)
07-16 04:06:06.983  2310  2310 W AndroidKeysetManager: 	at com.android.internal.os.RuntimeInit$MethodAndArgsCaller.run(RuntimeInit.java:548)
07-16 04:06:06.983  2310  2310 W AndroidKeysetManager: 	at com.android.internal.os.ZygoteInit.main(ZygoteInit.java:1003)
07-16 04:06:06.988  2310  2310 I EngineFactory: Provider GmsCore_OpenSSL not available
07-16 04:06:06.993  2310  2328 W GooglePlayServicesUtil: com.ton_keeper requires the Google Play Store, but it is missing.
07-16 04:06:06.993  2310  2328 W FA      : Service invalid
07-16 04:06:06.995  2310  2310 D ProfileInstaller: RESULT_INSTALL_SKIP_FILE_SUCCESS
07-16 04:06:06.997   327  2376 D resolv  : GetAddrInfoHandler::run: {100 100 100 983140 10105 0}
07-16 04:06:06.997   327  2376 D resolv  : resolv_getaddrinfo: explore_fqdn(): ai_family=0 ai_socktype=1 ai_protocol=6
07-16 04:06:06.998   327  2377 D resolv  : doQuery: (1, 28)
07-16 04:06:06.998   327  2377 D resolv  : res_nmkquery: (QUERY, IN, AAAA)
07-16 04:06:06.998   327  2377 D resolv  : res_nsend
07-16 04:06:06.998   327  2377 I resolv  : resolv_cache_lookup: lookup
07-16 04:06:06.998   327  2377 I resolv  : resolv_cache_lookup: NOT IN CACHE
07-16 04:06:06.998   327  2377 I resolv  : resolv_populate_res_for_net: netid=100
07-16 04:06:06.998   327  2377 I resolv  : res_stats_usable_server: NS stats: S 2 + E 0 + T 0 + I 0 = 2, rtt = 112, min_samples = 8
07-16 04:06:06.998   327  2377 I resolv  : res_stats_usable_server: NS stats: S 0 + E 0 + T 0 + I 0 = 0, rtt = -1, min_samples = 8
07-16 04:06:06.998   327  2377 D resolv  : res_nsend: Querying server (# 1) address = [fec0::3]:53
07-16 04:06:06.998   327  2377 D resolv  : send_dg: new DG socket
07-16 04:06:06.998   327  2377 I resolv  : get_timeout: using timeout of 5000 msec
07-16 04:06:06.998   327  2377 I resolv  : retrying_poll: 69 retrying_poll
07-16 04:06:07.000  2220  2236 D Benchmark: Killing process com.ton_keeper
07-16 04:06:07.000  2220  2236 D Benchmark: Killing process com.ton_keeper
07-16 04:06:07.000  2220  2236 D UiDevice: Executing shell command: killall com.ton_keeper
07-16 04:06:07.001   327  2378 D resolv  : doQuery: (1, 1)
07-16 04:06:07.001   327  2378 D resolv  : res_nmkquery: (QUERY, IN, A)
07-16 04:06:07.001   327  2378 D resolv  : res_nsend
07-16 04:06:07.001   327  2378 I resolv  : resolv_cache_lookup: lookup
07-16 04:06:07.001   327  2378 I resolv  : resolv_cache_lookup: NOT IN CACHE
07-16 04:06:07.001   327  2378 I resolv  : resolv_populate_res_for_net: netid=100
07-16 04:06:07.002  2310  2367 I SQLiteConnectionPool: The connection pool for /data/user/0/com.ton_keeper/databases/RKStorage has been closed but there are still 1 connections in use.  They will be closed as they are released back to the pool.
07-16 04:06:07.002  2310  2367 E SQLiteLog: (5) statement aborts at 1: [PRAGMA journal_mode=TRUNCATE] database is locked
07-16 04:06:07.002  2310  2367 W SQLiteConnection: Could not change the database journal mode of '/data/user/0/com.ton_keeper/databases/RKStorage' from 'wal' to 'TRUNCATE' because the database is locked.  This usually means that there are other open connections to the database which prevents the database from enabling or disabling write-ahead logging mode.  Proceeding without changing the journal mode.
07-16 04:06:07.002  2310  2367 E SQLiteLog: (5) statement aborts at 1: [PRAGMA journal_mode=TRUNCATE] database is locked
07-16 04:06:07.002  2310  2367 W SQLiteConnection: Could not change the database journal mode of '/data/user/0/com.ton_keeper/databases/RKStorage' from 'wal' to 'TRUNCATE' because the database is locked.  This usually means that there are other open connections to the database which prevents the database from enabling or disabling write-ahead logging mode.  Proceeding without changing the journal mode.
07-16 04:06:07.002  2310  2367 E SQLiteLog: (5) statement aborts at 1: [PRAGMA journal_mode=TRUNCATE] database is locked
07-16 04:06:07.002  2310  2367 W SQLiteConnection: Could not change the database journal mode of '/data/user/0/com.ton_keeper/databases/RKStorage' from 'wal' to 'TRUNCATE' because the database is locked.  This usually means that there are other open connections to the database which prevents the database from enabling or disabling write-ahead logging mode.  Proceeding without changing the journal mode.
07-16 04:06:07.003  2310  2367 E SQLiteLog: (5) statement aborts at 1: [PRAGMA journal_mode=TRUNCATE] database is locked
07-16 04:06:07.003  2310  2367 W SQLiteConnection: Could not change the database journal mode of '/data/user/0/com.ton_keeper/databases/RKStorage' from 'wal' to 'TRUNCATE' because the database is locked.  This usually means that there are other open connections to the database which prevents the database from enabling or disabling write-ahead logging mode.  Proceeding without changing the journal mode.
07-16 04:06:07.003  2310  2367 E SQLiteLog: (5) statement aborts at 1: [PRAGMA journal_mode=TRUNCATE] database is locked
07-16 04:06:07.003  2310  2367 W SQLiteConnection: Could not change the database journal mode of '/data/user/0/com.ton_keeper/databases/RKStorage' from 'wal' to 'TRUNCATE' because the database is locked.  This usually means that there are other open connections to the database which prevents the database from enabling or disabling write-ahead logging mode.  Proceeding without changing the journal mode.
07-16 04:06:07.003  2310  2367 E SQLiteLog: (5) statement aborts at 1: [PRAGMA journal_mode=TRUNCATE] database is locked
07-16 04:06:07.003  2310  2367 W SQLiteConnection: Could not change the database journal mode of '/data/user/0/com.ton_keeper/databases/RKStorage' from 'wal' to 'TRUNCATE' because the database is locked.  This usually means that there are other open connections to the database which prevents the database from enabling or disabling write-ahead logging mode.  Proceeding without changing the journal mode.
07-16 04:06:07.003   327  2378 I resolv  : res_stats_usable_server: NS stats: S 2 + E 0 + T 0 + I 0 = 2, rtt = 112, min_samples = 8
07-16 04:06:07.003   327  2378 I resolv  : res_stats_usable_server: NS stats: S 0 + E 0 + T 0 + I 0 = 0, rtt = -1, min_samples = 8
07-16 04:06:07.003   327  2378 D resolv  : res_nsend: Querying server (# 1) address = [fec0::3]:53
07-16 04:06:07.004   327  2378 D resolv  : send_dg: new DG socket
