07-16 04:06:53.529  2220  2236 I System.out: 5 0,1345,68180762671,68180762671,0,68183335530,68183335655,68183337072,68183346697,68197429337,68183334780,16666666,68183439822,68183470572,68183483863,68183674197,68198439072,13576250,79584,-1,68198439072,326435241,
07-16 04:06:53.529  2220  2236 I System.out: 6 0,1348,68197429337,68197429337,0,68197814488,68197814613,68197829655,68197843405,68214096003,68197814113,16666666,68197883572,68198441280,68198474238,68198756155,68215956280,16052292,62500,-1,68215956280,1415398247864641848,
07-16 04:06:53.529  2220  2236 I System.out: 7 0,1351,68214096003,68214096003,0,68215426655,68215426780,68215439072,68215442655,68230762669,68215426280,16666666,68215467780,68215959197,68215977947,68216248113,68231838447,14209334,70375,-1,68231838447,1389243129679036677,
07-16 04:06:53.529  2220  2236 I System.out: 8 0,1354,68230762669,68230762669,0,68231128572,68231128697,68231142363,68231147072,68247429335,68231128280,16666666,68231183030,68231841280,68231849447,68232061780,68248778280,15353875,110750,-1,68248778280,1431317574204062134,
07-16 04:06:53.529  2220  2236 I System.out: 9 0,1357,68247429335,68247429335,0,68248884780,68248884905,68248947447,68248953280,68264096001,68248884488,16666666,68248983113,68249119613,68249145030,68249386947,68265132447,14426000,158667,-1,68265132447,1423994646377091408,
07-16 04:06:53.529  2220  2236 I System.out: 10 0,1360,68264096001,68264096001,0,68265033322,68265033530,68265049655,68265055697,68280762667,68265032863,16666666,68265086238,68265135530,68265151405,68265465363,68282492447,15643708,117208,-1,68282492447,1366581636363190272,
07-16 04:06:53.529  2220  2236 I System.out: 11 0,1363,68280762667,68280762667,0,68281836072,68281836238,68281854822,68281860738,68297429333,68281835738,16666666,68281894947,68282496697,68282515113,68282784447,68298612572,14141750,117375,-1,68298612572,1367069033869408665,
07-16 04:06:53.529  2220  2236 I System.out: 12 0,1428,76814095659,76814095659,0,76817553742,76817554034,76817554159,76817568951,76830762325,76817552617,16666666,76818259284,76818267326,76818306451,76818597909,76822408576,1958,284250,-1,76822408576,1384268647025163496,
07-16 04:06:53.529  2220  2236 I System.out: 13 0,1431,76830762325,76830762325,0,76831420242,76831420409,76831444659,76831453784,76847428991,76831419701,16666666,76831489284,76834209326,76834225367,76834426742,76835669617,1500,123583,-1,76835669617,321092820,
07-16 04:06:53.529  2220  2236 I System.out: 14 0,1434,76847428991,76847428991,0,76848485743,76848485909,76848519118,76848529118,76864095657,76848484743,16666666,76848588659,76850207868,76850222451,76850438534,76851616534,1167,159750,-1,76851616534,1381798387988782097,
07-16 04:06:53.529  2220  2236 I System.out: 15 0,1437,76864095657,76864095657,0,76864714534,76864714784,76864736868,76864743409,76880762323,76864713868,16666666,76864781618,76865163868,76865175576,76865481951,76868105993,1208,1175500,-1,76868105993,1401689983558883372,
07-16 04:06:53.529  2220  2236 I System.out: 16 1,1440,76880762323,76897428989,0,76904165909,76904166076,76904209034,76919654909,76897428989,76904165159,16666666,76919700951,76919779076,76919799743,76920110284,76921588576,1791,115917,-1,76921588576,1379174042388398080,
07-16 04:06:53.529  2220  2236 I System.out: 17 0,1446,76914095655,76914095655,0,76921699659,76921699826,76921725576,76922372618,76930762321,76921699284,16666666,76922397243,76925385784,76925396868,76928165826,76936258909,6780584,139833,-1,76936258909,1384031276738019328,
07-16 04:06:53.530  2220  2236 I System.out: 0 Flags,FrameTimelineVsyncId,IntendedVsync,Vsync,InputEventId,HandleInputStart,AnimationStart,PerformTraversalsStart,DrawStart,FrameDeadline,FrameInterval,FrameStartTime,SyncQueued,SyncStart,IssueDrawCommandsStart,SwapBuffers,FrameCompleted,DequeueBufferDuration,QueueBufferDuration,GpuCompleted,SwapBuffersCompleted,DisplayPresentTime,
07-16 04:06:53.530  2220  2236 I System.out: 1 1,1440,76880762323,76897428989,0,76904165909,76904166076,76904209034,76906953368,76897428989,76904165159,16666666,76907201368,76907298868,76907327451,76916822118,76919284034,1250,161875,-1,76919284034,0,
07-16 04:06:53.530  2220  2236 I System.out: 2 0,1446,76914095655,76914095655,0,76921699659,76921699826,76921725576,76921761201,76930762321,76921699284,16666666,76921797993,76921947493,76921960743,76922143993,76925354243,1250,159292,-1,76925354243,0,
07-16 04:06:53.530  2220  2236 I System.out: 3 0,1449,76930762321,76930762321,0,76935005159,76935005368,76935051951,76935065993,76947428987,76935003784,16666666,76935182243,76936315076,76936596618,76936926159,76948908243,8598708,2077833,-1,76948908243,0,
07-16 04:06:53.530  2220  2236 I System.out: 4 0,1452,76947428987,76947428987,0,76948350618,76948350784,76948351701,76948361076,76964095653,76948350076,16666666,76948469743,76948917076,76949002576,76949415826,76966042409,14928791,50334,-1,76966042409,0,
07-16 04:06:53.530  2220  2236 I System.out: 5 0,1455,76964095653,76964095653,0,76964371326,76964371451,76964393409,76964406118,76980762319,76964370659,16666666,76964461284,76966047618,76966082743,76966305909,59048408734,15173042,66042,-1,76982712868,0,
07-16 04:06:53.719   541   990 W InputManager-JNI: Input channel object '56c226a com.ton_keeper/com.tonapps.tonkeeper.ui.screen.root.RootActivity (client)' was disposed without first being removed with the input manager!
07-16 04:06:53.736   541  2850 W InputManager-JNI: Input channel object '7a0f1 Splash Screen com.ton_keeper (client)' was disposed without first being removed with the input manager!
07-16 04:06:53.752  1009  1642 W FrameTracker: Missed App frame:16
07-16 04:06:53.752  1009  1642 W FrameTracker: Missed SF frame:32
07-16 04:06:53.752  1009  1642 W FrameTracker: Missed SF frame:32
07-16 04:06:53.752  1009  1642 W FrameTracker: Missed SF frame:32
07-16 04:06:53.752  1009  1642 W FrameTracker: Missed SF frame:32
07-16 04:06:53.752  1009  1642 W FrameTracker: Missed App frame:16
07-16 04:06:53.752  1009  1642 W FrameTracker: Missed App frame:16
07-16 04:06:53.752  1009  1642 W FrameTracker: Missed SF frame:32
07-16 04:06:53.752  1009  1642 W FrameTracker: Missed App frame:16
07-16 04:06:53.752  1009  1642 W FrameTracker: Missed App frame:16
07-16 04:06:53.752  1009  1642 W FrameTracker: Missed App frame:16
07-16 04:06:53.752  1009  1642 W FrameTracker: Missed App frame:16
07-16 04:06:53.752  1009  1642 W FrameTracker: Missed App frame:16
07-16 04:06:53.752  1009  1642 W FrameTracker: Missed SF frame:32
07-16 04:06:53.752  1009  1642 W FrameTracker: Missed App frame:16
07-16 04:06:53.752  1009  1642 W FrameTracker: Missed SF frame:32
07-16 04:06:53.752  1009  1642 W FrameTracker: Missed SF frame:32
07-16 04:06:53.752  1009  1642 W FrameTracker: Missed App frame:16
07-16 04:06:53.752  1009  1642 W FrameTracker: Missed App frame:16
07-16 04:06:53.752  1009  1642 W FrameTracker: Missed App frame:16
07-16 04:06:53.752  1009  1642 V PerfettoTrigger: Not triggering com.android.telemetry.interaction-jank-monitor-9 - not enough time since last trigger
07-16 04:06:55.540  1536  2050 I Dialer  : OmtpVvmCarrierCfgHlpr - OmtpEvent:CONFIG_STATUS_SMS_TIME_OUT
07-16 04:06:55.542  1536  1536 I Dialer  : RetryPolicy - discarding deferred status: configuration_state=4
07-16 04:06:55.543  1536  1536 I Dialer  : VvmTaskExecutor - no more tasks, stopping service if no task are added in 5000 millis
07-16 04:06:55.545  1536  1536 I Dialer  : VvmTaskReceiver - task received
07-16 04:06:55.545  1536  1536 I Dialer  : VvmTaskReceiver - TaskExecutor already running
07-16 04:06:55.545  1536  1536 I Dialer  : Task.createTask - create task:com.android.voicemail.impl.ActivationTask
07-16 04:06:55.547  1536  1536 I Dialer  : RetryPolicy - retry #1 for com.android.voicemail.impl.ActivationTask@b11c943 queued, executing in 5000
07-16 04:06:55.547  1536  1536 I Dialer  : VvmTaskExecutor - com.android.voicemail.impl.ActivationTask@b11c943 added
07-16 04:06:55.547  1536  1536 I Dialer  : VvmTaskExecutor - minimal wait time:5000
07-16 04:06:55.547  1536  1536 I Dialer  : VvmTaskExecutor - sleep for 5000 millis
07-16 04:06:58.532  2220  2236 D Benchmark: Profile Installer - Save Profile
07-16 04:06:58.553  2310  2310 I Process : Sending signal. PID: 2310 SIG: 10
07-16 04:06:58.553  2310  2313 I com.ton_keeper: Thread[4,tid=2313,WaitingInMainSignalCatcherLoop,Thread*=0xb400006e94e64c50,peer=0x13445c48,"Signal Catcher"]: reacting to signal 10
07-16 04:06:58.553  2310  2313 I com.ton_keeper: 
07-16 04:06:58.553  2310  2313 I com.ton_keeper: SIGUSR1 forcing GC (no HPROF) and profile save
07-16 04:06:58.554  2310  2310 D ProfileInstaller: 
07-16 04:06:58.567  2310  2313 I com.ton_keeper: Explicit concurrent copying GC freed 20592(1217KB) AllocSpace objects, 21(548KB) LOS objects, 49% free, 6710KB/13MB, paused 408us total 13.481ms
07-16 04:06:58.569  2310  2319 W System  : A resource failed to call end. 
07-16 04:06:59.059  2220  2236 D Benchmark: Killing process com.ton_keeper
07-16 04:06:59.059  2220  2236 D UiDevice: Executing shell command: killall com.ton_keeper
07-16 04:06:59.079  1274  2395 W MediaProvider: isAppCloneUserPair for user 0: false
07-16 04:06:59.107   541  2850 I PackageDexOptimizer: Running dexopt (dexoptNeeded=-3) on: /data/app/~~TFZlCBPkwKZzKeD5e13JBQ==/com.ton_keeper-zXUBPG3L-fr_WjSodJ3qqw==/base.apk pkg=com.ton_keeper isa=arm64 dexoptFlags=boot_complete,profile_guided,force,enable_hidden_api_checks targetFilter=speed-profile oatDir=/data/app/~~TFZlCBPkwKZzKeD5e13JBQ==/com.ton_keeper-zXUBPG3L-fr_WjSodJ3qqw==/oat classLoaderContext=PCL[]{}
07-16 04:06:59.108   425   556 V installd: DexInv: --- BEGIN '/data/app/~~TFZlCBPkwKZzKeD5e13JBQ==/com.ton_keeper-zXUBPG3L-fr_WjSodJ3qqw==/base.apk' ---
07-16 04:06:59.108   425   556 V installd: Running /apex/com.android.art/bin/dex2oat64 in=base.apk out=/data/app/~~TFZlCBPkwKZzKeD5e13JBQ==/com.ton_keeper-zXUBPG3L-fr_WjSodJ3qqw==/oat/arm64/base.odex
07-16 04:06:59.119  3111  3111 W dex2oat64: Mismatch between dex2oat instruction set features to use (ISA: Arm64 Feature string: a53,crc,-lse,-fp16,-dotprod,-sve) and those from CPP defines (ISA: Arm64 Feature string: -a53,-crc,-lse,-fp16,-dotprod,-sve) for the command line:
07-16 04:06:59.119  3111  3111 W dex2oat64: /apex/com.android.art/bin/dex2oat64 --zip-fd=7 --zip-location=base.apk --oat-fd=8 --oat-location=/data/app/~~TFZlCBPkwKZzKeD5e13JBQ==/com.ton_keeper-zXUBPG3L-fr_WjSodJ3qqw==/oat/arm64/base.odex --input-vdex-fd=9 --output-vdex-fd=10 --app-image-fd=13 --image-format=lz4 --profile-file-fd=12 --swap-fd=11 --classpath-dir=/data/app/~~TFZlCBPkwKZzKeD5e13JBQ==/com.ton_keeper-zXUBPG3L-fr_WjSodJ3qqw== --class-loader-context=PCL[]{} --instruction-set=arm64 --instruction-set-features=default --instruction-set-variant=generic --compiler-filter=speed-profile --compilation-reason=cmdline --max-image-block-size=524288 --resolve-startup-const-strings=true --generate-mini-debug-info --runtime-arg -Xtarget-sdk-version:34 --runtime-arg -Xhidden-api-policy:enabled --runtime-arg -Xms64m --runtime-arg -Xmx512m
07-16 04:06:59.121  3111  3111 I dex2oat64: /apex/com.android.art/bin/dex2oat64 --input-vdex-fd=9 --output-vdex-fd=10 --profile-file-fd=12 --classpath-dir=/data/app/~~TFZlCBPkwKZzKeD5e13JBQ==/com.ton_keeper-zXUBPG3L-fr_WjSodJ3qqw== --class-loader-context=PCL[]{} --compiler-filter=speed-profile --compilation-reason=cmdline --max-image-block-size=524288 --resolve-startup-const-strings=true --generate-mini-debug-info
07-16 04:07:00.017   773   918 D EGL_emulation: app_time_stats: avg=56835.55ms min=56835.55ms max=56835.55ms count=1
07-16 04:07:00.249  3111  3113 W dex2oat64: Accessing hidden method Landroid/icu/text/DateTimePatternGenerator;->getDefaultHourCycle()Landroid/icu/text/DateFormat$HourCycle; (blocked, linking, denied)
07-16 04:07:00.249  3111  3111 W dex2oat64: Accessing hidden method Landroid/icu/text/DateFormat$HourCycle;->values()[Landroid/icu/text/DateFormat$HourCycle; (blocked, linking, denied)
07-16 04:07:00.249  3111  3111 W dex2oat64: Accessing hidden field Landroid/icu/text/DateFormat$HourCycle;->HOUR_CYCLE_11:Landroid/icu/text/DateFormat$HourCycle; (blocked, linking, denied)
07-16 04:07:00.249  3111  3113 W dex2oat64: Accessing hidden method Landroid/icu/number/NumberFormatterSettings;->usage(Ljava/lang/String;)Landroid/icu/number/NumberFormatterSettings; (blocked, linking, denied)
07-16 04:07:00.249  3111  3111 W dex2oat64: Accessing hidden field Landroid/icu/text/DateFormat$HourCycle;->HOUR_CYCLE_12:Landroid/icu/text/DateFormat$HourCycle; (blocked, linking, denied)
07-16 04:07:00.249  3111  3111 W dex2oat64: Accessing hidden field Landroid/icu/text/DateFormat$HourCycle;->HOUR_CYCLE_23:Landroid/icu/text/DateFormat$HourCycle; (blocked, linking, denied)
07-16 04:07:00.249  3111  3111 W dex2oat64: Accessing hidden field Landroid/icu/text/DateFormat$HourCycle;->HOUR_CYCLE_24:Landroid/icu/text/DateFormat$HourCycle; (blocked, linking, denied)
07-16 04:07:00.249  3111  3113 W dex2oat64: Accessing hidden method Landroid/icu/number/FormattedNumber;->getOutputUnit()Landroid/icu/util/MeasureUnit; (blocked, linking, denied)
07-16 04:07:00.249  3111  3113 W dex2oat64: Accessing hidden method Landroid/icu/util/MeasureUnit;->getIdentifier()Ljava/lang/String; (blocked, linking, denied)
07-16 04:07:00.588  1536  2050 I Dialer  : VvmTaskExecutor - executing task com.android.voicemail.impl.ActivationTask@b11c943
07-16 04:07:00.588  1536  2050 I Dialer  : PreOMigrationHandler - ComponentInfo{com.android.phone/com.android.services.telephony.TelephonyConnectionService}, ***, UserHandle{0} already migrated
07-16 04:07:00.597  1576  1699 I VoicemailNotifier: receivers for android.intent.action.PROVIDER_CHANGED :[]
07-16 04:07:00.598  1536  2050 I Dialer  : VvmActivationTask - VVM content provider configured - vvm_type_cvvm
07-16 04:07:00.598  1536  2050 I Dialer  : OmtpVvmCarrierCfgHlpr - OmtpEvent:CONFIG_ACTIVATING
07-16 04:07:00.599  1576  1699 I VoicemailNotifier: receivers for android.intent.action.PROVIDER_CHANGED :[]
07-16 04:07:00.603   956  1671 D SmsNumberUtils: enter filterDestAddr. destAddr="[BajqU4K5_YhSYbs-7QUn0dOwcmI]"
07-16 04:07:00.603   956  1671 D SmsNumberUtils: destAddr is not formatted.
07-16 04:07:00.603   956  1671 D SmsNumberUtils: leave filterDestAddr, new destAddr="[BajqU4K5_YhSYbs-7QUn0dOwcmI]"
07-16 04:07:01.041  3111  3111 I dex2oat64: Explicit concurrent copying GC freed 134932(24MB) AllocSpace objects, 0(0B) LOS objects, 49% free, 1783KB/3566KB, paused 8us total 3.833ms
07-16 04:07:01.041   541   990 D WifiNl80211Manager: Scan result ready event
07-16 04:07:01.041   541   990 D WifiNative: Scan result ready event
07-16 04:07:01.198  3111  3111 I dex2oat64: dex2oat took 2.079s (2.831s cpu) (threads: 2) arena alloc=6876KB (7041448B) java alloc=1799KB (1842296B) native alloc=27MB (28493632B) free=96MB (100682656B)
07-16 04:07:01.207   425   556 V installd: DexInv: --- END '/data/app/~~TFZlCBPkwKZzKeD5e13JBQ==/com.ton_keeper-zXUBPG3L-fr_WjSodJ3qqw==/base.apk' (success) ---
07-16 04:07:01.224  2220  2236 D Benchmark: Reference profile location: /data/misc/profiles/ref/com.ton_keeper/primary.prof
07-16 04:07:01.225  1274  2549 W MediaProvider: isAppCloneUserPair for user 0: false
07-16 04:07:01.248  2220  2236 D Benchmark: APK Path: /data/app/~~TFZlCBPkwKZzKeD5e13JBQ==/com.ton_keeper-zXUBPG3L-fr_WjSodJ3qqw==/base.apk
07-16 04:07:01.248  2220  2236 D Benchmark: Converting to human readable profile format
07-16 04:07:01.248  2220  2236 D Benchmark: Using profile location: /data/misc/profiles/ref/com.ton_keeper/primary.prof
07-16 04:07:01.250  1274  1424 W MediaProvider: isAppCloneUserPair for user 0: false
07-16 04:07:01.397  3139  3139 W profman : profman took 131.648ms
07-16 04:07:01.412  2220  2236 D Benchmark: Using profile location: /data/misc/profiles/cur/0/com.ton_keeper/primary.prof
07-16 04:07:01.412  1274  1419 W MediaProvider: isAppCloneUserPair for user 0: false
07-16 04:07:01.465   773   918 D EGL_emulation: app_time_stats: avg=723.50ms min=16.45ms max=1430.56ms count=2
07-16 04:07:01.548  3150  3150 W profman : profman took 126.301ms
07-16 04:07:02.101  2220  2236 D Benchmark: Unstable profiles during iteration 6
07-16 04:07:02.101  2220  2236 D Benchmark: Killing package com.ton_keeper
07-16 04:07:02.101  2220  2236 D Benchmark: Killing process com.ton_keeper
07-16 04:07:02.101  2220  2236 D UiDevice: Executing shell command: killall com.ton_keeper
07-16 04:07:02.107  2220  2236 D Benchmark: Compile iteration (7) for com.ton_keeper
07-16 04:07:02.107  2220  2236 D UiDevice: Pressing home button.
07-16 04:07:02.119  1009  1009 D TaplTarget: Launcher.onNewIntent: Intent { act=android.intent.action.MAIN cat=[android.intent.category.HOME] flg=0x10400100 cmp=com.android.launcher3/.uioverrides.QuickstepLauncher (has extras) }
07-16 04:07:02.120   773   773 V ShadeControllerImpl: NotificationShadeWindow: com.android.systemui.statusbar.phone.NotificationShadeWindowView{a84488 I.E...... ......ID 0,0-1080,2400} canPanelBeCollapsed(): false
07-16 04:07:02.121  2310  2337 D SessionLifecycleClient: Sending lifecycle 2 to service
07-16 04:07:02.121  2310  2431 D SessionLifecycleService: Activity backgrounding at 85588
07-16 04:07:02.122   773   773 V ShadeControllerImpl: NotificationShadeWindow: com.android.systemui.statusbar.phone.NotificationShadeWindowView{a84488 I.E...... ......ID 0,0-1080,2400} canPanelBeCollapsed(): false
07-16 04:07:02.131   344   407 D goldfish-address-space: claimShared: Ask to claim region [0x1f0000000 0x1f09e4000]
07-16 04:07:02.133   344   407 D goldfish-address-space: claimShared: Ask to claim region [0x1f1dac000 0x1f2790000]
07-16 04:07:02.134   344   407 D goldfish-address-space: claimShared: Ask to claim region [0x1f2790000 0x1f3174000]
07-16 04:07:02.138   344   407 D goldfish-address-space: claimShared: Ask to claim region [0x1f4000000 0x1f49e4000]
07-16 04:07:02.150  1274  1424 W MediaProvider: isAppCloneUserPair for user 0: false
07-16 04:07:02.170  2310  2419 D EGL_emulation: app_time_stats: avg=860.89ms min=1.50ms max=8573.06ms count=10
07-16 04:07:02.190  2220  2236 I System.out: 0 Flags,FrameTimelineVsyncId,IntendedVsync,Vsync,InputEventId,HandleInputStart,AnimationStart,PerformTraversalsStart,DrawStart,FrameDeadline,FrameInterval,FrameStartTime,SyncQueued,SyncStart,IssueDrawCommandsStart,SwapBuffers,FrameCompleted,DequeueBufferDuration,QueueBufferDuration,GpuCompleted,SwapBuffersCompleted,DisplayPresentTime,
07-16 04:07:02.190  2220  2236 I System.out: 1 1,1440,76880762323,76897428989,0,76904165909,76904166076,76904209034,76906953368,76897428989,76904165159,16666666,76907201368,76907298868,76907327451,76916822118,76919284034,1250,161875,-1,76919284034,0,
07-16 04:07:02.190  2220  2236 I System.out: 2 0,1446,76914095655,76914095655,0,76921699659,76921699826,76921725576,76921761201,76930762321,76921699284,16666666,76921797993,76921947493,76921960743,76922143993,76925354243,1250,159292,-1,76925354243,0,
07-16 04:07:02.190  2220  2236 I System.out: 3 0,1449,76930762321,76930762321,0,76935005159,76935005368,76935051951,76935065993,76947428987,76935003784,16666666,76935182243,76936315076,76936596618,76936926159,76948908243,8598708,2077833,-1,76948908243,0,
07-16 04:07:02.190  2220  2236 I System.out: 4 0,1452,76947428987,76947428987,0,76948350618,76948350784,76948351701,76948361076,76964095653,76948350076,16666666,76948469743,76948917076,76949002576,76949415826,76966042409,14928791,50334,-1,76966042409,0,
07-16 04:07:02.190  2220  2236 I System.out: 5 0,1455,76964095653,76964095653,0,76964371326,76964371451,76964393409,76964406118,76980762319,76964370659,16666666,76964461284,76966047618,76966082743,76966305909,76982712868,15173042,66042,-1,76982712868,0,
07-16 04:07:02.190  2220  2236 I System.out: 6 0,1458,76980762319,76980762319,0,76983618743,76983618868,76983664659,76983671534,76997428985,76983618284,16666666,76983710868,76983734326,76983752701,76983940409,76998556118,12696125,96667,-1,76998556118,0,
07-16 04:07:02.190  2220  2236 I System.out: 7 0,1461,76997428985,76997428985,0,76998542451,76998542576,76998573951,76998582159,77014095651,76998541659,16666666,76998632284,76998656618,76998671201,76999001451,77015411534,15194166,227334,-1,77015411534,0,
07-16 04:07:02.190  2220  2236 I System.out: 8 0,1464,77014095651,77014095651,0,77015397701,77015397826,77015410993,77015416201,77030762317,77015397368,16666666,77015452326,77015473743,77015490743,77015678534,77033131118,15281875,36000,-1,77033131118,0,
07-16 04:07:02.190  2220  2236 I System.out: 9 0,1467,77030762317,77030762317,0,77033123034,77033123201,77033145284,77033150368,77047428983,77033122618,16666666,77033188784,77033211243,77033226618,77033417784,77052065409,16744042,37291,-1,77052065409,0,
07-16 04:07:02.190  2220  2236 I System.out: 10 0,1470,77047428983,77047428983,0,77051367618,77051367784,77051391201,77051396076,77064095649,77051367159,16666666,77051422201,77052072201,77052116326,77052340618,77065040451,11249958,40791,-1,77065040451,0,
07-16 04:07:02.190  2220  2236 I System.out: 11 0,1544,85630761973,85630761973,0,85633907205,85633907288,85633907413,85633920788,85647428639,85633906247,16666666,85634092538,85634103455,85634139080,85635119288,67653938405,2542,121500,-1,85638424538,0,
07-16 04:07:02.191  2220  2236 D Benchmark: Starting activity with command: am start  -W "intent:#Intent;action=android.intent.action.MAIN;category=android.intent.category.LAUNCHER;launchFlags=0x10008000;package=com.ton_keeper;component=com.ton_keeper/com.tonapps.tonkeeper.ui.screen.root.RootActivity;end"
07-16 04:07:02.194  1274  2549 W MediaProvider: isAppCloneUserPair for user 0: false
07-16 04:07:02.215   773   821 D SplashScreenView: Build android.window.SplashScreenView{f8b1f93 V.E...... ......ID 0,0-0,0}
07-16 04:07:02.215   773   821 D SplashScreenView: Icon: view: null drawable: null size: 0
07-16 04:07:02.215   773   821 D SplashScreenView: Branding: view: android.view.View{8d6bd0 G.ED..... ......I. 0,0-0,0 #10204a6 android:id/splashscreen_branding_view} drawable: null size w: 0 h: 0
07-16 04:07:02.221  2310  2326 W FirebaseMessaging: Failed to find package android.content.pm.PackageManager$NameNotFoundException: com.google.android.gms
07-16 04:07:02.221   327  3186 D resolv  : GetAddrInfoHandler::run: {100 100 100 983140 10105 0}
07-16 04:07:02.221   327  3186 D resolv  : resolv_getaddrinfo: explore_fqdn(): ai_family=0 ai_socktype=1 ai_protocol=6
07-16 04:07:02.221   327  3188 D resolv  : doQuery: (1, 1)
07-16 04:07:02.221   327  3188 D resolv  : res_nmkquery: (QUERY, IN, A)
07-16 04:07:02.221   327  3188 D resolv  : res_nsend
07-16 04:07:02.221   327  3188 I resolv  : resolv_cache_lookup: lookup
07-16 04:07:02.221   327  3188 I resolv  : resolv_cache_lookup: FOUND IN CACHE entry=0xb400007ae38d0490
07-16 04:07:02.221   327  3188 D resolv  : doQuery: rcode=0, ancount=3
07-16 04:07:02.221   327  3187 D resolv  : doQuery: (1, 28)
07-16 04:07:02.221   327  3187 D resolv  : res_nmkquery: (QUERY, IN, AAAA)
07-16 04:07:02.221   327  3187 D resolv  : res_nsend
07-16 04:07:02.221   327  3187 I resolv  : resolv_cache_lookup: lookup
07-16 04:07:02.221   327  3187 I resolv  : resolv_cache_lookup: FOUND IN CACHE entry=0xb400007ae38d29b0
07-16 04:07:02.221   327  3187 D resolv  : doQuery: rcode=0, ancount=3
07-16 04:07:02.222  2310  2326 W Metadata: Failed to find package android.content.pm.PackageManager$NameNotFoundException: com.google.android.gms
07-16 04:07:02.222  2310  2326 E Metadata: Google Play services missing or without correct permission.
07-16 04:07:02.223  2310  2442 W GooglePlayServicesUtil: com.ton_keeper requires the Google Play Store, but it is missing.
07-16 04:07:02.223  2310  2442 W GoogleApiManager: The service for com.google.android.gms.internal.appindex.zzv is not available: ConnectionResult{statusCode=SERVICE_INVALID, resolution=null, message=null}
07-16 04:07:02.229  2310  2337 D SessionLifecycleClient: Sending lifecycle 1 to service
07-16 04:07:02.229  2310  2431 D SessionLifecycleService: Activity foregrounding at 85697.
07-16 04:07:02.230   344   407 D goldfish-address-space: claimShared: Ask to claim region [0x1f49e4000 0x1f53c8000]
07-16 04:07:02.232   344   407 D goldfish-address-space: claimShared: Ask to claim region [0x1f53c8000 0x1f5dac000]
07-16 04:07:02.232   344   407 D goldfish-address-space: claimShared: Ask to claim region [0x1f5dac000 0x1f6790000]
07-16 04:07:02.242   344   407 D goldfish-address-space: claimShared: Ask to claim region [0x1f6790000 0x1f7174000]
07-16 04:07:02.242   344   407 D goldfish-address-space: claimShared: Ask to claim region [0x1f7174000 0x1f7b58000]
07-16 04:07:02.252   344   407 D goldfish-address-space: claimShared: Ask to claim region [0x1fddac000 0x1fe790000]
07-16 04:07:02.258   541   571 I ActivityTaskManager: Displayed com.ton_keeper/com.tonapps.tonkeeper.ui.screen.root.RootActivity: +46ms
07-16 04:07:02.280  2220  2236 D Benchmark: Result: Starting: Intent { act=android.intent.action.MAIN cat=[android.intent.category.LAUNCHER] flg=0x10008000 pkg=com.ton_keeper cmp=com.ton_keeper/com.tonapps.tonkeeper.ui.screen.root.RootActivity }
07-16 04:07:02.280  2220  2236 D Benchmark: Status: ok
07-16 04:07:02.280  2220  2236 D Benchmark: LaunchState: WARM
07-16 04:07:02.280  2220  2236 D Benchmark: Activity: com.ton_keeper/com.tonapps.tonkeeper.ui.screen.root.RootActivity
07-16 04:07:02.280  2220  2236 D Benchmark: TotalTime: 46
07-16 04:07:02.280  2220  2236 D Benchmark: WaitTime: 47
07-16 04:07:02.280  2220  2236 D Benchmark: Complete
07-16 04:07:02.294  1274  1419 W MediaProvider: isAppCloneUserPair for user 0: false
07-16 04:07:02.327  2220  2236 I System.out: 0 Flags,FrameTimelineVsyncId,IntendedVsync,Vsync,InputEventId,HandleInputStart,AnimationStart,PerformTraversalsStart,DrawStart,FrameDeadline,FrameInterval,FrameStartTime,SyncQueued,SyncStart,IssueDrawCommandsStart,SwapBuffers,FrameCompleted,DequeueBufferDuration,QueueBufferDuration,GpuCompleted,SwapBuffersCompleted,DisplayPresentTime,
07-16 04:07:02.327  2220  2236 I System.out: 1 1,1440,76880762323,76897428989,0,76904165909,76904166076,76904209034,76906953368,76897428989,76904165159,16666666,76907201368,76907298868,76907327451,76916822118,76919284034,1250,161875,-1,76919284034,0,
07-16 04:07:02.327  2220  2236 I System.out: 2 0,1446,76914095655,76914095655,0,76921699659,76921699826,76921725576,76921761201,76930762321,76921699284,16666666,76921797993,76921947493,76921960743,76922143993,76925354243,1250,159292,-1,76925354243,0,
07-16 04:07:02.327  2220  2236 I System.out: 3 0,1449,76930762321,76930762321,0,76935005159,76935005368,76935051951,76935065993,76947428987,76935003784,16666666,76935182243,76936315076,76936596618,76936926159,76948908243,8598708,2077833,-1,76948908243,0,
07-16 04:07:02.327  2220  2236 I System.out: 4 0,1452,76947428987,76947428987,0,76948350618,76948350784,76948351701,76948361076,76964095653,76948350076,16666666,76948469743,76948917076,76949002576,76949415826,76966042409,14928791,50334,-1,76966042409,0,
07-16 04:07:02.327  2220  2236 I System.out: 5 0,1455,76964095653,76964095653,0,76964371326,76964371451,76964393409,76964406118,76980762319,76964370659,16666666,76964461284,76966047618,76966082743,76966305909,76982712868,15173042,66042,-1,76982712868,0,
07-16 04:07:02.327  2220  2236 I System.out: 6 0,1458,76980762319,76980762319,0,76983618743,76983618868,76983664659,76983671534,76997428985,76983618284,16666666,76983710868,76983734326,76983752701,76983940409,76998556118,12696125,96667,-1,76998556118,0,
07-16 04:07:02.327  2220  2236 I System.out: 7 0,1461,76997428985,76997428985,0,76998542451,76998542576,76998573951,76998582159,77014095651,76998541659,16666666,76998632284,76998656618,76998671201,76999001451,77015411534,15194166,227334,-1,77015411534,0,
07-16 04:07:02.327  2220  2236 I System.out: 8 0,1464,77014095651,77014095651,0,77015397701,77015397826,77015410993,77015416201,77030762317,77015397368,16666666,77015452326,77015473743,77015490743,77015678534,77033131118,15281875,36000,-1,77033131118,0,
07-16 04:07:02.327  2220  2236 I System.out: 9 0,1467,77030762317,77030762317,0,77033123034,77033123201,77033145284,77033150368,77047428983,77033122618,16666666,77033188784,77033211243,77033226618,77033417784,77052065409,16744042,37291,-1,77052065409,0,
07-16 04:07:02.327  2220  2236 I System.out: 10 0,1470,77047428983,77047428983,0,77051367618,77051367784,77051391201,77051396076,77064095649,77051367159,16666666,77051422201,77052072201,77052116326,77052340618,77065040451,11249958,40791,-1,77065040451,0,
07-16 04:07:02.327  2220  2236 I System.out: 11 0,1544,85630761973,85630761973,0,85633907205,85633907288,85633907413,85633920788,85647428639,85633906247,16666666,85634092538,85634103455,85634139080,85635119288,85638424538,2542,121500,-1,85638424538,0,
07-16 04:07:02.327  2220  2236 I System.out: 12 0,1547,85647428639,85647428639,0,85648145497,85648145622,85648164080,85648171247,85664095305,85648144997,16666666,85648220497,85648234788,85648244705,85649957413,85651267997,1375,309834,-1,85651267997,0,
07-16 04:07:02.327  2220  2236 I System.out: 13 0,1550,85664095305,85664095305,0,85664593788,85664593913,85664613872,85664620747,85680761971,85664593205,16666666,85664666830,85664673913,85664684455,85664960622,85667003997,1208,105667,-1,85667003997,0,
07-16 04:07:02.327  2220  2236 I System.out: 14 0,1553,85680761971,85680761971,0,85680858830,85680858955,85680876372,85680883163,85697428637,85680858247,16666666,85680918288,85680928455,85680937997,85681193247,85683203872,1500,46500,-1,85683203872,0,
07-16 04:07:02.327  2220  2236 I System.out: 15 1,1556,85697428637,85697428637,0,85706468247,85706468413,85706489372,85724792580,85714095303,85706467622,16666666,85724853955,85724965955,85724983288,85725161955,85726960163,2416,113750,-1,85726960163,0,
07-16 04:07:02.327  2220  2236 I System.out: 16 0,1559,85714095303,85714095303,0,85727174955,85727175247,85727205705,85727641955,85730761969,85727174163,16666666,85727666538,85729061663,85729371080,85729529288,85735432080,1584042,3098542,-1,85735432080,0,
07-16 04:07:02.327  2220  2236 I System.out: 17 0,1562,85730761969,85730761969,0,85733706455,85733707080,85733746122,85733758372,85747428635,85733705413,16666666,85733816372,85735435288,85735455747,85735636330,85750062538,12951250,52875,-1,85750062538,0,
07-16 04:07:02.328  2220  2236 I System.out: 0 Flags,FrameTimelineVsyncId,IntendedVsync,Vsync,InputEventId,HandleInputStart,AnimationStart,PerformTraversalsStart,DrawStart,FrameDeadline,FrameInterval,FrameStartTime,SyncQueued,SyncStart,IssueDrawCommandsStart,SwapBuffers,FrameCompleted,DequeueBufferDuration,QueueBufferDuration,GpuCompleted,SwapBuffersCompleted,DisplayPresentTime,
07-16 04:07:02.328  2220  2236 I System.out: 1 1,1556,85697428637,85697428637,0,85706468247,85706468413,85706489372,85710350913,85714095303,85706467622,16666666,85710663955,85711011872,85711033205,85721934997,85724334538,2041,210792,-1,85724334538,1384990768460338361,
07-16 04:07:02.328  2220  2236 I System.out: 2 0,1559,85714095303,85714095303,0,85727174955,85727175247,85727205705,85727416622,85730761969,85727174163,16666666,85727460705,85727588997,85727607580,85727773705,85729025872,1584,131000,-1,85729025872,1385948790657122304,
07-16 04:07:02.328  2220  2236 I System.out: 3 0,1562,85730761969,85730761969,0,85733706455,85733707080,85733746122,85735480413,85747428635,85733705413,16666666,85735522622,85750119622,85750426830,85750652663,85753278872,2000,1430125,-1,85753278872,1378679202348041816,
07-16 04:07:02.328  2220  2236 I System.out: 4 0,1565,85747428635,85747428635,0,85752679497,85752679622,85752680538,85752687663,85764095301,85752679247,16666666,85752759955,85753282788,85753295872,85753563205,85765571163,9219125,1645542,-1,85765571163,1361828065661375991,
07-16 04:07:02.328  2220  2236 I System.out: 5 0,1568,85764095301,85764095301,0,85764565455,85764565622,85764589538,85764605747,85780761967,85764564872,16666666,85764679038,85765576663,85765709997,85765916372,68198439072,14974500,63666,-1,85781856538,326435241,
07-16 04:07:02.534   541  1596 W InputManager-JNI: Input channel object '1755c32 Splash Screen com.ton_keeper (client)' was disposed without first being removed with the input manager!
07-16 04:07:02.541   541  1542 W InputManager-JNI: Input channel object '5c0d9e3 com.ton_keeper/com.tonapps.tonkeeper.ui.screen.root.RootActivity (client)' was disposed without first being removed with the input manager!
07-16 04:07:02.584  1009  1642 W FrameTracker: Missed App frame:16
07-16 04:07:02.584  1009  1642 W FrameTracker: Missed App frame:16
07-16 04:07:02.584  1009  1642 W FrameTracker: Missed SF frame:32
07-16 04:07:02.584  1009  1642 W FrameTracker: Missed App frame:16
07-16 04:07:02.584  1009  1642 W FrameTracker: Missed App frame:16
07-16 04:07:02.584  1009  1642 W FrameTracker: Missed App frame:16
07-16 04:07:02.584  1009  1642 W FrameTracker: Missed App frame:16
07-16 04:07:02.584  1009  1642 W FrameTracker: Missed App frame:16
07-16 04:07:02.584  1009  1642 W FrameTracker: Missed App frame:16
07-16 04:07:02.584  1009  1642 W FrameTracker: Missed App frame:16
07-16 04:07:02.584  1009  1642 W FrameTracker: Missed SF frame:32
07-16 04:07:02.584  1009  1642 W FrameTracker: Missed SF frame:32
07-16 04:07:02.584  1009  1642 W FrameTracker: Missed App frame:16
07-16 04:07:02.584  1009  1642 W FrameTracker: Missed SF frame:32
07-16 04:07:02.584  1009  1642 W FrameTracker: Missed SF frame:32
07-16 04:07:02.584  1009  1642 W FrameTracker: Missed App frame:16
07-16 04:07:02.584  1009  1642 W FrameTracker: Missed SF frame:32
07-16 04:07:02.584  1009  1642 W FrameTracker: Missed SF frame:32
07-16 04:07:02.584  1009  1642 W FrameTracker: Missed SF frame:32
07-16 04:07:02.584  1009  1642 W FrameTracker: Missed App frame:16
07-16 04:07:02.584  1009  1642 W FrameTracker: Missing SF jank callback for vsyncId: 1604
07-16 04:07:02.584  1009  1642 V PerfettoTrigger: Not triggering com.android.telemetry.interaction-jank-monitor-9 - not enough time since last trigger
07-16 04:07:07.330  2220  2236 D Benchmark: Profile Installer - Save Profile
07-16 04:07:07.354  2310  2310 I Process : Sending signal. PID: 2310 SIG: 10
07-16 04:07:07.354  2310  2310 D ProfileInstaller: 
07-16 04:07:07.354  2310  2313 I com.ton_keeper: Thread[4,tid=2313,WaitingInMainSignalCatcherLoop,Thread*=0xb400006e94e64c50,peer=0x133c61c8,"Signal Catcher"]: reacting to signal 10
07-16 04:07:07.354  2310  2313 I com.ton_keeper: 
07-16 04:07:07.354  2310  2313 I com.ton_keeper: SIGUSR1 forcing GC (no HPROF) and profile save
07-16 04:07:07.366  2310  2313 I com.ton_keeper: Explicit concurrent copying GC freed 20116(1167KB) AllocSpace objects, 7(204KB) LOS objects, 49% free, 6803KB/13MB, paused 22us total 11.508ms
07-16 04:07:07.368  2310  2319 W System  : A resource failed to call end. 
07-16 04:07:07.859  2220  2236 D Benchmark: Killing process com.ton_keeper
07-16 04:07:07.860  2220  2236 D UiDevice: Executing shell command: killall com.ton_keeper
07-16 04:07:07.883  1274  1424 W MediaProvider: isAppCloneUserPair for user 0: false
07-16 04:07:07.912   541  1542 I PackageDexOptimizer: Running dexopt (dexoptNeeded=-3) on: /data/app/~~TFZlCBPkwKZzKeD5e13JBQ==/com.ton_keeper-zXUBPG3L-fr_WjSodJ3qqw==/base.apk pkg=com.ton_keeper isa=arm64 dexoptFlags=boot_complete,profile_guided,force,enable_hidden_api_checks targetFilter=speed-profile oatDir=/data/app/~~TFZlCBPkwKZzKeD5e13JBQ==/com.ton_keeper-zXUBPG3L-fr_WjSodJ3qqw==/oat classLoaderContext=PCL[]{}
07-16 04:07:07.913   425   556 V installd: DexInv: --- BEGIN '/data/app/~~TFZlCBPkwKZzKeD5e13JBQ==/com.ton_keeper-zXUBPG3L-fr_WjSodJ3qqw==/base.apk' ---
07-16 04:07:07.913   425   556 V installd: Running /apex/com.android.art/bin/dex2oat64 in=base.apk out=/data/app/~~TFZlCBPkwKZzKeD5e13JBQ==/com.ton_keeper-zXUBPG3L-fr_WjSodJ3qqw==/oat/arm64/base.odex
07-16 04:07:07.923  3230  3230 W dex2oat64: Mismatch between dex2oat instruction set features to use (ISA: Arm64 Feature string: a53,crc,-lse,-fp16,-dotprod,-sve) and those from CPP defines (ISA: Arm64 Feature string: -a53,-crc,-lse,-fp16,-dotprod,-sve) for the command line:
07-16 04:07:07.923  3230  3230 W dex2oat64: /apex/com.android.art/bin/dex2oat64 --zip-fd=7 --zip-location=base.apk --oat-fd=8 --oat-location=/data/app/~~TFZlCBPkwKZzKeD5e13JBQ==/com.ton_keeper-zXUBPG3L-fr_WjSodJ3qqw==/oat/arm64/base.odex --input-vdex-fd=9 --output-vdex-fd=10 --app-image-fd=13 --image-format=lz4 --profile-file-fd=12 --swap-fd=11 --classpath-dir=/data/app/~~TFZlCBPkwKZzKeD5e13JBQ==/com.ton_keeper-zXUBPG3L-fr_WjSodJ3qqw== --class-loader-context=PCL[]{} --instruction-set=arm64 --instruction-set-features=default --instruction-set-variant=generic --compiler-filter=speed-profile --compilation-reason=cmdline --max-image-block-size=524288 --resolve-startup-const-strings=true --generate-mini-debug-info --runtime-arg -Xtarget-sdk-version:34 --runtime-arg -Xhidden-api-policy:enabled --runtime-arg -Xms64m --runtime-arg -Xmx512m
07-16 04:07:07.925  3230  3230 I dex2oat64: /apex/com.android.art/bin/dex2oat64 --input-vdex-fd=9 --output-vdex-fd=10 --profile-file-fd=12 --classpath-dir=/data/app/~~TFZlCBPkwKZzKeD5e13JBQ==/com.ton_keeper-zXUBPG3L-fr_WjSodJ3qqw== --class-loader-context=PCL[]{} --compiler-filter=speed-profile --compilation-reason=cmdline --max-image-block-size=524288 --resolve-startup-const-strings=true --generate-mini-debug-info
07-16 04:07:09.048  3230  3230 W dex2oat64: Accessing hidden method Landroid/icu/text/DateFormat$HourCycle;->values()[Landroid/icu/text/DateFormat$HourCycle; (blocked, linking, denied)
07-16 04:07:09.048  3230  3230 W dex2oat64: Accessing hidden field Landroid/icu/text/DateFormat$HourCycle;->HOUR_CYCLE_11:Landroid/icu/text/DateFormat$HourCycle; (blocked, linking, denied)
07-16 04:07:09.048  3230  3230 W dex2oat64: Accessing hidden field Landroid/icu/text/DateFormat$HourCycle;->HOUR_CYCLE_12:Landroid/icu/text/DateFormat$HourCycle; (blocked, linking, denied)
07-16 04:07:09.048  3230  3230 W dex2oat64: Accessing hidden field Landroid/icu/text/DateFormat$HourCycle;->HOUR_CYCLE_23:Landroid/icu/text/DateFormat$HourCycle; (blocked, linking, denied)
07-16 04:07:09.048  3230  3230 W dex2oat64: Accessing hidden field Landroid/icu/text/DateFormat$HourCycle;->HOUR_CYCLE_24:Landroid/icu/text/DateFormat$HourCycle; (blocked, linking, denied)
07-16 04:07:09.048  3230  3232 W dex2oat64: Accessing hidden method Landroid/icu/text/DateTimePatternGenerator;->getDefaultHourCycle()Landroid/icu/text/DateFormat$HourCycle; (blocked, linking, denied)
07-16 04:07:09.048  3230  3232 W dex2oat64: Accessing hidden method Landroid/icu/number/NumberFormatterSettings;->usage(Ljava/lang/String;)Landroid/icu/number/NumberFormatterSettings; (blocked, linking, denied)
07-16 04:07:09.048  3230  3232 W dex2oat64: Accessing hidden method Landroid/icu/number/FormattedNumber;->getOutputUnit()Landroid/icu/util/MeasureUnit; (blocked, linking, denied)
07-16 04:07:09.048  3230  3232 W dex2oat64: Accessing hidden method Landroid/icu/util/MeasureUnit;->getIdentifier()Ljava/lang/String; (blocked, linking, denied)
07-16 04:07:09.664   327  1479 D resolv  :  Calling SSL_connect with mark 0xf0064
07-16 04:07:09.664   327  1479 D resolv  :  SSL_connect returned -1 with mark 0xf0064
07-16 04:07:09.664   327  1479 W resolv  : SSL_connect ssl error =5, mark 0xf0064: Connection refused
07-16 04:07:09.664   327  1479 W resolv  : TLS Handshake failed
07-16 04:07:09.664   327  1479 D resolv  : Initialization failed.
07-16 04:07:09.664   327  1479 D resolv  : Destructor
07-16 04:07:09.664   327  1479 D resolv  : Destructor completed
07-16 04:07:09.665   327  1479 D resolv  : Failing all pending queries.
07-16 04:07:09.665   327  1479 W resolv  : query failed
07-16 04:07:09.665   327  1479 D resolv  : Destructor
07-16 04:07:09.665   327  1479 D resolv  : Locked destruction procedure
07-16 04:07:09.665   327  1479 D resolv  : Destructor completed
07-16 04:07:09.665   327  1479 W resolv  : validateDnsTlsServer returned 0 for 10.0.2.3
07-16 04:07:09.665   327  1479 D resolv  : Sending validation failure event on netId 100 for 10.0.2.3 with hostname {}
07-16 04:07:09.665   327  1479 W resolv  : Validation failed
07-16 04:07:09.812  3230  3230 I dex2oat64: Explicit concurrent copying GC freed 134924(24MB) AllocSpace objects, 0(0B) LOS objects, 49% free, 1783KB/3566KB, paused 10us total 3.297ms
07-16 04:07:09.968  3230  3230 I dex2oat64: dex2oat took 2.045s (2.783s cpu) (threads: 2) arena alloc=6502KB (6658768B) java alloc=1799KB (1842296B) native alloc=27MB (28497408B) free=95MB (100476512B)
07-16 04:07:09.977   425   556 V installd: DexInv: --- END '/data/app/~~TFZlCBPkwKZzKeD5e13JBQ==/com.ton_keeper-zXUBPG3L-fr_WjSodJ3qqw==/base.apk' (success) ---
07-16 04:07:09.995  2220  2236 D Benchmark: Reference profile location: /data/misc/profiles/ref/com.ton_keeper/primary.prof
07-16 04:07:09.996  1274  2395 W MediaProvider: isAppCloneUserPair for user 0: false
07-16 04:07:10.018  2220  2236 D Benchmark: APK Path: /data/app/~~TFZlCBPkwKZzKeD5e13JBQ==/com.ton_keeper-zXUBPG3L-fr_WjSodJ3qqw==/base.apk
07-16 04:07:10.018  2220  2236 D Benchmark: Converting to human readable profile format
07-16 04:07:10.018  2220  2236 D Benchmark: Using profile location: /data/misc/profiles/ref/com.ton_keeper/primary.prof
07-16 04:07:10.020  1274  2549 W MediaProvider: isAppCloneUserPair for user 0: false
07-16 04:07:10.159  3258  3258 W profman : profman took 127.350ms
07-16 04:07:10.174  2220  2236 D Benchmark: Using profile location: /data/misc/profiles/cur/0/com.ton_keeper/primary.prof
07-16 04:07:10.175  1274  1419 W MediaProvider: isAppCloneUserPair for user 0: false
07-16 04:07:10.309  3269  3269 W profman : profman took 123.530ms
07-16 04:07:10.862  2220  2236 D Benchmark: Unstable profiles during iteration 7
07-16 04:07:10.862  2220  2236 D Benchmark: Killing package com.ton_keeper
07-16 04:07:10.862  2220  2236 D Benchmark: Killing process com.ton_keeper
07-16 04:07:10.862  2220  2236 D UiDevice: Executing shell command: killall com.ton_keeper
07-16 04:07:10.867  2220  2236 D Benchmark: Compile iteration (8) for com.ton_keeper
07-16 04:07:10.868  2220  2236 D UiDevice: Pressing home button.
07-16 04:07:10.885   773   773 V ShadeControllerImpl: NotificationShadeWindow: com.android.systemui.statusbar.phone.NotificationShadeWindowView{a84488 I.E...... ......ID 0,0-1080,2400} canPanelBeCollapsed(): false
07-16 04:07:10.886  1009  1009 D TaplTarget: Launcher.onNewIntent: Intent { act=android.intent.action.MAIN cat=[android.intent.category.HOME] flg=0x10400100 cmp=com.android.launcher3/.uioverrides.QuickstepLauncher (has extras) }
07-16 04:07:10.888  2310  2347 D SessionLifecycleClient: Sending lifecycle 2 to service
07-16 04:07:10.888  2310  2431 D SessionLifecycleService: Activity backgrounding at 94356
07-16 04:07:10.889   773   773 V ShadeControllerImpl: NotificationShadeWindow: com.android.systemui.statusbar.phone.NotificationShadeWindowView{a84488 I.E...... ......ID 0,0-1080,2400} canPanelBeCollapsed(): false
07-16 04:07:10.900   344   407 D goldfish-address-space: claimShared: Ask to claim region [0x1f0000000 0x1f09e4000]
07-16 04:07:10.902   344   407 D goldfish-address-space: claimShared: Ask to claim region [0x1f09e4000 0x1f13c8000]
07-16 04:07:10.902   344   407 D goldfish-address-space: claimShared: Ask to claim region [0x1f13c8000 0x1f1dac000]
07-16 04:07:10.907   344   407 D goldfish-address-space: claimShared: Ask to claim region [0x1f1dac000 0x1f2790000]
07-16 04:07:10.934  2310  2419 D EGL_emulation: app_time_stats: avg=857.84ms min=1.18ms max=8536.95ms count=10
07-16 04:07:11.326  1274  1424 W MediaProvider: isAppCloneUserPair for user 0: false
07-16 04:07:11.351  2220  2236 I System.out: 0 Flags,FrameTimelineVsyncId,IntendedVsync,Vsync,InputEventId,HandleInputStart,AnimationStart,PerformTraversalsStart,DrawStart,FrameDeadline,FrameInterval,FrameStartTime,SyncQueued,SyncStart,IssueDrawCommandsStart,SwapBuffers,FrameCompleted,DequeueBufferDuration,QueueBufferDuration,GpuCompleted,SwapBuffersCompleted,DisplayPresentTime,
07-16 04:07:11.351  2220  2236 I System.out: 1 1,1556,85697428637,85697428637,0,85706468247,85706468413,85706489372,85710350913,85714095303,85706467622,16666666,85710663955,85711011872,85711033205,85721934997,85724334538,2041,210792,-1,85724334538,1384990768460338361,
07-16 04:07:11.351  2220  2236 I System.out: 2 0,1559,85714095303,85714095303,0,85727174955,85727175247,85727205705,85727416622,85730761969,85727174163,16666666,85727460705,85727588997,85727607580,85727773705,85729025872,1584,131000,-1,85729025872,1385948790657122304,
07-16 04:07:11.351  2220  2236 I System.out: 3 0,1562,85730761969,85730761969,0,85733706455,85733707080,85733746122,85735480413,85747428635,85733705413,16666666,85735522622,85750119622,85750426830,85750652663,85753278872,2000,1430125,-1,85753278872,1378679202348041816,
07-16 04:07:11.351  2220  2236 I System.out: 4 0,1565,85747428635,85747428635,0,85752679497,85752679622,85752680538,85752687663,85764095301,85752679247,16666666,85752759955,85753282788,85753295872,85753563205,85765571163,9219125,1645542,-1,85765571163,1361828065661375991,
07-16 04:07:11.351  2220  2236 I System.out: 5 0,1568,85764095301,85764095301,0,85764565455,85764565622,85764589538,85764605747,85780761967,85764564872,16666666,85764679038,85765576663,85765709997,85765916372,85781856538,14974500,63666,-1,85781856538,326435241,
07-16 04:07:11.351  2220  2236 I System.out: 6 0,1571,85780761967,85780761967,0,85782599788,85782599955,85782647872,85782655330,85797428633,85782598913,16666666,85782704830,85782709372,85782724163,85782933247,85798593122,14637667,111042,-1,85798593122,1415398247864641848,
07-16 04:07:11.351  2220  2236 I System.out: 7 0,1574,85797428633,85797428633,0,85797817163,85797817288,85797854663,85797872288,85814095299,85797815163,16666666,85797940247,85798597122,85798623455,85798816497,85815114705,15343667,107791,-1,85815114705,1389243129679036677,
07-16 04:07:11.351  2220  2236 I System.out: 8 0,1577,85814095299,85814095299,0,85814299830,85814299955,85814312455,85814317747,85830761965,85814299580,16666666,85814349205,85815117538,85815139330,85815415497,85831919205,15067500,38500,-1,85831919205,1431317574204062134,
07-16 04:07:11.351  2220  2236 I System.out: 9 0,1580,85830761965,85830761965,0,85831797830,85831798038,85831820455,85831828455,85847428631,85831796872,16666666,85831868288,85831922247,85831941038,85832282038,85848776830,15447292,114958,-1,85848776830,1423994646377091408,
07-16 04:07:11.351  2220  2236 I System.out: 10 0,1583,85847428631,85847428631,0,85848645413,85848645622,85848672955,85848684455,85864095297,85848644913,16666666,85848729538,85848781163,85848801913,85849033663,85865007580,14493708,148375,-1,85865007580,1366581636363190272,
07-16 04:07:11.351  2220  2236 I System.out: 11 0,1649,94397428289,94397428289,0,94397833751,94397833876,94397833959,94397849626,94414094955,94397833168,16666666,94397963668,94397971918,94397991834,94399153334,94402033209,2667,92750,-1,94402033209,1367069033869408665,
07-16 04:07:11.351  2220  2236 I System.out: 12 0,1652,94414094955,94414094955,0,94414486501,94414486626,94414530084,94414547543,94430761621,94414486001,16666666,94414622751,94415178084,94415201418,94415501251,94417063626,708,39791,-1,94417063626,1384268647025163496,
07-16 04:07:11.351  2220  2236 I System.out: 13 0,1655,94430761621,94430761621,0,94431830334,94431830418,94431870084,94431877668,94447428287,94431829959,16666666,94431941793,94432476584,94432486043,94432715459,94434428501,833,38542,-1,94434428501,321092820,
07-16 04:07:11.351  2220  2236 I System.out: 14 0,1657,94447428287,94447428287,0,94447553209,94447553334,94447567168,94447573126,94464094953,94447552876,16666666,94447603543,94448229001,94448241209,94448521376,94449945709,1083,46625,-1,94449945709,1381798387988782097,
07-16 04:07:11.351  2220  2236 I System.out: 15 0,1659,94464094953,94464094953,0,94464326959,94464327168,94464348793,94464354334,94480761619,94464326418,16666666,94464381793,94464394626,94464405668,94464712001,94466262501,958,73750,-1,94466262501,1401689983558883372,
07-16 04:07:11.351  2220  2236 I System.out: 16 0,1661,94480761619,94480761619,0,94482815543,94482815668,94482901168,94482907626,94497428285,94482815209,16666666,94482941709,94482956334,94482975418,94483304168,94485305334,1250,69459,-1,94485305334,1379174042388398080,
07-16 04:07:11.351  2220  2236 I System.out: 17 0,1663,94497428285,94497428285,0,94498053959,94498054084,94498075376,94498080834,94514094951,94498048501,16666666,94498113293,94498121584,94498148501,94498430709,94499895418,1042,56417,-1,94499895418,1384031276738019328,
07-16 04:07:11.351  2220  2236 D Benchmark: Starting activity with command: am start  -W "intent:#Intent;action=android.intent.action.MAIN;category=android.intent.category.LAUNCHER;launchFlags=0x10008000;package=com.ton_keeper;component=com.ton_keeper/com.tonapps.tonkeeper.ui.screen.root.RootActivity;end"
07-16 04:07:11.353  1274  1424 W MediaProvider: isAppCloneUserPair for user 0: false
07-16 04:07:11.368   773   821 D SplashScreenView: Build android.window.SplashScreenView{4df89a6 V.E...... ......ID 0,0-0,0}
07-16 04:07:11.368   773   821 D SplashScreenView: Icon: view: null drawable: null size: 0
07-16 04:07:11.368   773   821 D SplashScreenView: Branding: view: android.view.View{b825fe7 G.ED..... ......I. 0,0-0,0 #10204a6 android:id/splashscreen_branding_view} drawable: null size w: 0 h: 0
07-16 04:07:11.372   541  2850 W InputManager-JNI: Input channel object 'a019edf com.ton_keeper/com.tonapps.tonkeeper.ui.screen.root.RootActivity (client)' was disposed without first being removed with the input manager!
07-16 04:07:11.375  2310  2326 W FirebaseMessaging: Failed to find package android.content.pm.PackageManager$NameNotFoundException: com.google.android.gms
07-16 04:07:11.376  2310  2326 W Metadata: Failed to find package android.content.pm.PackageManager$NameNotFoundException: com.google.android.gms
