07-16 04:06:35.578  2220  2236 I System.out: 5 0,1087,50297430053,50297430053,0,50298132313,50298132688,50298173188,50298191730,50314096719,50298130897,16666666,50298296855,50299150897,50299184438,50299508438,50315894647,15507417,57208,-1,50315894647,326435241,
07-16 04:06:35.578  2220  2236 I System.out: 6 0,1090,50314096719,50314096719,0,50316713855,50316713980,50316737230,50316743272,50330763385,50316713355,16666666,50316787730,50316792147,50316806480,50317080272,50331687563,13718583,81667,-1,50331687563,1415398247864641848,
07-16 04:06:35.578  2220  2236 I System.out: 7 0,1093,50330763385,50330763385,0,50330960022,50330960188,50330977022,50330984480,50347430051,50330959313,16666666,50331020855,50331691313,50331710605,50331906730,50348772397,15713750,104000,-1,50348772397,1389243129679036677,
07-16 04:06:35.578  2220  2236 I System.out: 8 0,1096,50347430051,50347430051,0,50348151563,50348151688,50348173813,50348183980,50364096717,50348151230,16666666,50348239938,50348774980,50348791355,50348990105,50365123355,14323459,55667,-1,50365123355,1431317574204062134,
07-16 04:06:35.578  2220  2236 I System.out: 9 0,1099,50364096717,50364096717,0,50364544730,50364544897,50364561688,50364579147,50380763383,50364544355,16666666,50364606230,50365126605,50365140272,50365391397,50382606730,15755500,121875,-1,50382606730,1423994646377091408,
07-16 04:06:35.578  2220  2236 I System.out: 10 0,1102,50380763383,50380763383,0,50381970897,50381971022,50381987480,50381991980,50397430049,50381970563,16666666,50382031730,50382609813,50382625313,50382875022,50398382188,14029041,117042,-1,50398382188,1366581636363190272,
07-16 04:06:35.578  2220  2236 I System.out: 11 0,1168,58880763043,58880763043,0,58880935734,58880935901,58880936067,58880949692,58897429709,58880934817,16666666,58881052109,58881602901,58881627026,58882467151,58887554359,2208,93459,-1,58887554359,1367069033869408665,
07-16 04:06:35.578  2220  2236 I System.out: 12 0,1171,58897429709,58897429709,0,58897678026,58897678317,58897729692,58897754151,58914096375,58897676817,16666666,58897821526,58897939984,58897962984,58898228526,58901173317,39916,1588500,-1,58901173317,1384268647025163496,
07-16 04:06:35.578  2220  2236 I System.out: 13 0,1174,58914096375,58914096375,0,58915143276,58915143401,58915161151,58915167192,58930763041,58915142734,16666666,58915213651,58916568067,58916583192,58916781776,58918055651,18667,117375,-1,58918055651,321092820,
07-16 04:06:35.578  2220  2236 I System.out: 14 0,1176,58930763041,58930763041,0,58930954401,58930954567,58930970817,58930975151,58947429707,58930953984,16666666,58931010151,58931092192,58931107609,58931434067,58934185401,41708,1488250,-1,58934185401,1381798387988782097,
07-16 04:06:35.578  2220  2236 I System.out: 15 1,1179,58947429707,58947429707,0,58963495817,58963496026,58963691192,58984196109,58964096373,58963495067,16666666,58984258692,58984322609,58984823776,58985927026,58987224609,1084,109125,-1,58987224609,1401689983558883372,
07-16 04:06:35.578  2220  2236 I System.out: 16 0,1185,58980763039,58980763039,0,58987269734,58987269901,58987329651,58987585942,58997429705,58987269401,16666666,58987601567,58989027817,58989290234,58989802276,58998396401,7411333,97000,-1,58998396401,1379174042388398080,
07-16 04:06:35.578  2220  2236 I System.out: 0 Flags,FrameTimelineVsyncId,IntendedVsync,Vsync,InputEventId,HandleInputStart,AnimationStart,PerformTraversalsStart,DrawStart,FrameDeadline,FrameInterval,FrameStartTime,SyncQueued,SyncStart,IssueDrawCommandsStart,SwapBuffers,FrameCompleted,DequeueBufferDuration,QueueBufferDuration,GpuCompleted,SwapBuffersCompleted,DisplayPresentTime,
07-16 04:06:35.578  2220  2236 I System.out: 1 1,1179,58947429707,58947429707,0,58963495817,58963496026,58963691192,58969479776,58964096373,58963495067,16666666,58969894526,58969980651,58970012984,58981591401,58983970734,1750,120167,-1,58983970734,0,
07-16 04:06:35.578  2220  2236 I System.out: 2 0,1185,58980763039,58980763039,0,58987269734,58987269901,58987329651,58987474901,58997429705,58987269401,16666666,58987505692,58987557234,58987604651,58987791026,58988993692,1000,172208,-1,58988993692,0,
07-16 04:06:35.578  2220  2236 I System.out: 3 0,1188,58997429705,58997429705,0,58998214151,58998214317,58998232526,58998238567,59014096371,58998213734,16666666,58998285401,58998427776,58998469859,58998739567,59015407984,11943375,253083,-1,59015407984,0,
07-16 04:06:35.578  2220  2236 I System.out: 4 0,1191,59014096371,59014096371,0,59014630692,59014630859,59014631901,59014644651,59030763037,59014629776,16666666,59014732984,59015412442,59015530317,59015732567,0,15940666,58708,0,59032591026,0,
07-16 04:06:35.790   541   990 W InputManager-JNI: Input channel object '48e183c com.ton_keeper/com.tonapps.tonkeeper.ui.screen.root.RootActivity (client)' was disposed without first being removed with the input manager!
07-16 04:06:35.802   541   990 W InputManager-JNI: Input channel object '1a529eb Splash Screen com.ton_keeper (client)' was disposed without first being removed with the input manager!
07-16 04:06:35.820  1009  1642 W FrameTracker: Missed App frame:16
07-16 04:06:35.820  1009  1642 W FrameTracker: Missed SF frame:32
07-16 04:06:35.820  1009  1642 W FrameTracker: Missed App frame:16
07-16 04:06:35.820  1009  1642 W FrameTracker: Missed App frame:16
07-16 04:06:35.820  1009  1642 W FrameTracker: Missed App frame:16
07-16 04:06:35.820  1009  1642 W FrameTracker: Missed App frame:16
07-16 04:06:35.820  1009  1642 W FrameTracker: Missed SF frame:32
07-16 04:06:35.820  1009  1642 W FrameTracker: Missed App frame:16
07-16 04:06:35.820  1009  1642 W FrameTracker: Missed App frame:16
07-16 04:06:35.820  1009  1642 W FrameTracker: Missed SF frame:32
07-16 04:06:35.820  1009  1642 W FrameTracker: Missed SF frame:32
07-16 04:06:35.820  1009  1642 W FrameTracker: Missed SF frame:32
07-16 04:06:35.820  1009  1642 W FrameTracker: Missed App frame:16
07-16 04:06:35.820  1009  1642 W FrameTracker: Missed App frame:16
07-16 04:06:35.820  1009  1642 W FrameTracker: Missed SF frame:32
07-16 04:06:35.820  1009  1642 W FrameTracker: Missed SF frame:32
07-16 04:06:35.820  1009  1642 W FrameTracker: Missed App frame:16
07-16 04:06:35.820  1009  1642 W FrameTracker: Missed SF frame:32
07-16 04:06:35.820  1009  1642 W FrameTracker: Missed App frame:16
07-16 04:06:35.820  1009  1642 W FrameTracker: Missed App frame:16
07-16 04:06:35.820  1009  1642 W FrameTracker: Missing SF jank callback for vsyncId: 1227
07-16 04:06:35.820  1009  1642 V PerfettoTrigger: Not triggering com.android.telemetry.interaction-jank-monitor-9 - not enough time since last trigger
07-16 04:06:40.582  2220  2236 D Benchmark: Profile Installer - Save Profile
07-16 04:06:40.606  2310  2310 I Process : Sending signal. PID: 2310 SIG: 10
07-16 04:06:40.606  2310  2313 I com.ton_keeper: Thread[4,tid=2313,WaitingInMainSignalCatcherLoop,Thread*=0xb400006e94e64c50,peer=0x13385b00,"Signal Catcher"]: reacting to signal 10
07-16 04:06:40.606  2310  2313 I com.ton_keeper: 
07-16 04:06:40.606  2310  2313 I com.ton_keeper: SIGUSR1 forcing GC (no HPROF) and profile save
07-16 04:06:40.607  2310  2310 D ProfileInstaller: 
07-16 04:06:40.619  2310  2313 I com.ton_keeper: Explicit concurrent copying GC freed 20018(1180KB) AllocSpace objects, 9(308KB) LOS objects, 49% free, 6682KB/13MB, paused 20us total 12.652ms
07-16 04:06:40.621  2310  2319 W System  : A resource failed to call end. 
07-16 04:06:41.114  2220  2236 D Benchmark: Killing process com.ton_keeper
07-16 04:06:41.114  2220  2236 D UiDevice: Executing shell command: killall com.ton_keeper
07-16 04:06:41.134  1274  2549 W MediaProvider: isAppCloneUserPair for user 0: false
07-16 04:06:41.166   541  2850 I PackageDexOptimizer: Running dexopt (dexoptNeeded=-3) on: /data/app/~~TFZlCBPkwKZzKeD5e13JBQ==/com.ton_keeper-zXUBPG3L-fr_WjSodJ3qqw==/base.apk pkg=com.ton_keeper isa=arm64 dexoptFlags=boot_complete,profile_guided,force,enable_hidden_api_checks targetFilter=speed-profile oatDir=/data/app/~~TFZlCBPkwKZzKeD5e13JBQ==/com.ton_keeper-zXUBPG3L-fr_WjSodJ3qqw==/oat classLoaderContext=PCL[]{}
07-16 04:06:41.168   425   556 V installd: DexInv: --- BEGIN '/data/app/~~TFZlCBPkwKZzKeD5e13JBQ==/com.ton_keeper-zXUBPG3L-fr_WjSodJ3qqw==/base.apk' ---
07-16 04:06:41.168   425   556 V installd: Running /apex/com.android.art/bin/dex2oat64 in=base.apk out=/data/app/~~TFZlCBPkwKZzKeD5e13JBQ==/com.ton_keeper-zXUBPG3L-fr_WjSodJ3qqw==/oat/arm64/base.odex
07-16 04:06:41.181  2868  2868 W dex2oat64: Mismatch between dex2oat instruction set features to use (ISA: Arm64 Feature string: a53,crc,-lse,-fp16,-dotprod,-sve) and those from CPP defines (ISA: Arm64 Feature string: -a53,-crc,-lse,-fp16,-dotprod,-sve) for the command line:
07-16 04:06:41.181  2868  2868 W dex2oat64: /apex/com.android.art/bin/dex2oat64 --zip-fd=7 --zip-location=base.apk --oat-fd=8 --oat-location=/data/app/~~TFZlCBPkwKZzKeD5e13JBQ==/com.ton_keeper-zXUBPG3L-fr_WjSodJ3qqw==/oat/arm64/base.odex --input-vdex-fd=9 --output-vdex-fd=10 --app-image-fd=13 --image-format=lz4 --profile-file-fd=12 --swap-fd=11 --classpath-dir=/data/app/~~TFZlCBPkwKZzKeD5e13JBQ==/com.ton_keeper-zXUBPG3L-fr_WjSodJ3qqw== --class-loader-context=PCL[]{} --instruction-set=arm64 --instruction-set-features=default --instruction-set-variant=generic --compiler-filter=speed-profile --compilation-reason=cmdline --max-image-block-size=524288 --resolve-startup-const-strings=true --generate-mini-debug-info --runtime-arg -Xtarget-sdk-version:34 --runtime-arg -Xhidden-api-policy:enabled --runtime-arg -Xms64m --runtime-arg -Xmx512m
07-16 04:06:41.184  2868  2868 I dex2oat64: /apex/com.android.art/bin/dex2oat64 --input-vdex-fd=9 --output-vdex-fd=10 --profile-file-fd=12 --classpath-dir=/data/app/~~TFZlCBPkwKZzKeD5e13JBQ==/com.ton_keeper-zXUBPG3L-fr_WjSodJ3qqw== --class-loader-context=PCL[]{} --compiler-filter=speed-profile --compilation-reason=cmdline --max-image-block-size=524288 --resolve-startup-const-strings=true --generate-mini-debug-info
07-16 04:06:42.274  2868  2870 W dex2oat64: Accessing hidden method Landroid/icu/text/DateFormat$HourCycle;->values()[Landroid/icu/text/DateFormat$HourCycle; (blocked, linking, denied)
07-16 04:06:42.275  2868  2870 W dex2oat64: Accessing hidden field Landroid/icu/text/DateFormat$HourCycle;->HOUR_CYCLE_11:Landroid/icu/text/DateFormat$HourCycle; (blocked, linking, denied)
07-16 04:06:42.275  2868  2870 W dex2oat64: Accessing hidden field Landroid/icu/text/DateFormat$HourCycle;->HOUR_CYCLE_12:Landroid/icu/text/DateFormat$HourCycle; (blocked, linking, denied)
07-16 04:06:42.275  2868  2870 W dex2oat64: Accessing hidden field Landroid/icu/text/DateFormat$HourCycle;->HOUR_CYCLE_23:Landroid/icu/text/DateFormat$HourCycle; (blocked, linking, denied)
07-16 04:06:42.275  2868  2870 W dex2oat64: Accessing hidden field Landroid/icu/text/DateFormat$HourCycle;->HOUR_CYCLE_24:Landroid/icu/text/DateFormat$HourCycle; (blocked, linking, denied)
07-16 04:06:42.275  2868  2868 W dex2oat64: Accessing hidden method Landroid/icu/text/DateTimePatternGenerator;->getDefaultHourCycle()Landroid/icu/text/DateFormat$HourCycle; (blocked, linking, denied)
07-16 04:06:42.275  2868  2868 W dex2oat64: Accessing hidden method Landroid/icu/number/NumberFormatterSettings;->usage(Ljava/lang/String;)Landroid/icu/number/NumberFormatterSettings; (blocked, linking, denied)
07-16 04:06:42.275  2868  2868 W dex2oat64: Accessing hidden method Landroid/icu/number/FormattedNumber;->getOutputUnit()Landroid/icu/util/MeasureUnit; (blocked, linking, denied)
07-16 04:06:42.275  2868  2868 W dex2oat64: Accessing hidden method Landroid/icu/util/MeasureUnit;->getIdentifier()Ljava/lang/String; (blocked, linking, denied)
07-16 04:06:43.061  2868  2868 I dex2oat64: Explicit concurrent copying GC freed 134930(24MB) AllocSpace objects, 0(0B) LOS objects, 49% free, 1783KB/3566KB, paused 12us total 3.334ms
07-16 04:06:43.229  2868  2868 I dex2oat64: dex2oat took 2.048s (2.805s cpu) (threads: 2) arena alloc=6505KB (6661528B) java alloc=1799KB (1842296B) native alloc=27MB (28507584B) free=96MB (100713568B)
07-16 04:06:43.238   425   556 V installd: DexInv: --- END '/data/app/~~TFZlCBPkwKZzKeD5e13JBQ==/com.ton_keeper-zXUBPG3L-fr_WjSodJ3qqw==/base.apk' (success) ---
07-16 04:06:43.257  2220  2236 D Benchmark: Reference profile location: /data/misc/profiles/ref/com.ton_keeper/primary.prof
07-16 04:06:43.258  1274  1419 W MediaProvider: isAppCloneUserPair for user 0: false
07-16 04:06:43.280  2220  2236 D Benchmark: APK Path: /data/app/~~TFZlCBPkwKZzKeD5e13JBQ==/com.ton_keeper-zXUBPG3L-fr_WjSodJ3qqw==/base.apk
07-16 04:06:43.280  2220  2236 D Benchmark: Converting to human readable profile format
07-16 04:06:43.280  2220  2236 D Benchmark: Using profile location: /data/misc/profiles/ref/com.ton_keeper/primary.prof
07-16 04:06:43.282  1274  2395 W MediaProvider: isAppCloneUserPair for user 0: false
07-16 04:06:43.422  2896  2896 W profman : profman took 131.191ms
07-16 04:06:43.437  2220  2236 D Benchmark: Using profile location: /data/misc/profiles/cur/0/com.ton_keeper/primary.prof
07-16 04:06:43.438  1274  1424 W MediaProvider: isAppCloneUserPair for user 0: false
07-16 04:06:43.575  2907  2907 W profman : profman took 125.366ms
07-16 04:06:44.107  2220  2236 D Benchmark: Unstable profiles during iteration 4
07-16 04:06:44.107  2220  2236 D Benchmark: Killing package com.ton_keeper
07-16 04:06:44.107  2220  2236 D Benchmark: Killing process com.ton_keeper
07-16 04:06:44.107  2220  2236 D UiDevice: Executing shell command: killall com.ton_keeper
07-16 04:06:44.114  2220  2236 D Benchmark: Compile iteration (5) for com.ton_keeper
07-16 04:06:44.114  2220  2236 D UiDevice: Pressing home button.
07-16 04:06:44.133   773   773 V ShadeControllerImpl: NotificationShadeWindow: com.android.systemui.statusbar.phone.NotificationShadeWindowView{a84488 I.E...... ......ID 0,0-1080,2400} canPanelBeCollapsed(): false
07-16 04:06:44.135  1009  1009 D TaplTarget: Launcher.onNewIntent: Intent { act=android.intent.action.MAIN cat=[android.intent.category.HOME] flg=0x10400100 cmp=com.android.launcher3/.uioverrides.QuickstepLauncher (has extras) }
07-16 04:06:44.139  2310  2342 D SessionLifecycleClient: Sending lifecycle 2 to service
07-16 04:06:44.142  2310  2431 D SessionLifecycleService: Activity backgrounding at 67606
07-16 04:06:44.144   773   773 V ShadeControllerImpl: NotificationShadeWindow: com.android.systemui.statusbar.phone.NotificationShadeWindowView{a84488 I.E...... ......ID 0,0-1080,2400} canPanelBeCollapsed(): false
07-16 04:06:44.149   344   407 D goldfish-address-space: claimShared: Ask to claim region [0x1f1dac000 0x1f2790000]
07-16 04:06:44.153   344   407 D goldfish-address-space: claimShared: Ask to claim region [0x1f3174000 0x1f3b58000]
07-16 04:06:44.154   344   407 D goldfish-address-space: claimShared: Ask to claim region [0x1f0000000 0x1f09e4000]
07-16 04:06:44.156   344   407 D goldfish-address-space: claimShared: Ask to claim region [0x1f09e4000 0x1f13c8000]
07-16 04:06:44.163  2310  2340 I TRuntime.CctTransportBackend: Making request to: https://firebaselogging-pa.googleapis.com/v1/firelog/legacy/batchlog
07-16 04:06:44.167   327  2918 D resolv  : GetAddrInfoHandler::run: {100 100 100 983140 10105 0}
07-16 04:06:44.167   327  2918 D resolv  : resolv_getaddrinfo: explore_fqdn(): ai_family=0 ai_socktype=1 ai_protocol=6
07-16 04:06:44.169   327  2920 D resolv  : doQuery: (1, 1)
07-16 04:06:44.169   327  2920 D resolv  : res_nmkquery: (QUERY, IN, A)
07-16 04:06:44.169   327  2920 D resolv  : res_nsend
07-16 04:06:44.169   327  2920 I resolv  : resolv_cache_lookup: lookup
07-16 04:06:44.169   327  2920 I resolv  : resolv_cache_lookup: NOT IN CACHE
07-16 04:06:44.169   327  2920 I resolv  : resolv_populate_res_for_net: netid=100
07-16 04:06:44.171   327  2920 I resolv  : res_stats_usable_server: NS stats: S 14 + E 0 + T 0 + I 0 = 14, rtt = 195, min_samples = 8
07-16 04:06:44.171   327  2920 I resolv  : res_stats_usable_server: success rate 100
07-16 04:06:44.171   327  2920 I resolv  : res_stats_usable_server: NS stats: S 0 + E 0 + T 0 + I 0 = 0, rtt = -1, min_samples = 8
07-16 04:06:44.171   327  2920 D resolv  : res_nsend: Querying server (# 1) address = [fec0::3]:53
07-16 04:06:44.171   327  2920 D resolv  : send_dg: new DG socket
07-16 04:06:44.171   327  2920 I resolv  : get_timeout: using timeout of 5000 msec
07-16 04:06:44.171   327  2920 I resolv  : retrying_poll: 63 retrying_poll
07-16 04:06:44.173   327  2919 D resolv  : doQuery: (1, 28)
07-16 04:06:44.173   327  2919 D resolv  : res_nmkquery: (QUERY, IN, AAAA)
07-16 04:06:44.173   327  2919 D resolv  : res_nsend
07-16 04:06:44.173   327  2919 I resolv  : resolv_cache_lookup: lookup
07-16 04:06:44.173   327  2919 I resolv  : resolv_cache_lookup: NOT IN CACHE
07-16 04:06:44.174   327  2919 I resolv  : resolv_populate_res_for_net: netid=100
07-16 04:06:44.174   327  2919 I resolv  : res_stats_usable_server: NS stats: S 14 + E 0 + T 0 + I 0 = 14, rtt = 195, min_samples = 8
07-16 04:06:44.174   327  2919 I resolv  : res_stats_usable_server: success rate 100
07-16 04:06:44.174   327  2919 I resolv  : res_stats_usable_server: NS stats: S 0 + E 0 + T 0 + I 0 = 0, rtt = -1, min_samples = 8
07-16 04:06:44.174   327  2919 D resolv  : res_nsend: Querying server (# 1) address = [fec0::3]:53
07-16 04:06:44.174   327  2919 D resolv  : send_dg: new DG socket
07-16 04:06:44.174   327  2919 I resolv  : get_timeout: using timeout of 5000 msec
07-16 04:06:44.175   327  2919 I resolv  : retrying_poll: 64 retrying_poll
07-16 04:06:44.186  2310  2419 D EGL_emulation: app_time_stats: avg=855.13ms min=1.10ms max=8521.91ms count=10
07-16 04:06:44.199   327  2920 I resolv  : retrying_poll: 63 retrying_poll returning 1
07-16 04:06:44.199   327  2920 I resolv  : res_nsend: used send_dg 259 terrno: 0
07-16 04:06:44.199   327  2920 I resolv  : res_stats_set_sample: rcode = 0, sec = 28
07-16 04:06:44.199   327  2920 I resolv  : res_cache_add_stats_sample_locked: adding sample to stats, next = 14, count = 14
07-16 04:06:44.199   327  2920 D resolv  : res_nsend: got answer:
07-16 04:06:44.199   327  2920 I resolv  : answer_getTTL: TTL = 242
07-16 04:06:44.199   327  2920 I resolv  : _cache_add_p: entry 18 added (count=18)
07-16 04:06:44.199   327  2920 I resolv  : cache_dump_mru_locked: MRU LIST (18):  18 15 14 17 16 13 12 11 10 9 8 7 6 5 4 1 2 3
07-16 04:06:44.199   327  2920 D resolv  : doQuery: rcode=0, ancount=13
07-16 04:06:44.199   327  2919 I resolv  : retrying_poll: 64 retrying_poll returning 1
07-16 04:06:44.199   327  2919 I resolv  : res_nsend: used send_dg 163 terrno: 0
07-16 04:06:44.199   327  2919 I resolv  : res_stats_set_sample: rcode = 0, sec = 24
07-16 04:06:44.199   327  2919 I resolv  : res_cache_add_stats_sample_locked: adding sample to stats, next = 15, count = 15
07-16 04:06:44.199   327  2919 D resolv  : res_nsend: got answer:
07-16 04:06:44.199   327  2919 I resolv  : answer_getTTL: TTL = 176
07-16 04:06:44.199   327  2919 I resolv  : _cache_add_p: entry 19 added (count=19)
07-16 04:06:44.199   327  2919 I resolv  : cache_dump_mru_locked: MRU LIST (19):  19 18 15 14 17 16 13 12 11 10 9 8 7 6 5 4 1 2 3
07-16 04:06:44.199   327  2919 D resolv  : doQuery: rcode=0, ancount=4
07-16 04:06:44.417  2310  2340 I TRuntime.CctTransportBackend: Status Code: 200
07-16 04:06:44.516  1009  1642 W FrameTracker: Missed App frame:16
07-16 04:06:44.516  1009  1642 W FrameTracker: Missed App frame:16
07-16 04:06:44.516  1009  1642 W FrameTracker: Missed SF frame:32
07-16 04:06:44.516  1009  1642 W FrameTracker: Missed App frame:16
07-16 04:06:44.516  1009  1642 W FrameTracker: Missed App frame:16
07-16 04:06:44.516  1009  1642 W FrameTracker: Missed App frame:16
07-16 04:06:44.516  1009  1642 W FrameTracker: Missed App frame:16
07-16 04:06:44.516  1009  1642 W FrameTracker: Missed App frame:16
07-16 04:06:44.516  1009  1642 W FrameTracker: Missed SF frame:32
07-16 04:06:44.516  1009  1642 W FrameTracker: Missed App frame:16
07-16 04:06:44.516  1009  1642 W FrameTracker: Missed App frame:16
07-16 04:06:44.516  1009  1642 W FrameTracker: Missed App frame:16
07-16 04:06:44.516  1009  1642 W FrameTracker: Missed App frame:16
07-16 04:06:44.516  1009  1642 W FrameTracker: Missed App frame:16
07-16 04:06:44.516  1009  1642 W FrameTracker: Missed App frame:16
07-16 04:06:44.516  1009  1642 W FrameTracker: Missed SF frame:32
07-16 04:06:44.516  1009  1642 W FrameTracker: Missed SF frame:32
07-16 04:06:44.516  1009  1642 W FrameTracker: Missed App frame:16
07-16 04:06:44.516  1009  1642 W FrameTracker: Missed SF frame:32
07-16 04:06:44.516  1009  1642 W FrameTracker: Missed App frame:16
07-16 04:06:44.518  1009  1642 V PerfettoTrigger: Not triggering com.android.telemetry.interaction-jank-monitor-9 - not enough time since last trigger
07-16 04:06:44.565  1274  2549 W MediaProvider: isAppCloneUserPair for user 0: false
07-16 04:06:44.592  2220  2236 I System.out: 0 Flags,FrameTimelineVsyncId,IntendedVsync,Vsync,InputEventId,HandleInputStart,AnimationStart,PerformTraversalsStart,DrawStart,FrameDeadline,FrameInterval,FrameStartTime,SyncQueued,SyncStart,IssueDrawCommandsStart,SwapBuffers,FrameCompleted,DequeueBufferDuration,QueueBufferDuration,GpuCompleted,SwapBuffersCompleted,DisplayPresentTime,
07-16 04:06:44.592  2220  2236 I System.out: 1 1,1179,58947429707,58947429707,0,58963495817,58963496026,58963691192,58969479776,58964096373,58963495067,16666666,58969894526,58969980651,58970012984,58981591401,58983970734,1750,120167,-1,58983970734,0,
07-16 04:06:44.592  2220  2236 I System.out: 2 0,1185,58980763039,58980763039,0,58987269734,58987269901,58987329651,58987474901,58997429705,58987269401,16666666,58987505692,58987557234,58987604651,58987791026,58988993692,1000,172208,-1,58988993692,0,
07-16 04:06:44.592  2220  2236 I System.out: 3 0,1188,58997429705,58997429705,0,58998214151,58998214317,58998232526,58998238567,59014096371,58998213734,16666666,58998285401,58998427776,58998469859,58998739567,59015407984,11943375,253083,-1,59015407984,0,
07-16 04:06:44.592  2220  2236 I System.out: 4 0,1191,59014096371,59014096371,0,59014630692,59014630859,59014631901,59014644651,59030763037,59014629776,16666666,59014732984,59015412442,59015530317,59015732567,59032591026,15940666,58708,-1,59032591026,0,
07-16 04:06:44.592  2220  2236 I System.out: 5 0,1194,59030763037,59030763037,0,59033349692,59033349859,59033376401,59033385192,59047429703,59033349109,16666666,59033423692,59033429526,59033445276,59033713651,59048408734,13545417,111917,-1,59048408734,0,
07-16 04:06:44.592  2220  2236 I System.out: 6 0,1197,59047429703,59047429703,0,59047694151,59047694401,59047716359,59047730234,59064096369,59047693317,16666666,59047781151,59048412942,59048440692,59048652026,59065115067,15455042,88417,-1,59065115067,0,
07-16 04:06:44.592  2220  2236 I System.out: 7 0,1200,59064096369,59064096369,0,59064351651,59064351776,59064374734,59064382317,59080763035,59064351359,16666666,59064447526,59065118442,59065141526,59065433734,59081590734,14952625,200834,-1,59081590734,0,
07-16 04:06:44.592  2220  2236 I System.out: 8 0,1203,59080763035,59080763035,0,59080976651,59080976776,59080992692,59080998776,59097429701,59080976317,16666666,59081044359,59081594442,59081615692,59081759317,59098598609,15827666,125958,-1,59098598609,0,
07-16 04:06:44.592  2220  2236 I System.out: 9 0,1206,59097429701,59097429701,0,59097799901,59097800026,59097825526,59097832276,59114096367,59097799609,16666666,59097873317,59098602026,59098618192,59098857276,59116272067,16284375,57500,-1,59116272067,0,
07-16 04:06:44.592  2220  2236 I System.out: 10 0,1209,59114096367,59114096367,0,59115508901,59115508984,59115524484,59115529984,59130763033,59115508526,16666666,59115558484,59116275442,59116294151,59116479734,59131778442,14398000,37292,-1,59131778442,0,
07-16 04:06:44.592  2220  2236 I System.out: 11 0,1274,67647429359,67647429359,0,67649486780,67649486863,67649486946,67649498488,67664096025,67649485988,16666666,67649627946,67649716655,67649747196,67650943988,67653938405,2375,94458,-1,67653938405,0,
07-16 04:06:44.592  2220  2236 I System.out: 12 0,1277,67664096025,67664096025,0,67664906321,67664906446,67664931738,67664937988,67680762691,67664905946,16666666,67664987738,67665258821,67665276363,67667487488,67668849405,875,49167,-1,67668849405,0,
07-16 04:06:44.592  2220  2236 I System.out: 13 0,1280,67680762691,67680762691,0,67682330988,67682331071,67682351780,67682355696,67697429357,67682330738,16666666,67682404030,67682414238,67682422321,67682702738,67684667030,834,47541,-1,67684667030,0,
07-16 04:06:44.592  2220  2236 I System.out: 14 0,1282,67697429357,67697429357,0,67697900863,67697901071,67697926363,67697940280,67714096023,67697900030,16666666,67697999821,67698012155,67698026863,67699332155,67700191321,875,134917,-1,67700191321,0,
07-16 04:06:44.592  2220  2236 I System.out: 15 0,1284,67714096023,67714096023,0,67715927655,67715927780,67715946280,67715952238,67730762689,67715927196,16666666,67715987696,67716291863,67716303905,67716557280,67717701280,792,57458,-1,67717701280,0,
07-16 04:06:44.592  2220  2236 I System.out: 16 0,1286,67730762689,67730762689,0,67732677113,67732677238,67732701655,67732707530,67747429355,67732676655,16666666,67732746988,67732757030,67732767988,67733026780,67734856655,958,126500,-1,67734856655,0,
07-16 04:06:44.592  2220  2236 I System.out: 17 0,1288,67747429355,67747429355,0,67748893571,67748893821,67748918155,67748923738,67764096021,67748892738,16666666,67748957405,67749023196,67749040946,67749336363,67750300697,1167,143666,-1,67750300697,0,
07-16 04:06:44.593  2220  2236 D Benchmark: Starting activity with command: am start  -W "intent:#Intent;action=android.intent.action.MAIN;category=android.intent.category.LAUNCHER;launchFlags=0x10008000;package=com.ton_keeper;component=com.ton_keeper/com.tonapps.tonkeeper.ui.screen.root.RootActivity;end"
07-16 04:06:44.594  1274  1424 W MediaProvider: isAppCloneUserPair for user 0: false
07-16 04:06:44.610   773   821 D SplashScreenView: Build android.window.SplashScreenView{ccf472a V.E...... ......ID 0,0-0,0}
07-16 04:06:44.610   773   821 D SplashScreenView: Icon: view: null drawable: null size: 0
07-16 04:06:44.610   773   821 D SplashScreenView: Branding: view: android.view.View{6c491b G.ED..... ......I. 0,0-0,0 #10204a6 android:id/splashscreen_branding_view} drawable: null size w: 0 h: 0
07-16 04:06:44.612   541  2850 W InputManager-JNI: Input channel object '22ba98d com.ton_keeper/com.tonapps.tonkeeper.ui.screen.root.RootActivity (client)' was disposed without first being removed with the input manager!
07-16 04:06:44.614   344   407 D goldfish-address-space: claimShared: Ask to claim region [0x1f2790000 0x1f3174000]
07-16 04:06:44.620   344   407 D goldfish-address-space: claimShared: Ask to claim region [0x1f4000000 0x1f49e4000]
07-16 04:06:44.626  2310  2326 W FirebaseMessaging: Failed to find package android.content.pm.PackageManager$NameNotFoundException: com.google.android.gms
07-16 04:06:44.627  2310  2326 W Metadata: Failed to find package android.content.pm.PackageManager$NameNotFoundException: com.google.android.gms
07-16 04:06:44.627  2310  2326 E Metadata: Google Play services missing or without correct permission.
07-16 04:06:44.630   344   407 D goldfish-address-space: claimShared: Ask to claim region [0x1f49e4000 0x1f53c8000]
07-16 04:06:44.631   327  2951 D resolv  : GetAddrInfoHandler::run: {100 100 100 983140 10105 0}
07-16 04:06:44.631   327  2951 D resolv  : resolv_getaddrinfo: explore_fqdn(): ai_family=0 ai_socktype=1 ai_protocol=6
07-16 04:06:44.632   327  2956 D resolv  : doQuery: (1, 1)
07-16 04:06:44.632  2310  2442 W GooglePlayServicesUtil: com.ton_keeper requires the Google Play Store, but it is missing.
07-16 04:06:44.632  2310  2442 W GoogleApiManager: The service for com.google.android.gms.internal.appindex.zzv is not available: ConnectionResult{statusCode=SERVICE_INVALID, resolution=null, message=null}
07-16 04:06:44.633   327  2956 D resolv  : res_nmkquery: (QUERY, IN, A)
07-16 04:06:44.633   327  2956 D resolv  : res_nsend
07-16 04:06:44.633   327  2956 I resolv  : resolv_cache_lookup: lookup
07-16 04:06:44.633   327  2956 I resolv  : resolv_cache_lookup: FOUND IN CACHE entry=0xb400007ae38d0490
07-16 04:06:44.633   327  2956 D resolv  : doQuery: rcode=0, ancount=3
07-16 04:06:44.636   327  2955 D resolv  : doQuery: (1, 28)
07-16 04:06:44.636   327  2955 D resolv  : res_nmkquery: (QUERY, IN, AAAA)
07-16 04:06:44.636   327  2955 D resolv  : res_nsend
07-16 04:06:44.636   327  2955 I resolv  : resolv_cache_lookup: lookup
07-16 04:06:44.636   327  2955 I resolv  : resolv_cache_lookup: FOUND IN CACHE entry=0xb400007ae38d29b0
07-16 04:06:44.637   327  2955 D resolv  : doQuery: rcode=0, ancount=3
07-16 04:06:44.641  2310  2342 D SessionLifecycleClient: Sending lifecycle 1 to service
07-16 04:06:44.641  2310  2431 D SessionLifecycleService: Activity foregrounding at 68108.
07-16 04:06:44.649  2220  2236 D Benchmark: Result: Starting: Intent { act=android.intent.action.MAIN cat=[android.intent.category.LAUNCHER] flg=0x10008000 pkg=com.ton_keeper cmp=com.ton_keeper/com.tonapps.tonkeeper.ui.screen.root.RootActivity }
07-16 04:06:44.649  2220  2236 D Benchmark: Status: ok
07-16 04:06:44.649  2220  2236 D Benchmark: LaunchState: UNKNOWN (0)
07-16 04:06:44.649  2220  2236 D Benchmark: Activity: com.ton_keeper/com.tonapps.tonkeeper.ui.screen.root.RootActivity
07-16 04:06:44.649  2220  2236 D Benchmark: WaitTime: 10
07-16 04:06:44.649  2220  2236 D Benchmark: Complete
07-16 04:06:44.654   344   407 D goldfish-address-space: claimShared: Ask to claim region [0x1f53c8000 0x1f5dac000]
07-16 04:06:44.658   344   407 D goldfish-address-space: claimShared: Ask to claim region [0x1f5dac000 0x1f6790000]
07-16 04:06:44.658   344   407 D goldfish-address-space: claimShared: Ask to claim region [0x1f6790000 0x1f7174000]
07-16 04:06:44.665  1274  2395 W MediaProvider: isAppCloneUserPair for user 0: false
07-16 04:06:44.682   541   571 I ActivityTaskManager: Displayed com.ton_keeper/com.tonapps.tonkeeper.ui.screen.root.RootActivity: +73ms
07-16 04:06:44.710  2220  2236 I System.out: 0 Flags,FrameTimelineVsyncId,IntendedVsync,Vsync,InputEventId,HandleInputStart,AnimationStart,PerformTraversalsStart,DrawStart,FrameDeadline,FrameInterval,FrameStartTime,SyncQueued,SyncStart,IssueDrawCommandsStart,SwapBuffers,FrameCompleted,DequeueBufferDuration,QueueBufferDuration,GpuCompleted,SwapBuffersCompleted,DisplayPresentTime,
07-16 04:06:44.710  2220  2236 I System.out: 1 1,1333,68114096007,68114096007,0,68116913488,68116913780,68116913905,68126221030,68130762673,68116912780,16666666,68126437988,68126487780,68126509322,68143069447,68145550405,1833,248667,-1,68145550405,1384990768460338361,
07-16 04:06:44.710  2220  2236 I System.out: 2 0,1336,68130762673,68130762673,0,68147297822,68147297905,68147328030,68147379155,68147429339,68147297155,16666666,68147449655,68149189905,68149243822,68149639405,68150993447,3417,190625,-1,68150993447,1385948790657122304,
07-16 04:06:44.710  2220  2236 I System.out: 3 0,1339,68147429339,68147429339,0,68149502238,68149502447,68149524863,68149532238,68164096005,68149501988,16666666,68149572947,68150997405,68151022738,68151184488,50283464438,12775625,156541,-1,68165262322,1378679202348041816,
07-16 04:06:44.967   541  2850 W InputManager-JNI: Input channel object '5439edc Splash Screen com.ton_keeper (client)' was disposed without first being removed with the input manager!
07-16 04:06:49.713  2220  2236 D Benchmark: Profile Installer - Save Profile
07-16 04:06:49.736  2310  2310 I Process : Sending signal. PID: 2310 SIG: 10
07-16 04:06:49.737  2310  2310 D ProfileInstaller: 
07-16 04:06:49.737  2310  2313 I com.ton_keeper: Thread[4,tid=2313,WaitingInMainSignalCatcherLoop,Thread*=0xb400006e94e64c50,peer=0x136c5ee8,"Signal Catcher"]: reacting to signal 10
07-16 04:06:49.737  2310  2313 I com.ton_keeper: 
07-16 04:06:49.737  2310  2313 I com.ton_keeper: SIGUSR1 forcing GC (no HPROF) and profile save
07-16 04:06:49.748  2310  2313 I com.ton_keeper: Explicit concurrent copying GC freed 25655(1496KB) AllocSpace objects, 11(348KB) LOS objects, 49% free, 6877KB/13MB, paused 25us total 11.317ms
07-16 04:06:49.750  2310  2319 W System  : A resource failed to call end. 
07-16 04:06:50.242  2220  2236 D Benchmark: Killing process com.ton_keeper
07-16 04:06:50.242  2220  2236 D UiDevice: Executing shell command: killall com.ton_keeper
07-16 04:06:50.262  1274  1424 W MediaProvider: isAppCloneUserPair for user 0: false
07-16 04:06:50.293   541   990 I PackageDexOptimizer: Running dexopt (dexoptNeeded=-3) on: /data/app/~~TFZlCBPkwKZzKeD5e13JBQ==/com.ton_keeper-zXUBPG3L-fr_WjSodJ3qqw==/base.apk pkg=com.ton_keeper isa=arm64 dexoptFlags=boot_complete,profile_guided,force,enable_hidden_api_checks targetFilter=speed-profile oatDir=/data/app/~~TFZlCBPkwKZzKeD5e13JBQ==/com.ton_keeper-zXUBPG3L-fr_WjSodJ3qqw==/oat classLoaderContext=PCL[]{}
07-16 04:06:50.294   425   556 V installd: DexInv: --- BEGIN '/data/app/~~TFZlCBPkwKZzKeD5e13JBQ==/com.ton_keeper-zXUBPG3L-fr_WjSodJ3qqw==/base.apk' ---
07-16 04:06:50.294   425   556 V installd: Running /apex/com.android.art/bin/dex2oat64 in=base.apk out=/data/app/~~TFZlCBPkwKZzKeD5e13JBQ==/com.ton_keeper-zXUBPG3L-fr_WjSodJ3qqw==/oat/arm64/base.odex
07-16 04:06:50.303  2991  2991 W dex2oat64: Mismatch between dex2oat instruction set features to use (ISA: Arm64 Feature string: a53,crc,-lse,-fp16,-dotprod,-sve) and those from CPP defines (ISA: Arm64 Feature string: -a53,-crc,-lse,-fp16,-dotprod,-sve) for the command line:
07-16 04:06:50.303  2991  2991 W dex2oat64: /apex/com.android.art/bin/dex2oat64 --zip-fd=7 --zip-location=base.apk --oat-fd=8 --oat-location=/data/app/~~TFZlCBPkwKZzKeD5e13JBQ==/com.ton_keeper-zXUBPG3L-fr_WjSodJ3qqw==/oat/arm64/base.odex --input-vdex-fd=9 --output-vdex-fd=10 --app-image-fd=13 --image-format=lz4 --profile-file-fd=12 --swap-fd=11 --classpath-dir=/data/app/~~TFZlCBPkwKZzKeD5e13JBQ==/com.ton_keeper-zXUBPG3L-fr_WjSodJ3qqw== --class-loader-context=PCL[]{} --instruction-set=arm64 --instruction-set-features=default --instruction-set-variant=generic --compiler-filter=speed-profile --compilation-reason=cmdline --max-image-block-size=524288 --resolve-startup-const-strings=true --generate-mini-debug-info --runtime-arg -Xtarget-sdk-version:34 --runtime-arg -Xhidden-api-policy:enabled --runtime-arg -Xms64m --runtime-arg -Xmx512m
07-16 04:06:50.305  2991  2991 I dex2oat64: /apex/com.android.art/bin/dex2oat64 --input-vdex-fd=9 --output-vdex-fd=10 --profile-file-fd=12 --classpath-dir=/data/app/~~TFZlCBPkwKZzKeD5e13JBQ==/com.ton_keeper-zXUBPG3L-fr_WjSodJ3qqw== --class-loader-context=PCL[]{} --compiler-filter=speed-profile --compilation-reason=cmdline --max-image-block-size=524288 --resolve-startup-const-strings=true --generate-mini-debug-info
07-16 04:06:50.326   791   808 I PermissionControllerServiceImpl: Updating user sensitive for user 0
07-16 04:06:51.428  2991  2993 W dex2oat64: Accessing hidden method Landroid/icu/text/DateFormat$HourCycle;->values()[Landroid/icu/text/DateFormat$HourCycle; (blocked, linking, denied)
07-16 04:06:51.428  2991  2991 W dex2oat64: Accessing hidden method Landroid/icu/text/DateTimePatternGenerator;->getDefaultHourCycle()Landroid/icu/text/DateFormat$HourCycle; (blocked, linking, denied)
07-16 04:06:51.428  2991  2993 W dex2oat64: Accessing hidden field Landroid/icu/text/DateFormat$HourCycle;->HOUR_CYCLE_11:Landroid/icu/text/DateFormat$HourCycle; (blocked, linking, denied)
07-16 04:06:51.428  2991  2993 W dex2oat64: Accessing hidden field Landroid/icu/text/DateFormat$HourCycle;->HOUR_CYCLE_12:Landroid/icu/text/DateFormat$HourCycle; (blocked, linking, denied)
07-16 04:06:51.428  2991  2993 W dex2oat64: Accessing hidden field Landroid/icu/text/DateFormat$HourCycle;->HOUR_CYCLE_23:Landroid/icu/text/DateFormat$HourCycle; (blocked, linking, denied)
07-16 04:06:51.428  2991  2993 W dex2oat64: Accessing hidden field Landroid/icu/text/DateFormat$HourCycle;->HOUR_CYCLE_24:Landroid/icu/text/DateFormat$HourCycle; (blocked, linking, denied)
07-16 04:06:51.428  2991  2991 W dex2oat64: Accessing hidden method Landroid/icu/number/NumberFormatterSettings;->usage(Ljava/lang/String;)Landroid/icu/number/NumberFormatterSettings; (blocked, linking, denied)
07-16 04:06:51.428  2991  2991 W dex2oat64: Accessing hidden method Landroid/icu/number/FormattedNumber;->getOutputUnit()Landroid/icu/util/MeasureUnit; (blocked, linking, denied)
07-16 04:06:51.428  2991  2991 W dex2oat64: Accessing hidden method Landroid/icu/util/MeasureUnit;->getIdentifier()Ljava/lang/String; (blocked, linking, denied)
07-16 04:06:52.197  2991  2991 I dex2oat64: Explicit concurrent copying GC freed 134928(24MB) AllocSpace objects, 0(0B) LOS objects, 49% free, 1783KB/3566KB, paused 8us total 3.547ms
07-16 04:06:52.355  2991  2991 I dex2oat64: dex2oat took 2.052s (2.786s cpu) (threads: 2) arena alloc=6859KB (7024360B) java alloc=1799KB (1842296B) native alloc=27MB (28501760B) free=96MB (100692640B)
07-16 04:06:52.364   425   556 V installd: DexInv: --- END '/data/app/~~TFZlCBPkwKZzKeD5e13JBQ==/com.ton_keeper-zXUBPG3L-fr_WjSodJ3qqw==/base.apk' (success) ---
07-16 04:06:52.381  2220  2236 D Benchmark: Reference profile location: /data/misc/profiles/ref/com.ton_keeper/primary.prof
07-16 04:06:52.382  1274  1419 W MediaProvider: isAppCloneUserPair for user 0: false
07-16 04:06:52.403  2220  2236 D Benchmark: APK Path: /data/app/~~TFZlCBPkwKZzKeD5e13JBQ==/com.ton_keeper-zXUBPG3L-fr_WjSodJ3qqw==/base.apk
07-16 04:06:52.403  2220  2236 D Benchmark: Converting to human readable profile format
07-16 04:06:52.403  2220  2236 D Benchmark: Using profile location: /data/misc/profiles/ref/com.ton_keeper/primary.prof
07-16 04:06:52.404  1274  2395 W MediaProvider: isAppCloneUserPair for user 0: false
07-16 04:06:52.544  3019  3019 W profman : profman took 128.522ms
07-16 04:06:52.558  2220  2236 D Benchmark: Using profile location: /data/misc/profiles/cur/0/com.ton_keeper/primary.prof
07-16 04:06:52.559  1274  2395 W MediaProvider: isAppCloneUserPair for user 0: false
07-16 04:06:52.693  3030  3030 W profman : profman took 123.688ms
07-16 04:06:53.285  2220  2236 D Benchmark: Unstable profiles during iteration 5
07-16 04:06:53.285  2220  2236 D Benchmark: Killing package com.ton_keeper
07-16 04:06:53.285  2220  2236 D Benchmark: Killing process com.ton_keeper
07-16 04:06:53.285  2220  2236 D UiDevice: Executing shell command: killall com.ton_keeper
07-16 04:06:53.293  2220  2236 D Benchmark: Compile iteration (6) for com.ton_keeper
07-16 04:06:53.293  2220  2236 D UiDevice: Pressing home button.
07-16 04:06:53.301   773   773 V ShadeControllerImpl: NotificationShadeWindow: com.android.systemui.statusbar.phone.NotificationShadeWindowView{a84488 I.E...... ......ID 0,0-1080,2400} canPanelBeCollapsed(): false
07-16 04:06:53.315  2310  2341 D SessionLifecycleClient: Sending lifecycle 2 to service
07-16 04:06:53.315  2310  2431 D SessionLifecycleService: Activity backgrounding at 76783
07-16 04:06:53.317  1009  1009 D TaplTarget: Launcher.onNewIntent: Intent { act=android.intent.action.MAIN cat=[android.intent.category.HOME] flg=0x10400100 cmp=com.android.launcher3/.uioverrides.QuickstepLauncher (has extras) }
07-16 04:06:53.320   773   773 V ShadeControllerImpl: NotificationShadeWindow: com.android.systemui.statusbar.phone.NotificationShadeWindowView{a84488 I.E...... ......ID 0,0-1080,2400} canPanelBeCollapsed(): false
07-16 04:06:53.332   344   407 D goldfish-address-space: claimShared: Ask to claim region [0x1f0000000 0x1f09e4000]
07-16 04:06:53.334   344   407 D goldfish-address-space: claimShared: Ask to claim region [0x1f1dac000 0x1f2790000]
07-16 04:06:53.335   344   407 D goldfish-address-space: claimShared: Ask to claim region [0x1f2790000 0x1f3174000]
07-16 04:06:53.340   344   407 D goldfish-address-space: claimShared: Ask to claim region [0x1f3174000 0x1f3b58000]
07-16 04:06:53.351  1274  2549 W MediaProvider: isAppCloneUserPair for user 0: false
07-16 04:06:53.354  2310  2419 D EGL_emulation: app_time_stats: avg=776.96ms min=1.46ms max=8523.60ms count=11
07-16 04:06:53.383  2220  2236 I System.out: 0 Flags,FrameTimelineVsyncId,IntendedVsync,Vsync,InputEventId,HandleInputStart,AnimationStart,PerformTraversalsStart,DrawStart,FrameDeadline,FrameInterval,FrameStartTime,SyncQueued,SyncStart,IssueDrawCommandsStart,SwapBuffers,FrameCompleted,DequeueBufferDuration,QueueBufferDuration,GpuCompleted,SwapBuffersCompleted,DisplayPresentTime,
07-16 04:06:53.383  2220  2236 I System.out: 1 1,1333,68114096007,68114096007,0,68116913488,68116913780,68116913905,68126221030,68130762673,68116912780,16666666,68126437988,68126487780,68126509322,68143069447,68145550405,1833,248667,-1,68145550405,1384990768460338361,
07-16 04:06:53.383  2220  2236 I System.out: 2 0,1336,68130762673,68130762673,0,68147297822,68147297905,68147328030,68147379155,68147429339,68147297155,16666666,68147449655,68149189905,68149243822,68149639405,68150993447,3417,190625,-1,68150993447,1385948790657122304,
07-16 04:06:53.384  2220  2236 I System.out: 3 0,1339,68147429339,68147429339,0,68149502238,68149502447,68149524863,68149532238,68164096005,68149501988,16666666,68149572947,68150997405,68151022738,68151184488,68165262322,12775625,156541,-1,68165262322,1378679202348041816,
07-16 04:06:53.384  2220  2236 I System.out: 4 0,1342,68164096005,68164096005,0,68165677530,68165677613,68165692280,68165699947,68180762671,68165677155,16666666,68165738488,68165742572,68165964988,68166635030,68181986697,13840292,321917,-1,68181986697,1361828065661375991,
07-16 04:06:53.384  2220  2236 I System.out: 5 0,1345,68180762671,68180762671,0,68183335530,68183335655,68183337072,68183346697,68197429337,68183334780,16666666,68183439822,68183470572,68183483863,68183674197,68198439072,13576250,79584,-1,68198439072,326435241,
07-16 04:06:53.384  2220  2236 I System.out: 6 0,1348,68197429337,68197429337,0,68197814488,68197814613,68197829655,68197843405,68214096003,68197814113,16666666,68197883572,68198441280,68198474238,68198756155,68215956280,16052292,62500,-1,68215956280,1415398247864641848,
07-16 04:06:53.384  2220  2236 I System.out: 7 0,1351,68214096003,68214096003,0,68215426655,68215426780,68215439072,68215442655,68230762669,68215426280,16666666,68215467780,68215959197,68215977947,68216248113,68231838447,14209334,70375,-1,68231838447,1389243129679036677,
07-16 04:06:53.384  2220  2236 I System.out: 8 0,1354,68230762669,68230762669,0,68231128572,68231128697,68231142363,68231147072,68247429335,68231128280,16666666,68231183030,68231841280,68231849447,68232061780,68248778280,15353875,110750,-1,68248778280,1431317574204062134,
07-16 04:06:53.384  2220  2236 I System.out: 9 0,1357,68247429335,68247429335,0,68248884780,68248884905,68248947447,68248953280,68264096001,68248884488,16666666,68248983113,68249119613,68249145030,68249386947,68265132447,14426000,158667,-1,68265132447,1423994646377091408,
07-16 04:06:53.384  2220  2236 I System.out: 10 0,1360,68264096001,68264096001,0,68265033322,68265033530,68265049655,68265055697,68280762667,68265032863,16666666,68265086238,68265135530,68265151405,68265465363,68282492447,15643708,117208,-1,68282492447,1366581636363190272,
07-16 04:06:53.384  2220  2236 I System.out: 11 0,1363,68280762667,68280762667,0,68281836072,68281836238,68281854822,68281860738,68297429333,68281835738,16666666,68281894947,68282496697,68282515113,68282784447,68298612572,14141750,117375,-1,68298612572,1367069033869408665,
07-16 04:06:53.384  2220  2236 I System.out: 12 0,1428,76814095659,76814095659,0,76817553742,76817554034,76817554159,76817568951,76830762325,76817552617,16666666,76818259284,76818267326,76818306451,76818597909,76822408576,1958,284250,-1,76822408576,1384268647025163496,
07-16 04:06:53.384  2220  2236 I System.out: 13 0,1431,76830762325,76830762325,0,76831420242,76831420409,76831444659,76831453784,76847428991,76831419701,16666666,76831489284,76834209326,76834225367,76834426742,58918055651,1500,123583,-1,76835669617,321092820,
07-16 04:06:53.384  2220  2236 D Benchmark: Starting activity with command: am start  -W "intent:#Intent;action=android.intent.action.MAIN;category=android.intent.category.LAUNCHER;launchFlags=0x10008000;package=com.ton_keeper;component=com.ton_keeper/com.tonapps.tonkeeper.ui.screen.root.RootActivity;end"
07-16 04:06:53.386  1274  1424 W MediaProvider: isAppCloneUserPair for user 0: false
07-16 04:06:53.402   773   821 D SplashScreenView: Build android.window.SplashScreenView{19980c9 V.E...... ......ID 0,0-0,0}
07-16 04:06:53.402   773   821 D SplashScreenView: Icon: view: null drawable: null size: 0
07-16 04:06:53.402   773   821 D SplashScreenView: Branding: view: android.view.View{80f43ce G.ED..... ......I. 0,0-0,0 #10204a6 android:id/splashscreen_branding_view} drawable: null size w: 0 h: 0
07-16 04:06:53.407  2310  2326 W FirebaseMessaging: Failed to find package android.content.pm.PackageManager$NameNotFoundException: com.google.android.gms
07-16 04:06:53.408  2310  2442 W GooglePlayServicesUtil: com.ton_keeper requires the Google Play Store, but it is missing.
07-16 04:06:53.408  2310  2442 W GoogleApiManager: The service for com.google.android.gms.internal.appindex.zzv is not available: ConnectionResult{statusCode=SERVICE_INVALID, resolution=null, message=null}
07-16 04:06:53.409  2310  2326 W Metadata: Failed to find package android.content.pm.PackageManager$NameNotFoundException: com.google.android.gms
07-16 04:06:53.409  2310  2326 E Metadata: Google Play services missing or without correct permission.
07-16 04:06:53.409   327  3066 D resolv  : GetAddrInfoHandler::run: {100 100 100 983140 10105 0}
07-16 04:06:53.409   327  3066 D resolv  : resolv_getaddrinfo: explore_fqdn(): ai_family=0 ai_socktype=1 ai_protocol=6
07-16 04:06:53.410   327  3068 D resolv  : doQuery: (1, 1)
07-16 04:06:53.410   327  3068 D resolv  : res_nmkquery: (QUERY, IN, A)
07-16 04:06:53.410   327  3068 D resolv  : res_nsend
07-16 04:06:53.410   327  3068 I resolv  : resolv_cache_lookup: lookup
07-16 04:06:53.410   327  3068 I resolv  : resolv_cache_lookup: FOUND IN CACHE entry=0xb400007ae38d0490
07-16 04:06:53.410   327  3068 D resolv  : doQuery: rcode=0, ancount=3
07-16 04:06:53.410   327  3067 D resolv  : doQuery: (1, 28)
07-16 04:06:53.410   327  3067 D resolv  : res_nmkquery: (QUERY, IN, AAAA)
07-16 04:06:53.410   327  3067 D resolv  : res_nsend
07-16 04:06:53.410   327  3067 I resolv  : resolv_cache_lookup: lookup
07-16 04:06:53.410   327  3067 I resolv  : resolv_cache_lookup: FOUND IN CACHE entry=0xb400007ae38d29b0
07-16 04:06:53.410   327  3067 D resolv  : doQuery: rcode=0, ancount=3
07-16 04:06:53.415   344   407 D goldfish-address-space: claimShared: Ask to claim region [0x1f7174000 0x1f7b58000]
07-16 04:06:53.417   344   407 D goldfish-address-space: claimShared: Ask to claim region [0x1f4000000 0x1f49e4000]
07-16 04:06:53.417   344   407 D goldfish-address-space: claimShared: Ask to claim region [0x1f49e4000 0x1f53c8000]
07-16 04:06:53.424  2310  2341 D SessionLifecycleClient: Sending lifecycle 1 to service
07-16 04:06:53.424  2310  2431 D SessionLifecycleService: Activity foregrounding at 76891.
07-16 04:06:53.438   344   407 D goldfish-address-space: claimShared: Ask to claim region [0x1fa504000 0x1faee8000]
07-16 04:06:53.439   344   407 D goldfish-address-space: claimShared: Ask to claim region [0x1faee8000 0x1fb8cc000]
07-16 04:06:53.446   344   407 D goldfish-address-space: claimShared: Ask to claim region [0x1f9128000 0x1f9b0c000]
07-16 04:06:53.452   541   571 I ActivityTaskManager: Displayed com.ton_keeper/com.tonapps.tonkeeper.ui.screen.root.RootActivity: +51ms
07-16 04:06:53.474  2220  2236 D Benchmark: Result: Starting: Intent { act=android.intent.action.MAIN cat=[android.intent.category.LAUNCHER] flg=0x10008000 pkg=com.ton_keeper cmp=com.ton_keeper/com.tonapps.tonkeeper.ui.screen.root.RootActivity }
07-16 04:06:53.474  2220  2236 D Benchmark: Status: ok
07-16 04:06:53.474  2220  2236 D Benchmark: LaunchState: WARM
07-16 04:06:53.474  2220  2236 D Benchmark: Activity: com.ton_keeper/com.tonapps.tonkeeper.ui.screen.root.RootActivity
07-16 04:06:53.474  2220  2236 D Benchmark: TotalTime: 51
07-16 04:06:53.474  2220  2236 D Benchmark: WaitTime: 52
07-16 04:06:53.474  2220  2236 D Benchmark: Complete
07-16 04:06:53.489  1274  1419 W MediaProvider: isAppCloneUserPair for user 0: false
07-16 04:06:53.529  2220  2236 I System.out: 0 Flags,FrameTimelineVsyncId,IntendedVsync,Vsync,InputEventId,HandleInputStart,AnimationStart,PerformTraversalsStart,DrawStart,FrameDeadline,FrameInterval,FrameStartTime,SyncQueued,SyncStart,IssueDrawCommandsStart,SwapBuffers,FrameCompleted,DequeueBufferDuration,QueueBufferDuration,GpuCompleted,SwapBuffersCompleted,DisplayPresentTime,
07-16 04:06:53.529  2220  2236 I System.out: 1 1,1333,68114096007,68114096007,0,68116913488,68116913780,68116913905,68126221030,68130762673,68116912780,16666666,68126437988,68126487780,68126509322,68143069447,68145550405,1833,248667,-1,68145550405,1384990768460338361,
07-16 04:06:53.529  2220  2236 I System.out: 2 0,1336,68130762673,68130762673,0,68147297822,68147297905,68147328030,68147379155,68147429339,68147297155,16666666,68147449655,68149189905,68149243822,68149639405,68150993447,3417,190625,-1,68150993447,1385948790657122304,
07-16 04:06:53.529  2220  2236 I System.out: 3 0,1339,68147429339,68147429339,0,68149502238,68149502447,68149524863,68149532238,68164096005,68149501988,16666666,68149572947,68150997405,68151022738,68151184488,68165262322,12775625,156541,-1,68165262322,1378679202348041816,
07-16 04:06:53.529  2220  2236 I System.out: 4 0,1342,68164096005,68164096005,0,68165677530,68165677613,68165692280,68165699947,68180762671,68165677155,16666666,68165738488,68165742572,68165964988,68166635030,68181986697,13840292,321917,-1,68181986697,1361828065661375991,
