07-16 04:06:18.147  2220  2236 I System.out: 3 0,973,41547430403,41547430403,0,41552175851,41552176059,41552201976,41552207184,41564097069,41552175142,16666666,41552237684,41552306267,41552316351,41552465517,41568716642,13706458,159416,-1,41568716642,1396036616889829312,
07-16 04:06:18.147  2220  2236 I System.out: 4 0,976,41564097069,41564097069,0,41564576476,41564576726,41564577934,41564591559,41580763735,41564575559,16666666,41564678892,41568721392,41568746059,41569008101,41581737892,11558709,80959,-1,41581737892,1390624408341243576,
07-16 04:06:18.147  2220  2236 I System.out: 5 0,979,41580763735,41580763735,0,41581730434,41581730767,41581752934,41581764851,41597430401,41581729476,16666666,41581823809,41581854392,41581882059,41582110392,1366340250933731968,17468417,110250,1415860021261368240,41600623184,323864368,
07-16 04:06:18.352   541  2602 D HostConnection: createUnique: call
07-16 04:06:18.353   541  2602 D HostConnection: HostConnection::get() New Host Connection established 0xb400006db4e7d790, tid 2602
07-16 04:06:18.355   541  2602 D HostConnection: HostComposition ext ANDROID_EMU_CHECKSUM_HELPER_v1 ANDROID_EMU_native_sync_v2 ANDROID_EMU_native_sync_v3 ANDROID_EMU_native_sync_v4 ANDROID_EMU_dma_v1 ANDROID_EMU_direct_mem ANDROID_EMU_host_composition_v1 ANDROID_EMU_host_composition_v2 ANDROID_EMU_vulkan ANDROID_EMU_deferred_vulkan_commands ANDROID_EMU_vulkan_null_optional_strings ANDROID_EMU_vulkan_create_resources_with_requirements ANDROID_EMU_YUV_Cache ANDROID_EMU_vulkan_ignored_handles ANDROID_EMU_has_shared_slots_host_memory_allocator ANDROID_EMU_vulkan_free_memory_sync ANDROID_EMU_vulkan_shader_float16_int8 ANDROID_EMU_vulkan_async_queue_submit ANDROID_EMU_vulkan_queue_submit_with_commands ANDROID_EMU_sync_buffer_data ANDROID_EMU_vulkan_async_qsri ANDROID_EMU_read_color_buffer_dma GL_OES_EGL_image_external_essl3 GL_OES_vertex_array_object ANDROID_EMU_host_side_tracing ANDROID_EMU_gles_max_version_3_0 
07-16 04:06:18.356   541   630 W InputManager-JNI: Input channel object '818a33e Splash Screen com.ton_keeper (client)' was disposed without first being removed with the input manager!
07-16 04:06:18.356   541  2602 W OpenGLRenderer: Failed to choose config with EGL_SWAP_BEHAVIOR_PRESERVED, retrying without...
07-16 04:06:18.356   541  2602 W OpenGLRenderer: Failed to initialize 101010-2 format, error = EGL_SUCCESS
07-16 04:06:18.356   541  1596 W InputManager-JNI: Input channel object 'f24e810 com.ton_keeper/com.tonapps.tonkeeper.ui.screen.root.RootActivity (client)' was disposed without first being removed with the input manager!
07-16 04:06:18.357   541  2602 D EGL_emulation: eglCreateContext: 0xb400006db4e7e750: maj 3 min 0 rcv 3
07-16 04:06:18.358   541  2602 D EGL_emulation: eglMakeCurrent: 0xb400006db4e7e750: ver 3 0 (tinfo 0x6fbac00100) (first time)
07-16 04:06:18.409  1009  1642 W FrameTracker: Missed App frame:80
07-16 04:06:18.409  1009  1642 W FrameTracker: Missed App frame:80
07-16 04:06:18.409  1009  1642 W FrameTracker: Missed App frame:80
07-16 04:06:18.409  1009  1642 W FrameTracker: Missed App frame:80
07-16 04:06:18.409  1009  1642 W FrameTracker: Missed App frame:80
07-16 04:06:18.409  1009  1642 W FrameTracker: Missed App frame:80
07-16 04:06:18.409  1009  1642 W FrameTracker: Missed App frame:80
07-16 04:06:18.409  1009  1642 W FrameTracker: Missed App frame:80
07-16 04:06:18.409  1009  1642 W FrameTracker: Missed App frame:80
07-16 04:06:18.409  1009  1642 W FrameTracker: Missed App frame:80
07-16 04:06:18.409  1009  1642 W FrameTracker: Missed App frame:80
07-16 04:06:18.409  1009  1642 W FrameTracker: Missed App frame:80
07-16 04:06:18.409  1009  1642 W FrameTracker: Missed App frame:80
07-16 04:06:18.409  1009  1642 W FrameTracker: Missed App frame:80
07-16 04:06:18.409  1009  1642 W FrameTracker: Missing SF jank callback for vsyncId: 1012
07-16 04:06:18.409  1009  1642 V PerfettoTrigger: Triggering /system/bin/trigger_perfetto com.android.telemetry.interaction-jank-monitor-9
07-16 04:06:18.415   541   552 W JavaBinder: BinderProxy is being destroyed but the application did not call unlinkToDeath to unlink all of its death recipients beforehand.  Releasing leaked death recipient: com.android.server.wm.EmbeddedWindowController$$ExternalSyntheticLambda0
07-16 04:06:18.415   541   552 I BpBinder: onLastStrongRef automatically unlinking death recipients: <uncached descriptor>
07-16 04:06:19.613   177  2351 I keystore2: keystore2::watchdog: Watchdog thread idle -> terminating. Have a great day.
07-16 04:06:23.135   328   328 I Zygote  : Process 1864 exited due to signal 9 (Killed)
07-16 04:06:23.147  2220  2236 D Benchmark: Profile Installer - Save Profile
07-16 04:06:23.163  2310  2310 I Process : Sending signal. PID: 2310 SIG: 10
07-16 04:06:23.163  2310  2313 I com.ton_keeper: Thread[4,tid=2313,WaitingInMainSignalCatcherLoop,Thread*=0xb400006e94e64c50,peer=0x130c5ae0,"Signal Catcher"]: reacting to signal 10
07-16 04:06:23.163  2310  2313 I com.ton_keeper: 
07-16 04:06:23.163  2310  2313 I com.ton_keeper: SIGUSR1 forcing GC (no HPROF) and profile save
07-16 04:06:23.164  2310  2310 D ProfileInstaller: 
07-16 04:06:23.172   541   586 I libprocessgroup: Successfully killed process cgroup uid 1000 pid 1864 in 43ms
07-16 04:06:23.176  2310  2313 I com.ton_keeper: Explicit concurrent copying GC freed 34948(1860KB) AllocSpace objects, 11(412KB) LOS objects, 49% free, 6651KB/12MB, paused 21us total 12.351ms
07-16 04:06:23.177  2310  2319 W System  : A resource failed to call end. 
07-16 04:06:23.668  2220  2236 D Benchmark: Killing process com.ton_keeper
07-16 04:06:23.668  2220  2236 D UiDevice: Executing shell command: killall com.ton_keeper
07-16 04:06:23.688  1274  1424 W MediaProvider: isAppCloneUserPair for user 0: false
07-16 04:06:23.721   541  1596 I PackageDexOptimizer: Running dexopt (dexoptNeeded=-3) on: /data/app/~~TFZlCBPkwKZzKeD5e13JBQ==/com.ton_keeper-zXUBPG3L-fr_WjSodJ3qqw==/base.apk pkg=com.ton_keeper isa=arm64 dexoptFlags=boot_complete,profile_guided,force,enable_hidden_api_checks targetFilter=speed-profile oatDir=/data/app/~~TFZlCBPkwKZzKeD5e13JBQ==/com.ton_keeper-zXUBPG3L-fr_WjSodJ3qqw==/oat classLoaderContext=PCL[]{}
07-16 04:06:23.722   425   556 V installd: DexInv: --- BEGIN '/data/app/~~TFZlCBPkwKZzKeD5e13JBQ==/com.ton_keeper-zXUBPG3L-fr_WjSodJ3qqw==/base.apk' ---
07-16 04:06:23.722   425   556 V installd: Running /apex/com.android.art/bin/dex2oat64 in=base.apk out=/data/app/~~TFZlCBPkwKZzKeD5e13JBQ==/com.ton_keeper-zXUBPG3L-fr_WjSodJ3qqw==/oat/arm64/base.odex
07-16 04:06:23.732  2622  2622 W dex2oat64: Mismatch between dex2oat instruction set features to use (ISA: Arm64 Feature string: a53,crc,-lse,-fp16,-dotprod,-sve) and those from CPP defines (ISA: Arm64 Feature string: -a53,-crc,-lse,-fp16,-dotprod,-sve) for the command line:
07-16 04:06:23.732  2622  2622 W dex2oat64: /apex/com.android.art/bin/dex2oat64 --zip-fd=7 --zip-location=base.apk --oat-fd=8 --oat-location=/data/app/~~TFZlCBPkwKZzKeD5e13JBQ==/com.ton_keeper-zXUBPG3L-fr_WjSodJ3qqw==/oat/arm64/base.odex --input-vdex-fd=9 --output-vdex-fd=10 --app-image-fd=13 --image-format=lz4 --profile-file-fd=12 --swap-fd=11 --classpath-dir=/data/app/~~TFZlCBPkwKZzKeD5e13JBQ==/com.ton_keeper-zXUBPG3L-fr_WjSodJ3qqw== --class-loader-context=PCL[]{} --instruction-set=arm64 --instruction-set-features=default --instruction-set-variant=generic --compiler-filter=speed-profile --compilation-reason=cmdline --max-image-block-size=524288 --resolve-startup-const-strings=true --generate-mini-debug-info --runtime-arg -Xtarget-sdk-version:34 --runtime-arg -Xhidden-api-policy:enabled --runtime-arg -Xms64m --runtime-arg -Xmx512m
07-16 04:06:23.735  2622  2622 I dex2oat64: /apex/com.android.art/bin/dex2oat64 --input-vdex-fd=9 --output-vdex-fd=10 --profile-file-fd=12 --classpath-dir=/data/app/~~TFZlCBPkwKZzKeD5e13JBQ==/com.ton_keeper-zXUBPG3L-fr_WjSodJ3qqw== --class-loader-context=PCL[]{} --compiler-filter=speed-profile --compilation-reason=cmdline --max-image-block-size=524288 --resolve-startup-const-strings=true --generate-mini-debug-info
07-16 04:06:24.867  2622  2622 W dex2oat64: Accessing hidden method Landroid/icu/text/DateFormat$HourCycle;->values()[Landroid/icu/text/DateFormat$HourCycle; (blocked, linking, denied)
07-16 04:06:24.867  2622  2622 W dex2oat64: Accessing hidden field Landroid/icu/text/DateFormat$HourCycle;->HOUR_CYCLE_11:Landroid/icu/text/DateFormat$HourCycle; (blocked, linking, denied)
07-16 04:06:24.867  2622  2624 W dex2oat64: Accessing hidden method Landroid/icu/text/DateTimePatternGenerator;->getDefaultHourCycle()Landroid/icu/text/DateFormat$HourCycle; (blocked, linking, denied)
07-16 04:06:24.867  2622  2622 W dex2oat64: Accessing hidden field Landroid/icu/text/DateFormat$HourCycle;->HOUR_CYCLE_12:Landroid/icu/text/DateFormat$HourCycle; (blocked, linking, denied)
07-16 04:06:24.867  2622  2622 W dex2oat64: Accessing hidden field Landroid/icu/text/DateFormat$HourCycle;->HOUR_CYCLE_23:Landroid/icu/text/DateFormat$HourCycle; (blocked, linking, denied)
07-16 04:06:24.867  2622  2622 W dex2oat64: Accessing hidden field Landroid/icu/text/DateFormat$HourCycle;->HOUR_CYCLE_24:Landroid/icu/text/DateFormat$HourCycle; (blocked, linking, denied)
07-16 04:06:24.868  2622  2624 W dex2oat64: Accessing hidden method Landroid/icu/number/NumberFormatterSettings;->usage(Ljava/lang/String;)Landroid/icu/number/NumberFormatterSettings; (blocked, linking, denied)
07-16 04:06:24.868  2622  2624 W dex2oat64: Accessing hidden method Landroid/icu/number/FormattedNumber;->getOutputUnit()Landroid/icu/util/MeasureUnit; (blocked, linking, denied)
07-16 04:06:24.868  2622  2624 W dex2oat64: Accessing hidden method Landroid/icu/util/MeasureUnit;->getIdentifier()Ljava/lang/String; (blocked, linking, denied)
07-16 04:06:25.617  2622  2622 I dex2oat64: Explicit concurrent copying GC freed 134926(24MB) AllocSpace objects, 0(0B) LOS objects, 49% free, 1783KB/3566KB, paused 7us total 3.646ms
07-16 04:06:25.771  2622  2622 I dex2oat64: dex2oat took 2.039s (2.790s cpu) (threads: 2) arena alloc=6672KB (6833040B) java alloc=1799KB (1842296B) native alloc=27MB (28504560B) free=96MB (100681456B)
07-16 04:06:25.780   425   556 V installd: DexInv: --- END '/data/app/~~TFZlCBPkwKZzKeD5e13JBQ==/com.ton_keeper-zXUBPG3L-fr_WjSodJ3qqw==/base.apk' (success) ---
07-16 04:06:25.799  2220  2236 D Benchmark: Reference profile location: /data/misc/profiles/ref/com.ton_keeper/primary.prof
07-16 04:06:25.800  1274  2395 W MediaProvider: isAppCloneUserPair for user 0: false
07-16 04:06:25.822  2220  2236 D Benchmark: APK Path: /data/app/~~TFZlCBPkwKZzKeD5e13JBQ==/com.ton_keeper-zXUBPG3L-fr_WjSodJ3qqw==/base.apk
07-16 04:06:25.822  2220  2236 D Benchmark: Converting to human readable profile format
07-16 04:06:25.823  2220  2236 D Benchmark: Using profile location: /data/misc/profiles/ref/com.ton_keeper/primary.prof
07-16 04:06:25.824  1274  2549 W MediaProvider: isAppCloneUserPair for user 0: false
07-16 04:06:25.962  2650  2650 W profman : profman took 128.564ms
07-16 04:06:25.976  2220  2236 D Benchmark: Using profile location: /data/misc/profiles/cur/0/com.ton_keeper/primary.prof
07-16 04:06:25.977  1274  1424 W MediaProvider: isAppCloneUserPair for user 0: false
07-16 04:06:26.006   541   708 E WifiHealthMonitor:  Hit PackageManager exception
07-16 04:06:26.006   541   708 E WifiHealthMonitor: android.content.pm.PackageManager$NameNotFoundException: No module info for package: com.android.wifi
07-16 04:06:26.006   541   708 E WifiHealthMonitor: 	at android.app.ApplicationPackageManager.getModuleInfo(ApplicationPackageManager.java:1079)
07-16 04:06:26.006   541   708 E WifiHealthMonitor: 	at com.android.server.wifi.WifiHealthMonitor.getWifiStackVersion(WifiHealthMonitor.java:366)
07-16 04:06:26.006   541   708 E WifiHealthMonitor: 	at com.android.server.wifi.WifiHealthMonitor.extractCurrentSoftwareBuildInfo(WifiHealthMonitor.java:587)
07-16 04:06:26.006   541   708 E WifiHealthMonitor: 	at com.android.server.wifi.WifiHealthMonitor.postBootSwBuildCheck(WifiHealthMonitor.java:522)
07-16 04:06:26.006   541   708 E WifiHealthMonitor: 	at com.android.server.wifi.WifiHealthMonitor.postBootDetectionHandler(WifiHealthMonitor.java:513)
07-16 04:06:26.006   541   708 E WifiHealthMonitor: 	at com.android.server.wifi.WifiHealthMonitor.access$500(WifiHealthMonitor.java:71)
07-16 04:06:26.006   541   708 E WifiHealthMonitor: 	at com.android.server.wifi.WifiHealthMonitor$2.onAlarm(WifiHealthMonitor.java:190)
07-16 04:06:26.006   541   708 E WifiHealthMonitor: 	at android.app.AlarmManager$ListenerWrapper.run(AlarmManager.java:323)
07-16 04:06:26.006   541   708 E WifiHealthMonitor: 	at android.os.Handler.handleCallback(Handler.java:938)
07-16 04:06:26.006   541   708 E WifiHealthMonitor: 	at android.os.Handler.dispatchMessage(Handler.java:99)
07-16 04:06:26.006   541   708 E WifiHealthMonitor: 	at android.os.Looper.loopOnce(Looper.java:201)
07-16 04:06:26.006   541   708 E WifiHealthMonitor: 	at android.os.Looper.loop(Looper.java:288)
07-16 04:06:26.006   541   708 E WifiHealthMonitor: 	at android.os.HandlerThread.run(HandlerThread.java:67)
07-16 04:06:26.042   541   630 D WifiNl80211Manager: Scan result ready event
07-16 04:06:26.042   541   630 D WifiNative: Scan result ready event
07-16 04:06:26.118  2661  2661 W profman : profman took 129.319ms
07-16 04:06:26.608  2220  2236 D Benchmark: Unstable profiles during iteration 2
07-16 04:06:26.608  2220  2236 D Benchmark: Killing package com.ton_keeper
07-16 04:06:26.608  2220  2236 D Benchmark: Killing process com.ton_keeper
07-16 04:06:26.608  2220  2236 D UiDevice: Executing shell command: killall com.ton_keeper
07-16 04:06:26.614  2220  2236 D Benchmark: Compile iteration (3) for com.ton_keeper
07-16 04:06:26.614  2220  2236 D UiDevice: Pressing home button.
07-16 04:06:26.638  2310  2337 D SessionLifecycleClient: Sending lifecycle 2 to service
07-16 04:06:26.638  2310  2431 D SessionLifecycleService: Activity backgrounding at 50105
07-16 04:06:26.639   773   773 V ShadeControllerImpl: NotificationShadeWindow: com.android.systemui.statusbar.phone.NotificationShadeWindowView{a84488 I.E...... ......ID 0,0-1080,2400} canPanelBeCollapsed(): false
07-16 04:06:26.648  1009  1009 D TaplTarget: Launcher.onNewIntent: Intent { act=android.intent.action.MAIN cat=[android.intent.category.HOME] flg=0x10400100 cmp=com.android.launcher3/.uioverrides.QuickstepLauncher (has extras) }
07-16 04:06:26.650   773   773 V ShadeControllerImpl: NotificationShadeWindow: com.android.systemui.statusbar.phone.NotificationShadeWindowView{a84488 I.E...... ......ID 0,0-1080,2400} canPanelBeCollapsed(): false
07-16 04:06:26.665   344   407 D goldfish-address-space: claimShared: Ask to claim region [0x1f09e4000 0x1f13c8000]
07-16 04:06:26.666   344   407 D goldfish-address-space: claimShared: Ask to claim region [0x1f13c8000 0x1f1dac000]
07-16 04:06:26.667   344   407 D goldfish-address-space: claimShared: Ask to claim region [0x1f1dac000 0x1f2790000]
07-16 04:06:26.677   344   407 D goldfish-address-space: claimShared: Ask to claim region [0x1f2790000 0x1f3174000]
07-16 04:06:26.685  2310  2419 D EGL_emulation: app_time_stats: avg=849.57ms min=1.13ms max=8471.00ms count=10
07-16 04:06:26.686  1274  1419 W MediaProvider: isAppCloneUserPair for user 0: false
07-16 04:06:26.719  2220  2236 I System.out: 0 Flags,FrameTimelineVsyncId,IntendedVsync,Vsync,InputEventId,HandleInputStart,AnimationStart,PerformTraversalsStart,DrawStart,FrameDeadline,FrameInterval,FrameStartTime,SyncQueued,SyncStart,IssueDrawCommandsStart,SwapBuffers,FrameCompleted,DequeueBufferDuration,QueueBufferDuration,GpuCompleted,SwapBuffersCompleted,DisplayPresentTime,
07-16 04:06:26.719  2220  2236 I System.out: 1 1,967,41514097071,41514097071,0,41517139851,41517140017,41517161226,41527467559,41530763737,41517139267,16666666,41527668309,41527709767,41527729976,41538871184,41541152976,1208,142458,-1,41541152976,329797984,
07-16 04:06:26.719  2220  2236 I System.out: 2 0,970,41530763737,41530763737,0,41541951309,41541951476,41541975101,41542008767,41547430403,41541950809,16666666,41542034267,41543695351,41543707434,41544732392,41546031517,1625,151209,-1,41546031517,1415901493465645648,
07-16 04:06:26.719  2220  2236 I System.out: 3 0,973,41547430403,41547430403,0,41552175851,41552176059,41552201976,41552207184,41564097069,41552175142,16666666,41552237684,41552306267,41552316351,41552465517,41568716642,13706458,159416,-1,41568716642,1396036616889829312,
07-16 04:06:26.719  2220  2236 I System.out: 4 0,976,41564097069,41564097069,0,41564576476,41564576726,41564577934,41564591559,41580763735,41564575559,16666666,41564678892,41568721392,41568746059,41569008101,41581737892,11558709,80959,-1,41581737892,1390624408341243576,
07-16 04:06:26.719  2220  2236 I System.out: 5 0,979,41580763735,41580763735,0,41581730434,41581730767,41581752934,41581764851,41597430401,41581729476,16666666,41581823809,41581854392,41581882059,41582110392,41600623184,17468417,110250,-1,41600623184,323864368,
07-16 04:06:26.719  2220  2236 I System.out: 6 0,982,41597430401,41597430401,0,41601325226,41601325351,41601351101,41601357267,41614097067,41601324184,16666666,41601408017,41601412142,41601431434,41601618934,41614874892,12099334,79875,-1,41614874892,1410605764436114104,
07-16 04:06:26.719  2220  2236 I System.out: 7 0,985,41614097067,41614097067,0,41614286434,41614286601,41614302517,41614309267,41630763733,41614285934,16666666,41614347309,41614877601,41614894642,41615221434,41631955892,15512125,150750,-1,41631955892,1369424243288178688,
07-16 04:06:26.719  2220  2236 I System.out: 8 0,988,41630763733,41630763733,0,41631112142,41631112267,41631132601,41631141434,41647430399,41631111809,16666666,41631194517,41631962767,41631986434,41632250392,41648257892,14941209,84166,-1,41648257892,1395309323986403328,
07-16 04:06:26.719  2220  2236 I System.out: 9 0,991,41647430399,41647430399,0,41647640767,41647640851,41647656101,41647662517,41664097065,41647640267,16666666,41647694559,41648260226,41648280059,41648581726,41665138476,15054833,89583,-1,41665138476,1370341201626005504,
07-16 04:06:26.719  2220  2236 I System.out: 10 0,994,41664097065,41664097065,0,41664471226,41664471351,41664490434,41664499392,41680763731,41664470851,16666666,41664533809,41665141976,41665164434,41665367059,41682196934,15921667,94834,-1,41682196934,0,
07-16 04:06:26.719  2220  2236 I System.out: 11 0,1060,50147430059,50147430059,0,50148922855,50148923188,50148923271,50148953938,50164096725,50148921771,16666666,50149141730,50149154146,50149196980,50150373480,50153610105,7625,85375,-1,50153610105,1393092433666899968,
07-16 04:06:26.719  2220  2236 I System.out: 12 0,1063,50164096725,50164096725,0,50165513938,50165514146,50166347896,50166357938,50180763391,50165513230,16666666,50166437438,50166457230,50166478188,50166820688,1424029598824321792,1166,348667,1389773042746262768,50169647771,0,
07-16 04:06:26.719  2220  2236 D Benchmark: Starting activity with command: am start  -W "intent:#Intent;action=android.intent.action.MAIN;category=android.intent.category.LAUNCHER;launchFlags=0x10008000;package=com.ton_keeper;component=com.ton_keeper/com.tonapps.tonkeeper.ui.screen.root.RootActivity;end"
07-16 04:06:26.721  1274  2395 W MediaProvider: isAppCloneUserPair for user 0: false
07-16 04:06:26.738   773   821 D SplashScreenView: Build android.window.SplashScreenView{1b2b6be V.E...... ......ID 0,0-0,0}
07-16 04:06:26.738   773   821 D SplashScreenView: Icon: view: null drawable: null size: 0
07-16 04:06:26.738   773   821 D SplashScreenView: Branding: view: android.view.View{1b9e31f G.ED..... ......I. 0,0-0,0 #10204a6 android:id/splashscreen_branding_view} drawable: null size w: 0 h: 0
07-16 04:06:26.745  2310  2442 W GooglePlayServicesUtil: com.ton_keeper requires the Google Play Store, but it is missing.
07-16 04:06:26.745  2310  2442 W GoogleApiManager: The service for com.google.android.gms.internal.appindex.zzv is not available: ConnectionResult{statusCode=SERVICE_INVALID, resolution=null, message=null}
07-16 04:06:26.748  2310  2326 W FirebaseMessaging: Failed to find package android.content.pm.PackageManager$NameNotFoundException: com.google.android.gms
07-16 04:06:26.748   327  2698 D resolv  : GetAddrInfoHandler::run: {100 100 100 983140 10105 0}
07-16 04:06:26.749   327  2698 D resolv  : resolv_getaddrinfo: explore_fqdn(): ai_family=0 ai_socktype=1 ai_protocol=6
07-16 04:06:26.749   327  2699 D resolv  : doQuery: (1, 28)
07-16 04:06:26.749   327  2699 D resolv  : res_nmkquery: (QUERY, IN, AAAA)
07-16 04:06:26.749   327  2699 D resolv  : res_nsend
07-16 04:06:26.749   327  2699 I resolv  : resolv_cache_lookup: lookup
07-16 04:06:26.749   327  2699 I resolv  : resolv_cache_lookup: FOUND IN CACHE entry=0xb400007ae38d29b0
07-16 04:06:26.749   327  2699 D resolv  : doQuery: rcode=0, ancount=3
07-16 04:06:26.750  2310  2326 W Metadata: Failed to find package android.content.pm.PackageManager$NameNotFoundException: com.google.android.gms
07-16 04:06:26.750  2310  2326 E Metadata: Google Play services missing or without correct permission.
07-16 04:06:26.751   344   407 D goldfish-address-space: claimShared: Ask to claim region [0x1f3174000 0x1f3b58000]
07-16 04:06:26.757  2310  2337 D SessionLifecycleClient: Sending lifecycle 1 to service
07-16 04:06:26.757  2310  2431 D SessionLifecycleService: Activity foregrounding at 50225.
07-16 04:06:26.759   327  2700 D resolv  : doQuery: (1, 1)
07-16 04:06:26.759   327  2700 D resolv  : res_nmkquery: (QUERY, IN, A)
07-16 04:06:26.759   327  2700 D resolv  : res_nsend
07-16 04:06:26.759   327  2700 I resolv  : resolv_cache_lookup: lookup
07-16 04:06:26.759   327  2700 I resolv  : resolv_cache_lookup: FOUND IN CACHE entry=0xb400007ae38d0490
07-16 04:06:26.759   327  2700 D resolv  : doQuery: rcode=0, ancount=3
07-16 04:06:26.761   344   407 D goldfish-address-space: claimShared: Ask to claim region [0x1f4000000 0x1f49e4000]
07-16 04:06:26.763   344   407 D goldfish-address-space: claimShared: Ask to claim region [0x1f49e4000 0x1f53c8000]
07-16 04:06:26.768   344   407 D goldfish-address-space: claimShared: Ask to claim region [0x1f53c8000 0x1f5dac000]
07-16 04:06:26.771   344   407 D goldfish-address-space: claimShared: Ask to claim region [0x1f5dac000 0x1f6790000]
07-16 04:06:26.771   344   407 D goldfish-address-space: claimShared: Ask to claim region [0x1f6790000 0x1f7174000]
07-16 04:06:26.787   541   571 I ActivityTaskManager: Displayed com.ton_keeper/com.tonapps.tonkeeper.ui.screen.root.RootActivity: +50ms
07-16 04:06:26.804  2220  2236 D Benchmark: Result: Starting: Intent { act=android.intent.action.MAIN cat=[android.intent.category.LAUNCHER] flg=0x10008000 pkg=com.ton_keeper cmp=com.ton_keeper/com.tonapps.tonkeeper.ui.screen.root.RootActivity }
07-16 04:06:26.804  2220  2236 D Benchmark: Status: ok
07-16 04:06:26.804  2220  2236 D Benchmark: LaunchState: WARM
07-16 04:06:26.804  2220  2236 D Benchmark: Activity: com.ton_keeper/com.tonapps.tonkeeper.ui.screen.root.RootActivity
07-16 04:06:26.804  2220  2236 D Benchmark: TotalTime: 50
07-16 04:06:26.804  2220  2236 D Benchmark: WaitTime: 52
07-16 04:06:26.804  2220  2236 D Benchmark: Complete
07-16 04:06:26.818  1274  2549 W MediaProvider: isAppCloneUserPair for user 0: false
07-16 04:06:26.861  2220  2236 I System.out: 0 Flags,FrameTimelineVsyncId,IntendedVsync,Vsync,InputEventId,HandleInputStart,AnimationStart,PerformTraversalsStart,DrawStart,FrameDeadline,FrameInterval,FrameStartTime,SyncQueued,SyncStart,IssueDrawCommandsStart,SwapBuffers,FrameCompleted,DequeueBufferDuration,QueueBufferDuration,GpuCompleted,SwapBuffersCompleted,DisplayPresentTime,
07-16 04:06:26.861  2220  2236 I System.out: 1 1,967,41514097071,41514097071,0,41517139851,41517140017,41517161226,41527467559,41530763737,41517139267,16666666,41527668309,41527709767,41527729976,41538871184,41541152976,1208,142458,-1,41541152976,329797984,
07-16 04:06:26.861  2220  2236 I System.out: 2 0,970,41530763737,41530763737,0,41541951309,41541951476,41541975101,41542008767,41547430403,41541950809,16666666,41542034267,41543695351,41543707434,41544732392,41546031517,1625,151209,-1,41546031517,1415901493465645648,
07-16 04:06:26.861  2220  2236 I System.out: 3 0,973,41547430403,41547430403,0,41552175851,41552176059,41552201976,41552207184,41564097069,41552175142,16666666,41552237684,41552306267,41552316351,41552465517,41568716642,13706458,159416,-1,41568716642,1396036616889829312,
07-16 04:06:26.861  2220  2236 I System.out: 4 0,976,41564097069,41564097069,0,41564576476,41564576726,41564577934,41564591559,41580763735,41564575559,16666666,41564678892,41568721392,41568746059,41569008101,41581737892,11558709,80959,-1,41581737892,1390624408341243576,
07-16 04:06:26.861  2220  2236 I System.out: 5 0,979,41580763735,41580763735,0,41581730434,41581730767,41581752934,41581764851,41597430401,41581729476,16666666,41581823809,41581854392,41581882059,41582110392,41600623184,17468417,110250,-1,41600623184,323864368,
07-16 04:06:26.861  2220  2236 I System.out: 6 0,982,41597430401,41597430401,0,41601325226,41601325351,41601351101,41601357267,41614097067,41601324184,16666666,41601408017,41601412142,41601431434,41601618934,41614874892,12099334,79875,-1,41614874892,1410605764436114104,
07-16 04:06:26.861  2220  2236 I System.out: 7 0,985,41614097067,41614097067,0,41614286434,41614286601,41614302517,41614309267,41630763733,41614285934,16666666,41614347309,41614877601,41614894642,41615221434,41631955892,15512125,150750,-1,41631955892,1369424243288178688,
07-16 04:06:26.861  2220  2236 I System.out: 8 0,988,41630763733,41630763733,0,41631112142,41631112267,41631132601,41631141434,41647430399,41631111809,16666666,41631194517,41631962767,41631986434,41632250392,41648257892,14941209,84166,-1,41648257892,1395309323986403328,
07-16 04:06:26.861  2220  2236 I System.out: 9 0,991,41647430399,41647430399,0,41647640767,41647640851,41647656101,41647662517,41664097065,41647640267,16666666,41647694559,41648260226,41648280059,41648581726,41665138476,15054833,89583,-1,41665138476,1370341201626005504,
07-16 04:06:26.861  2220  2236 I System.out: 10 0,994,41664097065,41664097065,0,41664471226,41664471351,41664490434,41664499392,41680763731,41664470851,16666666,41664533809,41665141976,41665164434,41665367059,41682196934,15921667,94834,-1,41682196934,0,
07-16 04:06:26.861  2220  2236 I System.out: 11 0,1060,50147430059,50147430059,0,50148922855,50148923188,50148923271,50148953938,50164096725,50148921771,16666666,50149141730,50149154146,50149196980,50150373480,50153610105,7625,85375,-1,50153610105,1393092433666899968,
07-16 04:06:26.861  2220  2236 I System.out: 12 0,1063,50164096725,50164096725,0,50165513938,50165514146,50166347896,50166357938,50180763391,50165513230,16666666,50166437438,50166457230,50166478188,50166820688,50169647771,1166,348667,-1,50169647771,0,
07-16 04:06:26.861  2220  2236 I System.out: 13 0,1066,50180763391,50180763391,0,50180848396,50180848563,50180963063,50180970730,50197430057,50180847896,16666666,50181034105,50182497521,50182510396,50182702480,50184619605,917,458041,-1,50184619605,1431993189746994816,
07-16 04:06:26.861  2220  2236 I System.out: 14 0,1069,50197430057,50197430057,0,50197511021,50197511271,50197633855,50197649688,50214096723,50197509730,16666666,50197712105,50198667105,50198687105,50199029105,50200218605,1291,41708,-1,50200218605,1369826493070276520,
07-16 04:06:26.861  2220  2236 I System.out: 15 1,1072,50214096723,50214096723,0,50227704146,50227704771,50227731646,50253161771,50230763389,50227700271,16666666,50253213938,50253291230,50253310646,50254268021,50256147396,1125,153958,-1,50256147396,1390617914347317160,
07-16 04:06:26.862  2220  2236 I System.out: 16 0,1075,50230763389,50247430055,0,50256350271,50256350563,50256380521,50256957021,50247430055,50256349730,16666666,50256978146,50258395521,50258661438,50258793646,50266965438,7375500,36000,-1,50266965438,1366273421241112944,
07-16 04:06:26.862  2220  2236 I System.out: 0 Flags,FrameTimelineVsyncId,IntendedVsync,Vsync,InputEventId,HandleInputStart,AnimationStart,PerformTraversalsStart,DrawStart,FrameDeadline,FrameInterval,FrameStartTime,SyncQueued,SyncStart,IssueDrawCommandsStart,SwapBuffers,FrameCompleted,DequeueBufferDuration,QueueBufferDuration,GpuCompleted,SwapBuffersCompleted,DisplayPresentTime,
07-16 04:06:26.862  2220  2236 I System.out: 1 1,1072,50214096723,50214096723,0,50227704146,50227704771,50227731646,50238789355,50230763389,50227700271,16666666,50239472355,50239541271,50239578730,50250627771,50252923813,1042,128625,-1,50252923813,1384990768460338361,
07-16 04:06:26.862  2220  2236 I System.out: 2 0,1075,50230763389,50247430055,0,50256350271,50256350563,50256380521,50256423646,50247430055,50256349730,16666666,50256465521,50256918938,50256932396,50257087730,50258371105,1291,160750,-1,50258371105,1385948790657122304,
07-16 04:06:26.862  2220  2236 I System.out: 3 0,1081,50264096721,50264096721,0,50265247188,50265247396,50265263313,50265269605,50280763387,50265246730,16666666,50265306563,50266998855,50267019146,50267187188,50283464438,15182042,87625,-1,50283464438,1378679202348041816,
07-16 04:06:26.862  2220  2236 I System.out: 4 0,1084,50280763387,50280763387,0,50283459647,50283459813,50283461438,50283478230,50297430053,50283459105,16666666,50283599688,50283622855,50283637688,50283851522,50299145522,14475250,98500,-1,50299145522,1361828065661375991,
07-16 04:06:26.862  2220  2236 I System.out: 5 0,1087,50297430053,50297430053,0,50298132313,50298132688,50298173188,50298191730,50314096719,50298130897,16666666,50298296855,50299150897,50299184438,50299508438,33167486847,15507417,57208,-1,50315894647,326435241,
07-16 04:06:27.070   541  1542 W InputManager-JNI: Input channel object '10519c2 Splash Screen com.ton_keeper (client)' was disposed without first being removed with the input manager!
07-16 04:06:27.071   541   701 W InputManager-JNI: Input channel object 'd70ecbb com.ton_keeper/com.tonapps.tonkeeper.ui.screen.root.RootActivity (client)' was disposed without first being removed with the input manager!
07-16 04:06:27.116  1009  1642 W FrameTracker: Missed SF frame:32
07-16 04:06:27.116  1009  1642 W FrameTracker: Missed App frame:16
07-16 04:06:27.116  1009  1642 W FrameTracker: Missed SF frame:32
07-16 04:06:27.116  1009  1642 W FrameTracker: Missed App frame:16
07-16 04:06:27.116  1009  1642 W FrameTracker: Missed App frame:16
07-16 04:06:27.116  1009  1642 W FrameTracker: Missed App frame:16
07-16 04:06:27.116  1009  1642 W FrameTracker: Missed App frame:16
07-16 04:06:27.116  1009  1642 W FrameTracker: Missed App frame:16
07-16 04:06:27.116  1009  1642 W FrameTracker: Missed SF frame:32
07-16 04:06:27.116  1009  1642 W FrameTracker: Missed App frame:16
07-16 04:06:27.116  1009  1642 W FrameTracker: Missed SF frame:32
07-16 04:06:27.116  1009  1642 W FrameTracker: Missed App frame:16
07-16 04:06:27.116  1009  1642 W FrameTracker: Missed SF frame:32
07-16 04:06:27.116  1009  1642 W FrameTracker: Missed App frame:16
07-16 04:06:27.116  1009  1642 W FrameTracker: Missed App frame:16
07-16 04:06:27.116  1009  1642 W FrameTracker: Missed App frame:16
07-16 04:06:27.116  1009  1642 W FrameTracker: Missed SF frame:32
07-16 04:06:27.116  1009  1642 W FrameTracker: Missed App frame:16
07-16 04:06:27.116  1009  1642 W FrameTracker: Missed App frame:16
07-16 04:06:27.116  1009  1642 W FrameTracker: Missing SF jank callback for vsyncId: 1123
07-16 04:06:27.116  1009  1642 V PerfettoTrigger: Not triggering com.android.telemetry.interaction-jank-monitor-9 - not enough time since last trigger
07-16 04:06:31.863  2220  2236 D Benchmark: Profile Installer - Save Profile
07-16 04:06:31.886  2310  2310 I Process : Sending signal. PID: 2310 SIG: 10
07-16 04:06:31.886  2310  2310 D ProfileInstaller: 
07-16 04:06:31.886  2310  2313 I com.ton_keeper: Thread[4,tid=2313,WaitingInMainSignalCatcherLoop,Thread*=0xb400006e94e64c50,peer=0x13945a58,"Signal Catcher"]: reacting to signal 10
07-16 04:06:31.886  2310  2313 I com.ton_keeper: 
07-16 04:06:31.886  2310  2313 I com.ton_keeper: SIGUSR1 forcing GC (no HPROF) and profile save
07-16 04:06:31.900  2310  2313 I com.ton_keeper: Explicit concurrent copying GC freed 21957(1242KB) AllocSpace objects, 13(388KB) LOS objects, 49% free, 6587KB/12MB, paused 26us total 13.800ms
07-16 04:06:31.903  2310  2319 W System  : A resource failed to call end. 
07-16 04:06:32.040   541   586 I libprocessgroup: Successfully killed process cgroup uid 10069 pid 1921 in 0ms
07-16 04:06:32.048   328   328 I Zygote  : Process 1921 exited due to signal 9 (Killed)
07-16 04:06:32.054   328   328 I Zygote  : Process 1953 exited due to signal 9 (Killed)
07-16 04:06:32.082   541   586 I libprocessgroup: Successfully killed process cgroup uid 10054 pid 1953 in 0ms
07-16 04:06:32.393  2220  2236 D Benchmark: Killing process com.ton_keeper
07-16 04:06:32.393  2220  2236 D UiDevice: Executing shell command: killall com.ton_keeper
07-16 04:06:32.417  1274  1424 W MediaProvider: isAppCloneUserPair for user 0: false
07-16 04:06:32.449   541   991 I PackageDexOptimizer: Running dexopt (dexoptNeeded=-3) on: /data/app/~~TFZlCBPkwKZzKeD5e13JBQ==/com.ton_keeper-zXUBPG3L-fr_WjSodJ3qqw==/base.apk pkg=com.ton_keeper isa=arm64 dexoptFlags=boot_complete,profile_guided,force,enable_hidden_api_checks targetFilter=speed-profile oatDir=/data/app/~~TFZlCBPkwKZzKeD5e13JBQ==/com.ton_keeper-zXUBPG3L-fr_WjSodJ3qqw==/oat classLoaderContext=PCL[]{}
07-16 04:06:32.450   425   556 V installd: DexInv: --- BEGIN '/data/app/~~TFZlCBPkwKZzKeD5e13JBQ==/com.ton_keeper-zXUBPG3L-fr_WjSodJ3qqw==/base.apk' ---
07-16 04:06:32.450   425   556 V installd: Running /apex/com.android.art/bin/dex2oat64 in=base.apk out=/data/app/~~TFZlCBPkwKZzKeD5e13JBQ==/com.ton_keeper-zXUBPG3L-fr_WjSodJ3qqw==/oat/arm64/base.odex
07-16 04:06:32.460  2743  2743 W dex2oat64: Mismatch between dex2oat instruction set features to use (ISA: Arm64 Feature string: a53,crc,-lse,-fp16,-dotprod,-sve) and those from CPP defines (ISA: Arm64 Feature string: -a53,-crc,-lse,-fp16,-dotprod,-sve) for the command line:
07-16 04:06:32.460  2743  2743 W dex2oat64: /apex/com.android.art/bin/dex2oat64 --zip-fd=7 --zip-location=base.apk --oat-fd=8 --oat-location=/data/app/~~TFZlCBPkwKZzKeD5e13JBQ==/com.ton_keeper-zXUBPG3L-fr_WjSodJ3qqw==/oat/arm64/base.odex --input-vdex-fd=9 --output-vdex-fd=10 --app-image-fd=13 --image-format=lz4 --profile-file-fd=12 --swap-fd=11 --classpath-dir=/data/app/~~TFZlCBPkwKZzKeD5e13JBQ==/com.ton_keeper-zXUBPG3L-fr_WjSodJ3qqw== --class-loader-context=PCL[]{} --instruction-set=arm64 --instruction-set-features=default --instruction-set-variant=generic --compiler-filter=speed-profile --compilation-reason=cmdline --max-image-block-size=524288 --resolve-startup-const-strings=true --generate-mini-debug-info --runtime-arg -Xtarget-sdk-version:34 --runtime-arg -Xhidden-api-policy:enabled --runtime-arg -Xms64m --runtime-arg -Xmx512m
07-16 04:06:32.462  2743  2743 I dex2oat64: /apex/com.android.art/bin/dex2oat64 --input-vdex-fd=9 --output-vdex-fd=10 --profile-file-fd=12 --classpath-dir=/data/app/~~TFZlCBPkwKZzKeD5e13JBQ==/com.ton_keeper-zXUBPG3L-fr_WjSodJ3qqw== --class-loader-context=PCL[]{} --compiler-filter=speed-profile --compilation-reason=cmdline --max-image-block-size=524288 --resolve-startup-const-strings=true --generate-mini-debug-info
07-16 04:06:33.543  2743  2743 W dex2oat64: Accessing hidden method Landroid/icu/text/DateFormat$HourCycle;->values()[Landroid/icu/text/DateFormat$HourCycle; (blocked, linking, denied)
07-16 04:06:33.543  2743  2745 W dex2oat64: Accessing hidden method Landroid/icu/text/DateTimePatternGenerator;->getDefaultHourCycle()Landroid/icu/text/DateFormat$HourCycle; (blocked, linking, denied)
07-16 04:06:33.543  2743  2745 W dex2oat64: Accessing hidden method Landroid/icu/number/NumberFormatterSettings;->usage(Ljava/lang/String;)Landroid/icu/number/NumberFormatterSettings; (blocked, linking, denied)
07-16 04:06:33.543  2743  2743 W dex2oat64: Accessing hidden field Landroid/icu/text/DateFormat$HourCycle;->HOUR_CYCLE_11:Landroid/icu/text/DateFormat$HourCycle; (blocked, linking, denied)
07-16 04:06:33.543  2743  2743 W dex2oat64: Accessing hidden field Landroid/icu/text/DateFormat$HourCycle;->HOUR_CYCLE_12:Landroid/icu/text/DateFormat$HourCycle; (blocked, linking, denied)
07-16 04:06:33.543  2743  2745 W dex2oat64: Accessing hidden method Landroid/icu/number/FormattedNumber;->getOutputUnit()Landroid/icu/util/MeasureUnit; (blocked, linking, denied)
07-16 04:06:33.543  2743  2743 W dex2oat64: Accessing hidden field Landroid/icu/text/DateFormat$HourCycle;->HOUR_CYCLE_23:Landroid/icu/text/DateFormat$HourCycle; (blocked, linking, denied)
07-16 04:06:33.543  2743  2745 W dex2oat64: Accessing hidden method Landroid/icu/util/MeasureUnit;->getIdentifier()Ljava/lang/String; (blocked, linking, denied)
07-16 04:06:33.543  2743  2743 W dex2oat64: Accessing hidden field Landroid/icu/text/DateFormat$HourCycle;->HOUR_CYCLE_24:Landroid/icu/text/DateFormat$HourCycle; (blocked, linking, denied)
07-16 04:06:34.310  2743  2743 I dex2oat64: Explicit concurrent copying GC freed 134925(24MB) AllocSpace objects, 0(0B) LOS objects, 49% free, 1783KB/3566KB, paused 12us total 3.392ms
07-16 04:06:34.468  2743  2743 I dex2oat64: dex2oat took 2.008s (2.750s cpu) (threads: 2) arena alloc=6587KB (6745416B) java alloc=1799KB (1842296B) native alloc=27MB (28469136B) free=96MB (100707856B)
07-16 04:06:34.477   425   556 V installd: DexInv: --- END '/data/app/~~TFZlCBPkwKZzKeD5e13JBQ==/com.ton_keeper-zXUBPG3L-fr_WjSodJ3qqw==/base.apk' (success) ---
07-16 04:06:34.493  2220  2236 D Benchmark: Reference profile location: /data/misc/profiles/ref/com.ton_keeper/primary.prof
07-16 04:06:34.494  1274  2395 W MediaProvider: isAppCloneUserPair for user 0: false
07-16 04:06:34.515  2220  2236 D Benchmark: APK Path: /data/app/~~TFZlCBPkwKZzKeD5e13JBQ==/com.ton_keeper-zXUBPG3L-fr_WjSodJ3qqw==/base.apk
07-16 04:06:34.516  2220  2236 D Benchmark: Converting to human readable profile format
07-16 04:06:34.516  2220  2236 D Benchmark: Using profile location: /data/misc/profiles/ref/com.ton_keeper/primary.prof
07-16 04:06:34.517  1274  2549 W MediaProvider: isAppCloneUserPair for user 0: false
07-16 04:06:34.656  2771  2771 W profman : profman took 130.259ms
07-16 04:06:34.671  2220  2236 D Benchmark: Using profile location: /data/misc/profiles/cur/0/com.ton_keeper/primary.prof
07-16 04:06:34.672  1274  1424 W MediaProvider: isAppCloneUserPair for user 0: false
07-16 04:06:34.810  2782  2782 W profman : profman took 124.883ms
07-16 04:06:35.352  2220  2236 D Benchmark: Unstable profiles during iteration 3
07-16 04:06:35.352  2220  2236 D Benchmark: Killing package com.ton_keeper
07-16 04:06:35.352  2220  2236 D Benchmark: Killing process com.ton_keeper
07-16 04:06:35.352  2220  2236 D UiDevice: Executing shell command: killall com.ton_keeper
07-16 04:06:35.358  2220  2236 D Benchmark: Compile iteration (4) for com.ton_keeper
07-16 04:06:35.358  2220  2236 D UiDevice: Pressing home button.
07-16 04:06:35.365   773   773 V ShadeControllerImpl: NotificationShadeWindow: com.android.systemui.statusbar.phone.NotificationShadeWindowView{a84488 I.E...... ......ID 0,0-1080,2400} canPanelBeCollapsed(): false
07-16 04:06:35.373  1009  1009 D TaplTarget: Launcher.onNewIntent: Intent { act=android.intent.action.MAIN cat=[android.intent.category.HOME] flg=0x10400100 cmp=com.android.launcher3/.uioverrides.QuickstepLauncher (has extras) }
07-16 04:06:35.373  2310  2347 D SessionLifecycleClient: Sending lifecycle 2 to service
07-16 04:06:35.373  2310  2431 D SessionLifecycleService: Activity backgrounding at 58840
07-16 04:06:35.374   773   773 V ShadeControllerImpl: NotificationShadeWindow: com.android.systemui.statusbar.phone.NotificationShadeWindowView{a84488 I.E...... ......ID 0,0-1080,2400} canPanelBeCollapsed(): false
07-16 04:06:35.382   344   407 D goldfish-address-space: claimShared: Ask to claim region [0x1f3174000 0x1f3b58000]
07-16 04:06:35.384   344   407 D goldfish-address-space: claimShared: Ask to claim region [0x1f0000000 0x1f09e4000]
07-16 04:06:35.384   344   407 D goldfish-address-space: claimShared: Ask to claim region [0x1f09e4000 0x1f13c8000]
07-16 04:06:35.391   344   407 D goldfish-address-space: claimShared: Ask to claim region [0x1f13c8000 0x1f1dac000]
07-16 04:06:35.419  1274  2395 W MediaProvider: isAppCloneUserPair for user 0: false
07-16 04:06:35.419  2310  2419 D EGL_emulation: app_time_stats: avg=851.57ms min=1.19ms max=8489.05ms count=10
07-16 04:06:35.445  2220  2236 I System.out: 0 Flags,FrameTimelineVsyncId,IntendedVsync,Vsync,InputEventId,HandleInputStart,AnimationStart,PerformTraversalsStart,DrawStart,FrameDeadline,FrameInterval,FrameStartTime,SyncQueued,SyncStart,IssueDrawCommandsStart,SwapBuffers,FrameCompleted,DequeueBufferDuration,QueueBufferDuration,GpuCompleted,SwapBuffersCompleted,DisplayPresentTime,
07-16 04:06:35.445  2220  2236 I System.out: 1 1,1072,50214096723,50214096723,0,50227704146,50227704771,50227731646,50238789355,50230763389,50227700271,16666666,50239472355,50239541271,50239578730,50250627771,50252923813,1042,128625,-1,50252923813,1384990768460338361,
07-16 04:06:35.445  2220  2236 I System.out: 2 0,1075,50230763389,50247430055,0,50256350271,50256350563,50256380521,50256423646,50247430055,50256349730,16666666,50256465521,50256918938,50256932396,50257087730,50258371105,1291,160750,-1,50258371105,1385948790657122304,
07-16 04:06:35.445  2220  2236 I System.out: 3 0,1081,50264096721,50264096721,0,50265247188,50265247396,50265263313,50265269605,50280763387,50265246730,16666666,50265306563,50266998855,50267019146,50267187188,50283464438,15182042,87625,-1,50283464438,1378679202348041816,
07-16 04:06:35.445  2220  2236 I System.out: 4 0,1084,50280763387,50280763387,0,50283459647,50283459813,50283461438,50283478230,50297430053,50283459105,16666666,50283599688,50283622855,50283637688,50283851522,50299145522,14475250,98500,-1,50299145522,1361828065661375991,
07-16 04:06:35.445  2220  2236 I System.out: 5 0,1087,50297430053,50297430053,0,50298132313,50298132688,50298173188,50298191730,50314096719,50298130897,16666666,50298296855,50299150897,50299184438,50299508438,50315894647,15507417,57208,-1,50315894647,326435241,
07-16 04:06:35.445  2220  2236 I System.out: 6 0,1090,50314096719,50314096719,0,50316713855,50316713980,50316737230,50316743272,50330763385,50316713355,16666666,50316787730,50316792147,50316806480,50317080272,50331687563,13718583,81667,-1,50331687563,1415398247864641848,
07-16 04:06:35.445  2220  2236 I System.out: 7 0,1093,50330763385,50330763385,0,50330960022,50330960188,50330977022,50330984480,50347430051,50330959313,16666666,50331020855,50331691313,50331710605,50331906730,50348772397,15713750,104000,-1,50348772397,1389243129679036677,
07-16 04:06:35.445  2220  2236 I System.out: 8 0,1096,50347430051,50347430051,0,50348151563,50348151688,50348173813,50348183980,50364096717,50348151230,16666666,50348239938,50348774980,50348791355,50348990105,50365123355,14323459,55667,-1,50365123355,1431317574204062134,
07-16 04:06:35.445  2220  2236 I System.out: 9 0,1099,50364096717,50364096717,0,50364544730,50364544897,50364561688,50364579147,50380763383,50364544355,16666666,50364606230,50365126605,50365140272,50365391397,50382606730,15755500,121875,-1,50382606730,1423994646377091408,
07-16 04:06:35.445  2220  2236 I System.out: 10 0,1102,50380763383,50380763383,0,50381970897,50381971022,50381987480,50381991980,50397430049,50381970563,16666666,50382031730,50382609813,50382625313,50382875022,50398382188,14029041,117042,-1,50398382188,1366581636363190272,
07-16 04:06:35.445  2220  2236 I System.out: 11 0,1168,58880763043,58880763043,0,58880935734,58880935901,58880936067,58880949692,58897429709,58880934817,16666666,58881052109,58881602901,58881627026,58882467151,58887554359,2208,93459,-1,58887554359,1367069033869408665,
07-16 04:06:35.445  2220  2236 I System.out: 12 0,1171,58897429709,58897429709,0,58897678026,58897678317,58897729692,58897754151,58914096375,58897676817,16666666,58897821526,58897939984,58897962984,58898228526,41454539101,39916,1588500,-1,58901173317,1384268647025163496,
07-16 04:06:35.445  2220  2236 D Benchmark: Starting activity with command: am start  -W "intent:#Intent;action=android.intent.action.MAIN;category=android.intent.category.LAUNCHER;launchFlags=0x10008000;package=com.ton_keeper;component=com.ton_keeper/com.tonapps.tonkeeper.ui.screen.root.RootActivity;end"
07-16 04:06:35.451  1274  2395 W MediaProvider: isAppCloneUserPair for user 0: false
07-16 04:06:35.468   773   821 D SplashScreenView: Build android.window.SplashScreenView{71e64ed V.E...... ......ID 0,0-0,0}
07-16 04:06:35.468   773   821 D SplashScreenView: Icon: view: null drawable: null size: 0
07-16 04:06:35.468   773   821 D SplashScreenView: Branding: view: android.view.View{6ff5f22 G.ED..... ......I. 0,0-0,0 #10204a6 android:id/splashscreen_branding_view} drawable: null size w: 0 h: 0
07-16 04:06:35.474   327  2822 D resolv  : GetAddrInfoHandler::run: {100 100 100 983140 10105 0}
07-16 04:06:35.474  2310  2326 W FirebaseMessaging: Failed to find package android.content.pm.PackageManager$NameNotFoundException: com.google.android.gms
07-16 04:06:35.474   327  2822 D resolv  : resolv_getaddrinfo: explore_fqdn(): ai_family=0 ai_socktype=1 ai_protocol=6
07-16 04:06:35.475  2310  2326 W Metadata: Failed to find package android.content.pm.PackageManager$NameNotFoundException: com.google.android.gms
07-16 04:06:35.475  2310  2326 E Metadata: Google Play services missing or without correct permission.
07-16 04:06:35.475   327  2823 D resolv  : doQuery: (1, 28)
07-16 04:06:35.475   327  2823 D resolv  : res_nmkquery: (QUERY, IN, AAAA)
07-16 04:06:35.475   327  2823 D resolv  : res_nsend
07-16 04:06:35.475   327  2823 I resolv  : resolv_cache_lookup: lookup
07-16 04:06:35.475   327  2823 I resolv  : resolv_cache_lookup: FOUND IN CACHE entry=0xb400007ae38d29b0
07-16 04:06:35.475   327  2823 D resolv  : doQuery: rcode=0, ancount=3
07-16 04:06:35.476  2310  2442 W GooglePlayServicesUtil: com.ton_keeper requires the Google Play Store, but it is missing.
07-16 04:06:35.476  2310  2442 W GoogleApiManager: The service for com.google.android.gms.internal.appindex.zzv is not available: ConnectionResult{statusCode=SERVICE_INVALID, resolution=null, message=null}
07-16 04:06:35.481   344   407 D goldfish-address-space: claimShared: Ask to claim region [0x1f1dac000 0x1f2790000]
07-16 04:06:35.487   327  2824 D resolv  : doQuery: (1, 1)
07-16 04:06:35.487   327  2824 D resolv  : res_nmkquery: (QUERY, IN, A)
07-16 04:06:35.487   327  2824 D resolv  : res_nsend
07-16 04:06:35.487   327  2824 I resolv  : resolv_cache_lookup: lookup
07-16 04:06:35.487   327  2824 I resolv  : resolv_cache_lookup: FOUND IN CACHE entry=0xb400007ae38d0490
07-16 04:06:35.487   327  2824 D resolv  : doQuery: rcode=0, ancount=3
07-16 04:06:35.489  2310  2347 D SessionLifecycleClient: Sending lifecycle 1 to service
07-16 04:06:35.490   344   407 D goldfish-address-space: claimShared: Ask to claim region [0x1f4000000 0x1f49e4000]
07-16 04:06:35.490  2310  2431 D SessionLifecycleService: Activity foregrounding at 58956.
07-16 04:06:35.491   344   407 D goldfish-address-space: claimShared: Ask to claim region [0x1f49e4000 0x1f53c8000]
07-16 04:06:35.501   344   407 D goldfish-address-space: claimShared: Ask to claim region [0x1fa504000 0x1faee8000]
07-16 04:06:35.510   344   407 D goldfish-address-space: claimShared: Ask to claim region [0x1faee8000 0x1fb8cc000]
07-16 04:06:35.510   344   407 D goldfish-address-space: claimShared: Ask to claim region [0x1f9128000 0x1f9b0c000]
07-16 04:06:35.517   541   571 I ActivityTaskManager: Displayed com.ton_keeper/com.tonapps.tonkeeper.ui.screen.root.RootActivity: +50ms
07-16 04:06:35.530  2220  2236 D Benchmark: Result: Starting: Intent { act=android.intent.action.MAIN cat=[android.intent.category.LAUNCHER] flg=0x10008000 pkg=com.ton_keeper cmp=com.ton_keeper/com.tonapps.tonkeeper.ui.screen.root.RootActivity }
07-16 04:06:35.530  2220  2236 D Benchmark: Status: ok
07-16 04:06:35.530  2220  2236 D Benchmark: LaunchState: WARM
07-16 04:06:35.530  2220  2236 D Benchmark: Activity: com.ton_keeper/com.tonapps.tonkeeper.ui.screen.root.RootActivity
07-16 04:06:35.530  2220  2236 D Benchmark: TotalTime: 50
07-16 04:06:35.530  2220  2236 D Benchmark: WaitTime: 51
07-16 04:06:35.530  2220  2236 D Benchmark: Complete
07-16 04:06:35.542  1274  1419 W MediaProvider: isAppCloneUserPair for user 0: false
07-16 04:06:35.578  2220  2236 I System.out: 0 Flags,FrameTimelineVsyncId,IntendedVsync,Vsync,InputEventId,HandleInputStart,AnimationStart,PerformTraversalsStart,DrawStart,FrameDeadline,FrameInterval,FrameStartTime,SyncQueued,SyncStart,IssueDrawCommandsStart,SwapBuffers,FrameCompleted,DequeueBufferDuration,QueueBufferDuration,GpuCompleted,SwapBuffersCompleted,DisplayPresentTime,
07-16 04:06:35.578  2220  2236 I System.out: 1 1,1072,50214096723,50214096723,0,50227704146,50227704771,50227731646,50238789355,50230763389,50227700271,16666666,50239472355,50239541271,50239578730,50250627771,50252923813,1042,128625,-1,50252923813,1384990768460338361,
07-16 04:06:35.578  2220  2236 I System.out: 2 0,1075,50230763389,50247430055,0,50256350271,50256350563,50256380521,50256423646,50247430055,50256349730,16666666,50256465521,50256918938,50256932396,50257087730,50258371105,1291,160750,-1,50258371105,1385948790657122304,
07-16 04:06:35.578  2220  2236 I System.out: 3 0,1081,50264096721,50264096721,0,50265247188,50265247396,50265263313,50265269605,50280763387,50265246730,16666666,50265306563,50266998855,50267019146,50267187188,50283464438,15182042,87625,-1,50283464438,1378679202348041816,
07-16 04:06:35.578  2220  2236 I System.out: 4 0,1084,50280763387,50280763387,0,50283459647,50283459813,50283461438,50283478230,50297430053,50283459105,16666666,50283599688,50283622855,50283637688,50283851522,50299145522,14475250,98500,-1,50299145522,1361828065661375991,
